###############################################################################
#
# IAR ELF Linker V7.70.1.11437/W32 for ARM                27/Jul/2016  13:05:46
# Copyright 2007-2016 IAR Systems AB.
#
#    Output file  =  E:\PTZ\IAR\PLC\EWARM\PLC\Exe\PLC.out
#    Map file     =  E:\PTZ\IAR\PLC\EWARM\PLC\List\PLC.map
#    Command line =  
#        E:\PTZ\IAR\PLC\EWARM\PLC\Obj\adc.o
#        E:\PTZ\IAR\PLC\EWARM\PLC\Obj\ARIALB_16pt.o
#        E:\PTZ\IAR\PLC\EWARM\PLC\Obj\bsp_driver_sd.o
#        E:\PTZ\IAR\PLC\EWARM\PLC\Obj\bsp_driver_sdram.o
#        E:\PTZ\IAR\PLC\EWARM\PLC\Obj\calculations.o
#        E:\PTZ\IAR\PLC\EWARM\PLC\Obj\can.o E:\PTZ\IAR\PLC\EWARM\PLC\Obj\core.o
#        E:\PTZ\IAR\PLC\EWARM\PLC\Obj\dac.o
#        E:\PTZ\IAR\PLC\EWARM\PLC\Obj\diskio.o
#        E:\PTZ\IAR\PLC\EWARM\PLC\Obj\DispInfo.o
#        E:\PTZ\IAR\PLC\EWARM\PLC\Obj\dma.o
#        E:\PTZ\IAR\PLC\EWARM\PLC\Obj\dma2d.o
#        E:\PTZ\IAR\PLC\EWARM\PLC\Obj\fatfs.o E:\PTZ\IAR\PLC\EWARM\PLC\Obj\ff.o
#        E:\PTZ\IAR\PLC\EWARM\PLC\Obj\ff_gen_drv.o
#        E:\PTZ\IAR\PLC\EWARM\PLC\Obj\files.o
#        E:\PTZ\IAR\PLC\EWARM\PLC\Obj\fmc.o
#        E:\PTZ\IAR\PLC\EWARM\PLC\Obj\GOST_B_23_var.o
#        E:\PTZ\IAR\PLC\EWARM\PLC\Obj\gpio.o E:\PTZ\IAR\PLC\EWARM\PLC\Obj\gui.o
#        E:\PTZ\IAR\PLC\EWARM\PLC\Obj\i2c.o
#        E:\PTZ\IAR\PLC\EWARM\PLC\Obj\ImageControl.o
#        E:\PTZ\IAR\PLC\EWARM\PLC\Obj\initial.o
#        E:\PTZ\IAR\PLC\EWARM\PLC\Obj\InputsTW.o
#        E:\PTZ\IAR\PLC\EWARM\PLC\Obj\interrupts.o
#        E:\PTZ\IAR\PLC\EWARM\PLC\Obj\keyboard.o
#        E:\PTZ\IAR\PLC\EWARM\PLC\Obj\lcd.o E:\PTZ\IAR\PLC\EWARM\PLC\Obj\leds.o
#        E:\PTZ\IAR\PLC\EWARM\PLC\Obj\lm75.o
#        E:\PTZ\IAR\PLC\EWARM\PLC\Obj\ltdc.o
#        E:\PTZ\IAR\PLC\EWARM\PLC\Obj\main.o
#        E:\PTZ\IAR\PLC\EWARM\PLC\Obj\memory.o
#        E:\PTZ\IAR\PLC\EWARM\PLC\Obj\OSDBasic.o
#        E:\PTZ\IAR\PLC\EWARM\PLC\Obj\OSDFont.o
#        E:\PTZ\IAR\PLC\EWARM\PLC\Obj\OSDinitTable.o
#        E:\PTZ\IAR\PLC\EWARM\PLC\Obj\PTZinterface.o
#        E:\PTZ\IAR\PLC\EWARM\PLC\Obj\RIAD_16pt.o
#        E:\PTZ\IAR\PLC\EWARM\PLC\Obj\RIAD_20pt.o
#        E:\PTZ\IAR\PLC\EWARM\PLC\Obj\RIAD_30pt.o
#        E:\PTZ\IAR\PLC\EWARM\PLC\Obj\RIAD_40pt.o
#        E:\PTZ\IAR\PLC\EWARM\PLC\Obj\RIAD_80pt.o
#        E:\PTZ\IAR\PLC\EWARM\PLC\Obj\rtc.o
#        E:\PTZ\IAR\PLC\EWARM\PLC\Obj\sd_diskio.o
#        E:\PTZ\IAR\PLC\EWARM\PLC\Obj\sdmmc.o
#        E:\PTZ\IAR\PLC\EWARM\PLC\Obj\sdram_diskio.o
#        E:\PTZ\IAR\PLC\EWARM\PLC\Obj\sound.o
#        E:\PTZ\IAR\PLC\EWARM\PLC\Obj\spi.o
#        E:\PTZ\IAR\PLC\EWARM\PLC\Obj\spi_mem.o
#        E:\PTZ\IAR\PLC\EWARM\PLC\Obj\startup_stm32f746xx.o
#        E:\PTZ\IAR\PLC\EWARM\PLC\Obj\stm32f7xx_hal.o
#        E:\PTZ\IAR\PLC\EWARM\PLC\Obj\stm32f7xx_hal_adc.o
#        E:\PTZ\IAR\PLC\EWARM\PLC\Obj\stm32f7xx_hal_adc_ex.o
#        E:\PTZ\IAR\PLC\EWARM\PLC\Obj\stm32f7xx_hal_can.o
#        E:\PTZ\IAR\PLC\EWARM\PLC\Obj\stm32f7xx_hal_cortex.o
#        E:\PTZ\IAR\PLC\EWARM\PLC\Obj\stm32f7xx_hal_dac.o
#        E:\PTZ\IAR\PLC\EWARM\PLC\Obj\stm32f7xx_hal_dac_ex.o
#        E:\PTZ\IAR\PLC\EWARM\PLC\Obj\stm32f7xx_hal_dma.o
#        E:\PTZ\IAR\PLC\EWARM\PLC\Obj\stm32f7xx_hal_dma2d.o
#        E:\PTZ\IAR\PLC\EWARM\PLC\Obj\stm32f7xx_hal_dma_ex.o
#        E:\PTZ\IAR\PLC\EWARM\PLC\Obj\stm32f7xx_hal_dsi.o
#        E:\PTZ\IAR\PLC\EWARM\PLC\Obj\stm32f7xx_hal_flash.o
#        E:\PTZ\IAR\PLC\EWARM\PLC\Obj\stm32f7xx_hal_flash_ex.o
#        E:\PTZ\IAR\PLC\EWARM\PLC\Obj\stm32f7xx_hal_gpio.o
#        E:\PTZ\IAR\PLC\EWARM\PLC\Obj\stm32f7xx_hal_hcd.o
#        E:\PTZ\IAR\PLC\EWARM\PLC\Obj\stm32f7xx_hal_i2c.o
#        E:\PTZ\IAR\PLC\EWARM\PLC\Obj\stm32f7xx_hal_i2c_ex.o
#        E:\PTZ\IAR\PLC\EWARM\PLC\Obj\stm32f7xx_hal_ltdc.o
#        E:\PTZ\IAR\PLC\EWARM\PLC\Obj\stm32f7xx_hal_ltdc_ex.o
#        E:\PTZ\IAR\PLC\EWARM\PLC\Obj\stm32f7xx_hal_msp.o
#        E:\PTZ\IAR\PLC\EWARM\PLC\Obj\stm32f7xx_hal_nand.o
#        E:\PTZ\IAR\PLC\EWARM\PLC\Obj\stm32f7xx_hal_pwr.o
#        E:\PTZ\IAR\PLC\EWARM\PLC\Obj\stm32f7xx_hal_pwr_ex.o
#        E:\PTZ\IAR\PLC\EWARM\PLC\Obj\stm32f7xx_hal_rcc.o
#        E:\PTZ\IAR\PLC\EWARM\PLC\Obj\stm32f7xx_hal_rcc_ex.o
#        E:\PTZ\IAR\PLC\EWARM\PLC\Obj\stm32f7xx_hal_sd.o
#        E:\PTZ\IAR\PLC\EWARM\PLC\Obj\stm32f7xx_hal_sdram.o
#        E:\PTZ\IAR\PLC\EWARM\PLC\Obj\stm32f7xx_hal_spi.o
#        E:\PTZ\IAR\PLC\EWARM\PLC\Obj\stm32f7xx_hal_tim.o
#        E:\PTZ\IAR\PLC\EWARM\PLC\Obj\stm32f7xx_hal_tim_ex.o
#        E:\PTZ\IAR\PLC\EWARM\PLC\Obj\stm32f7xx_hal_uart.o
#        E:\PTZ\IAR\PLC\EWARM\PLC\Obj\stm32f7xx_it.o
#        E:\PTZ\IAR\PLC\EWARM\PLC\Obj\stm32f7xx_ll_fmc.o
#        E:\PTZ\IAR\PLC\EWARM\PLC\Obj\stm32f7xx_ll_sdmmc.o
#        E:\PTZ\IAR\PLC\EWARM\PLC\Obj\stm32f7xx_ll_usb.o
#        E:\PTZ\IAR\PLC\EWARM\PLC\Obj\stmpe811.o
#        E:\PTZ\IAR\PLC\EWARM\PLC\Obj\syscall.o
#        E:\PTZ\IAR\PLC\EWARM\PLC\Obj\system_stm32f7xx.o
#        E:\PTZ\IAR\PLC\EWARM\PLC\Obj\tim.o
#        E:\PTZ\IAR\PLC\EWARM\PLC\Obj\timer11.o
#        E:\PTZ\IAR\PLC\EWARM\PLC\Obj\timer13.o
#        E:\PTZ\IAR\PLC\EWARM\PLC\Obj\timer14.o
#        E:\PTZ\IAR\PLC\EWARM\PLC\Obj\tw8819.o
#        E:\PTZ\IAR\PLC\EWARM\PLC\Obj\usart.o
#        E:\PTZ\IAR\PLC\EWARM\PLC\Obj\usb_host.o
#        E:\PTZ\IAR\PLC\EWARM\PLC\Obj\usbh_conf.o
#        E:\PTZ\IAR\PLC\EWARM\PLC\Obj\usbh_core.o
#        E:\PTZ\IAR\PLC\EWARM\PLC\Obj\usbh_ctlreq.o
#        E:\PTZ\IAR\PLC\EWARM\PLC\Obj\usbh_diskio.o
#        E:\PTZ\IAR\PLC\EWARM\PLC\Obj\usbh_ioreq.o
#        E:\PTZ\IAR\PLC\EWARM\PLC\Obj\usbh_msc.o
#        E:\PTZ\IAR\PLC\EWARM\PLC\Obj\usbh_msc_bot.o
#        E:\PTZ\IAR\PLC\EWARM\PLC\Obj\usbh_msc_scsi.o
#        E:\PTZ\IAR\PLC\EWARM\PLC\Obj\usbh_pipes.o
#        E:\PTZ\IAR\PLC\EWARM\PLC\Obj\video.o --redirect _Printf=_PrintfFull
#        --redirect _Scanf=_ScanfFull -o E:\PTZ\IAR\PLC\EWARM\PLC\Exe\PLC.out
#        --map E:\PTZ\IAR\PLC\EWARM\PLC\List\PLC.map --config
#        E:\PTZ\IAR\PLC\EWARM/stm32f746xx_flash.icf --semihosting --entry
#        __iar_program_start "D:\Program Files\IAR Systems\Embedded Workbench
#        7.5\arm\CMSIS\Lib\IAR\iar_cortexM7ls_math.a" --vfe
#
###############################################################################

*******************************************************************************
*** RUNTIME MODEL ATTRIBUTES
***

CppFlavor                     = *
__Heap_Handler                = DLMalloc
__SystemLibrary               = DLib
__dlib_dynamic_initialization = normal


*******************************************************************************
*** PLACEMENT SUMMARY
***

"A0":  place at 0x08000000 { ro section .intvec };
"P1":  place in [from 0x08000000 to 0x080fffff] { ro };
"P2":  place in [from 0x20000000 to 0x2004ffff] { rw, block CSTACK, block HEAP };
initialize by copy { rw };

  Section              Kind        Address     Size  Object
  -------              ----        -------     ----  ------
"A0":                                         0x1c8
  .intvec              ro code  0x08000000    0x1c8  startup_stm32f746xx.o [1]
                              - 0x080001c8    0x1c8

"P1":                                       0x2a722
  .rodata              const    0x080001c8   0x5f90  RIAD_30pt.o [1]
  .rodata              const    0x08006158   0x3624  RIAD_20pt.o [1]
  .rodata              const    0x0800977c   0x2560  OSDFont.o [1]
  .text                ro code  0x0800bcdc   0x1fb8  PTZinterface.o [1]
  .text                ro code  0x0800dc94    0x388  video.o [1]
  .text                ro code  0x0800e01c    0x8bc  gui.o [1]
  .text                ro code  0x0800e8d8    0x414  calculations.o [1]
  .text                ro code  0x0800ecec    0x190  rtc.o [1]
  .text                ro code  0x0800ee7c   0x15bc  lcd.o [1]
  .text                ro code  0x08010438    0x134  timer14.o [1]
  .text                ro code  0x0801056c     0x76  ABImemcpy_unaligned.o [5]
  .text                ro code  0x080105e2      0xa  xsprout.o [3]
  .text                ro code  0x080105ec    0x124  memory.o [1]
  .text                ro code  0x08010710    0x57c  stm32f7xx_hal_dma2d.o [1]
  .text                ro code  0x08010c8c     0x2c  video.o [1]
  .text                ro code  0x08010cb8   0x1e72  ff.o [1]
  .text                ro code  0x08012b2c    0x20a  tw8819.o [1]
  .text                ro code  0x08012d38    0x3fc  stm32f7xx_hal_gpio.o [1]
  .text                ro code  0x08013134    0x2e8  OSDFont.o [1]
  .text                ro code  0x0801341c     0xc4  DispInfo.o [1]
  .text                ro code  0x080134e0    0x548  stm32f7xx_hal_ltdc.o [1]
  .text                ro code  0x08013a28     0x4e  FltToDbl.o [4]
  .text                ro code  0x08013a78    0x1a2  DblMul.o [4]
  .text                ro code  0x08013c1c     0x90  DblToFlt.o [4]
  .text                ro code  0x08013cac   0x119e  stm32f7xx_hal_i2c.o [1]
  .text                ro code  0x08014e4c    0x142  stm32f7xx_hal_dac.o [1]
  .text                ro code  0x08014f90    0x4f0  stmpe811.o [1]
  .text                ro code  0x08015480    0x164  stm32f7xx_hal_nand.o [1]
  .text                ro code  0x080155e4     0x34  sprintf.o [3]
  .text                ro code  0x08015618     0xca  stm32f7xx_hal_sdram.o [1]
  .text                ro code  0x080156e4     0xf0  initial.o [1]
  .text                ro code  0x080157d4     0x68  dma2d.o [1]
  .text                ro code  0x0801583c      0xc  stm32f7xx_hal.o [1]
  .text                ro code  0x08015848      0x2  stm32f7xx_hal_dma2d.o [1]
  .text                ro code  0x0801584a      0x2  stm32f7xx_hal_dma2d.o [1]
  .text                ro code  0x0801584c     0xf8  diskio.o [1]
  .text                ro code  0x08015944     0x38  fatfs.o [1]
  .text                ro code  0x0801597c    0x280  ltdc.o [1]
  .text                ro code  0x08015bfc    0x1ac  core.o [1]
  .text                ro code  0x08015da8     0x60  interrupts.o [1]
  .text                ro code  0x08015e08    0x244  OSDBasic.o [1]
  .text                ro code  0x0801604c      0x2  stm32f7xx_hal_ltdc.o [1]
  .text                ro code  0x0801604e      0x2  stm32f7xx_hal_ltdc.o [1]
  .text                ro code  0x08016050      0x2  stm32f7xx_hal_ltdc.o [1]
  .text                ro code  0x08016054     0xc4  i2c.o [1]
  .text                ro code  0x08016118      0x2  stm32f7xx_hal_i2c.o [1]
  .text                ro code  0x0801611a      0x2  stm32f7xx_hal_i2c.o [1]
  .text                ro code  0x0801611c      0x2  stm32f7xx_hal_i2c.o [1]
  .text                ro code  0x0801611e      0x2  stm32f7xx_hal_i2c.o [1]
  .text                ro code  0x08016120    0x40a  stm32f7xx_hal_dma.o [1]
  .text                ro code  0x0801652a      0x2  stm32f7xx_hal_i2c.o [1]
  .text                ro code  0x0801652c      0x2  stm32f7xx_hal_i2c.o [1]
  .text                ro code  0x08016530     0xac  dac.o [1]
  .text                ro code  0x080165dc    0x20c  fmc.o [1]
  .text                ro code  0x080167e8    0x20e  stm32f7xx_ll_fmc.o [1]
  .text                ro code  0x080169f6      0x2  stm32f7xx_hal_nand.o [1]
  .text                ro code  0x080169f8    0xdca  xprintffull.o [3]
  .text                ro code  0x080177c2      0x2  stm32f7xx_hal_sdram.o [1]
  .text                ro code  0x080177c4    0x234  timer13.o [1]
  .text                ro code  0x080179f8     0x78  timer11.o [1]
  .text                ro code  0x08017a70    0x18e  stm32f7xx_hal_cortex.o [1]
  .text                ro code  0x08017c00     0x2c  leds.o [1]
  .text                ro code  0x08017c2c     0x2c  initial.o [1]
  .text                ro code  0x08017c58     0x70  ff_gen_drv.o [1]
  .text                ro code  0x08017cc8     0x2c  core.o [1]
  .text                ro code  0x08017cf4     0x64  stm32f7xx_hal_i2c_ex.o [1]
  .text                ro code  0x08017d58     0x16  strchr.o [5]
  .text                ro code  0x08017d70     0x36  strlen.o [5]
  .text                ro code  0x08017da8     0x58  memchr.o [5]
  .text                ro code  0x08017e00     0xee  I64DivMod.o [5]
  .text                ro code  0x08017eee     0x44  xdnorm.o [4]
  .text                ro code  0x08017f34     0x2e  DblCmpLe.o [4]
  .text                ro code  0x08017f64     0x2e  DblCmpGe.o [4]
  .text                ro code  0x08017f94    0x114  xdscale.o [4]
  .text                ro code  0x080180a8     0x58  DblToI32.o [4]
  .text                ro code  0x08018100     0x30  I32ToDbl.o [4]
  .text                ro code  0x08018130    0x180  DblSub.o [4]
  .text                ro code  0x080182b0    0x256  DblDiv.o [4]
  .text                ro code  0x08018506      0xe  div.o [3]
  .text                ro code  0x08018514    0x290  keyboard.o [1]
  .text                ro code  0x080187a4     0x3c  sound.o [1]
  .text                ro code  0x080187e0      0x2  I64DivZer.o [5]
  .text                ro code  0x080187e4     0xd4  DblAdd.o [4]
  .rodata              const    0x080188b8   0x1f5c  RIAD_16pt.o [1]
  .rodata              const    0x0801a814   0x1d4c  GOST_B_23_var.o [1]
  .rodata              const    0x0801c560   0x1878  OSDFont.o [1]
  .text                ro code  0x0801ddd8   0x14f4  dlmalloc.o [3]
  .text                ro code  0x0801f2cc      0x6  abort.o [3]
  .text                ro code  0x0801f2d4     0x2c  xgetmemchunk.o [3]
  .text                ro code  0x0801f300     0x14  exit.o [6]
  .text                ro code  0x0801f314   0x1430  stm32f7xx_hal_sd.o [1]
  .text                ro code  0x08020744     0xf0  sdmmc.o [1]
  .text                ro code  0x08020834     0xce  stm32f7xx_ll_sdmmc.o [1]
  .text                ro code  0x08020904   0x11c4  stm32f7xx_hal_hcd.o [1]
  .text                ro code  0x08021ac8    0x2dc  usbh_conf.o [1]
  .text                ro code  0x08021da4    0x9c4  stm32f7xx_ll_usb.o [1]
  .text                ro code  0x08022768    0x59e  usbh_core.o [1]
  .text                ro code  0x08022d06     0xd4  usbh_pipes.o [1]
  .text                ro code  0x08022dda    0x5ec  usbh_ctlreq.o [1]
  .text                ro code  0x080233c6    0x10e  usbh_ioreq.o [1]
  .text                ro code  0x080234d4    0x9c6  usbh_msc.o [1]
  .text                ro code  0x08023e9c    0x448  usbh_msc_bot.o [1]
  .text                ro code  0x080242e4     0x66  ABImemset.o [5]
  .text                ro code  0x0802434a    0x480  usbh_msc_scsi.o [1]
  .text                ro code  0x080247cc    0x8a8  stm32f7xx_hal_uart.o [1]
  .text                ro code  0x08025074    0x1d8  usart.o [1]
  .text                ro code  0x0802524c      0x2  stm32f7xx_hal_uart.o [1]
  .text                ro code  0x0802524e      0x2  stm32f7xx_hal_uart.o [1]
  .text                ro code  0x08025250      0x2  stm32f7xx_hal_uart.o [1]
  .text                ro code  0x08025254    0x700  stm32f7xx_hal_rcc.o [1]
  .text                ro code  0x08025954     0x28  stm32f7xx_hal.o [1]
  .text                ro code  0x0802597c    0x7fc  stm32f7xx_hal_rcc_ex.o [1]
  .rodata              const    0x08026178    0x700  GOST_B_23_var.o [1]
  .rodata              const    0x08026878    0x700  RIAD_16pt.o [1]
  .rodata              const    0x08026f78    0x700  RIAD_20pt.o [1]
  .rodata              const    0x08027678    0x700  RIAD_30pt.o [1]
  .text                ro code  0x08027d78    0x58c  stm32f7xx_hal_can.o [1]
  .text                ro code  0x08028304    0x1bc  can.o [1]
  .text                ro code  0x080284c0      0x2  stm32f7xx_hal_can.o [1]
  .text                ro code  0x080284c2      0x2  stm32f7xx_hal_can.o [1]
  .text                ro code  0x080284c4      0x2  stm32f7xx_hal_can.o [1]
  .text                ro code  0x080284c8    0x388  stm32f7xx_hal_adc.o [1]
  .text                ro code  0x08028850     0xb4  adc.o [1]
  .text                ro code  0x08028904    0x36c  gpio.o [1]
  .text                ro code  0x08028c70    0x2d8  stm32f7xx_hal_tim.o [1]
  .text                ro code  0x08028f48    0x200  tim.o [1]
  .text                ro code  0x08029148      0x2  stm32f7xx_hal_tim.o [1]
  .text                ro code  0x0802914a      0x2  stm32f7xx_hal_tim.o [1]
  .text                ro code  0x0802914c      0x2  stm32f7xx_hal_tim.o [1]
  .text                ro code  0x0802914e      0x2  stm32f7xx_hal_tim.o [1]
  .text                ro code  0x08029150      0x2  stm32f7xx_hal_tim_ex.o [1]
  .text                ro code  0x08029152      0x2  stm32f7xx_hal_tim.o [1]
  .text                ro code  0x08029154      0x2  stm32f7xx_hal_tim_ex.o [1]
  .text                ro code  0x08029158     0x68  stm32f7xx_hal_tim_ex.o [1]
  .text                ro code  0x080291c0    0x204  main.o [1]
  .text                ro code  0x080293c4     0x28  stm32f7xx_hal.o [1]
  .text                ro code  0x080293ec     0x40  dma.o [1]
  .text                ro code  0x0802942c    0x200  spi.o [1]
  .text                ro code  0x0802962c     0x68  usb_host.o [1]
  .text                ro code  0x08029694     0x84  stm32f7xx_hal_pwr_ex.o [1]
  .text                ro code  0x08029718     0x46  stm32f7xx_hal_msp.o [1]
  .text                ro code  0x08029760     0xba  stm32f7xx_hal_spi.o [1]
  .rodata              const    0x0802981c    0x200  calculations.o [1]
  .text                ro code  0x08029a1c    0x1f0  usbh_diskio.o [1]
  .text                ro code  0x08029c0c    0x158  sd_diskio.o [1]
  .text                ro code  0x08029d64     0xd0  bsp_driver_sd.o [1]
  .rodata              const    0x08029e34     0xe8  PTZinterface.o [1]
  .text                ro code  0x08029f1c     0xe4  stm32f7xx_it.o [1]
  .text                ro code  0x0802a000     0x10  stm32f7xx_hal.o [1]
  .rodata              const    0x0802a010     0x80  ff.o [1]
  .text                ro code  0x0802a090     0x78  lz77_init_single.o [5]
  .text                ro code  0x0802a108     0x6c  system_stm32f7xx.o [1]
  .rodata              const    0x0802a174     0x50  OSDFont.o [1]
  .text                ro code  0x0802a1c4     0x40  zero_init3.o [5]
  .text                ro code  0x0802a204     0x3c  GOST_B_23_var.o [1]
  .text                ro code  0x0802a240     0x3c  RIAD_16pt.o [1]
  .text                ro code  0x0802a27c     0x3c  RIAD_20pt.o [1]
  .text                ro code  0x0802a2b8     0x3c  RIAD_30pt.o [1]
  .rodata              const    0x0802a2f4     0x28  memory.o [1]
  .rodata              const    0x0802a31c     0x28  OSDinitTable.o [1]
  .text                ro code  0x0802a344     0x28  data_init.o [5]
  .rodata              const    0x0802a36c     0x24  PTZinterface.o [1]
  .text                ro code  0x0802a390     0x22  fpinit_M.o [4]
  .iar.init_table      const    0x0802a3b4     0x2c  - Linker created -
  .rodata              const    0x0802a3e0     0x20  usbh_msc.o [1]
  .text                ro code  0x0802a400     0x20  cmain_call_ctors.o [5]
  .text                ro code  0x0802a420     0x18  cppinit.o [3]
  SHT$$PREINIT_ARRAY            0x0802a438     0x20  <Block>
    .prepreinit_array  const    0x0802a438      0x4  core.o [1]
    .prepreinit_array  const    0x0802a43c      0x4  GOST_B_23_var.o [1]
    .prepreinit_array  const    0x0802a440      0x4  RIAD_16pt.o [1]
    .prepreinit_array  const    0x0802a444      0x4  RIAD_20pt.o [1]
    .prepreinit_array  const    0x0802a448      0x4  RIAD_30pt.o [1]
    .prepreinit_array  const    0x0802a44c      0x4  sd_diskio.o [1]
    .prepreinit_array  const    0x0802a450      0x4  usbh_diskio.o [1]
    .prepreinit_array  const    0x0802a454      0x4  usbh_msc.o [1]
  SHT$$INIT_ARRAY               0x0802a458      0x0  <Block>
  .rodata              const    0x0802a458     0x1c  PTZinterface.o [1]
  .text                ro code  0x0802a474     0x1a  cmain.o [5]
  .text                ro code  0x0802a48e      0x4  low_level_init.o [3]
  .text                ro code  0x0802a492      0x4  exit.o [3]
  .text                ro code  0x0802a498      0xa  cexit.o [5]
  .rodata              const    0x0802a4a4     0x18  PTZinterface.o [1]
  .rodata              const    0x0802a4bc     0x18  PTZinterface.o [1]
  .rodata              const    0x0802a4d4     0x10  ff.o [1]
  .rodata              const    0x0802a4e4     0x10  PTZinterface.o [1]
  .rodata              const    0x0802a4f4     0x10  PTZinterface.o [1]
  .rodata              const    0x0802a504     0x10  PTZinterface.o [1]
  .rodata              const    0x0802a514     0x10  PTZinterface.o [1]
  .rodata              const    0x0802a524     0x10  system_stm32f7xx.o [1]
  .text                ro code  0x0802a534     0x10  startup_stm32f746xx.o [1]
  .rodata              const    0x0802a544      0xc  GOST_B_23_var.o [1]
  .rodata              const    0x0802a550      0xc  PTZinterface.o [1]
  .rodata              const    0x0802a55c      0xc  PTZinterface.o [1]
  .rodata              const    0x0802a568      0xc  RIAD_16pt.o [1]
  .rodata              const    0x0802a574      0xc  RIAD_20pt.o [1]
  .rodata              const    0x0802a580      0xc  RIAD_30pt.o [1]
  .text                ro code  0x0802a58c      0xc  cstartup_M.o [5]
  .rodata              const    0x0802a598      0x8  DispInfo.o [1]
  .rodata              const    0x0802a5a0      0x8  keyboard.o [1]
  .rodata              const    0x0802a5a8      0x8  stm32f7xx_hal_dma.o [1]
  .rodata              const    0x0802a5b0      0x8  system_stm32f7xx.o [1]
  .rodata              const    0x0802a5b8      0x8  video.o [1]
  .rodata              const    0x0802a5c0      0x8  video.o [1]
  .rodata              const    0x0802a5c8      0x4  memory.o [1]
  .rodata              const    0x0802a5cc      0x4  OSDFont.o [1]
  .rodata              const    0x0802a5d0      0x4  PTZinterface.o [1]
  .rodata              const    0x0802a5d4      0x4  PTZinterface.o [1]
  .rodata              const    0x0802a5d8      0x4  PTZinterface.o [1]
  .rodata              const    0x0802a5dc      0x4  PTZinterface.o [1]
  .rodata              const    0x0802a5e0      0x4  usbh_msc.o [1]
  .text                ro code  0x0802a5e4      0x4  startup_stm32f746xx.o [1]
  .text                ro code  0x0802a5e8      0x4  startup_stm32f746xx.o [1]
  .text                ro code  0x0802a5ec      0x4  startup_stm32f746xx.o [1]
  .text                ro code  0x0802a5f0      0x4  startup_stm32f746xx.o [1]
  .text                ro code  0x0802a5f4      0x4  startup_stm32f746xx.o [1]
  .text                ro code  0x0802a5f8      0x4  startup_stm32f746xx.o [1]
  .text                ro code  0x0802a5fc      0x4  startup_stm32f746xx.o [1]
  .text                ro code  0x0802a600      0x4  startup_stm32f746xx.o [1]
  .text                ro code  0x0802a604      0x4  startup_stm32f746xx.o [1]
  .text                ro code  0x0802a608      0x4  startup_stm32f746xx.o [1]
  .text                ro code  0x0802a60c      0x4  startup_stm32f746xx.o [1]
  .text                ro code  0x0802a610      0x4  startup_stm32f746xx.o [1]
  .text                ro code  0x0802a614      0x4  startup_stm32f746xx.o [1]
  .text                ro code  0x0802a618      0x4  startup_stm32f746xx.o [1]
  .text                ro code  0x0802a61c      0x4  startup_stm32f746xx.o [1]
  .text                ro code  0x0802a620      0x4  startup_stm32f746xx.o [1]
  .text                ro code  0x0802a624      0x4  startup_stm32f746xx.o [1]
  .text                ro code  0x0802a628      0x4  startup_stm32f746xx.o [1]
  .text                ro code  0x0802a62c      0x4  startup_stm32f746xx.o [1]
  .text                ro code  0x0802a630      0x4  startup_stm32f746xx.o [1]
  .text                ro code  0x0802a634      0x4  startup_stm32f746xx.o [1]
  .text                ro code  0x0802a638      0x4  startup_stm32f746xx.o [1]
  .text                ro code  0x0802a63c      0x4  startup_stm32f746xx.o [1]
  .text                ro code  0x0802a640      0x4  startup_stm32f746xx.o [1]
  .text                ro code  0x0802a644      0x4  startup_stm32f746xx.o [1]
  .text                ro code  0x0802a648      0x4  startup_stm32f746xx.o [1]
  .text                ro code  0x0802a64c      0x4  startup_stm32f746xx.o [1]
  .text                ro code  0x0802a650      0x4  startup_stm32f746xx.o [1]
  .text                ro code  0x0802a654      0x4  startup_stm32f746xx.o [1]
  .text                ro code  0x0802a658      0x4  startup_stm32f746xx.o [1]
  .text                ro code  0x0802a65c      0x4  startup_stm32f746xx.o [1]
  .text                ro code  0x0802a660      0x4  startup_stm32f746xx.o [1]
  .text                ro code  0x0802a664      0x4  startup_stm32f746xx.o [1]
  .text                ro code  0x0802a668      0x4  startup_stm32f746xx.o [1]
  .text                ro code  0x0802a66c      0x4  startup_stm32f746xx.o [1]
  .text                ro code  0x0802a670      0x4  startup_stm32f746xx.o [1]
  .text                ro code  0x0802a674      0x4  startup_stm32f746xx.o [1]
  .text                ro code  0x0802a678      0x4  startup_stm32f746xx.o [1]
  .text                ro code  0x0802a67c      0x4  startup_stm32f746xx.o [1]
  .text                ro code  0x0802a680      0x4  startup_stm32f746xx.o [1]
  .text                ro code  0x0802a684      0x4  startup_stm32f746xx.o [1]
  .text                ro code  0x0802a688      0x4  startup_stm32f746xx.o [1]
  .text                ro code  0x0802a68c      0x4  startup_stm32f746xx.o [1]
  .text                ro code  0x0802a690      0x4  startup_stm32f746xx.o [1]
  .text                ro code  0x0802a694      0x4  startup_stm32f746xx.o [1]
  .text                ro code  0x0802a698      0x4  startup_stm32f746xx.o [1]
  .text                ro code  0x0802a69c      0x4  startup_stm32f746xx.o [1]
  .text                ro code  0x0802a6a0      0x4  startup_stm32f746xx.o [1]
  .text                ro code  0x0802a6a4      0x4  startup_stm32f746xx.o [1]
  .text                ro code  0x0802a6a8      0x4  startup_stm32f746xx.o [1]
  .text                ro code  0x0802a6ac      0x4  startup_stm32f746xx.o [1]
  .text                ro code  0x0802a6b0      0x4  startup_stm32f746xx.o [1]
  .text                ro code  0x0802a6b4      0x4  startup_stm32f746xx.o [1]
  .text                ro code  0x0802a6b8      0x4  startup_stm32f746xx.o [1]
  .text                ro code  0x0802a6bc      0x4  startup_stm32f746xx.o [1]
  .text                ro code  0x0802a6c0      0x4  startup_stm32f746xx.o [1]
  .text                ro code  0x0802a6c4      0x4  startup_stm32f746xx.o [1]
  .text                ro code  0x0802a6c8      0x4  startup_stm32f746xx.o [1]
  .text                ro code  0x0802a6cc      0x4  startup_stm32f746xx.o [1]
  .text                ro code  0x0802a6d0      0x4  startup_stm32f746xx.o [1]
  .text                ro code  0x0802a6d4      0x4  startup_stm32f746xx.o [1]
  .text                ro code  0x0802a6d8      0x4  startup_stm32f746xx.o [1]
  .text                ro code  0x0802a6dc      0x4  startup_stm32f746xx.o [1]
  .text                ro code  0x0802a6e0      0x4  startup_stm32f746xx.o [1]
  .text                ro code  0x0802a6e4      0x4  startup_stm32f746xx.o [1]
  .text                ro code  0x0802a6e8      0x4  startup_stm32f746xx.o [1]
  .text                ro code  0x0802a6ec      0x4  startup_stm32f746xx.o [1]
  .text                ro code  0x0802a6f0      0x4  startup_stm32f746xx.o [1]
  .text                ro code  0x0802a6f4      0x4  startup_stm32f746xx.o [1]
  .text                ro code  0x0802a6f8      0x4  startup_stm32f746xx.o [1]
  .text                ro code  0x0802a6fc      0x4  startup_stm32f746xx.o [1]
  .text                ro code  0x0802a700      0x4  startup_stm32f746xx.o [1]
  .text                ro code  0x0802a704      0x4  startup_stm32f746xx.o [1]
  .text                ro code  0x0802a708      0x4  startup_stm32f746xx.o [1]
  .text                ro code  0x0802a70c      0x4  startup_stm32f746xx.o [1]
  .text                ro code  0x0802a710      0x4  startup_stm32f746xx.o [1]
  .text                ro code  0x0802a714      0x4  startup_stm32f746xx.o [1]
  .text                ro code  0x0802a718      0x4  startup_stm32f746xx.o [1]
  .text                ro code  0x0802a71c      0x4  startup_stm32f746xx.o [1]
  .text                ro code  0x0802a720      0x4  startup_stm32f746xx.o [1]
  .text                ro code  0x0802a724      0x4  startup_stm32f746xx.o [1]
  .text                ro code  0x0802a728      0x4  startup_stm32f746xx.o [1]
  .text                ro code  0x0802a72c      0x4  startup_stm32f746xx.o [1]
  .text                ro code  0x0802a730      0x4  startup_stm32f746xx.o [1]
  .text                ro code  0x0802a734      0x4  startup_stm32f746xx.o [1]
  .text                ro code  0x0802a738      0x4  startup_stm32f746xx.o [1]
  .rodata              const    0x0802a73c      0x0  zero_init3.o [5]
  .rodata              const    0x0802a73c      0x0  lz77_init_single.o [5]
  Initializer bytes    const    0x0802a73c    0x1ae  <for P2-1>
                              - 0x0802a8ea  0x2a722

"P2", part 1 of 3:                            0x23d
  P2-1                          0x20000000    0x23d  <Init block>
    .data              inited   0x20000000      0x4  core.o [1]
    .data              inited   0x20000004      0x4  initial.o [1]
    .data              inited   0x20000008      0xc  PTZinterface.o [1]
    .data              inited   0x20000014      0xc  PTZinterface.o [1]
    .data              inited   0x20000020      0xc  PTZinterface.o [1]
    .data              inited   0x2000002c      0xc  PTZinterface.o [1]
    .data              inited   0x20000038      0xc  PTZinterface.o [1]
    .data              inited   0x20000044      0xc  PTZinterface.o [1]
    .data              inited   0x20000050      0xc  PTZinterface.o [1]
    .data              inited   0x2000005c      0xc  PTZinterface.o [1]
    .data              inited   0x20000068      0xc  PTZinterface.o [1]
    .data              inited   0x20000074      0xc  PTZinterface.o [1]
    .data              inited   0x20000080      0xc  PTZinterface.o [1]
    .data              inited   0x2000008c      0xc  PTZinterface.o [1]
    .data              inited   0x20000098      0x8  PTZinterface.o [1]
    .data              inited   0x200000a0      0x8  PTZinterface.o [1]
    .data              inited   0x200000a8      0xc  PTZinterface.o [1]
    .data              inited   0x200000b4      0xc  PTZinterface.o [1]
    .data              inited   0x200000c0      0x8  PTZinterface.o [1]
    .data              inited   0x200000c8      0x8  PTZinterface.o [1]
    .data              inited   0x200000d0      0xc  stmpe811.o [1]
    .data              inited   0x200000dc      0x4  system_stm32f7xx.o [1]
    .data              inited   0x200000e0    0x14c  tw8819.o [1]
    .data              inited   0x2000022c      0x4  video.o [1]
    .data              inited   0x20000230      0x4  video.o [1]
    .data              inited   0x20000234      0x2  keyboard.o [1]
    .data              inited   0x20000236      0x2  tw8819.o [1]
    .data              inited   0x20000238      0x1  keyboard.o [1]
    .data              inited   0x20000239      0x1  PTZinterface.o [1]
    .data              inited   0x2000023a      0x1  sd_diskio.o [1]
    .data              inited   0x2000023b      0x1  spi.o [1]
    .data              inited   0x2000023c      0x1  spi.o [1]
                              - 0x2000023d    0x23d

"P2", part 2 of 3:                           0xa000
  CSTACK                        0x20000240   0x8000  <Block>
    CSTACK             uninit   0x20000240   0x8000  <Block tail>
  HEAP                          0x20008240   0x2000  <Block>
    HEAP               uninit   0x20008240   0x2000  <Block tail>
                              - 0x2000a240   0xa000

"P2", part 3 of 3:                           0x3638
  .bss                 zero     0x2000a240   0x1030  memory.o [1]
  .bss                 zero     0x2000b270    0xe14  PTZinterface.o [1]
  .bss                 zero     0x2000c084    0x3c8  usb_host.o [1]
  .bss                 zero     0x2000c44c    0x294  usbh_conf.o [1]
  .bss                 zero     0x2000c6e0    0x1d8  dlmalloc.o [3]
  .bss                 zero     0x2000c8b8    0x168  PTZinterface.o [1]
  .bss                 zero     0x2000ca20    0x140  PTZinterface.o [1]
  .bss                 zero     0x2000cb60    0x100  core.o [1]
  .bss                 zero     0x2000cc60    0x100  core.o [1]
  .bss                 zero     0x2000cd60    0x100  core.o [1]
  .bss                 zero     0x2000ce60     0xa8  ltdc.o [1]
  .bss                 zero     0x2000cf08     0x80  PTZinterface.o [1]
  .bss                 zero     0x2000cf88     0x70  usart.o [1]
  .bss                 zero     0x2000cff8     0x70  usart.o [1]
  .bss                 zero     0x2000d068     0x70  usart.o [1]
  .bss                 zero     0x2000d0d8     0x64  spi.o [1]
  .bss                 zero     0x2000d13c     0x60  calculations.o [1]
  .bss                 zero     0x2000d19c     0x60  sdmmc.o [1]
  .bss                 zero     0x2000d1fc     0x60  spi.o [1]
  .bss                 zero     0x2000d25c     0x60  spi.o [1]
  .bss                 zero     0x2000d2bc     0x4c  i2c.o [1]
  .bss                 zero     0x2000d308     0x58  sdmmc.o [1]
  .bss                 zero     0x2000d360     0x4c  PTZinterface.o [1]
  .bss                 zero     0x2000d3ac     0x48  adc.o [1]
  .bss                 zero     0x2000d3f4     0x40  can.o [1]
  .bss                 zero     0x2000d434     0x40  can.o [1]
  .bss                 zero     0x2000d474     0x40  dma2d.o [1]
  .bss                 zero     0x2000d4b4     0x3c  tim.o [1]
  .bss                 zero     0x2000d4f0     0x3c  tim.o [1]
  .bss                 zero     0x2000d52c     0x3c  tim.o [1]
  .bss                 zero     0x2000d568     0x3c  tim.o [1]
  .bss                 zero     0x2000d5a4     0x3c  tim.o [1]
  .bss                 zero     0x2000d5e0     0x38  fmc.o [1]
  .bss                 zero     0x2000d618     0x34  fmc.o [1]
  .bss                 zero     0x2000d64c     0x28  gui.o [1]
  .bss                 zero     0x2000d674     0x20  usbh_msc.o [1]
  .bss                 zero     0x2000d694     0x18  ff.o [1]
  .bss                 zero     0x2000d6ac     0x18  lcd.o [1]
  .bss                 zero     0x2000d6c4     0x18  PTZinterface.o [1]
  .bss                 zero     0x2000d6dc     0x18  dlmalloc.o [3]
  .bss                 zero     0x2000d6f4     0x14  dac.o [1]
  .bss                 zero     0x2000d708     0x14  ff_gen_drv.o [1]
  .bss                 zero     0x2000d71c     0x14  sd_diskio.o [1]
  .bss                 zero     0x2000d730     0x14  usbh_diskio.o [1]
  .bss                 zero     0x2000d744      0xc  ff.o [1]
  .bss                 zero     0x2000d750      0xc  GOST_B_23_var.o [1]
  .bss                 zero     0x2000d75c      0xc  lcd.o [1]
  .bss                 zero     0x2000d768      0xc  RIAD_16pt.o [1]
  .bss                 zero     0x2000d774      0xc  RIAD_20pt.o [1]
  .bss                 zero     0x2000d780      0xc  RIAD_30pt.o [1]
  .bss                 zero     0x2000d78c      0x8  PTZinterface.o [1]
  .bss                 zero     0x2000d794      0x8  PTZinterface.o [1]
  .bss                 zero     0x2000d79c      0x8  sound.o [1]
  .bss                 zero     0x2000d7a4      0x8  stmpe811.o [1]
  .bss                 zero     0x2000d7ac      0x4  calculations.o [1]
  .bss                 zero     0x2000d7b0      0x4  calculations.o [1]
  .bss                 zero     0x2000d7b4      0x4  calculations.o [1]
  .bss                 zero     0x2000d7b8      0x4  calculations.o [1]
  .bss                 zero     0x2000d7bc      0x4  calculations.o [1]
  .bss                 zero     0x2000d7c0      0x4  calculations.o [1]
  .bss                 zero     0x2000d7c4      0x4  calculations.o [1]
  .bss                 zero     0x2000d7c8      0x4  calculations.o [1]
  .bss                 zero     0x2000d7cc      0x4  can.o [1]
  .bss                 zero     0x2000d7d0      0x4  core.o [1]
  .bss                 zero     0x2000d7d4      0x4  core.o [1]
  .bss                 zero     0x2000d7d8      0x4  fatfs.o [1]
  .bss                 zero     0x2000d7dc      0x4  fatfs.o [1]
  .bss                 zero     0x2000d7e0      0x4  fmc.o [1]
  .bss                 zero     0x2000d7e4      0x4  gui.o [1]
  .bss                 zero     0x2000d7e8      0x4  gui.o [1]
  .bss                 zero     0x2000d7ec      0x4  gui.o [1]
  .bss                 zero     0x2000d7f0      0x4  gui.o [1]
  .bss                 zero     0x2000d7f4      0x4  initial.o [1]
  .bss                 zero     0x2000d7f8      0x4  keyboard.o [1]
  .bss                 zero     0x2000d7fc      0x4  keyboard.o [1]
  .bss                 zero     0x2000d800      0x4  lcd.o [1]
  .bss                 zero     0x2000d804      0x4  lcd.o [1]
  .bss                 zero     0x2000d808      0x4  lcd.o [1]
  .bss                 zero     0x2000d80c      0x4  lcd.o [1]
  .bss                 zero     0x2000d810      0x4  lcd.o [1]
  .bss                 zero     0x2000d814      0x4  lcd.o [1]
  .bss                 zero     0x2000d818      0x4  lcd.o [1]
  .bss                 zero     0x2000d81c      0x4  lcd.o [1]
  .bss                 zero     0x2000d820      0x4  lcd.o [1]
  .bss                 zero     0x2000d824      0x4  lcd.o [1]
  .bss                 zero     0x2000d828      0x4  lcd.o [1]
  .bss                 zero     0x2000d82c      0x4  lcd.o [1]
  .bss                 zero     0x2000d830      0x4  PTZinterface.o [1]
  .bss                 zero     0x2000d834      0x4  PTZinterface.o [1]
  .bss                 zero     0x2000d838      0x4  stm32f7xx_hal.o [1]
  .bss                 zero     0x2000d83c      0x4  stmpe811.o [1]
  .bss                 zero     0x2000d840      0x4  stmpe811.o [1]
  .bss                 zero     0x2000d844      0x4  timer13.o [1]
  .bss                 zero     0x2000d848      0x4  timer13.o [1]
  .bss                 zero     0x2000d84c      0x4  timer14.o [1]
  .bss                 zero     0x2000d850      0x4  xgetmemchunk.o [3]
  .bss                 zero     0x2000d854      0x2  ff.o [1]
  .bss                 zero     0x2000d856      0x2  PTZinterface.o [1]
  .bss                 zero     0x2000d858      0x2  tw8819.o [1]
  .bss                 zero     0x2000d85a      0x1  core.o [1]
  .bss                 zero     0x2000d85b      0x1  core.o [1]
  .bss                 zero     0x2000d85c      0x1  core.o [1]
  .bss                 zero     0x2000d85d      0x1  core.o [1]
  .bss                 zero     0x2000d85e      0x1  core.o [1]
  .bss                 zero     0x2000d85f      0x1  core.o [1]
  .bss                 zero     0x2000d860      0x1  core.o [1]
  .bss                 zero     0x2000d861      0x1  DispInfo.o [1]
  .bss                 zero     0x2000d862      0x1  fatfs.o [1]
  .bss                 zero     0x2000d863      0x1  fatfs.o [1]
  .bss                 zero     0x2000d864      0x1  keyboard.o [1]
  .bss                 zero     0x2000d865      0x1  keyboard.o [1]
  .bss                 zero     0x2000d866      0x1  keyboard.o [1]
  .bss                 zero     0x2000d867      0x1  keyboard.o [1]
  .bss                 zero     0x2000d868      0x1  lcd.o [1]
  .bss                 zero     0x2000d869      0x1  PTZinterface.o [1]
  .bss                 zero     0x2000d86a      0x1  PTZinterface.o [1]
  .bss                 zero     0x2000d86b      0x1  PTZinterface.o [1]
  .bss                 zero     0x2000d86c      0x1  PTZinterface.o [1]
  .bss                 zero     0x2000d86d      0x1  rtc.o [1]
  .bss                 zero     0x2000d86e      0x1  spi.o [1]
  .bss                 zero     0x2000d86f      0x1  stmpe811.o [1]
  .bss                 zero     0x2000d870      0x1  timer13.o [1]
  .bss                 zero     0x2000d871      0x1  timer14.o [1]
  .bss                 zero     0x2000d872      0x1  usb_host.o [1]
  .bss                 zero     0x2000d873      0x1  video.o [1]
  .bss                 zero     0x2000d874      0x1  video.o [1]
                              - 0x2000d875   0x3635

Absolute sections:                           0x2ee0
  .bss                 zero     0xc02ee000   0x2ee0  gui.o [1]
                              - 0xc02f0ee0   0x2ee0


*******************************************************************************
*** INIT TABLE
***

          Address     Size
          -------     ----
Zero (__iar_zero_init3)
    2 destination ranges, total size 0x6515:
          0x2000a240  0x3635
          0xc02ee000  0x2ee0

Copy/lz77 (__iar_lz77_init_single3)
    1 source range, total size 0x1ae (75% of destination):
          0x0802a73c   0x1ae
    1 destination range, total size 0x23d:
          0x20000000   0x23d

Extra (__iar_cstart_call_ctors)



*******************************************************************************
*** MODULE SUMMARY
***

    Module                  ro code  ro data  rw data  rw data
                                                        (abs)
    ------                  -------  -------  -------  -------
E:\PTZ\IAR\PLC\EWARM\PLC\Obj: [1]
    DispInfo.o                  196        8        1
    GOST_B_23_var.o              60    9 308       12
    OSDBasic.o                  580
    OSDFont.o                   744   15 916
    OSDinitTable.o                        40
    PTZinterface.o            8 120      599    4 743
    RIAD_16pt.o                  60    9 836       12
    RIAD_20pt.o                  60   15 668       12
    RIAD_30pt.o                  60   26 272       12
    adc.o                       180                72
    bsp_driver_sd.o             208
    calculations.o            1 044      512      128
    can.o                       444               132
    core.o                      472        7      787
    dac.o                       172                20
    diskio.o                    248
    dma.o                        64
    dma2d.o                     104                64
    fatfs.o                      56                10
    ff.o                      7 794      144       38
    ff_gen_drv.o                112                20
    fmc.o                       524               112
    gpio.o                      876
    gui.o                     2 236                56   12 000
    i2c.o                       196                76
    initial.o                   284        3        8
    interrupts.o                 96
    keyboard.o                  656        9       15
    lcd.o                     5 564                85
    leds.o                       44
    ltdc.o                      640               168
    main.o                      516
    memory.o                    292       44    4 144
    rtc.o                       400                 1
    sd_diskio.o                 344        5       21
    sdmmc.o                     240               184
    sound.o                      60                 8
    spi.o                       512        2      295
    startup_stm32f746xx.o       816
    stm32f7xx_hal.o             108                 4
    stm32f7xx_hal_adc.o         904
    stm32f7xx_hal_can.o       1 426
    stm32f7xx_hal_cortex.o      398
    stm32f7xx_hal_dac.o         322
    stm32f7xx_hal_dma.o       1 034        8
    stm32f7xx_hal_dma2d.o     1 408
    stm32f7xx_hal_gpio.o      1 020
    stm32f7xx_hal_hcd.o       4 548
    stm32f7xx_hal_i2c.o       4 522
    stm32f7xx_hal_i2c_ex.o      100
    stm32f7xx_hal_ltdc.o      1 358
    stm32f7xx_hal_msp.o          70
    stm32f7xx_hal_nand.o        358
    stm32f7xx_hal_pwr_ex.o      132
    stm32f7xx_hal_rcc.o       1 792
    stm32f7xx_hal_rcc_ex.o    2 044
    stm32f7xx_hal_sd.o        5 168
    stm32f7xx_hal_sdram.o       204
    stm32f7xx_hal_spi.o         186
    stm32f7xx_hal_tim.o         738
    stm32f7xx_hal_tim_ex.o      108
    stm32f7xx_hal_uart.o      2 222
    stm32f7xx_it.o              228
    stm32f7xx_ll_fmc.o          526
    stm32f7xx_ll_sdmmc.o        206
    stm32f7xx_ll_usb.o        2 500
    stmpe811.o                1 264        9       29
    system_stm32f7xx.o          108       27        4
    tim.o                       512               300
    timer11.o                   120
    timer13.o                   564                 9
    timer14.o                   308                 5
    tw8819.o                    522      251      336
    usart.o                     472               336
    usb_host.o                  104               969
    usbh_conf.o                 732               660
    usbh_core.o               1 438
    usbh_ctlreq.o             1 516
    usbh_diskio.o               496        4       20
    usbh_ioreq.o                270
    usbh_msc.o                2 502       40       32
    usbh_msc_bot.o            1 096
    usbh_msc_scsi.o           1 152
    usbh_pipes.o                212
    video.o                     948       22       10
    ----------------------------------------------------------
    Total:                   83 040   78 734   13 950   12 000

command line: [2]
    ----------------------------------------------------------
    Total:

dl7M_tln.a: [3]
    abort.o                       6
    cppinit.o                    24
    div.o                        14
    dlmalloc.o                5 364               496
    exit.o                        4
    low_level_init.o              4
    sprintf.o                    52
    xgetmemchunk.o               44                 4
    xprintffull.o             3 530
    xsprout.o                    10
    ----------------------------------------------------------
    Total:                    9 052               500

m7M_tls.a: [4]
    DblAdd.o                    212
    DblCmpGe.o                   46
    DblCmpLe.o                   46
    DblDiv.o                    598
    DblMul.o                    418
    DblSub.o                    384
    DblToFlt.o                  144
    DblToI32.o                   88
    FltToDbl.o                   78
    I32ToDbl.o                   48
    fpinit_M.o                   34
    xdnorm.o                     68
    xdscale.o                   276
    ----------------------------------------------------------
    Total:                    2 440

rt7M_tl.a: [5]
    ABImemcpy_unaligned.o       118
    ABImemset.o                 102
    I64DivMod.o                 238
    I64DivZer.o                   2
    cexit.o                      10
    cmain.o                      26
    cmain_call_ctors.o           32
    cstartup_M.o                 12
    data_init.o                  40
    lz77_init_single.o          120
    memchr.o                     88
    strchr.o                     22
    strlen.o                     54
    zero_init3.o                 64
    ----------------------------------------------------------
    Total:                      928

shb_l.a: [6]
    exit.o                       20
    ----------------------------------------------------------
    Total:                       20

    Gaps                         50        6
    Linker created                        44   40 960
--------------------------------------------------------------
    Grand Total:             95 530   78 784   55 410   12 000


*******************************************************************************
*** ENTRY LIST
***

Entry                      Address    Size  Type      Object
-----                      -------    ----  ----      ------
.iar.init_table$$Base   0x0802a3b4           --   Gb  - Linker created -
.iar.init_table$$Limit  0x0802a3e0           --   Gb  - Linker created -
?main                   0x0802a475          Code  Gb  cmain.o [5]
ADC_Init                0x080286cf   0x166  Code  Lc  stm32f7xx_hal_adc.o [1]
AHBPrescTable           0x0802a524    0x10  Data  Gb  system_stm32f7xx.o [1]
APBPrescTable           0x0802a5b0     0x8  Data  Gb  system_stm32f7xx.o [1]
ActiveLayer             0x2000d800     0x4  Data  Lc  lcd.o [1]
Appli_state             0x2000d872     0x1  Data  Gb  usb_host.o [1]
BIG_Arrow               0x0800d207    0x1e  Code  Gb  PTZinterface.o [1]
BSP_SD_GetCardInfo      0x08029e0d     0xe  Code  Gb  bsp_driver_sd.o [1]
BSP_SD_GetStatus        0x08029e03     0xa  Code  Gb  bsp_driver_sd.o [1]
BSP_SD_Init             0x08029d65    0x3e  Code  Gb  bsp_driver_sd.o [1]
BSP_SD_IsDetected       0x08029e25    0x10  Code  Gb  bsp_driver_sd.o [1]
BSP_SD_ReadBlocks       0x08029da3    0x30  Code  Gb  bsp_driver_sd.o [1]
BSP_SD_WriteBlocks      0x08029dd3    0x30  Code  Gb  bsp_driver_sd.o [1]
Bip                     0x080187a5    0x3c  Code  Gb  sound.o [1]
CAM_ON_OFF              0x0800bcdd    0x30  Code  Gb  PTZinterface.o [1]
CAM_flag                0x2000d874     0x1  Data  Gb  video.o [1]
CAN1_RX0_IRQHandler     0x08029f3f     0xa  Code  Gb  stm32f7xx_it.o [1]
CAN1_RX1_IRQHandler     0x08029f49     0xa  Code  Gb  stm32f7xx_it.o [1]
CAN1_TX_IRQHandler      0x08029f35     0xa  Code  Gb  stm32f7xx_it.o [1]
CAN_Receive_IT          0x08028195   0x170  Code  Lc  stm32f7xx_hal_can.o [1]
CAN_Transmit_IT         0x08028151    0x44  Code  Lc  stm32f7xx_hal_can.o [1]
CSTACK$$Base            0x20000240           --   Gb  - Linker created -
CSTACK$$Limit           0x20008240           --   Gb  - Linker created -
ClearDataCnt            0x08015f57    0x7e  Code  Gb  OSDBasic.o [1]
ClearInput              0x080134b9    0x22  Code  Gb  DispInfo.o [1]
ClearOSDInfo            0x0801341d    0x12  Code  Gb  DispInfo.o [1]
Condition               0x200000c0     0x8  Data  Lc  PTZinterface.o [1]
DISP                    0x2000d794     0x8  Data  Gb  PTZinterface.o [1]
DMA1_Stream3_IRQHandler
                        0x080295e9    0x10  Code  Gb  spi.o [1]
DMA1_Stream4_IRQHandler
                        0x080295d9    0x10  Code  Gb  spi.o [1]
DMA2D_IRQHandler        0x08029fc9     0xa  Code  Gb  stm32f7xx_it.o [1]
DMA2D_SetConfig         0x08010b75   0x118  Code  Lc  stm32f7xx_hal_dma2d.o [1]
DMA_CalcBaseAndBitshift
                        0x08016435    0x38  Code  Lc  stm32f7xx_hal_dma.o [1]
DMA_CalcBaseAndBitshift::flagBitshiftOffset
                        0x0802a5a8     0x8  Data  Lc  stm32f7xx_hal_dma.o [1]
DMA_CheckFifoParam      0x0801647d    0xae  Code  Lc  stm32f7xx_hal_dma.o [1]
DeInitStateMachine      0x080227a3    0x5c  Code  Lc  usbh_core.o [1]
DealNumber              0x2000d871     0x1  Data  Gb  timer14.o [1]
DelayOnMediumQ          0x08015d65    0x16  Code  Gb  core.o [1]
Delay_ms_OnProcessRoutine::pointerFunction
                        0x2000d7d4     0x4  Data  Lc  core.o [1]
DisplayedOSD            0x2000d861     0x1  Data  Gb  DispInfo.o [1]
DrawAttrCnt             0x08015e99    0xbe  Code  Gb  OSDBasic.o [1]
DrawChar                0x0800f96f   0x100  Code  Lc  lcd.o [1]
DrawFastLineHorizontal  0x0800fffd    0x7c  Code  Gb  lcd.o [1]
DrawFastLineHorizontal::address
                        0x2000d824     0x4  Data  Lc  lcd.o [1]
DrawFastLineHorizontal::color
                        0x2000d820     0x4  Data  Lc  lcd.o [1]
DrawFastLineHorizontal::temp
                        0x2000d81c     0x4  Data  Lc  lcd.o [1]
DrawFastLineVertical    0x0800ff7d    0x78  Code  Gb  lcd.o [1]
DrawFastLineVertical::address
                        0x2000d818     0x4  Data  Lc  lcd.o [1]
DrawFastLineVertical::color
                        0x2000d814     0x4  Data  Lc  lcd.o [1]
DrawFastLineVertical::temp
                        0x2000d810     0x4  Data  Lc  lcd.o [1]
DrawProp                0x2000d6ac    0x18  Data  Lc  lcd.o [1]
EXTI0_IRQHandler        0x08029f2b     0xa  Code  Gb  stm32f7xx_it.o [1]
EXTI9_5_IRQHandler      0x08015ddf    0x1c  Code  Gb  interrupts.o [1]
Error                   0x2000d86e     0x1  Data  Gb  spi.o [1]
Error_Handler           0x080295d1     0x8  Code  Gb  spi.o [1]
ExCvt                   0x0802a010    0x80  Data  Lc  ff.o [1]
FATFS_LinkDriver        0x08017cb1    0x12  Code  Gb  ff_gen_drv.o [1]
FATFS_LinkDriverEx      0x08017c59    0x58  Code  Gb  ff_gen_drv.o [1]
FMC_IRQHandler          0x08029f91    0x10  Code  Gb  stm32f7xx_it.o [1]
FMC_Initialized         0x2000d7e0     0x4  Data  Lc  fmc.o [1]
FMC_NAND_AttributeSpace_Timing_Init
                        0x0801684b    0x2c  Code  Gb  stm32f7xx_ll_fmc.o [1]
FMC_NAND_CommonSpace_Timing_Init
                        0x0801681f    0x2c  Code  Gb  stm32f7xx_ll_fmc.o [1]
FMC_NAND_Init           0x080167e9    0x36  Code  Gb  stm32f7xx_ll_fmc.o [1]
FMC_SDRAM_Init          0x08016877    0x7c  Code  Gb  stm32f7xx_ll_fmc.o [1]
FMC_SDRAM_ProgramRefreshRate
                        0x080169e9     0xe  Code  Gb  stm32f7xx_ll_fmc.o [1]
FMC_SDRAM_SendCommand   0x08016999    0x50  Code  Gb  stm32f7xx_ll_fmc.o [1]
FMC_SDRAM_Timing_Init   0x080168f3    0x9e  Code  Gb  stm32f7xx_ll_fmc.o [1]
FOSDDownloadFont        0x0801335d    0xc0  Code  Gb  OSDFont.o [1]
FOSDDownloadFontDirect  0x0801325b   0x102  Code  Gb  OSDFont.o [1]
FOSDLUT                 0x080131e9    0x72  Code  Gb  OSDFont.o [1]
FOSDShowWindowAll       0x08013199    0x50  Code  Gb  OSDFont.o [1]
FOSDWinBase             0x0802a5cc     0x4  Data  Gb  OSDFont.o [1]
FOSDWinEnable           0x08013135    0x64  Code  Gb  OSDFont.o [1]
FUEL_Arrow              0x0800d247    0x36  Code  Gb  PTZinterface.o [1]
FastCos                 0x0800e951    0x74  Code  Gb  calculations.o [1]
FastSin                 0x0800e8d9    0x78  Code  Gb  calculations.o [1]
Fast_LCD_DrawPixel      0x0800f5f9    0x90  Code  Gb  lcd.o [1]
Fast_LCD_DrawPixel::addressDraw
                        0x2000d80c     0x4  Data  Lc  lcd.o [1]
FatFs                   0x2000d744     0xc  Data  Lc  ff.o [1]
Files                   0x2000d694    0x18  Data  Lc  ff.o [1]
FillImageSoft           0x080100f5    0x76  Code  Gb  lcd.o [1]
FillStructIMG           0x0800db05   0x128  Code  Gb  PTZinterface.o [1]
FillStructIMG::Name     0x200000c8     0x8  Data  Lc  PTZinterface.o [1]
Font2                   0x0800977c  0x2560  Data  Gb  OSDFont.o [1]
FontAll                 0x0801c560  0x1878  Data  Gb  OSDFont.o [1]
Fsid                    0x2000d854     0x2  Data  Lc  ff.o [1]
GOST_B_23_var           0x2000d750     0xc  Data  Gb  GOST_B_23_var.o [1]
GUI_Free                0x0800e01d    0x72  Code  Gb  gui.o [1]
GUI_Objects             0xc02ee000  0x2ee0  Data  Lc  gui.o [1]
GUI_Release             0x0800e1ab   0x678  Code  Gb  gui.o [1]
GUI_Release::i          0x2000d7ec     0x4  Data  Lc  gui.o [1]
GUI_Release::j          0x2000d7f0     0x4  Data  Lc  gui.o [1]
GUI_SetObject           0x0800e08f   0x11c  Code  Gb  gui.o [1]
GUI_SetObject::NullObj  0x2000d64c    0x28  Data  Lc  gui.o [1]
GUI_SetObject::i        0x2000d7e4     0x4  Data  Lc  gui.o [1]
GUI_SetObject::j        0x2000d7e8     0x4  Data  Lc  gui.o [1]
GenerateKbdMessages     0x080186d5    0xa8  Code  Gb  keyboard.o [1]
GenerateKbdMessages::Event
                        0x2000d866     0x1  Data  Lc  keyboard.o [1]
GenerateKbdMessages::i  0x2000d867     0x1  Data  Lc  keyboard.o [1]
GetDateToStr            0x0800eda5    0x6e  Code  Gb  rtc.o [1]
GetTimeToStr            0x0800ee13    0x66  Code  Gb  rtc.o [1]
HAL_ADC_ConfigChannel   0x0802852f   0x1a0  Code  Gb  stm32f7xx_hal_adc.o [1]
HAL_ADC_Init            0x080284c9    0x66  Code  Gb  stm32f7xx_hal_adc.o [1]
HAL_ADC_MspInit         0x080288b7    0x3e  Code  Gb  adc.o [1]
HAL_CAN_ErrorCallback   0x080284c1     0x2  Code  Wk  stm32f7xx_hal_can.o [1]
HAL_CAN_IRQHandler      0x08027f21   0x220  Code  Gb  stm32f7xx_hal_can.o [1]
HAL_CAN_Init            0x08027d79   0x1a8  Code  Gb  stm32f7xx_hal_can.o [1]
HAL_CAN_MspInit         0x080283b1    0xf2  Code  Gb  can.o [1]
HAL_CAN_RxCpltCallback  0x080284c5     0x2  Code  Wk  stm32f7xx_hal_can.o [1]
HAL_CAN_TxCpltCallback  0x080284c3     0x2  Code  Wk  stm32f7xx_hal_can.o [1]
HAL_DAC_ConfigChannel   0x08014f09    0x56  Code  Gb  stm32f7xx_hal_dac.o [1]
HAL_DAC_Init            0x08014e4d    0x2c  Code  Gb  stm32f7xx_hal_dac.o [1]
HAL_DAC_MspInit         0x0801658f    0x3e  Code  Gb  dac.o [1]
HAL_DAC_SetValue        0x08014f5f    0x30  Code  Gb  stm32f7xx_hal_dac.o [1]
HAL_DAC_Start           0x08014e79    0x90  Code  Gb  stm32f7xx_hal_dac.o [1]
HAL_DMA2D_CLUTLoadingCpltCallback
                        0x0801584b     0x2  Code  Wk  stm32f7xx_hal_dma2d.o [1]
HAL_DMA2D_ConfigLayer   0x08010a99    0xd8  Code  Gb  stm32f7xx_hal_dma2d.o [1]
HAL_DMA2D_IRQHandler    0x08010957   0x142  Code  Gb  stm32f7xx_hal_dma2d.o [1]
HAL_DMA2D_Init          0x08010711    0x64  Code  Gb  stm32f7xx_hal_dma2d.o [1]
HAL_DMA2D_LineEventCallback
                        0x08015849     0x2  Code  Wk  stm32f7xx_hal_dma2d.o [1]
HAL_DMA2D_MspInit       0x080157f9    0x38  Code  Gb  dma2d.o [1]
HAL_DMA2D_PollForTransfer
                        0x08010819   0x13e  Code  Gb  stm32f7xx_hal_dma2d.o [1]
HAL_DMA2D_Start         0x08010775    0x4c  Code  Gb  stm32f7xx_hal_dma2d.o [1]
HAL_DMA2D_Start_IT      0x080107c1    0x58  Code  Gb  stm32f7xx_hal_dma2d.o [1]
HAL_DMA_Abort_IT        0x08016201    0x28  Code  Gb  stm32f7xx_hal_dma.o [1]
HAL_DMA_IRQHandler      0x08016229   0x20a  Code  Gb  stm32f7xx_hal_dma.o [1]
HAL_DMA_Init            0x08016121    0xe0  Code  Gb  stm32f7xx_hal_dma.o [1]
HAL_Delay               0x0801575f    0x64  Code  Gb  initial.o [1]
HAL_Delay::OldTicksGlobal_mS
                        0x2000d7f4     0x4  Data  Lc  initial.o [1]
HAL_FMC_MspInit         0x080166d5    0xd2  Code  Lc  fmc.o [1]
HAL_GPIO_DeInit         0x08012f2f   0x176  Code  Gb  stm32f7xx_hal_gpio.o [1]
HAL_GPIO_EXTI_Callback  0x08015dbd    0x22  Code  Gb  interrupts.o [1]
HAL_GPIO_EXTI_IRQHandler
                        0x080130d1    0x1e  Code  Gb  stm32f7xx_hal_gpio.o [1]
HAL_GPIO_Init           0x08012d39   0x1f6  Code  Gb  stm32f7xx_hal_gpio.o [1]
HAL_GPIO_ReadPin        0x080130a5    0x18  Code  Gb  stm32f7xx_hal_gpio.o [1]
HAL_GPIO_WritePin       0x080130bd    0x14  Code  Gb  stm32f7xx_hal_gpio.o [1]
HAL_GetTick             0x0801583d     0xc  Code  Wk  stm32f7xx_hal.o [1]
HAL_HCD_Connect_Callback
                        0x08021b47     0xe  Code  Gb  usbh_conf.o [1]
HAL_HCD_Disconnect_Callback
                        0x08021b55     0xe  Code  Gb  usbh_conf.o [1]
HAL_HCD_GetCurrentFrame
                        0x08020edf     0xc  Code  Gb  stm32f7xx_hal_hcd.o [1]
HAL_HCD_GetCurrentSpeed
                        0x08020eeb     0xc  Code  Gb  stm32f7xx_hal_hcd.o [1]
HAL_HCD_HC_GetURBState  0x08020ec5     0xe  Code  Gb  stm32f7xx_hal_hcd.o [1]
HAL_HCD_HC_GetXferCount
                        0x08020ed3     0xc  Code  Gb  stm32f7xx_hal_hcd.o [1]
HAL_HCD_HC_Halt         0x08020a35    0x30  Code  Gb  stm32f7xx_hal_hcd.o [1]
HAL_HCD_HC_Init         0x08020961    0xd4  Code  Gb  stm32f7xx_hal_hcd.o [1]
HAL_HCD_HC_NotifyURBChange_Callback
                        0x08021b63     0x2  Code  Gb  usbh_conf.o [1]
HAL_HCD_HC_SubmitRequest
                        0x08020a65   0x2c4  Code  Gb  stm32f7xx_hal_hcd.o [1]
HAL_HCD_IRQHandler      0x08020d29   0x13c  Code  Gb  stm32f7xx_hal_hcd.o [1]
HAL_HCD_Init            0x08020905    0x5c  Code  Gb  stm32f7xx_hal_hcd.o [1]
HAL_HCD_MspInit         0x08021ac9    0x70  Code  Gb  usbh_conf.o [1]
HAL_HCD_ResetPort       0x08020eb9     0xc  Code  Gb  stm32f7xx_hal_hcd.o [1]
HAL_HCD_SOF_Callback    0x08021b39     0xe  Code  Gb  usbh_conf.o [1]
HAL_HCD_Start           0x08020e65    0x2e  Code  Gb  stm32f7xx_hal_hcd.o [1]
HAL_HCD_Stop            0x08020e93    0x26  Code  Gb  stm32f7xx_hal_hcd.o [1]
HAL_I2CEx_ConfigAnalogFilter
                        0x08017cf5    0x64  Code  Gb  stm32f7xx_hal_i2c_ex.o [1]
HAL_I2C_AbortCpltCallback
                        0x0801652b     0x2  Code  Wk  stm32f7xx_hal_i2c.o [1]
HAL_I2C_AddrCallback    0x08016119     0x2  Code  Wk  stm32f7xx_hal_i2c.o [1]
HAL_I2C_ER_IRQHandler   0x0801446f    0x66  Code  Gb  stm32f7xx_hal_i2c.o [1]
HAL_I2C_EV_IRQHandler   0x08014451    0x1e  Code  Gb  stm32f7xx_hal_i2c.o [1]
HAL_I2C_ErrorCallback   0x0801652d     0x2  Code  Wk  stm32f7xx_hal_i2c.o [1]
HAL_I2C_Init            0x08013cad    0xc6  Code  Gb  stm32f7xx_hal_i2c.o [1]
HAL_I2C_ListenCpltCallback
                        0x0801611f     0x2  Code  Wk  stm32f7xx_hal_i2c.o [1]
HAL_I2C_Master_Receive  0x08013f03   0x190  Code  Gb  stm32f7xx_hal_i2c.o [1]
HAL_I2C_Master_Transmit
                        0x08013d73   0x190  Code  Gb  stm32f7xx_hal_i2c.o [1]
HAL_I2C_Mem_Read        0x08014275   0x1dc  Code  Gb  stm32f7xx_hal_i2c.o [1]
HAL_I2C_Mem_Write       0x08014093   0x1da  Code  Gb  stm32f7xx_hal_i2c.o [1]
HAL_I2C_MspInit         0x0801609f    0x66  Code  Gb  i2c.o [1]
HAL_I2C_SlaveRxCpltCallback
                        0x0801611d     0x2  Code  Wk  stm32f7xx_hal_i2c.o [1]
HAL_I2C_SlaveTxCpltCallback
                        0x0801611b     0x2  Code  Wk  stm32f7xx_hal_i2c.o [1]
HAL_IncTick             0x0802a001    0x10  Code  Wk  stm32f7xx_hal.o [1]
HAL_Init                0x080293c5    0x22  Code  Gb  stm32f7xx_hal.o [1]
HAL_InitTick            0x08025955    0x28  Code  Wk  stm32f7xx_hal.o [1]
HAL_LTDC_ConfigLayer    0x08013709    0x52  Code  Gb  stm32f7xx_hal_ltdc.o [1]
HAL_LTDC_ErrorCallback  0x0801604d     0x2  Code  Wk  stm32f7xx_hal_ltdc.o [1]
HAL_LTDC_IRQHandler     0x0801361b    0xee  Code  Gb  stm32f7xx_hal_ltdc.o [1]
HAL_LTDC_Init           0x080134e1   0x13a  Code  Gb  stm32f7xx_hal_ltdc.o [1]
HAL_LTDC_LineEventCallback
                        0x0801604f     0x2  Code  Wk  stm32f7xx_hal_ltdc.o [1]
HAL_LTDC_MspDeInit      0x08015b87    0x56  Code  Gb  ltdc.o [1]
HAL_LTDC_MspInit        0x08015aa9    0xde  Code  Gb  ltdc.o [1]
HAL_LTDC_ReloadEventCallback
                        0x08016051     0x2  Code  Wk  stm32f7xx_hal_ltdc.o [1]
HAL_LTDC_SetAddress     0x0801375b    0x4e  Code  Gb  stm32f7xx_hal_ltdc.o [1]
HAL_MspInit             0x08029719    0x46  Code  Gb  stm32f7xx_hal_msp.o [1]
HAL_NAND_IRQHandler     0x080154d7    0x6e  Code  Gb  stm32f7xx_hal_nand.o [1]
HAL_NAND_ITCallback     0x080169f7     0x2  Code  Wk  stm32f7xx_hal_nand.o [1]
HAL_NAND_Init           0x08015481    0x56  Code  Gb  stm32f7xx_hal_nand.o [1]
HAL_NAND_MspInit        0x080167a7     0xa  Code  Gb  fmc.o [1]
HAL_NAND_Read_ID        0x08015545    0xa0  Code  Gb  stm32f7xx_hal_nand.o [1]
HAL_NVIC_DisableIRQ     0x08017b95     0xe  Code  Gb  stm32f7xx_hal_cortex.o [1]
HAL_NVIC_EnableIRQ      0x08017b87     0xe  Code  Gb  stm32f7xx_hal_cortex.o [1]
HAL_NVIC_SetPriority    0x08017b61    0x26  Code  Gb  stm32f7xx_hal_cortex.o [1]
HAL_NVIC_SetPriorityGrouping
                        0x08017b55     0xc  Code  Gb  stm32f7xx_hal_cortex.o [1]
HAL_PWREx_EnableOverDrive
                        0x08029695    0x76  Code  Gb  stm32f7xx_hal_pwr_ex.o [1]
HAL_RCCEx_PeriphCLKConfig
                        0x0802597d   0x7ce  Code  Gb  stm32f7xx_hal_rcc_ex.o [1]
HAL_RCC_CAN1_CLK_ENABLED
                        0x2000d7cc     0x4  Data  Lc  can.o [1]
HAL_RCC_ClockConfig     0x08025255   0x1b0  Code  Gb  stm32f7xx_hal_rcc.o [1]
HAL_RCC_EnableCSS       0x08025405     0xe  Code  Gb  stm32f7xx_hal_rcc.o [1]
HAL_RCC_GetHCLKFreq     0x080254b7     0x6  Code  Gb  stm32f7xx_hal_rcc.o [1]
HAL_RCC_GetPCLK1Freq    0x080254bd    0x28  Code  Gb  stm32f7xx_hal_rcc.o [1]
HAL_RCC_GetPCLK2Freq    0x080254e5    0x28  Code  Gb  stm32f7xx_hal_rcc.o [1]
HAL_RCC_GetSysClockFreq
                        0x08025413    0xa4  Code  Gb  stm32f7xx_hal_rcc.o [1]
HAL_RCC_OscConfig       0x0802552d   0x428  Code  Wk  stm32f7xx_hal_rcc.o [1]
HAL_SDRAM_IRQHandler    0x0801565d    0x20  Code  Gb  stm32f7xx_hal_sdram.o [1]
HAL_SDRAM_Init          0x08015619    0x44  Code  Gb  stm32f7xx_hal_sdram.o [1]
HAL_SDRAM_MspInit       0x080167b1     0xa  Code  Gb  fmc.o [1]
HAL_SDRAM_ProgramRefreshRate
                        0x080156b9    0x2a  Code  Gb  stm32f7xx_hal_sdram.o [1]
HAL_SDRAM_RefreshErrorCallback
                        0x080177c3     0x2  Code  Wk  stm32f7xx_hal_sdram.o [1]
HAL_SDRAM_SendCommand   0x0801567d    0x3c  Code  Gb  stm32f7xx_hal_sdram.o [1]
HAL_SD_GetStatus        0x0801fc77    0x26  Code  Gb  stm32f7xx_hal_sd.o [1]
HAL_SD_Get_CardInfo     0x0801f84b   0x362  Code  Gb  stm32f7xx_hal_sd.o [1]
HAL_SD_Init             0x0801f315    0xb6  Code  Gb  stm32f7xx_hal_sd.o [1]
HAL_SD_MspInit          0x0802079b    0x82  Code  Gb  sdmmc.o [1]
HAL_SD_ReadBlocks       0x0801f3cb   0x1f6  Code  Gb  stm32f7xx_hal_sd.o [1]
HAL_SD_StopTransfer     0x0801fc3f    0x38  Code  Gb  stm32f7xx_hal_sd.o [1]
HAL_SD_WideBusOperation_Config
                        0x0801fbad    0x92  Code  Gb  stm32f7xx_hal_sd.o [1]
HAL_SD_WriteBlocks      0x0801f5c1   0x28a  Code  Gb  stm32f7xx_hal_sd.o [1]
HAL_SPI_Init            0x08029761    0xba  Code  Gb  stm32f7xx_hal_spi.o [1]
HAL_SPI_MspInit         0x08029499   0x138  Code  Gb  spi.o [1]
HAL_SYSTICK_CLKSourceConfig
                        0x08017baf    0x20  Code  Gb  stm32f7xx_hal_cortex.o [1]
HAL_SYSTICK_Callback    0x08017bfd     0x2  Code  Wk  stm32f7xx_hal_cortex.o [1]
HAL_SYSTICK_Config      0x08017ba3     0xc  Code  Gb  stm32f7xx_hal_cortex.o [1]
HAL_SYSTICK_IRQHandler  0x08017bf5     0x8  Code  Gb  stm32f7xx_hal_cortex.o [1]
HAL_TIMEx_BreakCallback
                        0x08029151     0x2  Code  Wk  stm32f7xx_hal_tim_ex.o [1]
HAL_TIMEx_CommutationCallback
                        0x08029155     0x2  Code  Wk  stm32f7xx_hal_tim_ex.o [1]
HAL_TIMEx_MasterConfigSynchronization
                        0x08029159    0x5e  Code  Gb  stm32f7xx_hal_tim_ex.o [1]
HAL_TIM_Base_Init       0x08028c71    0x32  Code  Gb  stm32f7xx_hal_tim.o [1]
HAL_TIM_Base_MspInit    0x08029039    0xe0  Code  Gb  tim.o [1]
HAL_TIM_IC_CaptureCallback
                        0x08029149     0x2  Code  Wk  stm32f7xx_hal_tim.o [1]
HAL_TIM_IRQHandler      0x08028ca3   0x194  Code  Gb  stm32f7xx_hal_tim.o [1]
HAL_TIM_OC_DelayElapsedCallback
                        0x0802914b     0x2  Code  Wk  stm32f7xx_hal_tim.o [1]
HAL_TIM_PWM_PulseFinishedCallback
                        0x0802914d     0x2  Code  Wk  stm32f7xx_hal_tim.o [1]
HAL_TIM_PeriodElapsedCallback
                        0x0802914f     0x2  Code  Wk  stm32f7xx_hal_tim.o [1]
HAL_TIM_TriggerCallback
                        0x08029153     0x2  Code  Wk  stm32f7xx_hal_tim.o [1]
HAL_UART_ErrorCallback  0x0802524d     0x2  Code  Wk  stm32f7xx_hal_uart.o [1]
HAL_UART_IRQHandler     0x0802484b   0x14e  Code  Gb  stm32f7xx_hal_uart.o [1]
HAL_UART_Init           0x080247cd    0x7e  Code  Gb  stm32f7xx_hal_uart.o [1]
HAL_UART_MspInit        0x0802514d    0xd4  Code  Gb  usart.o [1]
HAL_UART_RxCpltCallback
                        0x08025251     0x2  Code  Wk  stm32f7xx_hal_uart.o [1]
HAL_UART_TxCpltCallback
                        0x0802524f     0x2  Code  Wk  stm32f7xx_hal_uart.o [1]
HCD_HC_IN_IRQHandler    0x08020ef7   0x508  Code  Lc  stm32f7xx_hal_hcd.o [1]
HCD_HC_OUT_IRQHandler   0x080213ff   0x504  Code  Lc  stm32f7xx_hal_hcd.o [1]
HCD_Port_IRQHandler     0x080219fd    0xcc  Code  Lc  stm32f7xx_hal_hcd.o [1]
HCD_RXQLVL_IRQHandler   0x08021903    0xf6  Code  Lc  stm32f7xx_hal_hcd.o [1]
HEAP$$Base              0x20008240           --   Gb  - Linker created -
HEAP$$Limit             0x2000a240           --   Gb  - Linker created -
I2C2_ER_IRQHandler      0x08029f6b     0xa  Code  Gb  stm32f7xx_it.o [1]
I2C2_EV_IRQHandler      0x08029f61     0xa  Code  Gb  stm32f7xx_it.o [1]
I2CDeviceInitialize     0x08012c35    0x44  Code  Gb  tw8819.o [1]
I2C_DMAAbort            0x08014b59    0x3c  Code  Lc  stm32f7xx_hal_i2c.o [1]
I2C_Disable_IRQ         0x08014dcd    0x7e  Code  Lc  stm32f7xx_hal_i2c.o [1]
I2C_Flush_TXDR          0x08014b35    0x24  Code  Lc  stm32f7xx_hal_i2c.o [1]
I2C_ITAddrCplt          0x08014753    0xe2  Code  Lc  stm32f7xx_hal_i2c.o [1]
I2C_ITError             0x08014a35   0x100  Code  Lc  stm32f7xx_hal_i2c.o [1]
I2C_ITListenCplt        0x080149cf    0x66  Code  Lc  stm32f7xx_hal_i2c.o [1]
I2C_ITSlaveCplt         0x08014895   0x13a  Code  Lc  stm32f7xx_hal_i2c.o [1]
I2C_ITSlaveSequentialCplt
                        0x08014835    0x5a  Code  Lc  stm32f7xx_hal_i2c.o [1]
I2C_IsAcknowledgeFailed
                        0x08014d17    0x7e  Code  Lc  stm32f7xx_hal_i2c.o [1]
I2C_RequestMemoryRead   0x080146af    0xa4  Code  Lc  stm32f7xx_hal_i2c.o [1]
I2C_RequestMemoryWrite  0x08014609    0xa6  Code  Lc  stm32f7xx_hal_i2c.o [1]
I2C_Slave_ISR_IT        0x080144d5   0x12e  Code  Lc  stm32f7xx_hal_i2c.o [1]
I2C_TransferConfig      0x08014d95    0x2a  Code  Lc  stm32f7xx_hal_i2c.o [1]
I2C_WaitOnFlagUntilTimeout
                        0x08014b95    0x58  Code  Lc  stm32f7xx_hal_i2c.o [1]
I2C_WaitOnRXNEFlagUntilTimeout
                        0x08014c97    0x80  Code  Lc  stm32f7xx_hal_i2c.o [1]
I2C_WaitOnSTOPFlagUntilTimeout
                        0x08014c45    0x52  Code  Lc  stm32f7xx_hal_i2c.o [1]
I2C_WaitOnTXISFlagUntilTimeout
                        0x08014bed    0x58  Code  Lc  stm32f7xx_hal_i2c.o [1]
IMAGES                  0x2000b270   0xe14  Data  Gb  PTZinterface.o [1]
Images                  0x2000c8b8   0x168  Data  Lc  PTZinterface.o [1]
InitCVBSAll             0x200000e0   0x14c  Data  Gb  tw8819.o [1]
InitOSDWindow           0x08015fed    0x60  Code  Gb  OSDBasic.o [1]
InitPeriph              0x080156e5    0x7a  Code  Gb  initial.o [1]
Init_Osd_DisplayInput   0x0802a31c    0x28  Data  Gb  OSDinitTable.o [1]
Itoa                    0x0800ec09    0xe4  Code  Gb  calculations.o [1]
KBD_Handle              0x0800c8d5   0x11e  Code  Gb  PTZinterface.o [1]
KB_Status               0x2000d7fc     0x4  Data  Gb  keyboard.o [1]
LCD_DisplayChar         0x0800efdf    0x6e  Code  Gb  lcd.o [1]
LCD_DisplayStringAt     0x0800f04d   0x120  Code  Gb  lcd.o [1]
LCD_DrawCircle          0x0800f379   0x13e  Code  Gb  lcd.o [1]
LCD_DrawFullCircle      0x0800f4bd    0xc8  Code  Gb  lcd.o [1]
LCD_DrawLine            0x0800f16d   0x1a0  Code  Gb  lcd.o [1]
LCD_DrawPolygon         0x0800f585    0x6c  Code  Gb  lcd.o [1]
LCD_DrawRect            0x0800f30d    0x6c  Code  Gb  lcd.o [1]
LCD_FillPolygon         0x0800f68d   0x2e0  Code  Gb  lcd.o [1]
LCD_FillPolygon::ResultPoints
                        0x2000d75c     0xc  Data  Lc  lcd.o [1]
LCD_FillRect            0x0801007d    0x38  Code  Gb  lcd.o [1]
LCD_FillTriangle        0x0800fa71   0x194  Code  Gb  lcd.o [1]
LCD_FillTriangleFAST    0x0801040d    0x2c  Code  Gb  lcd.o [1]
LCD_Fill_Image          0x080100b5    0x40  Code  Gb  lcd.o [1]
LCD_Fill_Image::address
                        0x2000d828     0x4  Data  Lc  lcd.o [1]
LCD_Fill_ImageTRANSP    0x0801016d    0xb8  Code  Gb  lcd.o [1]
LCD_Fill_ImageTRANSP::address
                        0x2000d82c     0x4  Data  Lc  lcd.o [1]
LCD_GetXSize            0x0800ee7d    0x14  Code  Gb  lcd.o [1]
LCD_GetYSize            0x0800ee91    0x14  Code  Gb  lcd.o [1]
LCD_Init                0x0800febd    0x3e  Code  Gb  lcd.o [1]
LCD_InitParams          0x0800fe73    0x3a  Code  Gb  lcd.o [1]
LCD_LayerDefaultInit    0x0800eecd    0xa0  Code  Gb  lcd.o [1]
LCD_SelectLayer         0x0800ef6d     0x8  Code  Gb  lcd.o [1]
LCD_SetColorPixel       0x0800fead    0x10  Code  Gb  lcd.o [1]
LCD_SetLayerVisible     0x0800ef75    0x6a  Code  Gb  lcd.o [1]
LCD_SetLight            0x0800fefd    0x7a  Code  Gb  lcd.o [1]
LCD_SetXSize            0x0800eea5    0x14  Code  Gb  lcd.o [1]
LCD_SetYSize            0x0800eeb9    0x14  Code  Gb  lcd.o [1]
LCD_Video_GPIO_Deinit   0x08012ba1     0xc  Code  Gb  tw8819.o [1]
LCD_Video_GPIO_Init     0x08012bad     0xc  Code  Gb  tw8819.o [1]
LED_control             0x08017c01    0x2c  Code  Gb  leds.o [1]
LL_ConvertImageToARGB8888
                        0x0800fddf    0x94  Code  Gb  lcd.o [1]
LL_ConvertLineToRGB888  0x0800fd69    0x76  Code  Gb  lcd.o [1]
LTDC_ER_IRQHandler      0x08029fbf     0xa  Code  Gb  stm32f7xx_it.o [1]
LTDC_IRQHandler         0x08029fb5     0xa  Code  Gb  stm32f7xx_it.o [1]
LTDC_SetConfig          0x080137ad   0x276  Code  Lc  stm32f7xx_hal_ltdc.o [1]
LayerIndex              0x2000d808     0x4  Data  Lc  lcd.o [1]
LayerOfView             0x2000d873     0x1  Data  Gb  video.o [1]
LittleHidroExitsShow    0x0800d2c9   0x108  Code  Gb  PTZinterface.o [1]
LoadBitmapFromSD        0x0800de07   0x15e  Code  Gb  video.o [1]
LoadInt                 0x08016f99    0x6e  Code  Lc  xprintffull.o [3]
Load_GUI_0              0x0800bd0d   0x974  Code  Gb  PTZinterface.o [1]
MX_ADC1_Init            0x08028851    0x66  Code  Gb  adc.o [1]
MX_CAN1_Init            0x08028305    0x56  Code  Gb  can.o [1]
MX_CAN2_Init            0x0802835b    0x56  Code  Gb  can.o [1]
MX_DAC_Init             0x08016531    0x5e  Code  Gb  dac.o [1]
MX_DMA2D_Init           0x080157d5    0x24  Code  Gb  dma2d.o [1]
MX_DMA_Init             0x080293ed    0x40  Code  Gb  dma.o [1]
MX_FATFS_Init           0x08015945    0x1c  Code  Gb  fatfs.o [1]
MX_FMC_Init             0x080165dd    0xf8  Code  Gb  fmc.o [1]
MX_GPIO_Init            0x08028905   0x36c  Code  Gb  gpio.o [1]
MX_I2C2_Init            0x08016055    0x4a  Code  Gb  i2c.o [1]
MX_LTDC_Init            0x0801597d   0x12c  Code  Gb  ltdc.o [1]
MX_SDMMC1_SD_Init       0x08020745    0x56  Code  Gb  sdmmc.o [1]
MX_SPI2_Init            0x0802942d    0x6c  Code  Gb  spi.o [1]
MX_TIM11_Init           0x08028fb3    0x2c  Code  Gb  tim.o [1]
MX_TIM13_Init           0x08028fdf    0x2e  Code  Gb  tim.o [1]
MX_TIM14_Init           0x0802900d    0x2c  Code  Gb  tim.o [1]
MX_TIM6_Init            0x08028f49    0x34  Code  Gb  tim.o [1]
MX_TIM7_Init            0x08028f7d    0x36  Code  Gb  tim.o [1]
MX_Touch_Read           0x08014fbd     0x8  Code  Gb  stmpe811.o [1]
MX_USART2_UART_Init     0x08025075    0x48  Code  Gb  usart.o [1]
MX_USART3_UART_Init     0x080250bd    0x48  Code  Gb  usart.o [1]
MX_USART6_UART_Init     0x08025105    0x48  Code  Gb  usart.o [1]
MX_USB_HOST_Init        0x0802962d    0x1e  Code  Gb  usb_host.o [1]
MX_USB_HOST_Process     0x0802964b     0xa  Code  Gb  usb_host.o [1]
M_first                 0x2000d85d     0x1  Data  Gb  core.o [1]
M_last                  0x2000d85c     0x1  Data  Gb  core.o [1]
M_pull                  0x08015ced    0x78  Code  Gb  core.o [1]
MemManage_Handler       0x08029f1d     0x2  Code  Gb  stm32f7xx_it.o [1]
NAND_readId             0x0801063d    0x38  Code  Gb  memory.o [1]
NVIC_ClearPendingIRQ    0x08015da9    0x14  Code  Lc  interrupts.o [1]
NVIC_DisableIRQ         0x08017aad    0x14  Code  Lc  stm32f7xx_hal_cortex.o [1]
NVIC_EnableIRQ          0x08017a99    0x14  Code  Lc  stm32f7xx_hal_cortex.o [1]
NVIC_EnableIRQ          0x080179f9    0x14  Code  Lc  timer11.o [1]
NVIC_EnableIRQ          0x080177c5    0x14  Code  Lc  timer13.o [1]
NVIC_EnableIRQ          0x08010439    0x14  Code  Lc  timer14.o [1]
NVIC_EncodePriority     0x08017ae7    0x3e  Code  Lc  stm32f7xx_hal_cortex.o [1]
NVIC_GetPriorityGrouping
                        0x08017a8f     0xa  Code  Lc  stm32f7xx_hal_cortex.o [1]
NVIC_SetPriority        0x08017ac1    0x26  Code  Lc  stm32f7xx_hal_cortex.o [1]
NVIC_SetPriorityGrouping
                        0x08017a71    0x1e  Code  Lc  stm32f7xx_hal_cortex.o [1]
OSDDisplayInput         0x08013431    0x88  Code  Gb  DispInfo.o [1]
OSDSetDEDelay           0x08012ce1    0x56  Code  Gb  tw8819.o [1]
OTG_FS_IRQHandler       0x08029fa1     0xa  Code  Gb  stm32f7xx_it.o [1]
PCF8563_read_datetime   0x0800ed09    0x9c  Code  Gb  rtc.o [1]
PLC_DMA2D_Status        0x20000230     0x4  Data  Gb  video.o [1]
PTZ                     0x2000d360    0x4c  Data  Gb  PTZinterface.o [1]
P_Touch_Config          0x080151c9   0x144  Code  Gb  stmpe811.o [1]
P_Touch_Config::regArray
                        0x200000d0     0xc  Data  Lc  stmpe811.o [1]
P_Touch_FnctCmd         0x0801512f    0x74  Code  Gb  stmpe811.o [1]
P_Touch_FreeIRQ         0x080151a3    0x26  Code  Gb  stmpe811.o [1]
P_Touch_ReadID          0x0801530d    0x68  Code  Gb  stmpe811.o [1]
P_Touch_Read_16b        0x080153d5    0x66  Code  Gb  stmpe811.o [1]
P_Touch_Read_X          0x08015375    0x2c  Code  Lc  stmpe811.o [1]
P_Touch_Read_Y          0x080153a1    0x34  Code  Lc  stmpe811.o [1]
P_Touch_Reset           0x080150dd    0x52  Code  Gb  stmpe811.o [1]
PenetrationRising       0x0800d401   0x6e4  Code  Gb  PTZinterface.o [1]
PetrolPerHour           0x20000074     0xc  Data  Lc  PTZinterface.o [1]
PetrolPerSquare         0x20000080     0xc  Data  Lc  PTZinterface.o [1]
Poly1_points            0x0802a4e4    0x10  Data  Gb  PTZinterface.o [1]
Poly2_points            0x0802a4f4    0x10  Data  Gb  PTZinterface.o [1]
Poly3_points            0x0802a504    0x10  Data  Gb  PTZinterface.o [1]
Poly4_points            0x0802a514    0x10  Data  Gb  PTZinterface.o [1]
Polygons                0x2000d6c4    0x18  Data  Lc  PTZinterface.o [1]
PreLoadImages           0x0800c883    0x3c  Code  Gb  PTZinterface.o [1]
ProjectionLayerAddress  0x0802a5c0     0x8  Data  Gb  video.o [1]
RESmutex_1              0x2000d85b     0x1  Data  Gb  core.o [1]
RIAD_16pt               0x2000d768     0xc  Data  Gb  RIAD_16pt.o [1]
RIAD_16ptBitmaps        0x080188b8  0x1f5c  Data  Gb  RIAD_16pt.o [1]
RIAD_16ptDescriptors    0x08026878   0x700  Data  Gb  RIAD_16pt.o [1]
RIAD_20pt               0x2000d774     0xc  Data  Gb  RIAD_20pt.o [1]
RIAD_20ptBitmaps        0x08006158  0x3624  Data  Gb  RIAD_20pt.o [1]
RIAD_20ptDescriptors    0x08026f78   0x700  Data  Gb  RIAD_20pt.o [1]
RIAD_30pt               0x2000d780     0xc  Data  Gb  RIAD_30pt.o [1]
RIAD_30ptBitmaps        0x080001c8  0x5f90  Data  Gb  RIAD_30pt.o [1]
RIAD_30ptDescriptors    0x08027678   0x700  Data  Gb  RIAD_30pt.o [1]
RPM_Arrow               0x0800d229    0x1e  Code  Gb  PTZinterface.o [1]
ReadLineKbd             0x080185af    0xb6  Code  Gb  keyboard.o [1]
ReadTW88                0x08012b77    0x2a  Code  Gb  tw8819.o [1]
Region$$Table$$Base     0x0802a3b4           --   Gb  - Linker created -
Region$$Table$$Limit    0x0802a3e0           --   Gb  - Linker created -
ReleaseFunction         0x0800cd59    0x24  Code  Gb  PTZinterface.o [1]
RestorePoly             0x0800eb9f    0x3c  Code  Gb  calculations.o [1]
RotatePoint             0x0800e9c5   0x150  Code  Gb  calculations.o [1]
RotatePoint::X          0x2000d7bc     0x4  Data  Lc  calculations.o [1]
RotatePoint::Xo         0x2000d7b4     0x4  Data  Lc  calculations.o [1]
RotatePoint::Y          0x2000d7c0     0x4  Data  Lc  calculations.o [1]
RotatePoint::Yo         0x2000d7b8     0x4  Data  Lc  calculations.o [1]
RotatePoint::cosV       0x2000d7ac     0x4  Data  Lc  calculations.o [1]
RotatePoint::oldX       0x2000d7c4     0x4  Data  Lc  calculations.o [1]
RotatePoint::oldY       0x2000d7c8     0x4  Data  Lc  calculations.o [1]
RotatePoint::sinV       0x2000d7b0     0x4  Data  Lc  calculations.o [1]
RotatePoly              0x0800eb15    0x4a  Code  Gb  calculations.o [1]
RotatedF                0x2000d868     0x1  Data  Gb  lcd.o [1]
Run_GUI                 0x0800c681   0x202  Code  Gb  PTZinterface.o [1]
SCB_EnableDCache        0x080291e5    0x5a  Code  Lc  main.o [1]
SCB_EnableICache        0x080291c1    0x24  Code  Lc  main.o [1]
SDCardInfo1             0x2000d308    0x58  Data  Gb  sdmmc.o [1]
SDMMC_DataConfig        0x080208d5    0x2e  Code  Gb  stm32f7xx_ll_sdmmc.o [1]
SDMMC_GetCommandResponse
                        0x080208b7     0x6  Code  Gb  stm32f7xx_ll_sdmmc.o [1]
SDMMC_GetPowerState     0x08020885     0x8  Code  Gb  stm32f7xx_ll_sdmmc.o [1]
SDMMC_GetResponse       0x080208bd    0x18  Code  Gb  stm32f7xx_ll_sdmmc.o [1]
SDMMC_Init              0x08020835    0x2e  Code  Gb  stm32f7xx_ll_sdmmc.o [1]
SDMMC_PowerState_ON     0x0802087b     0xa  Code  Gb  stm32f7xx_ll_sdmmc.o [1]
SDMMC_ReadFIFO          0x08020869     0x6  Code  Gb  stm32f7xx_ll_sdmmc.o [1]
SDMMC_SendCommand       0x0802088d    0x2a  Code  Gb  stm32f7xx_ll_sdmmc.o [1]
[...]
USBH_HandleEnum         0x08022ac3   0x198  Code  Lc  usbh_core.o [1]
USBH_HandleSof          0x08022c77    0x1e  Code  Lc  usbh_core.o [1]
USBH_Init               0x08022769    0x3a  Code  Gb  usbh_core.o [1]
USBH_LL_ClosePipe       0x08021c89    0x16  Code  Gb  usbh_conf.o [1]
USBH_LL_Connect         0x08022c95    0x32  Code  Gb  usbh_core.o [1]
USBH_LL_Disconnect      0x08022cc7    0x40  Code  Gb  usbh_core.o [1]
USBH_LL_DriverVBUS      0x08021cfd    0x16  Code  Gb  usbh_conf.o [1]
USBH_LL_GetLastXferSize
                        0x08021c33    0x14  Code  Gb  usbh_conf.o [1]
USBH_LL_GetSpeed        0x08021bed    0x36  Code  Gb  usbh_conf.o [1]
USBH_LL_GetToggle       0x08021d53    0x46  Code  Gb  usbh_conf.o [1]
USBH_LL_GetURBState     0x08021ce9    0x14  Code  Gb  usbh_conf.o [1]
USBH_LL_IncTimer        0x08022c61    0x16  Code  Gb  usbh_core.o [1]
USBH_LL_Init            0x08021b65    0x56  Code  Gb  usbh_conf.o [1]
USBH_LL_OpenPipe        0x08021c47    0x42  Code  Gb  usbh_conf.o [1]
USBH_LL_ResetPort       0x08021c23    0x10  Code  Gb  usbh_conf.o [1]
USBH_LL_SetTimer        0x08022c5b     0x6  Code  Gb  usbh_core.o [1]
USBH_LL_SetToggle       0x08021d13    0x40  Code  Gb  usbh_conf.o [1]
USBH_LL_Start           0x08021bcd    0x10  Code  Gb  usbh_conf.o [1]
USBH_LL_Stop            0x08021bdd    0x10  Code  Gb  usbh_conf.o [1]
USBH_LL_SubmitURB       0x08021c9f    0x4a  Code  Gb  usbh_conf.o [1]
USBH_MSC_BOT_Abort      0x08024231    0x44  Code  Lc  usbh_msc_bot.o [1]
USBH_MSC_BOT_Init       0x08023ee7    0x24  Code  Gb  usbh_msc_bot.o [1]
USBH_MSC_BOT_Process    0x08023f0b   0x326  Code  Gb  usbh_msc_bot.o [1]
USBH_MSC_BOT_REQ_GetMaxLUN
                        0x08023ec1    0x26  Code  Gb  usbh_msc_bot.o [1]
USBH_MSC_BOT_REQ_Reset  0x08023e9d    0x24  Code  Gb  usbh_msc_bot.o [1]
USBH_MSC_ClassRequest   0x08023719    0x8a  Code  Lc  usbh_msc.o [1]
USBH_MSC_DecodeCSW      0x08024275    0x62  Code  Lc  usbh_msc_bot.o [1]
USBH_MSC_GetLUNInfo     0x08023cfb    0x3c  Code  Gb  usbh_msc.o [1]
USBH_MSC_InterfaceDeInit
                        0x080236b9    0x5e  Code  Lc  usbh_msc.o [1]
USBH_MSC_InterfaceInit  0x08023525   0x194  Code  Lc  usbh_msc.o [1]
USBH_MSC_Process        0x080237a5   0x392  Code  Lc  usbh_msc.o [1]
USBH_MSC_RdWrProcess    0x08023b3f   0x18e  Code  Lc  usbh_msc.o [1]
USBH_MSC_Read           0x08023d37    0xb2  Code  Gb  usbh_msc.o [1]
USBH_MSC_SCSI_Inquiry   0x0802447b   0x12c  Code  Gb  usbh_msc_scsi.o [1]
USBH_MSC_SCSI_Read      0x08024719    0xb2  Code  Gb  usbh_msc_scsi.o [1]
USBH_MSC_SCSI_ReadCapacity
                        0x080243bd    0xbe  Code  Gb  usbh_msc_scsi.o [1]
USBH_MSC_SCSI_RequestSense
                        0x080245a7    0xc0  Code  Gb  usbh_msc_scsi.o [1]
USBH_MSC_SCSI_TestUnitReady
                        0x0802434b    0x72  Code  Gb  usbh_msc_scsi.o [1]
USBH_MSC_SCSI_Write     0x08024667    0xb2  Code  Gb  usbh_msc_scsi.o [1]
USBH_MSC_SOFProcess     0x08023b39     0x6  Code  Lc  usbh_msc.o [1]
USBH_MSC_UnitIsReady    0x08023ccd    0x2e  Code  Gb  usbh_msc.o [1]
USBH_MSC_Write          0x08023de9    0xb2  Code  Gb  usbh_msc.o [1]
USBH_OpenPipe           0x08022d07    0x40  Code  Gb  usbh_pipes.o [1]
USBH_ParseCfgDesc       0x08022fd5    0xec  Code  Lc  usbh_ctlreq.o [1]
USBH_ParseDevDesc       0x08022f79    0x5c  Code  Lc  usbh_ctlreq.o [1]
USBH_ParseEPDesc        0x080230e7    0x20  Code  Lc  usbh_ctlreq.o [1]
USBH_ParseInterfaceDesc
                        0x080230c1    0x26  Code  Lc  usbh_ctlreq.o [1]
USBH_ParseStringDesc    0x08023107    0x40  Code  Lc  usbh_ctlreq.o [1]
USBH_Path               0x2000d7dc     0x4  Data  Gb  fatfs.o [1]
USBH_Process            0x080228db   0x1e8  Code  Gb  usbh_core.o [1]
USBH_RegisterClass      0x080227ff    0x3a  Code  Gb  usbh_core.o [1]
USBH_SelectInterface    0x08022839    0x22  Code  Gb  usbh_core.o [1]
USBH_SetAddress         0x08022ef7    0x2c  Code  Gb  usbh_ctlreq.o [1]
USBH_SetCfg             0x08022f23    0x2a  Code  Gb  usbh_ctlreq.o [1]
USBH_Start              0x080228c5    0x16  Code  Gb  usbh_core.o [1]
USBH_UserProcess        0x08029655    0x32  Code  Lc  usb_host.o [1]
USBH_initialize         0x08029a49     0x6  Code  Gb  usbh_diskio.o [1]
USBH_ioctl              0x08029b71    0x94  Code  Gb  usbh_diskio.o [1]
USBH_msc                0x2000d674    0x20  Data  Gb  usbh_msc.o [1]
USBH_read               0x08029a75    0x76  Code  Gb  usbh_diskio.o [1]
USBH_status             0x08029a51    0x24  Code  Gb  usbh_diskio.o [1]
USBH_write              0x08029aed    0x82  Code  Gb  usbh_diskio.o [1]
USB_CoreInit            0x08021da5    0x6e  Code  Gb  stm32f7xx_ll_usb.o [1]
USB_CoreReset           0x08021f35    0x38  Code  Lc  stm32f7xx_ll_usb.o [1]
USB_DisableGlobalInt    0x08021e21     0xe  Code  Gb  stm32f7xx_ll_usb.o [1]
USB_DoPing              0x08022671    0x44  Code  Gb  stm32f7xx_ll_usb.o [1]
USB_DriveVbus           0x080220d9    0x4a  Code  Gb  stm32f7xx_ll_usb.o [1]
USB_EnableGlobalInt     0x08021e13     0xe  Code  Gb  stm32f7xx_ll_usb.o [1]
USB_FlushRxFifo         0x08021e89    0x20  Code  Gb  stm32f7xx_ll_usb.o [1]
USB_FlushTxFifo         0x08021e65    0x24  Code  Gb  stm32f7xx_ll_usb.o [1]
USB_GetCurrentFrame     0x08022139     0xa  Code  Gb  stm32f7xx_ll_usb.o [1]
USB_GetHostSpeed        0x08022123    0x16  Code  Gb  stm32f7xx_ll_usb.o [1]
USB_GetMode             0x08021f2d     0x8  Code  Gb  stm32f7xx_ll_usb.o [1]
USB_HC_Halt             0x080224eb   0x186  Code  Gb  stm32f7xx_ll_usb.o [1]
USB_HC_Init             0x08022143   0x1b0  Code  Gb  stm32f7xx_ll_usb.o [1]
USB_HC_ReadInterrupt    0x080224e1     0xa  Code  Gb  stm32f7xx_ll_usb.o [1]
USB_HC_StartXfer        0x080222f3   0x1d4  Code  Gb  stm32f7xx_ll_usb.o [1]
USB_HostInit            0x08021f6d    0xe0  Code  Gb  stm32f7xx_ll_usb.o [1]
USB_InitFSLSPClkSel     0x08022055    0x4c  Code  Gb  stm32f7xx_ll_usb.o [1]
USB_ReadInterrupts      0x08021f1f     0xe  Code  Gb  stm32f7xx_ll_usb.o [1]
USB_ReadPacket          0x08021ef3    0x2c  Code  Gb  stm32f7xx_ll_usb.o [1]
USB_ResetPort           0x080220a1    0x38  Code  Gb  stm32f7xx_ll_usb.o [1]
USB_SetCurrentMode      0x08021e2f    0x36  Code  Gb  stm32f7xx_ll_usb.o [1]
USB_StopHost            0x080226b5    0xb4  Code  Gb  stm32f7xx_ll_usb.o [1]
USB_WritePacket         0x08021ead    0x46  Code  Gb  stm32f7xx_ll_usb.o [1]
UpdateScreen            0x2000d869     0x1  Data  Gb  PTZinterface.o [1]
UserControlsShow        0x0800dae5    0x20  Code  Gb  PTZinterface.o [1]
VideoCAMOnOff           0x0800df6d    0x90  Code  Gb  video.o [1]
ViewScreen              0x0800cb2d   0x228  Code  Gb  PTZinterface.o [1]
ViewScreen::OldScreen   0x2000d86a     0x1  Data  Lc  PTZinterface.o [1]
WaitVBlank              0x08012c8d    0x54  Code  Gb  tw8819.o [1]
WaitWhileCORE           0x08017cc9    0x2c  Code  Gb  core.o [1]
WaitWhileCORE::Counter  0x20000000     0x4  Data  Gb  core.o [1]
WaitWhileDMA2D          0x08010c8d    0x2c  Code  Gb  video.o [1]
WaitWhileDMA2D::Counter
                        0x2000022c     0x4  Data  Gb  video.o [1]
WaitWhileSysTick        0x08017c2d    0x2c  Code  Gb  initial.o [1]
WaitWhileSysTick::Counter
                        0x20000004     0x4  Data  Gb  initial.o [1]
WriteStringToAddr       0x08015e09    0x90  Code  Gb  OSDBasic.o [1]
WriteTW88               0x08012b4f    0x28  Code  Gb  tw8819.o [1]
WriteTW88::buffer       0x2000d858     0x2  Data  Lc  tw8819.o [1]
WriteTW88Page           0x08012b2d    0x22  Code  Gb  tw8819.o [1]
WriteTW88Page::buffer   0x20000236     0x2  Data  Lc  tw8819.o [1]
ZonesTS_0               0x08029e34    0xe8  Data  Gb  PTZinterface.o [1]
_GenldFull              0x08017511   0x26a  Code  Lc  xprintffull.o [3]
_HW_Fill_Display_From_Mem
                        0x0800dc95    0xb8  Code  Gb  video.o [1]
_HW_Fill_RGB888_To_ARGB8888
                        0x0800dd4d    0xba  Code  Gb  video.o [1]
_HW_LCD_H_Line          0x0800fcb9    0xb0  Code  Gb  lcd.o [1]
_HW_LCD_V_Line          0x0800fc05    0xb4  Code  Gb  lcd.o [1]
_LdtobFull              0x08017111   0x3fa  Code  Lc  xprintffull.o [3]
_LitobFull              0x08017007   0x10a  Code  Lc  xprintffull.o [3]
_PrintfFull             0x080169f9   0x59a  Code  Gb  xprintffull.o [3]
_PutcharsFull           0x0801777b    0x2e  Code  Lc  xprintffull.o [3]
_SProut                 0x080105e3     0xa  Code  Gb  xsprout.o [3]
__aeabi_cdcmple         0x08017f35          Code  Gb  DblCmpLe.o [4]
__aeabi_cdrcmple        0x08017f65          Code  Gb  DblCmpGe.o [4]
__aeabi_d2f             0x08013c1d          Code  Gb  DblToFlt.o [4]
__aeabi_d2iz            0x080180a9          Code  Gb  DblToI32.o [4]
__aeabi_d2uiz           0x080180d5          Code  Gb  DblToI32.o [4]
__aeabi_ddiv            0x080182b1          Code  Gb  DblDiv.o [4]
__aeabi_dmul            0x08013a79          Code  Gb  DblMul.o [4]
__aeabi_dsub            0x08018131          Code  Gb  DblSub.o [4]
__aeabi_f2d             0x08013a29          Code  Gb  FltToDbl.o [4]
__aeabi_i2d             0x08018101          Code  Gb  I32ToDbl.o [4]
__aeabi_ldiv0           0x080187e1          Code  Gb  I64DivZer.o [5]
__aeabi_memset          0x080242e5          Code  Gb  ABImemset.o [5]
__aeabi_ui2d            0x08018115          Code  Gb  I32ToDbl.o [4]
__aeabi_uldivmod        0x08017e01          Code  Gb  I64DivMod.o [5]
__call_ctors            0x0802a421    0x18  Code  Gb  cppinit.o [3]
__cmain                 0x0802a475          Code  Gb  cmain.o [5]
__data_GetMemChunk      0x0801f2d5    0x2c  Code  Gb  xgetmemchunk.o [3]
__data_GetMemChunk::start
                        0x2000d850     0x4  Data  Lc  xgetmemchunk.o [3]
__exit                  0x0801f301    0x14  Code  Gb  exit.o [6]
__iar_Dnorm             0x08017eef    0x44  Code  Gb  xdnorm.o [4]
__iar_Dscale            0x08017f95   0x114  Code  Gb  xdscale.o [4]
__iar_Memchr            0x08017da9          Code  Gb  memchr.o [5]
__iar_Memset            0x080242e5          Code  Gb  ABImemset.o [5]
__iar_Memset_word       0x080242ed          Code  Gb  ABImemset.o [5]
__iar_Strchr            0x08017d59          Code  Gb  strchr.o [5]
__iar_cstart_call_ctors
                        0x0802a401    0x20  Code  Gb  cmain_call_ctors.o [5]
__iar_d2uiz             0x080180e1          Code  Gb  DblToI32.o [4]
__iar_dadd              0x080187e5          Code  Gb  DblAdd.o [4]
__iar_data_init3        0x0802a345    0x28  Code  Gb  data_init.o [5]
__iar_dlfree            0x0801edab   0x51a  Code  Gb  dlmalloc.o [3]
__iar_dlmalloc          0x0801eaf5   0x2aa  Code  Gb  dlmalloc.o [3]
__iar_dsub              0x08018145          Code  Gb  DblSub.o [4]
__iar_dsubStart         0x08018157          Code  Gb  DblSub.o [4]
__iar_init_vfp          0x0802a391          Code  Gb  fpinit_M.o [4]
__iar_lz77_init_single3
                        0x0802a091    0x78  Code  Gb  lz77_init_single.o [5]
__iar_program_start     0x0802a58d          Code  Gb  cstartup_M.o [5]
__iar_ui2d              0x08018119          Code  Gb  I32ToDbl.o [4]
__iar_unaligned___aeabi_memcpy
                        0x0801056d          Code  Gb  ABImemcpy_unaligned.o [5]
__iar_unaligned___aeabi_memcpy4
                        0x0801058d          Code  Gb  ABImemcpy_unaligned.o [5]
__iar_unaligned___aeabi_memcpy8
                        0x0801058d          Code  Gb  ABImemcpy_unaligned.o [5]
__iar_zero_init3        0x0802a1c5    0x40  Code  Gb  zero_init3.o [5]
__low_level_init        0x0802a48f     0x4  Code  Gb  low_level_init.o [3]
__sti__routine          0x08015bfd    0x2a  Code  Lc  core.o [1]
__sti__routine          0x0802a205    0x3c  Code  Lc  GOST_B_23_var.o [1]
__sti__routine          0x0802a241    0x3c  Code  Lc  RIAD_16pt.o [1]
__sti__routine          0x0802a27d    0x3c  Code  Lc  RIAD_20pt.o [1]
__sti__routine          0x0802a2b9    0x3c  Code  Lc  RIAD_30pt.o [1]
__sti__routine          0x08029c0d    0x2a  Code  Lc  sd_diskio.o [1]
__sti__routine          0x08029a1d    0x2a  Code  Lc  usbh_diskio.o [1]
__sti__routine          0x080234d5    0x4c  Code  Lc  usbh_msc.o [1]
__vector_table          0x08000000          Data  Gb  startup_stm32f746xx.o [1]
_call_main              0x0802a481          Code  Gb  cmain.o [5]
_exit                   0x0802a499          Code  Gb  cexit.o [5]
_gm_                    0x2000c6e0   0x1d8  Data  Lc  dlmalloc.o [3]
_main                   0x0802a48b          Code  Gb  cmain.o [5]
abort                   0x0801f2cd     0x6  Code  Gb  abort.o [3]
actions                 0x0800cdd5   0x260  Code  Lc  PTZinterface.o [1]
actions::Flags          0x2000d830     0x4  Data  Lc  PTZinterface.o [1]
bcd2bin                 0x0800eced    0x1c  Code  Gb  rtc.o [1]
check_fs                0x08011c15    0x86  Code  Lc  ff.o [1]
chk_chr                 0x08010d0f    0x14  Code  Lc  ff.o [1]
chk_lock                0x08010d23    0x90  Code  Lc  ff.o [1]
clear_lock              0x08010f15    0x2c  Code  Lc  ff.o [1]
clmt_clust              0x080115e7    0x46  Code  Lc  ff.o [1]
clust2sect              0x08011117    0x26  Code  Gb  ff.o [1]
create_chain            0x080114d5   0x112  Code  Lc  ff.o [1]
create_name             0x080119fd   0x138  Code  Lc  ff.o [1]
dataIMG                 0x2000d804     0x4  Data  Lc  lcd.o [1]
dec_lock                0x08010ebb    0x5a  Code  Lc  ff.o [1]
dir_alloc               0x080118a1    0x66  Code  Lc  ff.o [1]
dir_find                0x0801194b    0x68  Code  Lc  ff.o [1]
dir_next                0x08011723   0x17e  Code  Lc  ff.o [1]
dir_register            0x080119b3    0x48  Code  Lc  ff.o [1]
dir_sdi                 0x0801162d    0xf6  Code  Lc  ff.o [1]
disk                    0x2000d708    0x14  Data  Gb  ff_gen_drv.o [1]
disk_initialize         0x0801586f    0x36  Code  Gb  diskio.o [1]
disk_ioctl              0x08015915    0x2c  Code  Gb  diskio.o [1]
disk_read               0x080158a5    0x38  Code  Gb  diskio.o [1]
disk_status             0x0801584d    0x22  Code  Gb  diskio.o [1]
disk_write              0x080158dd    0x38  Code  Gb  diskio.o [1]
div                     0x08018507     0xe  Code  Gb  div.o [3]
dt                      0x2000d78c     0x8  Data  Gb  PTZinterface.o [1]
emptyD                  0x08015c35     0x2  Code  Gb  core.o [1]
emptyF                  0x08015c31     0x2  Code  Gb  core.o [1]
emptyM                  0x08015c2d     0x2  Code  Gb  core.o [1]
emptyS                  0x08015c29     0x2  Code  Gb  core.o [1]
enq_lock                0x08010db3    0x26  Code  Lc  ff.o [1]
exit                    0x0802a493     0x4  Code  Gb  exit.o [3]
f_close                 0x080127b3    0x38  Code  Gb  ff.o [1]
f_lseek                 0x080127eb   0x340  Code  Gb  ff.o [1]
f_mount                 0x08012245    0x6e  Code  Gb  ff.o [1]
f_open                  0x080122c9   0x1e4  Code  Gb  ff.o [1]
f_read                  0x080124ad   0x272  Code  Gb  ff.o [1]
f_sync                  0x0801271f    0x94  Code  Gb  ff.o [1]
find_volume             0x08011c9b   0x568  Code  Lc  ff.o [1]
follow_path             0x08011b35    0x90  Code  Lc  ff.o [1]
gOSTtypeB_16ptBitmaps   0x0801a814  0x1d4c  Data  Gb  GOST_B_23_var.o [1]
gOSTtypeB_16ptDescriptors
                        0x08026178   0x700  Data  Gb  GOST_B_23_var.o [1]
get_fat                 0x0801113d   0x156  Code  Gb  ff.o [1]
get_fattime             0x08015979     0x4  Code  Gb  fatfs.o [1]
get_ldnumber            0x08011bc5    0x50  Code  Lc  ff.o [1]
hUsbHostFS              0x2000c084   0x3c8  Data  Gb  usb_host.o [1]
hadc1                   0x2000d3ac    0x48  Data  Gb  adc.o [1]
hcan1                   0x2000d3f4    0x40  Data  Gb  can.o [1]
hcan2                   0x2000d434    0x40  Data  Gb  can.o [1]
hdac                    0x2000d6f4    0x14  Data  Gb  dac.o [1]
hdma2d                  0x2000d474    0x40  Data  Gb  dma2d.o [1]
hdma_spi2_rx            0x2000d1fc    0x60  Data  Gb  spi.o [1]
hdma_spi2_tx            0x2000d25c    0x60  Data  Gb  spi.o [1]
hhcd_USB_OTG_FS         0x2000c44c   0x294  Data  Gb  usbh_conf.o [1]
hi2c2                   0x2000d2bc    0x4c  Data  Gb  i2c.o [1]
hltdc                   0x2000ce60    0xa8  Data  Gb  ltdc.o [1]
hnand1                  0x2000d5e0    0x38  Data  Gb  fmc.o [1]
hsd1                    0x2000d19c    0x60  Data  Gb  sdmmc.o [1]
hsdram1                 0x2000d618    0x34  Data  Gb  fmc.o [1]
hspi2                   0x2000d0d8    0x64  Data  Gb  spi.o [1]
htim11                  0x2000d52c    0x3c  Data  Gb  tim.o [1]
htim13                  0x2000d568    0x3c  Data  Gb  tim.o [1]
htim14                  0x2000d5a4    0x3c  Data  Gb  tim.o [1]
htim6                   0x2000d4b4    0x3c  Data  Gb  tim.o [1]
htim7                   0x2000d4f0    0x3c  Data  Gb  tim.o [1]
huart2                  0x2000cf88    0x70  Data  Gb  usart.o [1]
huart3                  0x2000cff8    0x70  Data  Gb  usart.o [1]
huart6                  0x2000d068    0x70  Data  Gb  usart.o [1]
inc_lock                0x08010dd9    0xe2  Code  Lc  ff.o [1]
init_mparams            0x0801ddf5    0x32  Code  Lc  dlmalloc.o [3]
init_top                0x0801de27    0x34  Code  Lc  dlmalloc.o [3]
ld_clust                0x08011907    0x2c  Code  Lc  ff.o [1]
main                    0x0802923f    0x7c  Code  Gb  main.o [1]
mem_cmp                 0x08010ceb    0x24  Code  Lc  ff.o [1]
mem_cpy                 0x08010cb9    0x1c  Code  Lc  ff.o [1]
mem_set                 0x08010cd5    0x16  Code  Lc  ff.o [1]
memchr                  0x08017da9          Code  Gb  memchr.o [5]
move_window             0x08010fbf    0x4a  Code  Lc  ff.o [1]
mparams                 0x2000d6dc    0x18  Data  Lc  dlmalloc.o [3]
mutexM                  0x2000d85a     0x1  Data  Gb  core.o [1]
pFastQueue              0x2000cd60   0x100  Data  Gb  core.o [1]
pFastQueueIni           0x08015cb1    0x3c  Code  Gb  core.o [1]
pFastQueueIni::i        0x2000d860     0x1  Data  Lc  core.o [1]
pMediumQueue            0x2000cc60   0x100  Data  Gb  core.o [1]
pMediumQueueIni         0x08015c75    0x3c  Code  Gb  core.o [1]
pMediumQueueIni::i      0x2000d85f     0x1  Data  Lc  core.o [1]
pSlowQueue              0x2000cb60   0x100  Data  Gb  core.o [1]
pSlowQueueIni           0x08015c39    0x3c  Code  Gb  core.o [1]
pSlowQueueIni::i        0x2000d85e     0x1  Data  Lc  core.o [1]
prepend_alloc           0x0801de5b   0x372  Code  Lc  dlmalloc.o [3]
put_fat                 0x08011293   0x1b0  Code  Gb  ff.o [1]
readedKeys              0x2000d7f8     0x4  Data  Gb  keyboard.o [1]
remove_chain            0x08011443    0x92  Code  Lc  ff.o [1]
retSD                   0x2000d862     0x1  Data  Gb  fatfs.o [1]
retUSBH                 0x2000d863     0x1  Data  Gb  fatfs.o [1]
segment_holding         0x0801ddd9    0x1c  Code  Lc  dlmalloc.o [3]
sorttreug               0x08010271   0x19c  Code  Gb  lcd.o [1]
sprintf                 0x080155e5    0x34  Code  Gb  sprintf.o [3]
st_clust                0x08011933    0x18  Code  Lc  ff.o [1]
strchr                  0x08017d59          Code  Gb  strchr.o [5]
strlen                  0x08017d71          Code  Gb  strlen.o [5]
strlenA                 0x08015fd5    0x16  Code  Gb  OSDBasic.o [1]
sync_fs                 0x08011009   0x10e  Code  Lc  ff.o [1]
sync_window             0x08010f45    0x7a  Code  Lc  ff.o [1]
sys_alloc               0x0801e1cd   0x388  Code  Lc  dlmalloc.o [3]
temp                    0x2000d86f     0x1  Data  Gb  stmpe811.o [1]
tmalloc_large           0x0801e561   0x380  Code  Lc  dlmalloc.o [3]
tmalloc_small           0x0801e8e1   0x206  Code  Lc  dlmalloc.o [3]
uwTick                  0x2000d838     0x4  Data  Gb  stm32f7xx_hal.o [1]
validate                0x08012203    0x42  Code  Lc  ff.o [1]


[1] = E:\PTZ\IAR\PLC\EWARM\PLC\Obj
[2] = command line
[3] = dl7M_tln.a
[4] = m7M_tls.a
[5] = rt7M_tl.a
[6] = shb_l.a

  95 530 bytes of readonly  code memory
  78 784 bytes of readonly  data memory
  55 410 bytes of readwrite data memory (+ 12 000 absolute)

Errors: none
Warnings: none
