###############################################################################
#
# IAR ELF Linker V7.60.1.11101/W32 for ARM                11/Jul/2016  19:05:34
# Copyright 2007-2016 IAR Systems AB.
#
#    Output file  =  E:\PTZ\IAR\PLC\EWARM\PLC\Exe\PLC.out
#    Map file     =  E:\PTZ\IAR\PLC\EWARM\PLC\List\PLC.map
#    Command line =  
#        E:\PTZ\IAR\PLC\EWARM\PLC\Obj\adc.o
#        E:\PTZ\IAR\PLC\EWARM\PLC\Obj\ARIALB_16pt.o
#        E:\PTZ\IAR\PLC\EWARM\PLC\Obj\bsp_driver_sd.o
#        E:\PTZ\IAR\PLC\EWARM\PLC\Obj\bsp_driver_sdram.o
#        E:\PTZ\IAR\PLC\EWARM\PLC\Obj\calculations.o
#        E:\PTZ\IAR\PLC\EWARM\PLC\Obj\can.o E:\PTZ\IAR\PLC\EWARM\PLC\Obj\core.o
#        E:\PTZ\IAR\PLC\EWARM\PLC\Obj\dac.o
#        E:\PTZ\IAR\PLC\EWARM\PLC\Obj\diskio.o
#        E:\PTZ\IAR\PLC\EWARM\PLC\Obj\DispInfo.o
#        E:\PTZ\IAR\PLC\EWARM\PLC\Obj\dma.o
#        E:\PTZ\IAR\PLC\EWARM\PLC\Obj\dma2d.o
#        E:\PTZ\IAR\PLC\EWARM\PLC\Obj\fatfs.o E:\PTZ\IAR\PLC\EWARM\PLC\Obj\ff.o
#        E:\PTZ\IAR\PLC\EWARM\PLC\Obj\ff_gen_drv.o
#        E:\PTZ\IAR\PLC\EWARM\PLC\Obj\files.o
#        E:\PTZ\IAR\PLC\EWARM\PLC\Obj\fmc.o
#        E:\PTZ\IAR\PLC\EWARM\PLC\Obj\GOST_B_23_var.o
#        E:\PTZ\IAR\PLC\EWARM\PLC\Obj\gpio.o E:\PTZ\IAR\PLC\EWARM\PLC\Obj\gui.o
#        E:\PTZ\IAR\PLC\EWARM\PLC\Obj\i2c.o
#        E:\PTZ\IAR\PLC\EWARM\PLC\Obj\ImageControl.o
#        E:\PTZ\IAR\PLC\EWARM\PLC\Obj\initial.o
#        E:\PTZ\IAR\PLC\EWARM\PLC\Obj\InputsTW.o
#        E:\PTZ\IAR\PLC\EWARM\PLC\Obj\interrupts.o
#        E:\PTZ\IAR\PLC\EWARM\PLC\Obj\keyboard.o
#        E:\PTZ\IAR\PLC\EWARM\PLC\Obj\lcd.o E:\PTZ\IAR\PLC\EWARM\PLC\Obj\leds.o
#        E:\PTZ\IAR\PLC\EWARM\PLC\Obj\lm75.o
#        E:\PTZ\IAR\PLC\EWARM\PLC\Obj\ltdc.o
#        E:\PTZ\IAR\PLC\EWARM\PLC\Obj\main.o
#        E:\PTZ\IAR\PLC\EWARM\PLC\Obj\memory.o
#        E:\PTZ\IAR\PLC\EWARM\PLC\Obj\OSDBasic.o
#        E:\PTZ\IAR\PLC\EWARM\PLC\Obj\OSDFont.o
#        E:\PTZ\IAR\PLC\EWARM\PLC\Obj\OSDinitTable.o
#        E:\PTZ\IAR\PLC\EWARM\PLC\Obj\PTZinterface.o
#        E:\PTZ\IAR\PLC\EWARM\PLC\Obj\RIAD_16pt.o
#        E:\PTZ\IAR\PLC\EWARM\PLC\Obj\RIAD_30pt.o
#        E:\PTZ\IAR\PLC\EWARM\PLC\Obj\RIAD_40pt.o
#        E:\PTZ\IAR\PLC\EWARM\PLC\Obj\RIAD_80pt.o
#        E:\PTZ\IAR\PLC\EWARM\PLC\Obj\rtc.o
#        E:\PTZ\IAR\PLC\EWARM\PLC\Obj\sd_diskio.o
#        E:\PTZ\IAR\PLC\EWARM\PLC\Obj\sdmmc.o
#        E:\PTZ\IAR\PLC\EWARM\PLC\Obj\sdram_diskio.o
#        E:\PTZ\IAR\PLC\EWARM\PLC\Obj\sound.o
#        E:\PTZ\IAR\PLC\EWARM\PLC\Obj\spi.o
#        E:\PTZ\IAR\PLC\EWARM\PLC\Obj\spi_mem.o
#        E:\PTZ\IAR\PLC\EWARM\PLC\Obj\startup_stm32f746xx.o
#        E:\PTZ\IAR\PLC\EWARM\PLC\Obj\stm32f7xx_hal.o
#        E:\PTZ\IAR\PLC\EWARM\PLC\Obj\stm32f7xx_hal_adc.o
#        E:\PTZ\IAR\PLC\EWARM\PLC\Obj\stm32f7xx_hal_adc_ex.o
#        E:\PTZ\IAR\PLC\EWARM\PLC\Obj\stm32f7xx_hal_can.o
#        E:\PTZ\IAR\PLC\EWARM\PLC\Obj\stm32f7xx_hal_cortex.o
#        E:\PTZ\IAR\PLC\EWARM\PLC\Obj\stm32f7xx_hal_dac.o
#        E:\PTZ\IAR\PLC\EWARM\PLC\Obj\stm32f7xx_hal_dac_ex.o
#        E:\PTZ\IAR\PLC\EWARM\PLC\Obj\stm32f7xx_hal_dma.o
#        E:\PTZ\IAR\PLC\EWARM\PLC\Obj\stm32f7xx_hal_dma2d.o
#        E:\PTZ\IAR\PLC\EWARM\PLC\Obj\stm32f7xx_hal_dma_ex.o
#        E:\PTZ\IAR\PLC\EWARM\PLC\Obj\stm32f7xx_hal_flash.o
#        E:\PTZ\IAR\PLC\EWARM\PLC\Obj\stm32f7xx_hal_flash_ex.o
#        E:\PTZ\IAR\PLC\EWARM\PLC\Obj\stm32f7xx_hal_gpio.o
#        E:\PTZ\IAR\PLC\EWARM\PLC\Obj\stm32f7xx_hal_hcd.o
#        E:\PTZ\IAR\PLC\EWARM\PLC\Obj\stm32f7xx_hal_i2c.o
#        E:\PTZ\IAR\PLC\EWARM\PLC\Obj\stm32f7xx_hal_i2c_ex.o
#        E:\PTZ\IAR\PLC\EWARM\PLC\Obj\stm32f7xx_hal_ltdc.o
#        E:\PTZ\IAR\PLC\EWARM\PLC\Obj\stm32f7xx_hal_msp.o
#        E:\PTZ\IAR\PLC\EWARM\PLC\Obj\stm32f7xx_hal_nand.o
#        E:\PTZ\IAR\PLC\EWARM\PLC\Obj\stm32f7xx_hal_pwr.o
#        E:\PTZ\IAR\PLC\EWARM\PLC\Obj\stm32f7xx_hal_pwr_ex.o
#        E:\PTZ\IAR\PLC\EWARM\PLC\Obj\stm32f7xx_hal_rcc.o
#        E:\PTZ\IAR\PLC\EWARM\PLC\Obj\stm32f7xx_hal_rcc_ex.o
#        E:\PTZ\IAR\PLC\EWARM\PLC\Obj\stm32f7xx_hal_sd.o
#        E:\PTZ\IAR\PLC\EWARM\PLC\Obj\stm32f7xx_hal_sdram.o
#        E:\PTZ\IAR\PLC\EWARM\PLC\Obj\stm32f7xx_hal_spi.o
#        E:\PTZ\IAR\PLC\EWARM\PLC\Obj\stm32f7xx_hal_tim.o
#        E:\PTZ\IAR\PLC\EWARM\PLC\Obj\stm32f7xx_hal_tim_ex.o
#        E:\PTZ\IAR\PLC\EWARM\PLC\Obj\stm32f7xx_hal_uart.o
#        E:\PTZ\IAR\PLC\EWARM\PLC\Obj\stm32f7xx_it.o
#        E:\PTZ\IAR\PLC\EWARM\PLC\Obj\stm32f7xx_ll_fmc.o
#        E:\PTZ\IAR\PLC\EWARM\PLC\Obj\stm32f7xx_ll_sdmmc.o
#        E:\PTZ\IAR\PLC\EWARM\PLC\Obj\stm32f7xx_ll_usb.o
#        E:\PTZ\IAR\PLC\EWARM\PLC\Obj\stmpe811.o
#        E:\PTZ\IAR\PLC\EWARM\PLC\Obj\syscall.o
#        E:\PTZ\IAR\PLC\EWARM\PLC\Obj\system_stm32f7xx.o
#        E:\PTZ\IAR\PLC\EWARM\PLC\Obj\tim.o
#        E:\PTZ\IAR\PLC\EWARM\PLC\Obj\timer11.o
#        E:\PTZ\IAR\PLC\EWARM\PLC\Obj\timer13.o
#        E:\PTZ\IAR\PLC\EWARM\PLC\Obj\timer14.o
#        E:\PTZ\IAR\PLC\EWARM\PLC\Obj\tw8819.o
#        E:\PTZ\IAR\PLC\EWARM\PLC\Obj\usart.o
#        E:\PTZ\IAR\PLC\EWARM\PLC\Obj\usb_host.o
#        E:\PTZ\IAR\PLC\EWARM\PLC\Obj\usbh_conf.o
#        E:\PTZ\IAR\PLC\EWARM\PLC\Obj\usbh_core.o
#        E:\PTZ\IAR\PLC\EWARM\PLC\Obj\usbh_ctlreq.o
#        E:\PTZ\IAR\PLC\EWARM\PLC\Obj\usbh_diskio.o
#        E:\PTZ\IAR\PLC\EWARM\PLC\Obj\usbh_ioreq.o
#        E:\PTZ\IAR\PLC\EWARM\PLC\Obj\usbh_msc.o
#        E:\PTZ\IAR\PLC\EWARM\PLC\Obj\usbh_msc_bot.o
#        E:\PTZ\IAR\PLC\EWARM\PLC\Obj\usbh_msc_scsi.o
#        E:\PTZ\IAR\PLC\EWARM\PLC\Obj\usbh_pipes.o
#        E:\PTZ\IAR\PLC\EWARM\PLC\Obj\video.o --redirect _Printf=_PrintfFull
#        --redirect _Scanf=_ScanfFull -o E:\PTZ\IAR\PLC\EWARM\PLC\Exe\PLC.out
#        --map E:\PTZ\IAR\PLC\EWARM\PLC\List\PLC.map --config
#        E:\PTZ\IAR\PLC\EWARM/stm32f746xx_flash.icf --semihosting --entry
#        __iar_program_start "C:\Program Files\IAR Systems\Embedded Workbench
#        7.4\arm\CMSIS\Lib\IAR\iar_cortexM7ls_math.a" --vfe
#
###############################################################################

*******************************************************************************
*** RUNTIME MODEL ATTRIBUTES
***

CppFlavor       = *
__Heap_Handler  = DLMalloc
__SystemLibrary = DLib


*******************************************************************************
*** PLACEMENT SUMMARY
***

"A1":  place at 0x08000000 { ro section .intvec };
"P1":  place in [from 0x08000000 to 0x080fffff] { ro };
"P2":  place in [from 0x20000000 to 0x2004ffff] { rw, block CSTACK, block HEAP };
do not initialize { section .noinit };
initialize by copy { rw };

  Section            Kind        Address       Size  Object
  -------            ----        -------       ----  ------
"A1":                                         0x1c8
  .intvec            ro code  0x08000000      0x1c8  startup_stm32f746xx.o [1]
                            - 0x080001c8      0x1c8

"P1":                                       0x1880e
  .text              ro code  0x080001c8     0x27b0  OSDFont.o [1]
  .text              ro code  0x08002978      0x19c  tw8819.o [1]
  .text              ro code  0x08002b14      0xba8  stm32f7xx_hal_i2c.o [1]
  .text              ro code  0x080036bc      0x1e0  ltdc.o [1]
  .text              ro code  0x0800389c       0xc4  core.o [1]
  .text              ro code  0x08003960       0xb0  i2c.o [1]
  .text              ro code  0x08003a10       0x74  stm32f7xx_hal.o [1]
  .text              ro code  0x08003a84      0x2f8  stm32f7xx_hal_ltdc.o [1]
  .text              ro code  0x08003d7c      0x32c  stm32f7xx_hal_gpio.o [1]
  .text              ro code  0x080040a8       0xf2  stm32f7xx_hal_cortex.o [1]
  .text              ro code  0x0800419a       0x6e  stm32f7xx_hal_i2c_ex.o [1]
  .text              ro code  0x08004208       0x48  stm32f7xx_hal_msp.o [1]
  .text              ro code  0x08004250      0x56c  stm32f7xx_hal_rcc.o [1]
  .text              ro code  0x080047bc       0x76  ABImemcpy_unaligned.o [6]
  .text              ro code  0x08004832        0xa  xsprout.o [3]
  .text              ro code  0x0800483c       0x38  interrupts.o [1]
  .text              ro code  0x08004874       0xc4  timer14.o [1]
  .text              ro code  0x08004938      0x320  stmpe811.o [1]
  .text              ro code  0x08004c58      0xa38  PTZinterface.o [1]
  .text              ro code  0x08005690      0x290  gui.o [1]
  .text              ro code  0x08005920      0x210  calculations.o [1]
  .text              ro code  0x08005b30      0x174  rtc.o [1]
  .text              ro code  0x08005ca4      0x188  video.o [1]
  .text              ro code  0x08005e2c      0xb50  lcd.o [1]
  .text              ro code  0x0800697c      0x108  memory.o [1]
  .text              ro code  0x08006a84        0x6  ABImemclr.o [6]
  .text              ro code  0x08006a8c       0x80  arm_cos_f32.o [4]
  .text              ro code  0x08006b0c       0x90  arm_sin_f32.o [4]
  .text              ro code  0x08006b9c       0x4e  FltToDbl.o [5]
  .text              ro code  0x08006bec       0xe8  DblAdd.o [5]
  .text              ro code  0x08006cd4       0x58  DblToI32.o [5]
  .text              ro code  0x08006d2c      0x1a2  DblMul.o [5]
  .text              ro code  0x08006ed0       0x90  DblToFlt.o [5]
  .text              ro code  0x08006f60     0x1478  ff.o [1]
  .text              ro code  0x080083d8       0xb0  DispInfo.o [1]
  .text              ro code  0x08008488      0x344  stm32f7xx_hal_dma2d.o [1]
  .text              ro code  0x080087cc       0xf2  stm32f7xx_hal_dac.o [1]
  .text              ro code  0x080088c0        0x6  ABImemclr4.o [6]
  .text              ro code  0x080088c8      0x128  stm32f7xx_hal_nand.o [1]
  .text              ro code  0x080089f0       0x34  sprintf.o [3]
  .text              ro code  0x08008a24       0xb6  stm32f7xx_hal_sdram.o [1]
  .text              ro code  0x08008adc       0x66  ABImemset.o [6]
  .text              ro code  0x08008b44      0x180  DblSub.o [5]
  .text              ro code  0x08008cc4       0x74  diskio.o [1]
  .text              ro code  0x08008d38       0x2c  fatfs.o [1]
  .text              ro code  0x08008d64      0x1b0  OSDBasic.o [1]
  .text              ro code  0x08008f14       0x5c  dma2d.o [1]
  .text              ro code  0x08008f70       0xa4  dac.o [1]
  .text              ro code  0x08009014       0x32  ABImemset48.o [6]
  .text              ro code  0x08009048      0x180  fmc.o [1]
  .text              ro code  0x080091c8      0x1b4  stm32f7xx_ll_fmc.o [1]
  .text              ro code  0x0800937c      0xde2  xprintffull.o [3]
  .text              ro code  0x0800a160       0x44  ff_gen_drv.o [1]
  .text              ro code  0x0800a1a4       0x16  strchr.o [6]
  .text              ro code  0x0800a1bc       0x36  strlen.o [6]
  .text              ro code  0x0800a1f4       0x58  memchr.o [6]
  .text              ro code  0x0800a24c       0xee  I64DivMod.o [6]
  .text              ro code  0x0800a33a       0x44  xdnorm.o [5]
  .text              ro code  0x0800a380       0x2e  DblCmpLe.o [5]
  .text              ro code  0x0800a3b0       0x2e  DblCmpGe.o [5]
  .text              ro code  0x0800a3e0      0x114  xdscale.o [5]
  .text              ro code  0x0800a4f4       0x30  I32ToDbl.o [5]
  .text              ro code  0x0800a524      0x256  DblDiv.o [5]
  .text              ro code  0x0800a77a        0xe  div.o [3]
  .text              ro code  0x0800a788        0x2  I64DivZer.o [6]
  .rodata            const    0x0800a78c     0x265c  RIAD_16pt.o [1]
  .rodata            const    0x0800cde8     0x244c  GOST_B_23_var.o [1]
  .rodata            const    0x0800f234     0x18c8  OSDFont.o [1]
  .text              ro code  0x08010afc     0x14f4  dlmalloc.o [3]
  .text              ro code  0x08011ff0        0x6  abort.o [3]
  .text              ro code  0x08011ff8       0x2c  xgetmemchunk.o [3]
  .text              ro code  0x08012024       0x14  exit.o [7]
  .text              ro code  0x08012038      0xe60  stm32f7xx_hal_sd.o [1]
  .text              ro code  0x08012e98       0xc4  sdmmc.o [1]
  .text              ro code  0x08012f5c       0xb4  stm32f7xx_ll_sdmmc.o [1]
  .rodata            const    0x08013010      0x804  arm_common_tables.o [4]
  .text              ro code  0x08013814      0x70a  stm32f7xx_hal_hcd.o [1]
  .text              ro code  0x08013f20      0x1ba  usbh_conf.o [1]
  .text              ro code  0x080140dc      0x61c  stm32f7xx_ll_usb.o [1]
  .text              ro code  0x080146f8      0x3d4  usbh_core.o [1]
  .text              ro code  0x08014acc       0x70  usbh_pipes.o [1]
  .text              ro code  0x08014b3c      0x3fc  usbh_ctlreq.o [1]
  .text              ro code  0x08014f38       0x8c  usbh_ioreq.o [1]
  .text              ro code  0x08014fc4      0x60c  stm32f7xx_hal_uart.o [1]
  .text              ro code  0x080155d0      0x118  usart.o [1]
  .text              ro code  0x080156e8      0x514  usbh_msc.o [1]
  .text              ro code  0x08015bfc      0x21c  usbh_msc_bot.o [1]
  .text              ro code  0x08015e18      0x294  usbh_msc_scsi.o [1]
  .text              ro code  0x080160ac      0x46c  stm32f7xx_hal_rcc_ex.o [1]
  .text              ro code  0x08016518      0x412  stm32f7xx_hal_can.o [1]
  .text              ro code  0x0801692c      0x108  can.o [1]
  .text              ro code  0x08016a34      0x30c  gpio.o [1]
  .text              ro code  0x08016d40      0x290  stm32f7xx_hal_adc.o [1]
  .text              ro code  0x08016fd0       0x94  adc.o [1]
  .text              ro code  0x08017064      0x264  stm32f7xx_hal_tim.o [1]
  .text              ro code  0x080172c8      0x180  tim.o [1]
  .text              ro code  0x08017448       0x64  stm32f7xx_hal_tim_ex.o [1]
  .text              ro code  0x080174ac      0x23c  stm32f7xx_hal_dma.o [1]
  .text              ro code  0x080176e8      0x200  system_stm32f7xx.o [1]
  .text              ro code  0x080178e8      0x1e4  main.o [1]
  .text              ro code  0x08017acc       0x44  dma.o [1]
  .text              ro code  0x08017b10      0x17c  spi.o [1]
  .text              ro code  0x08017c8c       0x4c  usb_host.o [1]
  .text              ro code  0x08017cd8       0x54  initial.o [1]
  .text              ro code  0x08017d2c       0x78  stm32f7xx_hal_pwr_ex.o [1]
  .text              ro code  0x08017da4       0xb4  stm32f7xx_hal_spi.o [1]
  .text              ro code  0x08017e58      0x188  timer13.o [1]
  .text              ro code  0x08017fe0       0x5c  timer11.o [1]
  .text              ro code  0x0801803c       0x1c  leds.o [1]
  .text              ro code  0x08018058      0x194  keyboard.o [1]
  .text              ro code  0x080181ec       0x34  sound.o [1]
  .text              ro code  0x08018220       0xf0  usbh_diskio.o [1]
  .text              ro code  0x08018310       0xb8  stm32f7xx_it.o [1]
  .text              ro code  0x080183c8       0xa8  sd_diskio.o [1]
  .text              ro code  0x08018470       0x78  bsp_driver_sd.o [1]
  .text              ro code  0x080184e8       0x40  zero_init3.o [6]
  .text              ro code  0x08018528       0x38  packbits_init_single.o [6]
  .rodata            const    0x08018560       0x28  OSDinitTable.o [1]
  .text              ro code  0x08018588       0x28  data_init.o [6]
  .text              ro code  0x080185b0       0x22  fpinit_M.o [5]
  .iar.init_table    const    0x080185d4       0x20  - Linker created -
  .text              ro code  0x080185f4       0x1a  cmain.o [6]
  .text              ro code  0x0801860e        0x4  low_level_init.o [3]
  .text              ro code  0x08018612        0x4  exit.o [3]
  .text              ro code  0x08018618        0xa  cexit.o [6]
  .rodata            const    0x08018624       0x14  sd_diskio.o [1]
  .rodata            const    0x08018638       0x14  usbh_diskio.o [1]
  .text              ro code  0x0801864c       0x10  startup_stm32f746xx.o [1]
  .text              ro code  0x0801865c        0xc  cstartup_M.o [6]
  .rodata            const    0x08018668        0x4  usbh_msc.o [1]
  .text              ro code  0x0801866c        0x4  startup_stm32f746xx.o [1]
  .text              ro code  0x08018670        0x4  startup_stm32f746xx.o [1]
  .text              ro code  0x08018674        0x4  startup_stm32f746xx.o [1]
  .text              ro code  0x08018678        0x4  startup_stm32f746xx.o [1]
  .text              ro code  0x0801867c        0x4  startup_stm32f746xx.o [1]
  .text              ro code  0x08018680        0x4  startup_stm32f746xx.o [1]
  .text              ro code  0x08018684        0x4  startup_stm32f746xx.o [1]
  .text              ro code  0x08018688        0x4  startup_stm32f746xx.o [1]
  .text              ro code  0x0801868c        0x4  startup_stm32f746xx.o [1]
  .text              ro code  0x08018690        0x4  startup_stm32f746xx.o [1]
  .text              ro code  0x08018694        0x4  startup_stm32f746xx.o [1]
  .text              ro code  0x08018698        0x4  startup_stm32f746xx.o [1]
  .text              ro code  0x0801869c        0x4  startup_stm32f746xx.o [1]
  .text              ro code  0x080186a0        0x4  startup_stm32f746xx.o [1]
  .text              ro code  0x080186a4        0x4  startup_stm32f746xx.o [1]
  .text              ro code  0x080186a8        0x4  startup_stm32f746xx.o [1]
  .text              ro code  0x080186ac        0x4  startup_stm32f746xx.o [1]
  .text              ro code  0x080186b0        0x4  startup_stm32f746xx.o [1]
  .text              ro code  0x080186b4        0x4  startup_stm32f746xx.o [1]
  .text              ro code  0x080186b8        0x4  startup_stm32f746xx.o [1]
  .text              ro code  0x080186bc        0x4  startup_stm32f746xx.o [1]
  .text              ro code  0x080186c0        0x4  startup_stm32f746xx.o [1]
  .text              ro code  0x080186c4        0x4  startup_stm32f746xx.o [1]
  .text              ro code  0x080186c8        0x4  startup_stm32f746xx.o [1]
  .text              ro code  0x080186cc        0x4  startup_stm32f746xx.o [1]
  .text              ro code  0x080186d0        0x4  startup_stm32f746xx.o [1]
  .text              ro code  0x080186d4        0x4  startup_stm32f746xx.o [1]
  .text              ro code  0x080186d8        0x4  startup_stm32f746xx.o [1]
  .text              ro code  0x080186dc        0x4  startup_stm32f746xx.o [1]
  .text              ro code  0x080186e0        0x4  startup_stm32f746xx.o [1]
  .text              ro code  0x080186e4        0x4  startup_stm32f746xx.o [1]
  .text              ro code  0x080186e8        0x4  startup_stm32f746xx.o [1]
  .text              ro code  0x080186ec        0x4  startup_stm32f746xx.o [1]
  .text              ro code  0x080186f0        0x4  startup_stm32f746xx.o [1]
  .text              ro code  0x080186f4        0x4  startup_stm32f746xx.o [1]
  .text              ro code  0x080186f8        0x4  startup_stm32f746xx.o [1]
  .text              ro code  0x080186fc        0x4  startup_stm32f746xx.o [1]
  .text              ro code  0x08018700        0x4  startup_stm32f746xx.o [1]
  .text              ro code  0x08018704        0x4  startup_stm32f746xx.o [1]
  .text              ro code  0x08018708        0x4  startup_stm32f746xx.o [1]
  .text              ro code  0x0801870c        0x4  startup_stm32f746xx.o [1]
  .text              ro code  0x08018710        0x4  startup_stm32f746xx.o [1]
  .text              ro code  0x08018714        0x4  startup_stm32f746xx.o [1]
  .text              ro code  0x08018718        0x4  startup_stm32f746xx.o [1]
  .text              ro code  0x0801871c        0x4  startup_stm32f746xx.o [1]
  .text              ro code  0x08018720        0x4  startup_stm32f746xx.o [1]
  .text              ro code  0x08018724        0x4  startup_stm32f746xx.o [1]
  .text              ro code  0x08018728        0x4  startup_stm32f746xx.o [1]
  .text              ro code  0x0801872c        0x4  startup_stm32f746xx.o [1]
  .text              ro code  0x08018730        0x4  startup_stm32f746xx.o [1]
  .text              ro code  0x08018734        0x4  startup_stm32f746xx.o [1]
  .text              ro code  0x08018738        0x4  startup_stm32f746xx.o [1]
  .text              ro code  0x0801873c        0x4  startup_stm32f746xx.o [1]
  .text              ro code  0x08018740        0x4  startup_stm32f746xx.o [1]
  .text              ro code  0x08018744        0x4  startup_stm32f746xx.o [1]
  .text              ro code  0x08018748        0x4  startup_stm32f746xx.o [1]
  .text              ro code  0x0801874c        0x4  startup_stm32f746xx.o [1]
  .text              ro code  0x08018750        0x4  startup_stm32f746xx.o [1]
  .text              ro code  0x08018754        0x4  startup_stm32f746xx.o [1]
  .text              ro code  0x08018758        0x4  startup_stm32f746xx.o [1]
  .text              ro code  0x0801875c        0x4  startup_stm32f746xx.o [1]
  .text              ro code  0x08018760        0x4  startup_stm32f746xx.o [1]
  .text              ro code  0x08018764        0x4  startup_stm32f746xx.o [1]
  .text              ro code  0x08018768        0x4  startup_stm32f746xx.o [1]
  .text              ro code  0x0801876c        0x4  startup_stm32f746xx.o [1]
  .text              ro code  0x08018770        0x4  startup_stm32f746xx.o [1]
  .text              ro code  0x08018774        0x4  startup_stm32f746xx.o [1]
  .text              ro code  0x08018778        0x4  startup_stm32f746xx.o [1]
  .text              ro code  0x0801877c        0x4  startup_stm32f746xx.o [1]
  .text              ro code  0x08018780        0x4  startup_stm32f746xx.o [1]
  .text              ro code  0x08018784        0x4  startup_stm32f746xx.o [1]
  .text              ro code  0x08018788        0x4  startup_stm32f746xx.o [1]
  .text              ro code  0x0801878c        0x4  startup_stm32f746xx.o [1]
  .text              ro code  0x08018790        0x4  startup_stm32f746xx.o [1]
  .text              ro code  0x08018794        0x4  startup_stm32f746xx.o [1]
  .text              ro code  0x08018798        0x4  startup_stm32f746xx.o [1]
  .text              ro code  0x0801879c        0x4  startup_stm32f746xx.o [1]
  .text              ro code  0x080187a0        0x4  startup_stm32f746xx.o [1]
  .text              ro code  0x080187a4        0x4  startup_stm32f746xx.o [1]
  .text              ro code  0x080187a8        0x4  startup_stm32f746xx.o [1]
  .text              ro code  0x080187ac        0x4  startup_stm32f746xx.o [1]
  .text              ro code  0x080187b0        0x4  startup_stm32f746xx.o [1]
  .text              ro code  0x080187b4        0x4  startup_stm32f746xx.o [1]
  .text              ro code  0x080187b8        0x4  startup_stm32f746xx.o [1]
  .text              ro code  0x080187bc        0x4  startup_stm32f746xx.o [1]
  .text              ro code  0x080187c0        0x4  startup_stm32f746xx.o [1]
  .rodata            const    0x080187c4        0x0  zero_init3.o [6]
  .rodata            const    0x080187c4        0x0  packbits_init_single.o [6]
  Initializer bytes  const    0x080187c4      0x212  <for P2-1>
                            - 0x080189d6    0x1880e

"P2", part 1 of 3:                            0x6ed
  P2-1                        0x20000000      0x6ed  <Init block>
    .data            inited   0x20000000      0x100  core.o [1]
    .data            inited   0x20000100      0x100  core.o [1]
    .data            inited   0x20000200      0x100  core.o [1]
    .data            inited   0x20000300        0xc  GOST_B_23_var.o [1]
    .data            inited   0x2000030c       0x10  keyboard.o [1]
    .data            inited   0x2000031c      0x228  PTZinterface.o [1]
    .data            inited   0x20000544        0xc  RIAD_16pt.o [1]
    .data            inited   0x20000550       0x20  stmpe811.o [1]
    .data            inited   0x20000570        0x4  system_stm32f7xx.o [1]
    .data            inited   0x20000574      0x14c  tw8819.o [1]
    .data            inited   0x200006c0       0x20  usbh_msc.o [1]
    .data            inited   0x200006e0        0x8  video.o [1]
    .data            inited   0x200006e8        0x2  tw8819.o [1]
    .data            inited   0x200006ea        0x1  sd_diskio.o [1]
    .data            inited   0x200006eb        0x1  spi.o [1]
    .data            inited   0x200006ec        0x1  spi.o [1]
                            - 0x200006ed      0x6ed

"P2", part 2 of 3:                           0x4200
  CSTACK                      0x200006f0     0x4000  <Block>
    CSTACK           uninit   0x200006f0     0x4000  <Block tail>
  HEAP                        0x200046f0      0x200  <Block>
    HEAP             uninit   0x200046f0      0x200  <Block tail>
                            - 0x200048f0     0x4200

"P2", part 3 of 3:                           0x6068
  .bss               zero     0x200048f0     0x2ee0  gui.o [1]
  .bss               zero     0x200077d0     0x1030  memory.o [1]
  .bss               zero     0x20008800      0xe14  PTZinterface.o [1]
  .bss               zero     0x20009614      0x3c8  usb_host.o [1]
  .bss               zero     0x200099dc      0x2d0  PTZinterface.o [1]
  .bss               zero     0x20009cac      0x294  usbh_conf.o [1]
  .bss               zero     0x20009f40      0x1d8  dlmalloc.o [3]
  .bss               zero     0x2000a118       0xb8  sdmmc.o [1]
  .bss               zero     0x2000a1d0       0xa8  ltdc.o [1]
  .bss               zero     0x2000a278       0x70  usart.o [1]
  .bss               zero     0x2000a2e8       0x70  usart.o [1]
  .bss               zero     0x2000a358       0x70  usart.o [1]
  .bss               zero     0x2000a3c8       0x6c  fmc.o [1]
  .bss               zero     0x2000a434       0x64  spi.o [1]
  .bss               zero     0x2000a498       0x60  calculations.o [1]
  .bss               zero     0x2000a4f8       0x58  spi.o [1]
  .bss               zero     0x2000a550       0x58  spi.o [1]
  .bss               zero     0x2000a5a8       0x48  adc.o [1]
  .bss               zero     0x2000a5f0       0x40  can.o [1]
  .bss               zero     0x2000a630       0x40  can.o [1]
  .bss               zero     0x2000a670       0x40  dma2d.o [1]
  .bss               zero     0x2000a6b0       0x3c  i2c.o [1]
  .bss               zero     0x2000a6ec       0x3c  tim.o [1]
  .bss               zero     0x2000a728       0x3c  tim.o [1]
  .bss               zero     0x2000a764       0x3c  tim.o [1]
  .bss               zero     0x2000a7a0       0x3c  tim.o [1]
  .bss               zero     0x2000a7dc       0x3c  tim.o [1]
  .bss               zero     0x2000a818       0x28  gui.o [1]
  .bss               zero     0x2000a840       0x28  PTZinterface.o [1]
  .bss               zero     0x2000a868       0x24  lcd.o [1]
  .bss               zero     0x2000a88c       0x18  ff.o [1]
  .bss               zero     0x2000a8a4       0x18  dlmalloc.o [3]
  .bss               zero     0x2000a8bc       0x14  dac.o [1]
  .bss               zero     0x2000a8d0       0x14  ff_gen_drv.o [1]
  .bss               zero     0x2000a8e4       0x10  ff.o [1]
  .bss               zero     0x2000a8f4        0xc  fatfs.o [1]
  .bss               zero     0x2000a900        0xc  lcd.o [1]
  .bss               zero     0x2000a90c        0xc  timer13.o [1]
  .bss               zero     0x2000a918        0x8  gui.o [1]
  .bss               zero     0x2000a920        0x8  sound.o [1]
  .bss               zero     0x2000a928        0x8  timer14.o [1]
  .bss               zero     0x2000a930        0x4  calculations.o [1]
  .bss               zero     0x2000a934        0x4  can.o [1]
  .bss               zero     0x2000a938        0x4  fmc.o [1]
  .bss               zero     0x2000a93c        0x4  stm32f7xx_hal.o [1]
  .bss               zero     0x2000a940        0x4  timer11.o [1]
  .bss               zero     0x2000a944        0x4  xgetmemchunk.o [3]
  .bss               zero     0x2000a948        0x3  core.o [1]
  .bss               zero     0x2000a94b        0x2  rtc.o [1]
  .bss               zero     0x2000a94d        0x1  calculations.o [1]
  .bss               zero     0x2000a94e        0x2  tw8819.o [1]
  .bss               zero     0x2000a950        0x1  core.o [1]
  .bss               zero     0x2000a951        0x1  core.o [1]
  .bss               zero     0x2000a952        0x1  DispInfo.o [1]
  .bss               zero     0x2000a953        0x1  spi.o [1]
  .bss               zero     0x2000a954        0x1  usb_host.o [1]
                            - 0x2000a955     0x6065

Absolute sections:                        0x2000000
  .noinit            uninit   0xc0000000  0x2000000  memory.o [1]
                            - 0xc2000000  0x2000000


*******************************************************************************
*** INIT TABLE
***

          Address     Size
          -------     ----
Zero (__iar_zero_init3)
    1 destination range, total size 0x6065:
          0x200048f0  0x6065

Copy/packbits (__iar_packbits_init_single3)
    1 source range, total size 0x212 (29% of destination):
          0x080187c4   0x212
    1 destination range, total size 0x6ed:
          0x20000000   0x6ed



*******************************************************************************
*** MODULE SUMMARY
***

    Module                  ro code  ro data  rw data     rw data
                                                           (abs)
    ------                  -------  -------  -------     -------
E:\PTZ\IAR\PLC\EWARM\PLC\Obj: [1]
    DispInfo.o                  176                 1
    GOST_B_23_var.o                    9 296       12
    OSDBasic.o                  432
    OSDFont.o                10 160    6 344
    OSDinitTable.o                        40
    PTZinterface.o            2 616      165    4 916
    RIAD_16pt.o                        9 824       12
    adc.o                       148                72
    bsp_driver_sd.o             120
    calculations.o              528               101
    can.o                       264               132
    core.o                      196      229      773
    dac.o                       164                20
    diskio.o                    116
    dma.o                        68
    dma2d.o                      92                64
    fatfs.o                      44                12
    ff.o                      5 240                40
    ff_gen_drv.o                 68                20
    fmc.o                       384               112
    gpio.o                      780
    gui.o                       656            12 048
    i2c.o                       176                60
    initial.o                    84
    interrupts.o                 56
    keyboard.o                  404        4       16
    lcd.o                     2 896                48
    leds.o                       28
    ltdc.o                      480               168
    main.o                      484
    memory.o                    264             4 144  33 554 432
    rtc.o                       372                 2
    sd_diskio.o                 168       20        1
    sdmmc.o                     196               184
    sound.o                      52                 8
    spi.o                       380        1      279
    startup_stm32f746xx.o       816
    stm32f7xx_hal.o             116                 4
    stm32f7xx_hal_adc.o         656
    stm32f7xx_hal_can.o       1 042
    stm32f7xx_hal_cortex.o      242
    stm32f7xx_hal_dac.o         242
    stm32f7xx_hal_dma.o         572
    stm32f7xx_hal_dma2d.o       836
    stm32f7xx_hal_gpio.o        812
    stm32f7xx_hal_hcd.o       1 802
    stm32f7xx_hal_i2c.o       2 984
    stm32f7xx_hal_i2c_ex.o      110
    stm32f7xx_hal_ltdc.o        760
    stm32f7xx_hal_msp.o          72
    stm32f7xx_hal_nand.o        296
    stm32f7xx_hal_pwr_ex.o      120
    stm32f7xx_hal_rcc.o       1 388
    stm32f7xx_hal_rcc_ex.o    1 132
    stm32f7xx_hal_sd.o        3 680
    stm32f7xx_hal_sdram.o       182
    stm32f7xx_hal_spi.o         180
    stm32f7xx_hal_tim.o         612
    stm32f7xx_hal_tim_ex.o      100
    stm32f7xx_hal_uart.o      1 548
    stm32f7xx_it.o              184
    stm32f7xx_ll_fmc.o          436
    stm32f7xx_ll_sdmmc.o        180
    stm32f7xx_ll_usb.o        1 564
    stmpe811.o                  800       10       32
    system_stm32f7xx.o          512        1        4
    tim.o                       384               300
    timer11.o                    92                 4
    timer13.o                   392                12
    timer14.o                   196                 8
    tw8819.o                    412      100      336
    usart.o                     280               336
    usb_host.o                   76               969
    usbh_conf.o                 442               660
    usbh_core.o                 980
    usbh_ctlreq.o             1 020
    usbh_diskio.o               240       20
    usbh_ioreq.o                140
    usbh_msc.o                1 300       14       32
    usbh_msc_bot.o              540
    usbh_msc_scsi.o             660
    usbh_pipes.o                112
    video.o                     392        2        8
    -------------------------------------------------------------
    Total:                   59 926   26 070   25 950  33 554 432

command line: [2]
    -------------------------------------------------------------
    Total:

dl7M_tln.a: [3]
    abort.o                       6
    div.o                        14
    dlmalloc.o                5 364               496
    exit.o                        4
    low_level_init.o              4
    sprintf.o                    52
    xgetmemchunk.o               44                 4
    xprintffull.o             3 554
    xsprout.o                    10
    -------------------------------------------------------------
    Total:                    9 052               500

iar_cortexM7ls_math.a: [4]
    arm_common_tables.o                2 052
    arm_cos_f32.o               128
    arm_sin_f32.o               144
    -------------------------------------------------------------
    Total:                      272    2 052

m7M_tls.a: [5]
    DblAdd.o                    232
    DblCmpGe.o                   46
    DblCmpLe.o                   46
    DblDiv.o                    598
    DblMul.o                    418
    DblSub.o                    384
    DblToFlt.o                  144
    DblToI32.o                   88
    FltToDbl.o                   78
    I32ToDbl.o                   48
    fpinit_M.o                   34
    xdnorm.o                     68
    xdscale.o                   276
    -------------------------------------------------------------
    Total:                    2 460

rt7M_tl.a: [6]
    ABImemclr.o                   6
    ABImemclr4.o                  6
    ABImemcpy_unaligned.o       118
    ABImemset.o                 102
    ABImemset48.o                50
    I64DivMod.o                 238
    I64DivZer.o                   2
    cexit.o                      10
    cmain.o                      26
    cstartup_M.o                 12
    data_init.o                  40
    memchr.o                     88
    packbits_init_single.o       56
    strchr.o                     22
    strlen.o                     54
    zero_init3.o                 64
    -------------------------------------------------------------
    Total:                      894

shb_l.a: [7]
    exit.o                       20
    -------------------------------------------------------------
    Total:                       20

    Gaps                         38        6
    Linker created                        32   16 896
-----------------------------------------------------------------
    Grand Total:             72 662   28 160   43 346  33 554 432


*******************************************************************************
*** ENTRY LIST
***

Entry                      Address       Size  Type      Object
-----                      -------       ----  ----      ------
.iar.init_table$$Base   0x080185d4              --   Gb  - Linker created -
.iar.init_table$$Limit  0x080185f4              --   Gb  - Linker created -
?main                   0x080185f5             Code  Gb  cmain.o [6]
ADC_Init                0x08016ecb       0xea  Code  Lc  stm32f7xx_hal_adc.o [1]
APBAHBPrescTable        0x080047ac       0x10  Data  Gb  stm32f7xx_hal_rcc.o [1]
ActiveLayer             0x2000a884        0x4  Data  Lc  lcd.o [1]
Appli_state             0x2000a954        0x1  Data  Gb  usb_host.o [1]
BIG_Arrow               0x080053f1       0x12  Code  Gb  PTZinterface.o [1]
BSP_SD_GetCardInfo      0x080184d9        0x8  Code  Gb  bsp_driver_sd.o [1]
BSP_SD_GetStatus        0x080184d3        0x6  Code  Gb  bsp_driver_sd.o [1]
BSP_SD_Init             0x08018471       0x34  Code  Gb  bsp_driver_sd.o [1]
BSP_SD_ReadBlocks       0x080184a5        0xe  Code  Gb  bsp_driver_sd.o [1]
BSP_SD_WriteBlocks      0x080184b3        0xc  Code  Gb  bsp_driver_sd.o [1]
Bip                     0x080181ed       0x2e  Code  Gb  sound.o [1]
CAM_flag                0x2000032d        0x1  Data  Gb  PTZinterface.o [1]
CAN1_RX0_IRQHandler     0x08018329        0x2  Code  Gb  stm32f7xx_it.o [1]
CAN1_RX1_IRQHandler     0x08018331        0x2  Code  Gb  stm32f7xx_it.o [1]
CAN1_TX_IRQHandler      0x08018327        0x2  Code  Gb  stm32f7xx_it.o [1]
CAN_Receive_IT          0x080167fb       0xf0  Code  Lc  stm32f7xx_hal_can.o [1]
CSTACK$$Base            0x200006f0              --   Gb  - Linker created -
CSTACK$$Limit           0x200046f0              --   Gb  - Linker created -
CheckTheTick::oldFlag   0x2000a94c        0x1  Data  Lc  rtc.o [1]
ClearDataCnt            0x08008e59       0x5a  Code  Gb  OSDBasic.o [1]
ClearInput              0x08008459       0x20  Code  Gb  DispInfo.o [1]
ClearOSDInfo            0x080083d9        0xe  Code  Gb  DispInfo.o [1]
DISP                    0x2000031c        0x8  Data  Gb  PTZinterface.o [1]
DMA1_Stream3_IRQHandler
                        0x08017c4f       0x10  Code  Gb  spi.o [1]
DMA1_Stream4_IRQHandler
                        0x08017c3f       0x10  Code  Gb  spi.o [1]
DMA2D_IRQHandler        0x08018397        0x6  Code  Gb  stm32f7xx_it.o [1]
DMA2D_SetConfig         0x08008749       0x84  Code  Lc  stm32f7xx_hal_dma2d.o [1]
DMA_CalcBaseAndBitshift
                        0x080176b9       0x26  Code  Lc  stm32f7xx_hal_dma.o [1]
DMA_CalcBaseAndBitshift::flagBitshiftOffset
                        0x080176e0        0x8  Data  Lc  stm32f7xx_hal_dma.o [1]
DeInitStateMachine      0x0801472f       0x4c  Code  Lc  usbh_core.o [1]
DealNumber              0x2000a928        0x1  Data  Gb  timer14.o [1]
DelayOnFastQ            0x0800392b       0x16  Code  Gb  core.o [1]
DisplayedOSD            0x2000a952        0x1  Data  Gb  DispInfo.o [1]
DrawAttrCnt             0x08008dc7       0x6c  Code  Gb  OSDBasic.o [1]
DrawChar                0x08006489       0xa2  Code  Lc  lcd.o [1]
DrawFastLineHorizontal  0x080066f7       0x22  Code  Gb  lcd.o [1]
DrawFastLineVertical    0x080066d5       0x22  Code  Gb  lcd.o [1]
DrawProp                0x2000a86c       0x18  Data  Lc  lcd.o [1]
EXTI0_IRQHandler        0x08018321        0x6  Code  Gb  stm32f7xx_it.o [1]
EXTI9_5_IRQHandler      0x08004857       0x12  Code  Gb  interrupts.o [1]
Error                   0x2000a953        0x1  Data  Gb  spi.o [1]
ExCvt                   0x08008358       0x80  Data  Lc  ff.o [1]
FATFS_LinkDriver        0x0800a19b        0x4  Code  Gb  ff_gen_drv.o [1]
FATFS_LinkDriverEx      0x0800a161       0x3a  Code  Gb  ff_gen_drv.o [1]
FMC_IRQHandler          0x0801836f       0x12  Code  Gb  stm32f7xx_it.o [1]
FMC_Initialized         0x2000a938        0x4  Data  Lc  fmc.o [1]
FMC_NAND_AttributeSpace_Timing_Init
                        0x08009211       0x18  Code  Gb  stm32f7xx_ll_fmc.o [1]
FMC_NAND_CommonSpace_Timing_Init
                        0x080091f5       0x1c  Code  Gb  stm32f7xx_ll_fmc.o [1]
FMC_NAND_Init           0x080091c9       0x28  Code  Gb  stm32f7xx_ll_fmc.o [1]
FMC_SDRAM_Init          0x08009235       0x74  Code  Gb  stm32f7xx_ll_fmc.o [1]
FMC_SDRAM_ProgramRefreshRate
                        0x08009371        0xc  Code  Gb  stm32f7xx_ll_fmc.o [1]
FMC_SDRAM_SendCommand   0x08009325       0x4c  Code  Gb  stm32f7xx_ll_fmc.o [1]
FMC_SDRAM_Timing_Init   0x080092a9       0x7c  Code  Gb  stm32f7xx_ll_fmc.o [1]
FOSDDownloadFont        0x08000365       0x90  Code  Gb  OSDFont.o [1]
FOSDDownloadFontDirect  0x080002ad       0xb2  Code  Gb  OSDFont.o [1]
FOSDLUT                 0x08000247       0x54  Code  Gb  OSDFont.o [1]
FOSDShowWindowAll       0x08000205       0x2c  Code  Gb  OSDFont.o [1]
FOSDWinBase             0x08000200        0x4  Data  Gb  OSDFont.o [1]
FOSDWinEnable           0x080001c9       0x28  Code  Gb  OSDFont.o [1]
FUEL_Arrow              0x08005417        0xe  Code  Gb  PTZinterface.o [1]
F_first                 0x2000a94a        0x1  Data  Gb  core.o [1]
F_last                  0x2000a949        0x1  Data  Gb  core.o [1]
F_pull                  0x0800390b       0x20  Code  Gb  core.o [1]
Fast_LCD_DrawPixel      0x080062b7       0x48  Code  Gb  lcd.o [1]
FatFs                   0x2000a8e8        0xc  Data  Lc  ff.o [1]
Files                   0x2000a88c       0x18  Data  Lc  ff.o [1]
FillImageSoft           0x0800678b       0x4e  Code  Gb  lcd.o [1]
FillStructIMG           0x08005435       0xd2  Code  Gb  PTZinterface.o [1]
FillStructIMG::Name     0x20000324        0x8  Data  Lc  PTZinterface.o [1]
Font2                   0x08000400     0x2560  Data  Gb  OSDFont.o [1]
FontAll                 0x0800f234     0x1878  Data  Gb  OSDFont.o [1]
Fsid                    0x2000a8e4        0x2  Data  Lc  ff.o [1]
GOST_B_23_var           0x20000300        0xc  Data  Gb  GOST_B_23_var.o [1]
GUI_Free                0x08005691       0x28  Code  Gb  gui.o [1]
GUI_Objects             0x200048f0     0x2ee0  Data  Lc  gui.o [1]
GUI_Release             0x08005709      0x16e  Code  Gb  gui.o [1]
GUI_Release::i          0x2000a918        0x4  Data  Lc  gui.o [1]
GUI_Release::j          0x2000a91c        0x4  Data  Lc  gui.o [1]
GUI_SetObject           0x080056b9       0x50  Code  Gb  gui.o [1]
GUI_SetObject::NullObj  0x2000a818       0x28  Data  Lc  gui.o [1]
GenerateKbdMessages     0x08018185       0x52  Code  Gb  keyboard.o [1]
GetDateToStr            0x08005be1       0x46  Code  Gb  rtc.o [1]
GetTimeToStr            0x08005c27       0x3e  Code  Gb  rtc.o [1]
HAL_ADC_ConfigChannel   0x08016d93      0x122  Code  Gb  stm32f7xx_hal_adc.o [1]
HAL_ADC_Init            0x08016d41       0x52  Code  Gb  stm32f7xx_hal_adc.o [1]
HAL_ADC_MspInit         0x08017015       0x3e  Code  Gb  adc.o [1]
HAL_CAN_ErrorCallback   0x080167f9        0x2  Code  Wk  stm32f7xx_hal_can.o [1]
HAL_CAN_IRQHandler      0x0801664d      0x18c  Code  Gb  stm32f7xx_hal_can.o [1]
HAL_CAN_Init            0x08016519      0x120  Code  Gb  stm32f7xx_hal_can.o [1]
HAL_CAN_MspInit         0x08016961       0x82  Code  Gb  can.o [1]
HAL_CAN_RxCpltCallback  0x080167f7        0x2  Code  Wk  stm32f7xx_hal_can.o [1]
HAL_CAN_TxCpltCallback  0x080167f5        0x2  Code  Wk  stm32f7xx_hal_can.o [1]
HAL_DAC_ConfigChannel   0x0800884d       0x42  Code  Gb  stm32f7xx_hal_dac.o [1]
HAL_DAC_Init            0x080087cd       0x26  Code  Gb  stm32f7xx_hal_dac.o [1]
HAL_DAC_MspInit         0x08008fc5       0x3e  Code  Gb  dac.o [1]
HAL_DAC_SetValue        0x0800889b       0x24  Code  Gb  stm32f7xx_hal_dac.o [1]
HAL_DAC_Start           0x080087f3       0x5a  Code  Gb  stm32f7xx_hal_dac.o [1]
HAL_DMA2D_ConfigLayer   0x0800868b       0x98  Code  Gb  stm32f7xx_hal_dma2d.o [1]
HAL_DMA2D_IRQHandler    0x080085df       0xac  Code  Gb  stm32f7xx_hal_dma2d.o [1]
HAL_DMA2D_Init          0x08008489       0x54  Code  Gb  stm32f7xx_hal_dma2d.o [1]
HAL_DMA2D_MspInit       0x08008f2b       0x38  Code  Gb  dma2d.o [1]
HAL_DMA2D_PollForTransfer
                        0x08008529       0xb6  Code  Gb  stm32f7xx_hal_dma2d.o [1]
HAL_DMA2D_Start         0x080084dd       0x12  Code  Gb  stm32f7xx_hal_dma2d.o [1]
HAL_DMA_IRQHandler      0x08017521      0x18c  Code  Gb  stm32f7xx_hal_dma.o [1]
HAL_DMA_Init            0x080174ad       0x74  Code  Gb  stm32f7xx_hal_dma.o [1]
HAL_Delay               0x08003a65       0x18  Code  Wk  stm32f7xx_hal.o [1]
HAL_FMC_MspInit         0x08009103       0x82  Code  Lc  fmc.o [1]
HAL_GPIO_DeInit         0x08003f35      0x112  Code  Gb  stm32f7xx_hal_gpio.o [1]
HAL_GPIO_EXTI_Callback  0x0800483d       0x1a  Code  Gb  interrupts.o [1]
HAL_GPIO_EXTI_IRQHandler
                        0x0800405b       0x14  Code  Gb  stm32f7xx_hal_gpio.o [1]
HAL_GPIO_Init           0x08003d7d      0x1b8  Code  Gb  stm32f7xx_hal_gpio.o [1]
HAL_GPIO_ReadPin        0x08004047        0xc  Code  Gb  stm32f7xx_hal_gpio.o [1]
HAL_GPIO_WritePin       0x08004053        0x8  Code  Gb  stm32f7xx_hal_gpio.o [1]
HAL_GetTick             0x08003a5f        0x6  Code  Wk  stm32f7xx_hal.o [1]
HAL_HCD_Connect_Callback
                        0x08013f97        0x8  Code  Gb  usbh_conf.o [1]
HAL_HCD_Disconnect_Callback
                        0x08013f9f        0x8  Code  Gb  usbh_conf.o [1]
HAL_HCD_GetCurrentFrame
                        0x08013af9        0x6  Code  Gb  stm32f7xx_hal_hcd.o [1]
HAL_HCD_GetCurrentSpeed
                        0x08013aff        0x6  Code  Gb  stm32f7xx_hal_hcd.o [1]
HAL_HCD_HC_GetURBState  0x08013ae3        0xc  Code  Gb  stm32f7xx_hal_hcd.o [1]
HAL_HCD_HC_GetXferCount
                        0x08013aef        0xa  Code  Gb  stm32f7xx_hal_hcd.o [1]
HAL_HCD_HC_Halt         0x080138bd       0x18  Code  Gb  stm32f7xx_hal_hcd.o [1]
HAL_HCD_HC_Init         0x0801386d       0x50  Code  Gb  stm32f7xx_hal_hcd.o [1]
HAL_HCD_HC_NotifyURBChange_Callback
                        0x08013fa7        0x2  Code  Gb  usbh_conf.o [1]
HAL_HCD_HC_SubmitRequest
                        0x080138d5       0xa2  Code  Gb  stm32f7xx_hal_hcd.o [1]
HAL_HCD_IRQHandler      0x08013977      0x114  Code  Gb  stm32f7xx_hal_hcd.o [1]
HAL_HCD_Init            0x08013815       0x4e  Code  Gb  stm32f7xx_hal_hcd.o [1]
HAL_HCD_MspInit         0x08013f21       0x6e  Code  Gb  usbh_conf.o [1]
HAL_HCD_ResetPort       0x08013add        0x6  Code  Gb  stm32f7xx_hal_hcd.o [1]
HAL_HCD_SOF_Callback    0x08013f8f        0x8  Code  Gb  usbh_conf.o [1]
HAL_HCD_Start           0x08013a91       0x20  Code  Gb  stm32f7xx_hal_hcd.o [1]
HAL_HCD_Stop            0x08013ac3       0x1a  Code  Gb  stm32f7xx_hal_hcd.o [1]
HAL_I2CEx_ConfigAnalogFilter
                        0x0800419b       0x40  Code  Gb  stm32f7xx_hal_i2c_ex.o [1]
HAL_I2C_ER_IRQHandler   0x0800307d       0x66  Code  Gb  stm32f7xx_hal_i2c.o [1]
HAL_I2C_EV_IRQHandler   0x08002f7f       0xfe  Code  Gb  stm32f7xx_hal_i2c.o [1]
HAL_I2C_ErrorCallback   0x080030ef        0x2  Code  Wk  stm32f7xx_hal_i2c.o [1]
HAL_I2C_Init            0x08002b15       0x9a  Code  Gb  stm32f7xx_hal_i2c.o [1]
HAL_I2C_MasterRxCpltCallback
                        0x080030e5        0x2  Code  Wk  stm32f7xx_hal_i2c.o [1]
HAL_I2C_MasterTxCpltCallback
                        0x080030e3        0x2  Code  Wk  stm32f7xx_hal_i2c.o [1]
HAL_I2C_Master_Receive  0x08002c81       0xae  Code  Gb  stm32f7xx_hal_i2c.o [1]
HAL_I2C_Master_Transmit
                        0x08002baf       0xb6  Code  Gb  stm32f7xx_hal_i2c.o [1]
HAL_I2C_MemRxCpltCallback
                        0x080030ed        0x2  Code  Wk  stm32f7xx_hal_i2c.o [1]
HAL_I2C_MemTxCpltCallback
                        0x080030eb        0x2  Code  Wk  stm32f7xx_hal_i2c.o [1]
HAL_I2C_Mem_Read        0x08002e5f       0xc6  Code  Gb  stm32f7xx_hal_i2c.o [1]
HAL_I2C_Mem_Write       0x08002d9b       0xbc  Code  Gb  stm32f7xx_hal_i2c.o [1]
HAL_I2C_MspInit         0x08003995       0x66  Code  Gb  i2c.o [1]
HAL_I2C_SlaveRxCpltCallback
                        0x080030e9        0x2  Code  Wk  stm32f7xx_hal_i2c.o [1]
HAL_I2C_SlaveTxCpltCallback
                        0x080030e7        0x2  Code  Wk  stm32f7xx_hal_i2c.o [1]
HAL_IncTick             0x08003a55        0xa  Code  Wk  stm32f7xx_hal.o [1]
HAL_Init                0x08003a11       0x20  Code  Gb  stm32f7xx_hal.o [1]
HAL_InitTick            0x08003a31       0x24  Code  Wk  stm32f7xx_hal.o [1]
HAL_LTDC_ConfigLayer    0x08003bef       0x44  Code  Gb  stm32f7xx_hal_ltdc.o [1]
HAL_LTDC_ErrorCallback  0x08003beb        0x2  Code  Wk  stm32f7xx_hal_ltdc.o [1]
HAL_LTDC_IRQHandler     0x08003b75       0x76  Code  Gb  stm32f7xx_hal_ltdc.o [1]
HAL_LTDC_Init           0x08003a85       0xf0  Code  Gb  stm32f7xx_hal_ltdc.o [1]
HAL_LTDC_LineEventCallback
                        0x08003bed        0x2  Code  Wk  stm32f7xx_hal_ltdc.o [1]
HAL_LTDC_MspDeInit      0x08003825       0x56  Code  Gb  ltdc.o [1]
HAL_LTDC_MspInit        0x08003781       0x90  Code  Gb  ltdc.o [1]
HAL_LTDC_SetAddress     0x08003c67       0x14  Code  Gb  stm32f7xx_hal_ltdc.o [1]
HAL_MspInit             0x08004209       0x48  Code  Gb  stm32f7xx_hal_msp.o [1]
HAL_NAND_IRQHandler     0x0800891d       0x6c  Code  Gb  stm32f7xx_hal_nand.o [1]
HAL_NAND_ITCallback     0x08008989        0x2  Code  Wk  stm32f7xx_hal_nand.o [1]
HAL_NAND_Init           0x080088c9       0x4a  Code  Gb  stm32f7xx_hal_nand.o [1]
HAL_NAND_MspInit        0x0800919b        0x2  Code  Gb  fmc.o [1]
HAL_NAND_Read_ID        0x0800898b       0x5c  Code  Gb  stm32f7xx_hal_nand.o [1]
HAL_NVIC_DisableIRQ     0x08004123        0xa  Code  Gb  stm32f7xx_hal_cortex.o [1]
HAL_NVIC_EnableIRQ      0x08004117        0xc  Code  Gb  stm32f7xx_hal_cortex.o [1]
HAL_NVIC_SetPriority    0x080040dd       0x3a  Code  Gb  stm32f7xx_hal_cortex.o [1]
HAL_NVIC_SetPriorityGrouping
                        0x080040c3       0x1a  Code  Gb  stm32f7xx_hal_cortex.o [1]
HAL_PWREx_EnableOverDrive
                        0x08017d2d       0x48  Code  Gb  stm32f7xx_hal_pwr_ex.o [1]
HAL_RCCEx_PeriphCLKConfig
                        0x080160ad      0x426  Code  Gb  stm32f7xx_hal_rcc_ex.o [1]
HAL_RCC_CAN1_CLK_ENABLED
                        0x2000a934        0x4  Data  Lc  can.o [1]
HAL_RCC_ClockConfig     0x0800456f      0x142  Code  Gb  stm32f7xx_hal_rcc.o [1]
HAL_RCC_EnableCSS       0x080046ed        0xc  Code  Gb  stm32f7xx_hal_rcc.o [1]
HAL_RCC_GetHCLKFreq     0x0800473f       0x1e  Code  Gb  stm32f7xx_hal_rcc.o [1]
HAL_RCC_GetPCLK1Freq    0x0800475d       0x10  Code  Gb  stm32f7xx_hal_rcc.o [1]
HAL_RCC_GetPCLK2Freq    0x0800476d        0xe  Code  Gb  stm32f7xx_hal_rcc.o [1]
HAL_RCC_GetSysClockFreq
                        0x080046f9       0x46  Code  Gb  stm32f7xx_hal_rcc.o [1]
HAL_RCC_OscConfig       0x08004251      0x2fe  Code  Gb  stm32f7xx_hal_rcc.o [1]
HAL_SDRAM_IRQHandler    0x08008a5f       0x1e  Code  Gb  stm32f7xx_hal_sdram.o [1]
HAL_SDRAM_Init          0x08008a25       0x3a  Code  Gb  stm32f7xx_hal_sdram.o [1]
HAL_SDRAM_MspInit       0x0800919d        0x2  Code  Gb  fmc.o [1]
HAL_SDRAM_ProgramRefreshRate
                        0x08008aa7       0x16  Code  Gb  stm32f7xx_hal_sdram.o [1]
HAL_SDRAM_RefreshErrorCallback
                        0x08008a7d        0x2  Code  Wk  stm32f7xx_hal_sdram.o [1]
HAL_SDRAM_SendCommand   0x08008a7f       0x28  Code  Gb  stm32f7xx_hal_sdram.o [1]
HAL_SD_GetStatus        0x0801282f       0x36  Code  Gb  stm32f7xx_hal_sd.o [1]
HAL_SD_Get_CardInfo     0x080123e5      0x2d6  Code  Gb  stm32f7xx_hal_sd.o [1]
HAL_SD_Init             0x08012039       0x96  Code  Gb  stm32f7xx_hal_sd.o [1]
HAL_SD_MspInit          0x08012ecb       0x68  Code  Gb  sdmmc.o [1]
HAL_SD_ReadBlocks       0x080120d9      0x14a  Code  Gb  stm32f7xx_hal_sd.o [1]
HAL_SD_StopTransfer     0x080127e1       0x1c  Code  Gb  stm32f7xx_hal_sd.o [1]
HAL_SD_WideBusOperation_Config
                        0x080126bb      0x106  Code  Gb  stm32f7xx_hal_sd.o [1]
HAL_SD_WriteBlocks      0x08012223      0x18a  Code  Gb  stm32f7xx_hal_sd.o [1]
HAL_SPI_Init            0x08017da5       0xb4  Code  Gb  stm32f7xx_hal_spi.o [1]
HAL_SPI_MspInit         0x08017b5b       0xbc  Code  Gb  spi.o [1]
HAL_SYSTICK_CLKSourceConfig
                        0x0800415d       0x16  Code  Gb  stm32f7xx_hal_cortex.o [1]
HAL_SYSTICK_Callback    0x08004199        0x2  Code  Wk  stm32f7xx_hal_cortex.o [1]
HAL_SYSTICK_Config      0x08004135       0x28  Code  Gb  stm32f7xx_hal_cortex.o [1]
HAL_SYSTICK_IRQHandler  0x08004191        0x8  Code  Gb  stm32f7xx_hal_cortex.o [1]
HAL_TIMEx_BreakCallback
                        0x080174a1        0x2  Code  Wk  stm32f7xx_hal_tim_ex.o [1]
HAL_TIMEx_CommutationCallback
                        0x0801749f        0x2  Code  Wk  stm32f7xx_hal_tim_ex.o [1]
HAL_TIMEx_MasterConfigSynchronization
                        0x08017455       0x4a  Code  Gb  stm32f7xx_hal_tim_ex.o [1]
HAL_TIM_Base_Init       0x08017065       0x26  Code  Gb  stm32f7xx_hal_tim.o [1]
HAL_TIM_Base_MspInit    0x08017357       0xc4  Code  Gb  tim.o [1]
HAL_TIM_IC_CaptureCallback
                        0x08017203        0x2  Code  Wk  stm32f7xx_hal_tim.o [1]
HAL_TIM_IRQHandler      0x0801709f      0x160  Code  Gb  stm32f7xx_hal_tim.o [1]
HAL_TIM_OC_DelayElapsedCallback
                        0x08017201        0x2  Code  Wk  stm32f7xx_hal_tim.o [1]
HAL_TIM_PWM_PulseFinishedCallback
                        0x08017205        0x2  Code  Wk  stm32f7xx_hal_tim.o [1]
HAL_TIM_PeriodElapsedCallback
                        0x080171ff        0x2  Code  Wk  stm32f7xx_hal_tim.o [1]
HAL_TIM_TriggerCallback
                        0x08017207        0x2  Code  Wk  stm32f7xx_hal_tim.o [1]
HAL_UART_ErrorCallback  0x0801522d        0x2  Code  Wk  stm32f7xx_hal_uart.o [1]
HAL_UART_IRQHandler     0x08015041      0x14e  Code  Gb  stm32f7xx_hal_uart.o [1]
HAL_UART_Init           0x08014fc5       0x30  Code  Gb  stm32f7xx_hal_uart.o [1]
HAL_UART_MspInit        0x08015603       0xaa  Code  Gb  usart.o [1]
HAL_UART_RxCpltCallback
                        0x0801522b        0x2  Code  Wk  stm32f7xx_hal_uart.o [1]
HAL_UART_TxCpltCallback
                        0x08015229        0x2  Code  Wk  stm32f7xx_hal_uart.o [1]
HCD_HC_IN_IRQHandler    0x08013b05      0x17c  Code  Lc  stm32f7xx_hal_hcd.o [1]
HCD_HC_OUT_IRQHandler   0x08013c9f      0x14c  Code  Lc  stm32f7xx_hal_hcd.o [1]
HCD_Port_IRQHandler     0x08013e69       0xb6  Code  Lc  stm32f7xx_hal_hcd.o [1]
HCD_RXQLVL_IRQHandler   0x08013dfd       0x64  Code  Lc  stm32f7xx_hal_hcd.o [1]
HEAP$$Base              0x200046f0              --   Gb  - Linker created -
HEAP$$Limit             0x200048f0              --   Gb  - Linker created -
I2C2_ER_IRQHandler      0x08018349        0x6  Code  Gb  stm32f7xx_it.o [1]
I2C2_EV_IRQHandler      0x08018343        0x6  Code  Gb  stm32f7xx_it.o [1]
I2CDeviceInitialize     0x08002a29       0x34  Code  Gb  tw8819.o [1]
I2C_IsAcknowledgeFailed
                        0x0800361d       0x58  Code  Lc  stm32f7xx_hal_i2c.o [1]
I2C_MasterReceive_ISR   0x080031c7       0xbe  Code  Lc  stm32f7xx_hal_i2c.o [1]
I2C_MasterTransmit_ISR  0x080030f1       0xcc  Code  Lc  stm32f7xx_hal_i2c.o [1]
I2C_RequestMemoryRead   0x08003477       0x46  Code  Lc  stm32f7xx_hal_i2c.o [1]
I2C_RequestMemoryWrite  0x08003429       0x48  Code  Lc  stm32f7xx_hal_i2c.o [1]
I2C_SlaveReceive_ISR    0x0800338f       0x6a  Code  Lc  stm32f7xx_hal_i2c.o [1]
I2C_SlaveTransmit_ISR   0x08003317       0x78  Code  Lc  stm32f7xx_hal_i2c.o [1]
I2C_TransferConfig      0x08003697       0x1e  Code  Lc  stm32f7xx_hal_i2c.o [1]
I2C_WaitOnFlagUntilTimeout
                        0x080034e3       0x60  Code  Lc  stm32f7xx_hal_i2c.o [1]
I2C_WaitOnRXNEFlagUntilTimeout
                        0x080035d1       0x44  Code  Lc  stm32f7xx_hal_i2c.o [1]
I2C_WaitOnSTOPFlagUntilTimeout
                        0x08003587       0x2c  Code  Lc  stm32f7xx_hal_i2c.o [1]
I2C_WaitOnTXISFlagUntilTimeout
                        0x08003555       0x32  Code  Lc  stm32f7xx_hal_i2c.o [1]
IMAGES                  0x20008800      0xe14  Data  Gb  PTZinterface.o [1]
Images                  0x200099dc      0x2d0  Data  Gb  PTZinterface.o [1]
InitCVBSAll             0x20000574      0x14c  Data  Gb  tw8819.o [1]
InitOSDWindow           0x08008ecd       0x3c  Code  Gb  OSDBasic.o [1]
InitPeriph              0x08017cd9       0x54  Code  Gb  initial.o [1]
Init_Osd_DisplayInput   0x08018560       0x28  Data  Gb  OSDinitTable.o [1]
Itoa                    0x08005a95       0x86  Code  Gb  calculations.o [1]
KBD_Handle              0x08005263       0x3a  Code  Gb  PTZinterface.o [1]
KB_Status               0x20000318        0x4  Data  Gb  keyboard.o [1]
LCD_DisplayChar         0x08005f25       0x2c  Code  Gb  lcd.o [1]
LCD_DisplayStringAt     0x08005f51       0xae  Code  Gb  lcd.o [1]
LCD_DrawCircle          0x080060f7       0xae  Code  Gb  lcd.o [1]
LCD_DrawFullCircle      0x080061d9       0xa4  Code  Gb  lcd.o [1]
LCD_DrawLine            0x08005fff       0xaa  Code  Gb  lcd.o [1]
LCD_DrawPolygon         0x0800627d       0x3a  Code  Gb  lcd.o [1]
LCD_DrawRect            0x080060a9       0x4e  Code  Gb  lcd.o [1]
LCD_FillPolygon         0x080062ff      0x184  Code  Gb  lcd.o [1]
LCD_FillPolygon::ResultPoints
                        0x2000a900        0xc  Data  Lc  lcd.o [1]
LCD_FillRect            0x0800673d       0x28  Code  Gb  lcd.o [1]
LCD_FillTriangle        0x08006531       0x96  Code  Gb  lcd.o [1]
LCD_FillTriangleFAST    0x08006963       0x1a  Code  Gb  lcd.o [1]
LCD_Fill_Image          0x08006765       0x26  Code  Gb  lcd.o [1]
LCD_Fill_ImageTRANSP    0x080067d9       0x84  Code  Gb  lcd.o [1]
LCD_GetXSize            0x08005e2d       0x14  Code  Gb  lcd.o [1]
LCD_GetYSize            0x08005e41       0x14  Code  Gb  lcd.o [1]
LCD_Init                0x08006657       0x38  Code  Gb  lcd.o [1]
LCD_InitParams          0x08006635       0x14  Code  Gb  lcd.o [1]
LCD_LayerDefaultInit    0x08005e7d       0x20  Code  Gb  lcd.o [1]
LCD_SetColorPixel       0x08006649        0x6  Code  Gb  lcd.o [1]
LCD_SetLayerVisible     0x08005eff       0x26  Code  Gb  lcd.o [1]
LCD_SetLight            0x08006691       0x44  Code  Gb  lcd.o [1]
LCD_SetXSize            0x08005e55       0x14  Code  Gb  lcd.o [1]
LCD_SetYSize            0x08005e69       0x14  Code  Gb  lcd.o [1]
LCD_Video_GPIO_Deinit   0x080029cb        0x6  Code  Gb  tw8819.o [1]
LCD_Video_GPIO_Init     0x080029d1        0x6  Code  Gb  tw8819.o [1]
LED_control             0x0801803d       0x1c  Code  Gb  leds.o [1]
LL_ConvertLineToRGB888  0x080065d1       0x30  Code  Gb  lcd.o [1]
LTDC_ER_IRQHandler      0x0801838f        0x2  Code  Gb  stm32f7xx_it.o [1]
LTDC_IRQHandler         0x0801838d        0x2  Code  Gb  stm32f7xx_it.o [1]
LTDC_SetConfig          0x08003c7b       0xfa  Code  Lc  stm32f7xx_hal_ltdc.o [1]
LayerIndex              0x2000a888        0x4  Data  Lc  lcd.o [1]
LayerOfView             0x200006e0        0x1  Data  Gb  video.o [1]
LoadBitmapFromSD        0x08005ca5       0xdc  Code  Gb  video.o [1]
LoadInt                 0x08009925       0x70  Code  Lc  xprintffull.o [3]
Load_GUI_0              0x08004c59      0x436  Code  Gb  PTZinterface.o [1]
MX_ADC1_Init            0x08016fd1       0x44  Code  Gb  adc.o [1]
MX_CAN1_Init            0x0801692d        0x6  Code  Gb  can.o [1]
MX_CAN2_Init            0x08016933        0x4  Code  Gb  can.o [1]
MX_DAC_Init             0x08008f71       0x48  Code  Gb  dac.o [1]
MX_DMA2D_Init           0x08008f15       0x16  Code  Gb  dma2d.o [1]
MX_DMA_Init             0x08017acd       0x44  Code  Gb  dma.o [1]
MX_FATFS_Init           0x08008d39       0x1c  Code  Gb  fatfs.o [1]
MX_FMC_Init             0x08009049       0xba  Code  Gb  fmc.o [1]
MX_GPIO_Init            0x08016a35      0x286  Code  Gb  gpio.o [1]
MX_I2C2_Init            0x08003961       0x34  Code  Gb  i2c.o [1]
MX_LTDC_Init            0x080036bd       0xa8  Code  Gb  ltdc.o [1]
MX_SDMMC1_SD_Init       0x08012e99       0x32  Code  Gb  sdmmc.o [1]
MX_SPI2_Init            0x08017b11       0x4a  Code  Gb  spi.o [1]
MX_TIM11_Init           0x08017309       0x18  Code  Gb  tim.o [1]
MX_TIM13_Init           0x08017321       0x18  Code  Gb  tim.o [1]
MX_TIM14_Init           0x08017339       0x18  Code  Gb  tim.o [1]
MX_TIM6_Init            0x080172c9       0x10  Code  Gb  tim.o [1]
MX_TIM7_Init            0x080172d9       0x12  Code  Gb  tim.o [1]
MX_Touch_Read           0x0800495f        0x2  Code  Gb  stmpe811.o [1]
MX_USART2_UART_Init     0x080155d1        0x6  Code  Gb  usart.o [1]
MX_USART3_UART_Init     0x080155d7        0x4  Code  Gb  usart.o [1]
MX_USART6_UART_Init     0x080155fd        0x6  Code  Gb  usart.o [1]
MX_USB_HOST_Init        0x08017c8d       0x22  Code  Gb  usb_host.o [1]
MX_USB_HOST_Process     0x08017caf        0x6  Code  Gb  usb_host.o [1]
MemManage_Handler       0x08018311        0x2  Code  Gb  stm32f7xx_it.o [1]
NAND_readId             0x080069a5       0x30  Code  Gb  memory.o [1]
NVIC_SetPriority        0x080040a9       0x1a  Code  Lc  stm32f7xx_hal_cortex.o [1]
OSDDisplayInput         0x080083e7       0x72  Code  Gb  DispInfo.o [1]
OSDSetDEDelay           0x08002acd       0x40  Code  Gb  tw8819.o [1]
OTG_FS_IRQHandler       0x08018381        0x6  Code  Gb  stm32f7xx_it.o [1]
PCF8563_read_datetime   0x08005b45       0x9c  Code  Gb  rtc.o [1]
PLC_DMA2D_Status        0x200006e4        0x4  Data  Gb  video.o [1]
P_Touch_Config          0x08004aad       0xde  Code  Gb  stmpe811.o [1]
P_Touch_Config::regArray
                        0x20000564        0xc  Data  Lc  stmpe811.o [1]
P_Touch_FnctCmd         0x08004a51       0x28  Code  Gb  stmpe811.o [1]
P_Touch_FreeIRQ         0x08004a87       0x26  Code  Gb  stmpe811.o [1]
P_Touch_ReadID          0x08004b97       0x2e  Code  Gb  stmpe811.o [1]
P_Touch_Read_16b        0x08004c09       0x46  Code  Gb  stmpe811.o [1]
P_Touch_Reset           0x08004a1d       0x2a  Code  Gb  stmpe811.o [1]
Poly1_points            0x08005558       0x10  Data  Gb  PTZinterface.o [1]
Poly2_points            0x08005568       0x10  Data  Gb  PTZinterface.o [1]
Poly3_points            0x08005578       0x10  Data  Gb  PTZinterface.o [1]
Poly4_points            0x08005588       0x10  Data  Gb  PTZinterface.o [1]
Polygons                0x2000a840       0x28  Data  Gb  PTZinterface.o [1]
PreLoadImages           0x08005207       0x5c  Code  Gb  PTZinterface.o [1]
ProjectionLayerAddress  0x08005e24        0x8  Data  Gb  video.o [1]
RESmutex_1              0x2000a950        0x1  Data  Gb  core.o [1]
RIAD_16pt               0x20000544        0xc  Data  Gb  RIAD_16pt.o [1]
RIAD_16ptBitmaps        0x0800a78c     0x1f5c  Data  Gb  RIAD_16pt.o [1]
RIAD_16ptDescriptors    0x0800c6e8      0x700  Data  Gb  RIAD_16pt.o [1]
RPM_Arrow               0x08005403       0x14  Code  Gb  PTZinterface.o [1]
ReadLineKbd             0x080180d9       0x5c  Code  Gb  keyboard.o [1]
ReadTW88                0x080029a7       0x24  Code  Gb  tw8819.o [1]
Region$$Table$$Base     0x080185d4              --   Gb  - Linker created -
Region$$Table$$Limit    0x080185f4              --   Gb  - Linker created -
ReleaseFunction         0x0800531d        0xc  Code  Gb  PTZinterface.o [1]
RestorePoly             0x08005a51       0x28  Code  Gb  calculations.o [1]
RotatePoint             0x08005921       0xb0  Code  Gb  calculations.o [1]
RotatePoint::cosV       0x2000a930        0x4  Data  Lc  calculations.o [1]
RotatePoly              0x080059d1       0x5e  Code  Gb  calculations.o [1]
RotatedF                0x2000a94d        0x1  Data  Lc  calculations.o [1]
RoutineFast             0x080038b5       0x12  Code  Gb  core.o [1]
RoutineFast::branch     0x2000a951        0x1  Data  Lc  core.o [1]
Run_GUI                 0x08005155       0xb2  Code  Gb  PTZinterface.o [1]
SDCardInfo1             0x2000a178       0x58  Data  Gb  sdmmc.o [1]
SDMMC_DataConfig        0x08012fe3       0x20  Code  Gb  stm32f7xx_ll_sdmmc.o [1]
SDMMC_GetCommandResponse
                        0x08012fc9        0x6  Code  Gb  stm32f7xx_ll_sdmmc.o [1]
SDMMC_GetPowerState     0x08012f9f        0x8  Code  Gb  stm32f7xx_ll_sdmmc.o [1]
SDMMC_GetResponse       0x08012fcf       0x14  Code  Gb  stm32f7xx_ll_sdmmc.o [1]
SDMMC_Init              0x08012f5d       0x26  Code  Gb  stm32f7xx_ll_sdmmc.o [1]
SDMMC_PowerState_ON     0x08012f95        0x4  Code  Gb  stm32f7xx_ll_sdmmc.o [1]
SDMMC_ReadFIFO          0x08012f89        0x2  Code  Gb  stm32f7xx_ll_sdmmc.o [1]
SDMMC_SendCommand       0x08012fa7       0x22  Code  Gb  stm32f7xx_ll_sdmmc.o [1]
SDMMC_WriteFIFO         0x08012f8b        0xa  Code  Gb  stm32f7xx_ll_sdmmc.o [1]
SDRAM_Initialization_Sequence
                        0x080069e1       0x66  Code  Gb  memory.o [1]
SDRAM_free              0x08006999        0xc  Code  Gb  memory.o [1]
SD_CmdResp1Error        0x08012b25       0xce  Code  Lc  stm32f7xx_hal_sd.o [1]
SD_CmdResp2Error        0x08012c01       0x30  Code  Lc  stm32f7xx_hal_sd.o [1]
SD_Driver               0x08018624       0x14  Data  Gb  sd_diskio.o [1]
SD_FindSCR              0x08012c31      0x102  Code  Lc  stm32f7xx_hal_sd.o [1]
SD_Initialize_Cards     0x0801287b      0x118  Code  Lc  stm32f7xx_hal_sd.o [1]
SD_IsCardProgramming    0x08012d47      0x138  Code  Lc  stm32f7xx_hal_sd.o [1]
SD_Path                 0x2000a8f8        0x4  Data  Gb  fatfs.o [1]
SD_PowerON              0x0801299b      0x16a  Code  Lc  stm32f7xx_hal_sd.o [1]
SD_initialize           0x080183c9        0xe  Code  Gb  sd_diskio.o [1]
SD_ioctl                0x08018425       0x48  Code  Gb  sd_diskio.o [1]
SD_mount                0x0800697d       0x1c  Code  Gb  memory.o [1]
SD_mount::fs            0x200077d0     0x1030  Data  Lc  memory.o [1]
SD_read                 0x080183f1       0x10  Code  Gb  sd_diskio.o [1]
SD_status               0x080183d7        0xc  Code  Gb  sd_diskio.o [1]
SD_write                0x08018401        0xe  Code  Gb  sd_diskio.o [1]
SOUND                   0x2000a920        0x8  Data  Gb  sound.o [1]
SPI_FONT1               0x08010aac       0x50  Data  Gb  OSDFont.o [1]
SPI_received            0x200006eb        0x1  Data  Gb  spi.o [1]
SPI_transmitted         0x200006ec        0x1  Data  Gb  spi.o [1]
SetLineKbd              0x08018059       0x76  Code  Gb  keyboard.o [1]
Show_GUI                0x080058c7       0x3a  Code  Gb  gui.o [1]
SolvePressedKeys        0x08018147       0x3e  Code  Gb  keyboard.o [1]
SolvePressedKeys::Index
                        0x2000030e        0x1  Data  Lc  keyboard.o [1]
SolvePressedKeys::Lines_Kb
                        0x2000030c        0x2  Data  Lc  keyboard.o [1]
SolvePressedKeys::OldKeysLine
                        0x2000030f        0x1  Data  Lc  keyboard.o [1]
SolvePressedKeys::Pressed
                        0x20000310        0x1  Data  Lc  keyboard.o [1]
StartTestFlag           0x2000032e        0x1  Data  Gb  PTZinterface.o [1]
Stat                    0x200006ea        0x1  Data  Lc  sd_diskio.o [1]
StoreArrayOfPoly        0x2000a498       0x60  Data  Lc  calculations.o [1]
StorePoly               0x08005a2f       0x22  Code  Gb  calculations.o [1]
StrDATA                 0x200004bc       0x80  Data  Gb  PTZinterface.o [1]
StrDate                 0x200004a4        0xc  Data  Gb  PTZinterface.o [1]
StrPneumosys            0x2000047c        0x8  Data  Gb  PTZinterface.o [1]
StrPressEngineOil       0x20000484        0x8  Data  Gb  PTZinterface.o [1]
StrRPM                  0x20000494        0x8  Data  Gb  PTZinterface.o [1]
StrSpeed                0x2000048c        0x8  Data  Gb  PTZinterface.o [1]
StrTIME                 0x2000049c        0x8  Data  Gb  PTZinterface.o [1]
StrTime                 0x200004b0        0xc  Data  Gb  PTZinterface.o [1]
StrTransmiss            0x20000474        0x8  Data  Gb  PTZinterface.o [1]
String_1                0x08005538       0x20  Data  Gb  PTZinterface.o [1]
Switch_Camera           0x080029d7       0x52  Code  Gb  tw8819.o [1]
SysTick_Handler         0x08018313        0xe  Code  Gb  stm32f7xx_it.o [1]
SystemClock_Config      0x080179d3       0xdc  Code  Gb  main.o [1]
SystemCoreClock         0x20000570        0x4  Data  Gb  system_stm32f7xx.o [1]
SystemInit              0x080176e9       0x40  Code  Gb  system_stm32f7xx.o [1]
SystemInit_ExtMemCtl    0x08017729      0x12e  Code  Lc  system_stm32f7xx.o [1]
TEMP_Arrow              0x08005425       0x10  Code  Gb  PTZinterface.o [1]
TIM11_IRQHandler        0x08018009       0x22  Code  Gb  timer11.o [1]
TIM11_IRQHandler::Counter
                        0x2000a940        0x4  Data  Lc  timer11.o [1]
TIM13_IRQHandler        0x08017e7f      0x142  Code  Gb  timer13.o [1]
TIM13_IRQHandler::Counter
                        0x2000a910        0x4  Data  Lc  timer13.o [1]
TIM13_IRQHandler::CounterUPD
                        0x2000a914        0x4  Data  Lc  timer13.o [1]
TIM13_IRQHandler::FlagKBD_Repeat
                        0x2000a90c        0x1  Data  Lc  timer13.o [1]
TIM14_IRQHandler        0x080048a5       0x7a  Code  Gb  timer14.o [1]
TIM14_IRQHandler::Counter
                        0x2000a92c        0x4  Data  Lc  timer14.o [1]
TIM1_TRG_COM_TIM11_IRQHandler
                        0x08018333       0x10  Code  Gb  stm32f7xx_it.o [1]
TIM8_TRG_COM_TIM14_IRQHandler
                        0x0801835f       0x10  Code  Gb  stm32f7xx_it.o [1]
TIM8_UP_TIM13_IRQHandler
                        0x0801834f       0x10  Code  Gb  stm32f7xx_it.o [1]
TIM_Base_SetConfig      0x08017209       0x94  Code  Gb  stm32f7xx_hal_tim.o [1]
Test1                   0x080053bd       0x34  Code  Gb  PTZinterface.o [1]
Test1::Counter          0x20000330        0x1  Data  Lc  PTZinterface.o [1]
Test1::Toggle1          0x2000032f        0x1  Data  Lc  PTZinterface.o [1]
Test2                   0x08005329       0x88  Code  Gb  PTZinterface.o [1]
Test2::Counter1         0x20000332        0x2  Data  Lc  PTZinterface.o [1]
Text                    0x20000334      0x140  Data  Gb  PTZinterface.o [1]
TimeIsReady             0x2000a94b        0x1  Data  Gb  rtc.o [1]
Timer11_Init            0x08017fe1       0x28  Code  Gb  timer11.o [1]
Timer13_Init            0x08017e59       0x26  Code  Gb  timer13.o [1]
Timer14_Init_Deal       0x08004875       0x30  Code  Gb  timer14.o [1]
TouchScreen_Handle      0x0800529d       0x80  Code  Gb  PTZinterface.o [1]
Touch_Data              0x20000554        0x8  Data  Gb  stmpe811.o [1]
TurnCenter1             0x08005598        0x4  Data  Gb  PTZinterface.o [1]
TurnCenter2             0x0800559c        0x4  Data  Gb  PTZinterface.o [1]
TurnCenter3             0x080055a0        0x4  Data  Gb  PTZinterface.o [1]
TurnCenter4             0x080055a4        0x4  Data  Gb  PTZinterface.o [1]
UART_AdvFeatureConfig   0x080154bd       0xc6  Code  Gb  stm32f7xx_hal_uart.o [1]
UART_CheckIdleState     0x08015583       0x4e  Code  Gb  stm32f7xx_hal_uart.o [1]
UART_Receive_IT         0x0801522f       0x86  Code  Lc  stm32f7xx_hal_uart.o [1]
UART_SetConfig          0x080152b5      0x1d8  Code  Gb  stm32f7xx_hal_uart.o [1]
UART_WaitOnFlagUntilTimeout
                        0x0801518f       0x98  Code  Gb  stm32f7xx_hal_uart.o [1]
UB_Touch_Init           0x08004939       0x26  Code  Gb  stmpe811.o [1]
UB_Touch_Read           0x08004961       0xa4  Code  Gb  stmpe811.o [1]
UB_Touch_Read::_x       0x2000055c        0x4  Data  Lc  stmpe811.o [1]
UB_Touch_Read::_y       0x20000560        0x4  Data  Lc  stmpe811.o [1]
USART6_IRQHandler       0x08018387        0x6  Code  Gb  stm32f7xx_it.o [1]
USBH_AllocPipe          0x08014af1       0x34  Code  Gb  usbh_pipes.o [1]
USBH_BulkReceiveData    0x08014fa3       0x10  Code  Gb  usbh_ioreq.o [1]
USBH_BulkSendData       0x08014f73        0xa  Code  Gb  usbh_ioreq.o [1]
USBH_ClosePipe          0x08014ae7        0xa  Code  Gb  usbh_pipes.o [1]
USBH_ClrFeature         0x08014c55       0x18  Code  Gb  usbh_ctlreq.o [1]
USBH_CtlReceiveData     0x08014f5d       0x16  Code  Gb  usbh_ioreq.o [1]
USBH_CtlReq             0x08014dad       0x3e  Code  Gb  usbh_ctlreq.o [1]
USBH_CtlSendData        0x08014f51        0xc  Code  Gb  usbh_ioreq.o [1]
USBH_CtlSendSetup       0x08014f39       0x18  Code  Gb  usbh_ioreq.o [1]
USBH_Delay              0x080140d7        0x4  Code  Gb  usbh_conf.o [1]
USBH_Driver             0x08018638       0x14  Data  Gb  usbh_diskio.o [1]
USBH_FindInterface      0x080147af       0x40  Code  Gb  usbh_core.o [1]
USBH_FreePipe           0x08014b25       0x18  Code  Gb  usbh_pipes.o [1]
USBH_GetDescriptor      0x08014bed       0x34  Code  Gb  usbh_ctlreq.o [1]
USBH_GetNextDesc        0x08014d9f        0xe  Code  Gb  usbh_ctlreq.o [1]
USBH_Get_CfgDesc        0x08014b6f       0x2e  Code  Gb  usbh_ctlreq.o [1]
USBH_Get_DevDesc        0x08014b3d       0x32  Code  Gb  usbh_ctlreq.o [1]
USBH_Get_StringDesc     0x08014b9d       0x50  Code  Gb  usbh_ctlreq.o [1]
USBH_HandleControl      0x08014ded      0x14c  Code  Lc  usbh_ctlreq.o [1]
USBH_HandleEnum         0x0801494d       0xdc  Code  Lc  usbh_core.o [1]
USBH_Init               0x080146f9       0x36  Code  Gb  usbh_core.o [1]
USBH_LL_ClosePipe       0x0801405d        0xe  Code  Gb  usbh_conf.o [1]
USBH_LL_Connect         0x08014a69       0x28  Code  Gb  usbh_core.o [1]
USBH_LL_Disconnect      0x08014a91       0x34  Code  Gb  usbh_core.o [1]
USBH_LL_DriverVBUS      0x08014099        0xc  Code  Gb  usbh_conf.o [1]
USBH_LL_GetLastXferSize
                        0x08014047        0x8  Code  Gb  usbh_conf.o [1]
USBH_LL_GetSpeed        0x0801401d       0x1c  Code  Gb  usbh_conf.o [1]
USBH_LL_GetToggle       0x080140bf       0x18  Code  Gb  usbh_conf.o [1]
USBH_LL_GetURBState     0x08014091        0x8  Code  Gb  usbh_conf.o [1]
USBH_LL_IncTimer        0x08014a4b       0x1e  Code  Gb  usbh_core.o [1]
USBH_LL_Init            0x08013fa9       0x4a  Code  Gb  usbh_conf.o [1]
USBH_LL_OpenPipe        0x0801404f        0xe  Code  Gb  usbh_conf.o [1]
USBH_LL_ResetPort       0x08014039        0xe  Code  Gb  usbh_conf.o [1]
USBH_LL_SetTimer        0x08014a45        0x6  Code  Gb  usbh_core.o [1]
USBH_LL_SetToggle       0x080140a5       0x1a  Code  Gb  usbh_conf.o [1]
USBH_LL_Start           0x08014001        0xe  Code  Gb  usbh_conf.o [1]
USBH_LL_Stop            0x0801400f        0xe  Code  Gb  usbh_conf.o [1]
USBH_LL_SubmitURB       0x0801406b        0xe  Code  Gb  usbh_conf.o [1]
USBH_MSC_BOT_Abort      0x08015dfb       0x1e  Code  Lc  usbh_msc_bot.o [1]
USBH_MSC_BOT_Init       0x08015c29       0x1a  Code  Gb  usbh_msc_bot.o [1]
USBH_MSC_BOT_Process    0x08015c45      0x192  Code  Gb  usbh_msc_bot.o [1]
USBH_MSC_BOT_REQ_GetMaxLUN
                        0x08015c13       0x16  Code  Gb  usbh_msc_bot.o [1]
USBH_MSC_BOT_REQ_Reset  0x08015bfd       0x16  Code  Gb  usbh_msc_bot.o [1]
USBH_MSC_ClassRequest   0x0801584b       0x6a  Code  Lc  usbh_msc.o [1]
USBH_MSC_GetLUNInfo     0x08015aed       0x28  Code  Gb  usbh_msc.o [1]
USBH_MSC_InterfaceDeInit
                        0x080157f9       0x52  Code  Lc  usbh_msc.o [1]
USBH_MSC_InterfaceInit  0x080156e9       0xe8  Code  Lc  usbh_msc.o [1]
USBH_MSC_Process        0x080158b5      0x18e  Code  Lc  usbh_msc.o [1]
USBH_MSC_RdWrProcess    0x08015a5b       0x70  Code  Lc  usbh_msc.o [1]
USBH_MSC_Read           0x08015b15       0x50  Code  Gb  usbh_msc.o [1]
USBH_MSC_SCSI_Inquiry   0x08015ebf       0xb0  Code  Gb  usbh_msc_scsi.o [1]
USBH_MSC_SCSI_Read      0x08016029       0x22  Code  Gb  usbh_msc_scsi.o [1]
USBH_MSC_SCSI_ReadCapacity
                        0x08015e63       0x5c  Code  Gb  usbh_msc_scsi.o [1]
USBH_MSC_SCSI_RequestSense
                        0x08015f6f       0x5e  Code  Gb  usbh_msc_scsi.o [1]
USBH_MSC_SCSI_TestUnitReady
                        0x08015e19       0x4a  Code  Gb  usbh_msc_scsi.o [1]
USBH_MSC_SCSI_Write     0x08016007       0x22  Code  Gb  usbh_msc_scsi.o [1]
USBH_MSC_SOFProcess     0x08015a57        0x4  Code  Lc  usbh_msc.o [1]
USBH_MSC_UnitIsReady    0x08015acb       0x22  Code  Gb  usbh_msc.o [1]
USBH_MSC_Write          0x08015b65       0x50  Code  Gb  usbh_msc.o [1]
USBH_OpenPipe           0x08014acd       0x1a  Code  Gb  usbh_pipes.o [1]
USBH_ParseCfgDesc       0x08014cc5       0xda  Code  Lc  usbh_ctlreq.o [1]
USBH_ParseDevDesc       0x08014c6d       0x58  Code  Lc  usbh_ctlreq.o [1]
USBH_Path               0x2000a8fc        0x4  Data  Gb  fatfs.o [1]
USBH_Process            0x08014805      0x146  Code  Gb  usbh_core.o [1]
USBH_RegisterClass      0x0801477b       0x1e  Code  Gb  usbh_core.o [1]
USBH_SelectInterface    0x08014799       0x16  Code  Gb  usbh_core.o [1]
USBH_SetAddress         0x08014c21       0x18  Code  Gb  usbh_ctlreq.o [1]
USBH_SetCfg             0x08014c39       0x16  Code  Gb  usbh_ctlreq.o [1]
USBH_Start              0x080147ef       0x14  Code  Gb  usbh_core.o [1]
USBH_UserProcess        0x08017cb5       0x18  Code  Lc  usb_host.o [1]
USBH_initialize         0x08018221        0x4  Code  Gb  usbh_diskio.o [1]
USBH_ioctl              0x080182c1       0x42  Code  Gb  usbh_diskio.o [1]
USBH_msc                0x200006c0       0x20  Data  Gb  usbh_msc.o [1]
USBH_read               0x08018239       0x32  Code  Gb  usbh_diskio.o [1]
USBH_status             0x08018225       0x14  Code  Gb  usbh_diskio.o [1]
USBH_write              0x0801826b       0x3e  Code  Gb  usbh_diskio.o [1]
USB_CoreInit            0x080140dd       0x6e  Code  Gb  stm32f7xx_ll_usb.o [1]
USB_CoreReset           0x08014233       0x2a  Code  Lc  stm32f7xx_ll_usb.o [1]
USB_DisableGlobalInt    0x08014153        0x6  Code  Gb  stm32f7xx_ll_usb.o [1]
USB_DoPing              0x08014643       0x18  Code  Gb  stm32f7xx_ll_usb.o [1]
USB_DriveVbus           0x0801438b       0x3c  Code  Gb  stm32f7xx_ll_usb.o [1]
USB_EnableGlobalInt     0x0801414b        0x8  Code  Gb  stm32f7xx_ll_usb.o [1]
USB_FlushRxFifo         0x080141a3       0x1a  Code  Gb  stm32f7xx_ll_usb.o [1]
USB_FlushTxFifo         0x08014185       0x1e  Code  Gb  stm32f7xx_ll_usb.o [1]
USB_GetCurrentFrame     0x080143db        0xa  Code  Gb  stm32f7xx_ll_usb.o [1]
USB_GetHostSpeed        0x080143c7       0x14  Code  Gb  stm32f7xx_ll_usb.o [1]
USB_GetMode             0x0801422b        0x8  Code  Gb  stm32f7xx_ll_usb.o [1]
USB_HC_Halt             0x080145ed       0x56  Code  Gb  stm32f7xx_ll_usb.o [1]
USB_HC_Init             0x080143e9       0xb8  Code  Gb  stm32f7xx_ll_usb.o [1]
USB_HC_ReadInterrupt    0x080145e3        0xa  Code  Gb  stm32f7xx_ll_usb.o [1]
USB_HC_StartXfer        0x080144a1      0x122  Code  Gb  stm32f7xx_ll_usb.o [1]
USB_HostInit            0x0801425d       0xc2  Code  Gb  stm32f7xx_ll_usb.o [1]
USB_InitFSLSPClkSel     0x0801432d       0x2e  Code  Gb  stm32f7xx_ll_usb.o [1]
USB_ReadInterrupts      0x08014223        0x8  Code  Gb  stm32f7xx_ll_usb.o [1]
USB_ReadPacket          0x080141e9       0x24  Code  Gb  stm32f7xx_ll_usb.o [1]
USB_ResetPort           0x0801435b       0x30  Code  Gb  stm32f7xx_ll_usb.o [1]
USB_SetCurrentMode      0x0801415f       0x26  Code  Gb  stm32f7xx_ll_usb.o [1]
USB_StopHost            0x08014685       0x74  Code  Gb  stm32f7xx_ll_usb.o [1]
USB_WritePacket         0x080141bd       0x2c  Code  Gb  stm32f7xx_ll_usb.o [1]
UpdateScreen            0x2000032c        0x1  Data  Gb  PTZinterface.o [1]
VideoCAMOnOff           0x08005d8b       0x80  Code  Gb  video.o [1]
WaitVBlank              0x08002a85       0x42  Code  Gb  tw8819.o [1]
WriteStringToAddr       0x08008d65       0x62  Code  Gb  OSDBasic.o [1]
WriteTW88               0x0800298b       0x12  Code  Gb  tw8819.o [1]
WriteTW88::buffer       0x2000a94e        0x2  Data  Lc  tw8819.o [1]
WriteTW88Page           0x08002979       0x12  Code  Gb  tw8819.o [1]
WriteTW88Page::buffer   0x200006e8        0x2  Data  Lc  tw8819.o [1]
ZonesTS_0               0x080055a8       0xe8  Data  Gb  PTZinterface.o [1]
_GenldFull              0x08009ead      0x26a  Code  Lc  xprintffull.o [3]
_LdtobFull              0x08009aa1      0x406  Code  Lc  xprintffull.o [3]
_LitobFull              0x08009995      0x10a  Code  Lc  xprintffull.o [3]
_PrintfFull             0x0800937d      0x5a2  Code  Gb  xprintffull.o [3]
_PutcharsFull           0x0800a117       0x2e  Code  Lc  xprintffull.o [3]
_SProut                 0x08004833        0xa  Code  Gb  xsprout.o [3]
__aeabi_cdcmple         0x0800a381             Code  Gb  DblCmpLe.o [5]
__aeabi_cdrcmple        0x0800a3b1             Code  Gb  DblCmpGe.o [5]
__aeabi_d2f             0x08006ed1             Code  Gb  DblToFlt.o [5]
__aeabi_d2iz            0x08006cd5             Code  Gb  DblToI32.o [5]
__aeabi_d2uiz           0x08006d01             Code  Gb  DblToI32.o [5]
__aeabi_dadd            0x08006bed             Code  Gb  DblAdd.o [5]
__aeabi_ddiv            0x0800a525             Code  Gb  DblDiv.o [5]
__aeabi_dmul            0x08006d2d             Code  Gb  DblMul.o [5]
__aeabi_dsub            0x08008b45             Code  Gb  DblSub.o [5]
__aeabi_f2d             0x08006b9d             Code  Gb  FltToDbl.o [5]
__aeabi_i2d             0x0800a4f5             Code  Gb  I32ToDbl.o [5]
__aeabi_ldiv0           0x0800a789             Code  Gb  I64DivZer.o [6]
__aeabi_memclr          0x08006a85             Code  Gb  ABImemclr.o [6]
__aeabi_memclr4         0x080088c1             Code  Gb  ABImemclr4.o [6]
__aeabi_memset          0x08008add             Code  Gb  ABImemset.o [6]
__aeabi_ui2d            0x0800a509             Code  Gb  I32ToDbl.o [5]
__aeabi_uldivmod        0x0800a24d             Code  Gb  I64DivMod.o [6]
__cmain                 0x080185f5             Code  Gb  cmain.o [6]
__data_GetMemChunk      0x08011ff9       0x2c  Code  Gb  xgetmemchunk.o [3]
__data_GetMemChunk::start
                        0x2000a944        0x4  Data  Lc  xgetmemchunk.o [3]
__exit                  0x08012025       0x14  Code  Gb  exit.o [7]
__iar_Dnorm             0x0800a33b       0x44  Code  Gb  xdnorm.o [5]
__iar_Dscale            0x0800a3e1      0x114  Code  Gb  xdscale.o [5]
__iar_Memchr            0x0800a1f5             Code  Gb  memchr.o [6]
__iar_Memset            0x08008add             Code  Gb  ABImemset.o [6]
__iar_Memset4_word      0x08009015             Code  Gb  ABImemset48.o [6]
__iar_Memset8_word      0x08009015             Code  Gb  ABImemset48.o [6]
__iar_Memset_word       0x08008ae5             Code  Gb  ABImemset.o [6]
__iar_Strchr            0x0800a1a5             Code  Gb  strchr.o [6]
__iar_d2uiz             0x08006d0d             Code  Gb  DblToI32.o [5]
__iar_dadd              0x08006c01             Code  Gb  DblAdd.o [5]
__iar_data_init3        0x08018589       0x28  Code  Gb  data_init.o [6]
__iar_dlfree            0x08011acf      0x51a  Code  Gb  dlmalloc.o [3]
__iar_dlmalloc          0x08011819      0x2aa  Code  Gb  dlmalloc.o [3]
__iar_dsub              0x08008b59             Code  Gb  DblSub.o [5]
__iar_dsubStart         0x08008b6b             Code  Gb  DblSub.o [5]
__iar_init_vfp          0x080185b1             Code  Gb  fpinit_M.o [5]
__iar_packbits_init_single3
                        0x08018529       0x38  Code  Gb  packbits_init_single.o [6]
__iar_program_start     0x0801865d             Code  Gb  cstartup_M.o [6]
__iar_ui2d              0x0800a50d             Code  Gb  I32ToDbl.o [5]
__iar_unaligned___aeabi_memcpy
                        0x080047bd             Code  Gb  ABImemcpy_unaligned.o [6]
__iar_unaligned___aeabi_memcpy4
                        0x080047dd             Code  Gb  ABImemcpy_unaligned.o [6]
__iar_unaligned___aeabi_memcpy8
                        0x080047dd             Code  Gb  ABImemcpy_unaligned.o [6]
__iar_zero_init3        0x080184e9       0x40  Code  Gb  zero_init3.o [6]
__low_level_init        0x0801860f        0x4  Code  Gb  low_level_init.o [3]
__vector_table          0x08000000             Data  Gb  startup_stm32f746xx.o [1]
_call_main              0x08018601             Code  Gb  cmain.o [6]
_exit                   0x08018619             Code  Gb  cexit.o [6]
_gm_                    0x20009f40      0x1d8  Data  Lc  dlmalloc.o [3]
_main                   0x0801860b             Code  Gb  cmain.o [6]
abort                   0x08011ff1        0x6  Code  Gb  abort.o [3]
arm_cos_f32             0x08006a8d       0x80  Code  Gb  arm_cos_f32.o [4]
arm_sin_f32             0x08006b0d       0x90  Code  Gb  arm_sin_f32.o [4]
bcd2bin                 0x08005b31        0xe  Code  Gb  rtc.o [1]
check_fs                0x080079b5       0x6c  Code  Lc  ff.o [1]
chk_chr                 0x08006f83       0x12  Code  Lc  ff.o [1]
chk_lock                0x08006f95       0x60  Code  Lc  ff.o [1]
clear_lock              0x080070a3       0x1e  Code  Lc  ff.o [1]
clmt_clust              0x08007531       0x30  Code  Lc  ff.o [1]
clust2sect              0x08007203       0x22  Code  Gb  ff.o [1]
create_chain            0x0800747b       0xb6  Code  Lc  ff.o [1]
create_name             0x080077cb       0xf2  Code  Lc  ff.o [1]
dataIMG                 0x2000a868        0x4  Data  Lc  lcd.o [1]
dec_lock                0x0800706b       0x38  Code  Lc  ff.o [1]
dir_alloc               0x08007711       0x44  Code  Lc  ff.o [1]
dir_next                0x080075ff      0x112  Code  Lc  ff.o [1]
dir_register            0x0800778f       0x34  Code  Lc  ff.o [1]
dir_sdi                 0x08007561       0x9e  Code  Lc  ff.o [1]
disk                    0x2000a8d0       0x14  Data  Gb  ff_gen_drv.o [1]
disk_initialize         0x08008cd7       0x1e  Code  Gb  diskio.o [1]
disk_ioctl              0x08008d1d       0x18  Code  Gb  diskio.o [1]
disk_read               0x08008cf5        0xc  Code  Gb  diskio.o [1]
disk_status             0x08008cc5       0x12  Code  Gb  diskio.o [1]
disk_write              0x08008d01        0xc  Code  Gb  diskio.o [1]
div                     0x0800a77b        0xe  Code  Gb  div.o [3]
dt                      0x2000053c        0x8  Data  Gb  PTZinterface.o [1]
emptyF                  0x080038cb        0x2  Code  Gb  core.o [1]
emptyM                  0x080038c9        0x2  Code  Gb  core.o [1]
emptyS                  0x080038c7        0x2  Code  Gb  core.o [1]
exit                    0x08018613        0x4  Code  Gb  exit.o [3]
f_close                 0x08008113       0x26  Code  Gb  ff.o [1]
f_lseek                 0x08008139      0x1d6  Code  Gb  ff.o [1]
f_mount                 0x08007d39       0x58  Code  Gb  ff.o [1]
f_open                  0x08007d91      0x184  Code  Gb  ff.o [1]
f_read                  0x08007f2d      0x148  Code  Gb  ff.o [1]
f_sync                  0x08008097       0x7c  Code  Gb  ff.o [1]
find_volume             0x08007a25      0x2dc  Code  Lc  ff.o [1]
follow_path             0x080078d1       0xa0  Code  Lc  ff.o [1]
gOSTtypeB_16ptBitmaps   0x0800cde8     0x1d4c  Data  Gb  GOST_B_23_var.o [1]
gOSTtypeB_16ptDescriptors
                        0x0800eb34      0x700  Data  Gb  GOST_B_23_var.o [1]
get_fat                 0x08007225       0xcc  Code  Gb  ff.o [1]
get_fattime             0x08008d61        0x4  Code  Gb  fatfs.o [1]
get_ldnumber            0x08007977       0x3e  Code  Lc  ff.o [1]
hUsbHostFS              0x20009614      0x3c8  Data  Gb  usb_host.o [1]
hadc1                   0x2000a5a8       0x48  Data  Gb  adc.o [1]
hcan1                   0x2000a5f0       0x40  Data  Gb  can.o [1]
hcan2                   0x2000a630       0x40  Data  Gb  can.o [1]
hdac                    0x2000a8bc       0x14  Data  Gb  dac.o [1]
hdma2d                  0x2000a670       0x40  Data  Gb  dma2d.o [1]
hdma_spi2_rx            0x2000a4f8       0x58  Data  Gb  spi.o [1]
hdma_spi2_tx            0x2000a550       0x58  Data  Gb  spi.o [1]
hhcd_USB_OTG_FS         0x20009cac      0x294  Data  Gb  usbh_conf.o [1]
hi2c2                   0x2000a6b0       0x3c  Data  Gb  i2c.o [1]
hltdc                   0x2000a1d0       0xa8  Data  Gb  ltdc.o [1]
hnand1                  0x2000a3c8       0x38  Data  Gb  fmc.o [1]
hsd1                    0x2000a118       0x60  Data  Gb  sdmmc.o [1]
hsdram1                 0x2000a400       0x34  Data  Gb  fmc.o [1]
hspi2                   0x2000a434       0x64  Data  Gb  spi.o [1]
htim11                  0x2000a764       0x3c  Data  Gb  tim.o [1]
htim13                  0x2000a7a0       0x3c  Data  Gb  tim.o [1]
htim14                  0x2000a7dc       0x3c  Data  Gb  tim.o [1]
htim6                   0x2000a6ec       0x3c  Data  Gb  tim.o [1]
htim7                   0x2000a728       0x3c  Data  Gb  tim.o [1]
huart2                  0x2000a278       0x70  Data  Gb  usart.o [1]
huart3                  0x2000a2e8       0x70  Data  Gb  usart.o [1]
huart6                  0x2000a358       0x70  Data  Gb  usart.o [1]
inc_lock                0x08006ff5       0x76  Code  Lc  ff.o [1]
init_mparams            0x08010b19       0x32  Code  Lc  dlmalloc.o [3]
init_top                0x08010b4b       0x34  Code  Lc  dlmalloc.o [3]
ld_clust                0x0800775b       0x22  Code  Lc  ff.o [1]
main                    0x080178e9       0xe0  Code  Gb  main.o [1]
mem_cpy                 0x08006f61       0x14  Code  Lc  ff.o [1]
mem_set                 0x08006f75        0xe  Code  Lc  ff.o [1]
memchr                  0x0800a1f5             Code  Gb  memchr.o [6]
move_window             0x08007121       0x3a  Code  Lc  ff.o [1]
mparams                 0x2000a8a4       0x18  Data  Lc  dlmalloc.o [3]
mutexF                  0x2000a948        0x1  Data  Gb  core.o [1]
my_array_in_SDRAM       0xc0000000  0x2000000  Data  Gb  memory.o [1]
pFastQueue              0x20000200      0x100  Data  Gb  core.o [1]
pFastQueueIni           0x080038e7        0x8  Code  Gb  core.o [1]
pMediumQueue            0x20000100      0x100  Data  Gb  core.o [1]
pMediumQueueIni         0x080038d5        0x6  Code  Gb  core.o [1]
pSlowQueue              0x20000000      0x100  Data  Gb  core.o [1]
pSlowQueueIni           0x080038cd        0x8  Code  Gb  core.o [1]
prepend_alloc           0x08010b7f      0x372  Code  Lc  dlmalloc.o [3]
put_fat                 0x08007309       0xf4  Code  Gb  ff.o [1]
readedKeys              0x20000314        0x4  Data  Gb  keyboard.o [1]
remove_chain            0x08007409       0x72  Code  Lc  ff.o [1]
retSD                   0x2000a8f4        0x1  Data  Gb  fatfs.o [1]
retUSBH                 0x2000a8f5        0x1  Data  Gb  fatfs.o [1]
segment_holding         0x08010afd       0x1c  Code  Lc  dlmalloc.o [3]
sinTable_f32            0x08013010      0x804  Data  Gb  arm_common_tables.o [4]
sorttreug               0x08006885       0xde  Code  Gb  lcd.o [1]
sprintf                 0x080089f1       0x34  Code  Gb  sprintf.o [3]
st_clust                0x0800777d       0x12  Code  Lc  ff.o [1]
strchr                  0x0800a1a5             Code  Gb  strchr.o [6]
strlen                  0x0800a1bd             Code  Gb  strlen.o [6]
strlenA                 0x08008eb9       0x12  Code  Gb  OSDBasic.o [1]
sync_fs                 0x0800715b       0xa8  Code  Lc  ff.o [1]
sync_window             0x080070c1       0x60  Code  Lc  ff.o [1]
sys_alloc               0x08010ef1      0x388  Code  Lc  dlmalloc.o [3]
temp                    0x20000550        0x1  Data  Gb  stmpe811.o [1]
tmalloc_large           0x08011285      0x380  Code  Lc  dlmalloc.o [3]
tmalloc_small           0x08011605      0x206  Code  Lc  dlmalloc.o [3]
uwTick                  0x2000a93c        0x4  Data  Lc  stm32f7xx_hal.o [1]
validate                0x08007d09       0x30  Code  Lc  ff.o [1]


[1] = E:\PTZ\IAR\PLC\EWARM\PLC\Obj
[2] = command line
[3] = dl7M_tln.a
[4] = iar_cortexM7ls_math.a
[5] = m7M_tls.a
[6] = rt7M_tl.a
[7] = shb_l.a

  72 662 bytes of readonly  code memory
  28 160 bytes of readonly  data memory
  43 346 bytes of readwrite data memory (+ 33 554 432 absolute)

Errors: none
Warnings: none
