###############################################################################
#
# IAR ELF Linker V7.70.1.11437/W32 for ARM                13/Jul/2016  16:11:10
# Copyright 2007-2016 IAR Systems AB.
#
#    Output file  =  E:\PTZ\IAR\PLC\EWARM\PLC\Exe\PLC.out
#    Map file     =  E:\PTZ\IAR\PLC\EWARM\PLC\List\PLC.map
#    Command line =  
#        E:\PTZ\IAR\PLC\EWARM\PLC\Obj\adc.o
#        E:\PTZ\IAR\PLC\EWARM\PLC\Obj\ARIALB_16pt.o
#        E:\PTZ\IAR\PLC\EWARM\PLC\Obj\bsp_driver_sd.o
#        E:\PTZ\IAR\PLC\EWARM\PLC\Obj\bsp_driver_sdram.o
#        E:\PTZ\IAR\PLC\EWARM\PLC\Obj\calculations.o
#        E:\PTZ\IAR\PLC\EWARM\PLC\Obj\can.o E:\PTZ\IAR\PLC\EWARM\PLC\Obj\core.o
#        E:\PTZ\IAR\PLC\EWARM\PLC\Obj\dac.o
#        E:\PTZ\IAR\PLC\EWARM\PLC\Obj\diskio.o
#        E:\PTZ\IAR\PLC\EWARM\PLC\Obj\DispInfo.o
#        E:\PTZ\IAR\PLC\EWARM\PLC\Obj\dma.o
#        E:\PTZ\IAR\PLC\EWARM\PLC\Obj\dma2d.o
#        E:\PTZ\IAR\PLC\EWARM\PLC\Obj\fatfs.o E:\PTZ\IAR\PLC\EWARM\PLC\Obj\ff.o
#        E:\PTZ\IAR\PLC\EWARM\PLC\Obj\ff_gen_drv.o
#        E:\PTZ\IAR\PLC\EWARM\PLC\Obj\files.o
#        E:\PTZ\IAR\PLC\EWARM\PLC\Obj\fmc.o
#        E:\PTZ\IAR\PLC\EWARM\PLC\Obj\GOST_B_23_var.o
#        E:\PTZ\IAR\PLC\EWARM\PLC\Obj\gpio.o E:\PTZ\IAR\PLC\EWARM\PLC\Obj\gui.o
#        E:\PTZ\IAR\PLC\EWARM\PLC\Obj\i2c.o
#        E:\PTZ\IAR\PLC\EWARM\PLC\Obj\ImageControl.o
#        E:\PTZ\IAR\PLC\EWARM\PLC\Obj\initial.o
#        E:\PTZ\IAR\PLC\EWARM\PLC\Obj\InputsTW.o
#        E:\PTZ\IAR\PLC\EWARM\PLC\Obj\interrupts.o
#        E:\PTZ\IAR\PLC\EWARM\PLC\Obj\keyboard.o
#        E:\PTZ\IAR\PLC\EWARM\PLC\Obj\lcd.o E:\PTZ\IAR\PLC\EWARM\PLC\Obj\leds.o
#        E:\PTZ\IAR\PLC\EWARM\PLC\Obj\lm75.o
#        E:\PTZ\IAR\PLC\EWARM\PLC\Obj\ltdc.o
#        E:\PTZ\IAR\PLC\EWARM\PLC\Obj\main.o
#        E:\PTZ\IAR\PLC\EWARM\PLC\Obj\memory.o
#        E:\PTZ\IAR\PLC\EWARM\PLC\Obj\OSDBasic.o
#        E:\PTZ\IAR\PLC\EWARM\PLC\Obj\OSDFont.o
#        E:\PTZ\IAR\PLC\EWARM\PLC\Obj\OSDinitTable.o
#        E:\PTZ\IAR\PLC\EWARM\PLC\Obj\PTZinterface.o
#        E:\PTZ\IAR\PLC\EWARM\PLC\Obj\RIAD_16pt.o
#        E:\PTZ\IAR\PLC\EWARM\PLC\Obj\RIAD_30pt.o
#        E:\PTZ\IAR\PLC\EWARM\PLC\Obj\RIAD_40pt.o
#        E:\PTZ\IAR\PLC\EWARM\PLC\Obj\RIAD_80pt.o
#        E:\PTZ\IAR\PLC\EWARM\PLC\Obj\rtc.o
#        E:\PTZ\IAR\PLC\EWARM\PLC\Obj\sd_diskio.o
#        E:\PTZ\IAR\PLC\EWARM\PLC\Obj\sdmmc.o
#        E:\PTZ\IAR\PLC\EWARM\PLC\Obj\sdram_diskio.o
#        E:\PTZ\IAR\PLC\EWARM\PLC\Obj\sound.o
#        E:\PTZ\IAR\PLC\EWARM\PLC\Obj\spi.o
#        E:\PTZ\IAR\PLC\EWARM\PLC\Obj\spi_mem.o
#        E:\PTZ\IAR\PLC\EWARM\PLC\Obj\startup_stm32f746xx.o
#        E:\PTZ\IAR\PLC\EWARM\PLC\Obj\stm32f7xx_hal.o
#        E:\PTZ\IAR\PLC\EWARM\PLC\Obj\stm32f7xx_hal_adc.o
#        E:\PTZ\IAR\PLC\EWARM\PLC\Obj\stm32f7xx_hal_adc_ex.o
#        E:\PTZ\IAR\PLC\EWARM\PLC\Obj\stm32f7xx_hal_can.o
#        E:\PTZ\IAR\PLC\EWARM\PLC\Obj\stm32f7xx_hal_cortex.o
#        E:\PTZ\IAR\PLC\EWARM\PLC\Obj\stm32f7xx_hal_dac.o
#        E:\PTZ\IAR\PLC\EWARM\PLC\Obj\stm32f7xx_hal_dac_ex.o
#        E:\PTZ\IAR\PLC\EWARM\PLC\Obj\stm32f7xx_hal_dma.o
#        E:\PTZ\IAR\PLC\EWARM\PLC\Obj\stm32f7xx_hal_dma2d.o
#        E:\PTZ\IAR\PLC\EWARM\PLC\Obj\stm32f7xx_hal_dma_ex.o
#        E:\PTZ\IAR\PLC\EWARM\PLC\Obj\stm32f7xx_hal_dsi.o
#        E:\PTZ\IAR\PLC\EWARM\PLC\Obj\stm32f7xx_hal_flash.o
#        E:\PTZ\IAR\PLC\EWARM\PLC\Obj\stm32f7xx_hal_flash_ex.o
#        E:\PTZ\IAR\PLC\EWARM\PLC\Obj\stm32f7xx_hal_gpio.o
#        E:\PTZ\IAR\PLC\EWARM\PLC\Obj\stm32f7xx_hal_hcd.o
#        E:\PTZ\IAR\PLC\EWARM\PLC\Obj\stm32f7xx_hal_i2c.o
#        E:\PTZ\IAR\PLC\EWARM\PLC\Obj\stm32f7xx_hal_i2c_ex.o
#        E:\PTZ\IAR\PLC\EWARM\PLC\Obj\stm32f7xx_hal_ltdc.o
#        E:\PTZ\IAR\PLC\EWARM\PLC\Obj\stm32f7xx_hal_ltdc_ex.o
#        E:\PTZ\IAR\PLC\EWARM\PLC\Obj\stm32f7xx_hal_msp.o
#        E:\PTZ\IAR\PLC\EWARM\PLC\Obj\stm32f7xx_hal_nand.o
#        E:\PTZ\IAR\PLC\EWARM\PLC\Obj\stm32f7xx_hal_pwr.o
#        E:\PTZ\IAR\PLC\EWARM\PLC\Obj\stm32f7xx_hal_pwr_ex.o
#        E:\PTZ\IAR\PLC\EWARM\PLC\Obj\stm32f7xx_hal_rcc.o
#        E:\PTZ\IAR\PLC\EWARM\PLC\Obj\stm32f7xx_hal_rcc_ex.o
#        E:\PTZ\IAR\PLC\EWARM\PLC\Obj\stm32f7xx_hal_sd.o
#        E:\PTZ\IAR\PLC\EWARM\PLC\Obj\stm32f7xx_hal_sdram.o
#        E:\PTZ\IAR\PLC\EWARM\PLC\Obj\stm32f7xx_hal_spi.o
#        E:\PTZ\IAR\PLC\EWARM\PLC\Obj\stm32f7xx_hal_tim.o
#        E:\PTZ\IAR\PLC\EWARM\PLC\Obj\stm32f7xx_hal_tim_ex.o
#        E:\PTZ\IAR\PLC\EWARM\PLC\Obj\stm32f7xx_hal_uart.o
#        E:\PTZ\IAR\PLC\EWARM\PLC\Obj\stm32f7xx_it.o
#        E:\PTZ\IAR\PLC\EWARM\PLC\Obj\stm32f7xx_ll_fmc.o
#        E:\PTZ\IAR\PLC\EWARM\PLC\Obj\stm32f7xx_ll_sdmmc.o
#        E:\PTZ\IAR\PLC\EWARM\PLC\Obj\stm32f7xx_ll_usb.o
#        E:\PTZ\IAR\PLC\EWARM\PLC\Obj\stmpe811.o
#        E:\PTZ\IAR\PLC\EWARM\PLC\Obj\syscall.o
#        E:\PTZ\IAR\PLC\EWARM\PLC\Obj\system_stm32f7xx.o
#        E:\PTZ\IAR\PLC\EWARM\PLC\Obj\tim.o
#        E:\PTZ\IAR\PLC\EWARM\PLC\Obj\timer11.o
#        E:\PTZ\IAR\PLC\EWARM\PLC\Obj\timer13.o
#        E:\PTZ\IAR\PLC\EWARM\PLC\Obj\timer14.o
#        E:\PTZ\IAR\PLC\EWARM\PLC\Obj\tw8819.o
#        E:\PTZ\IAR\PLC\EWARM\PLC\Obj\usart.o
#        E:\PTZ\IAR\PLC\EWARM\PLC\Obj\usb_host.o
#        E:\PTZ\IAR\PLC\EWARM\PLC\Obj\usbh_conf.o
#        E:\PTZ\IAR\PLC\EWARM\PLC\Obj\usbh_core.o
#        E:\PTZ\IAR\PLC\EWARM\PLC\Obj\usbh_ctlreq.o
#        E:\PTZ\IAR\PLC\EWARM\PLC\Obj\usbh_diskio.o
#        E:\PTZ\IAR\PLC\EWARM\PLC\Obj\usbh_ioreq.o
#        E:\PTZ\IAR\PLC\EWARM\PLC\Obj\usbh_msc.o
#        E:\PTZ\IAR\PLC\EWARM\PLC\Obj\usbh_msc_bot.o
#        E:\PTZ\IAR\PLC\EWARM\PLC\Obj\usbh_msc_scsi.o
#        E:\PTZ\IAR\PLC\EWARM\PLC\Obj\usbh_pipes.o
#        E:\PTZ\IAR\PLC\EWARM\PLC\Obj\video.o --redirect _Printf=_PrintfFull
#        --redirect _Scanf=_ScanfFull -o E:\PTZ\IAR\PLC\EWARM\PLC\Exe\PLC.out
#        --map E:\PTZ\IAR\PLC\EWARM\PLC\List\PLC.map --config
#        E:\PTZ\IAR\PLC\EWARM/stm32f746xx_flash.icf --semihosting --entry
#        __iar_program_start "D:\Program Files\IAR Systems\Embedded Workbench
#        7.5\arm\CMSIS\Lib\IAR\iar_cortexM7ls_math.a" --vfe
#
###############################################################################

*******************************************************************************
*** RUNTIME MODEL ATTRIBUTES
***

CppFlavor       = *
__Heap_Handler  = DLMalloc
__SystemLibrary = DLib


*******************************************************************************
*** PLACEMENT SUMMARY
***

"A0":  place at 0x08000000 { ro section .intvec };
"P1":  place in [from 0x08000000 to 0x080fffff] { ro };
"P2":  place in [from 0x20000000 to 0x2004ffff] { rw, block CSTACK, block HEAP };
do not initialize { section .noinit };
initialize by copy { rw };

  Section            Kind        Address       Size  Object
  -------            ----        -------       ----  ------
"A0":                                         0x1c8
  .intvec            ro code  0x08000000      0x1c8  startup_stm32f746xx.o [1]
                            - 0x080001c8      0x1c8

"P1":                                       0x1ec59
  .rodata            const    0x080001c8     0x2560  OSDFont.o [1]
  .rodata            const    0x08002728     0x1f5c  RIAD_16pt.o [1]
  .text              ro code  0x08004684     0x1e6a  ff.o [1]
  .text              ro code  0x080064ee        0xa  xsprout.o [3]
  .text              ro code  0x080064f8       0xf8  diskio.o [1]
  .text              ro code  0x080065f0       0x38  fatfs.o [1]
  .text              ro code  0x08006628       0x70  ff_gen_drv.o [1]
  .rodata            const    0x08006698     0x1d4c  GOST_B_23_var.o [1]
  .rodata            const    0x080083e4     0x1878  OSDFont.o [1]
  .text              ro code  0x08009c5c     0x14f4  dlmalloc.o [3]
  .text              ro code  0x0800b150        0x6  abort.o [3]
  .text              ro code  0x0800b158       0x2c  xgetmemchunk.o [3]
  .text              ro code  0x0800b184       0x14  exit.o [6]
  .text              ro code  0x0800b198     0x1430  stm32f7xx_hal_sd.o [1]
  .text              ro code  0x0800c5c8       0xf0  sdmmc.o [1]
  .text              ro code  0x0800c6b8       0x76  ABImemcpy_unaligned.o [5]
  .text              ro code  0x0800c730       0xce  stm32f7xx_ll_sdmmc.o [1]
  .text              ro code  0x0800c7fe       0x1a  stm32f7xx_hal.o [1]
  .text              ro code  0x0800c818      0x3fc  stm32f7xx_hal_gpio.o [1]
  .text              ro code  0x0800cc14        0xc  stm32f7xx_hal.o [1]
  .text              ro code  0x0800cc20       0x58  interrupts.o [1]
  .text              ro code  0x0800cc78      0x134  timer14.o [1]
  .text              ro code  0x0800cdac      0x4f0  stmpe811.o [1]
  .text              ro code  0x0800d29c      0xff4  PTZinterface.o [1]
  .text              ro code  0x0800e290     0x1192  stm32f7xx_hal_i2c.o [1]
  .text              ro code  0x0800f424      0x240  core.o [1]
  .text              ro code  0x0800f664      0x870  gui.o [1]
  .text              ro code  0x0800fed4      0x35c  calculations.o [1]
  .text              ro code  0x08010230      0x190  rtc.o [1]
  .text              ro code  0x080103c0      0x2c0  video.o [1]
  .text              ro code  0x08010680     0x1390  lcd.o [1]
  .text              ro code  0x08011a10      0x118  memory.o [1]
  .text              ro code  0x08011b28       0xc4  i2c.o [1]
  .text              ro code  0x08011bec        0x2  stm32f7xx_hal_i2c.o [1]
  .text              ro code  0x08011bee        0x2  stm32f7xx_hal_i2c.o [1]
  .text              ro code  0x08011bf0        0x2  stm32f7xx_hal_i2c.o [1]
  .text              ro code  0x08011bf2        0x2  stm32f7xx_hal_i2c.o [1]
  .text              ro code  0x08011bf4      0x406  stm32f7xx_hal_dma.o [1]
  .text              ro code  0x08011ffa        0x2  stm32f7xx_hal_i2c.o [1]
  .text              ro code  0x08011ffc        0x2  stm32f7xx_hal_i2c.o [1]
  .text              ro code  0x08012000      0x548  stm32f7xx_hal_ltdc.o [1]
  .text              ro code  0x08012548       0x4e  FltToDbl.o [4]
  .text              ro code  0x08012598      0x1a2  DblMul.o [4]
  .text              ro code  0x0801273c       0x90  DblToFlt.o [4]
  .text              ro code  0x080127cc      0x57c  stm32f7xx_hal_dma2d.o [1]
  .text              ro code  0x08012d48      0x20a  tw8819.o [1]
  .text              ro code  0x08012f54      0x2d8  OSDFont.o [1]
  .text              ro code  0x0801322c       0xb4  DispInfo.o [1]
  .text              ro code  0x080132e0      0x142  stm32f7xx_hal_dac.o [1]
  .text              ro code  0x08013422      0x164  stm32f7xx_hal_nand.o [1]
  .text              ro code  0x08013588       0x34  sprintf.o [3]
  .text              ro code  0x080135bc       0xca  stm32f7xx_hal_sdram.o [1]
  .text              ro code  0x08013686       0x64  stm32f7xx_hal_i2c_ex.o [1]
  .text              ro code  0x080136ec      0x18e  stm32f7xx_hal_cortex.o [1]
  .text              ro code  0x0801387c      0x280  ltdc.o [1]
  .text              ro code  0x08013afc        0x2  stm32f7xx_hal_ltdc.o [1]
  .text              ro code  0x08013afe        0x2  stm32f7xx_hal_ltdc.o [1]
  .text              ro code  0x08013b00        0x2  stm32f7xx_hal_ltdc.o [1]
  .text              ro code  0x08013b04       0x68  dma2d.o [1]
  .text              ro code  0x08013b6c        0x2  stm32f7xx_hal_dma2d.o [1]
  .text              ro code  0x08013b6e        0x2  stm32f7xx_hal_dma2d.o [1]
  .text              ro code  0x08013b70      0x23c  OSDBasic.o [1]
  .text              ro code  0x08013dac       0xac  dac.o [1]
  .text              ro code  0x08013e58      0x20c  fmc.o [1]
  .text              ro code  0x08014064      0x20e  stm32f7xx_ll_fmc.o [1]
  .text              ro code  0x08014272        0x2  stm32f7xx_hal_nand.o [1]
  .text              ro code  0x08014274      0xdca  xprintffull.o [3]
  .text              ro code  0x0801503e        0x2  stm32f7xx_hal_sdram.o [1]
  .text              ro code  0x08015040       0x16  strchr.o [5]
  .text              ro code  0x08015058       0x36  strlen.o [5]
  .text              ro code  0x08015090       0x58  memchr.o [5]
  .text              ro code  0x080150e8       0xee  I64DivMod.o [5]
  .text              ro code  0x080151d6       0x44  xdnorm.o [4]
  .text              ro code  0x0801521c       0x2e  DblCmpLe.o [4]
  .text              ro code  0x0801524c       0x2e  DblCmpGe.o [4]
  .text              ro code  0x0801527c      0x114  xdscale.o [4]
  .text              ro code  0x08015390       0x58  DblToI32.o [4]
  .text              ro code  0x080153e8       0x30  I32ToDbl.o [4]
  .text              ro code  0x08015418      0x180  DblSub.o [4]
  .text              ro code  0x08015598      0x256  DblDiv.o [4]
  .text              ro code  0x080157ee        0xe  div.o [3]
  .text              ro code  0x080157fc        0x2  I64DivZer.o [5]
  .text              ro code  0x08015800       0xd4  DblAdd.o [4]
  .text              ro code  0x080158d4     0x11c4  stm32f7xx_hal_hcd.o [1]
  .text              ro code  0x08016a98      0x2dc  usbh_conf.o [1]
  .text              ro code  0x08016d74      0x9c4  stm32f7xx_ll_usb.o [1]
  .text              ro code  0x08017738      0x59e  usbh_core.o [1]
  .text              ro code  0x08017cd6       0xd4  usbh_pipes.o [1]
  .text              ro code  0x08017daa      0x5ec  usbh_ctlreq.o [1]
  .text              ro code  0x08018396      0x10e  usbh_ioreq.o [1]
  .text              ro code  0x080184a4      0x970  usbh_msc.o [1]
  .text              ro code  0x08018e14      0x448  usbh_msc_bot.o [1]
  .text              ro code  0x0801925c       0x66  ABImemset.o [5]
  .text              ro code  0x080192c2      0x480  usbh_msc_scsi.o [1]
  .text              ro code  0x08019744      0x8a8  stm32f7xx_hal_uart.o [1]
  .text              ro code  0x08019fec      0x1d8  usart.o [1]
  .text              ro code  0x0801a1c4        0x2  stm32f7xx_hal_uart.o [1]
  .text              ro code  0x0801a1c6        0x2  stm32f7xx_hal_uart.o [1]
  .text              ro code  0x0801a1c8        0x2  stm32f7xx_hal_uart.o [1]
  .text              ro code  0x0801a1cc      0x6e8  stm32f7xx_hal_rcc.o [1]
  .text              ro code  0x0801a8b4       0x28  stm32f7xx_hal.o [1]
  .text              ro code  0x0801a8dc      0x7fc  stm32f7xx_hal_rcc_ex.o [1]
  .rodata            const    0x0801b0d8      0x700  GOST_B_23_var.o [1]
  .rodata            const    0x0801b7d8      0x700  RIAD_16pt.o [1]
  .text              ro code  0x0801bed8      0x58c  stm32f7xx_hal_can.o [1]
  .text              ro code  0x0801c464      0x1bc  can.o [1]
  .text              ro code  0x0801c620        0x2  stm32f7xx_hal_can.o [1]
  .text              ro code  0x0801c622        0x2  stm32f7xx_hal_can.o [1]
  .text              ro code  0x0801c624        0x2  stm32f7xx_hal_can.o [1]
  .text              ro code  0x0801c628      0x388  stm32f7xx_hal_adc.o [1]
  .text              ro code  0x0801c9b0       0xb4  adc.o [1]
  .text              ro code  0x0801ca64      0x36c  gpio.o [1]
  .text              ro code  0x0801cdd0      0x2d8  stm32f7xx_hal_tim.o [1]
  .text              ro code  0x0801d0a8      0x200  tim.o [1]
  .text              ro code  0x0801d2a8        0x2  stm32f7xx_hal_tim.o [1]
  .text              ro code  0x0801d2aa        0x2  stm32f7xx_hal_tim.o [1]
  .text              ro code  0x0801d2ac        0x2  stm32f7xx_hal_tim.o [1]
  .text              ro code  0x0801d2ae        0x2  stm32f7xx_hal_tim.o [1]
  .text              ro code  0x0801d2b0        0x2  stm32f7xx_hal_tim_ex.o [1]
  .text              ro code  0x0801d2b2        0x2  stm32f7xx_hal_tim.o [1]
  .text              ro code  0x0801d2b4        0x2  stm32f7xx_hal_tim_ex.o [1]
  .text              ro code  0x0801d2b8       0x68  stm32f7xx_hal_tim_ex.o [1]
  .text              ro code  0x0801d320      0x288  keyboard.o [1]
  .text              ro code  0x0801d5a8      0x238  timer13.o [1]
  .text              ro code  0x0801d7e0       0x3c  sound.o [1]
  .rodata            const    0x0801d81c      0x200  calculations.o [1]
  .text              ro code  0x0801da1c      0x200  main.o [1]
  .text              ro code  0x0801dc1c       0x28  stm32f7xx_hal.o [1]
  .text              ro code  0x0801dc44       0x40  dma.o [1]
  .text              ro code  0x0801dc84      0x200  spi.o [1]
  .text              ro code  0x0801de84       0x68  usb_host.o [1]
  .text              ro code  0x0801deec       0x54  initial.o [1]
  .text              ro code  0x0801df40       0x84  stm32f7xx_hal_pwr_ex.o [1]
  .text              ro code  0x0801dfc4       0x46  stm32f7xx_hal_msp.o [1]
  .text              ro code  0x0801e00c       0xba  stm32f7xx_hal_spi.o [1]
  .text              ro code  0x0801e0c8       0x98  timer11.o [1]
  .text              ro code  0x0801e160       0x2c  leds.o [1]
  .text              ro code  0x0801e18c      0x1bc  usbh_diskio.o [1]
  .text              ro code  0x0801e348      0x124  sd_diskio.o [1]
  .text              ro code  0x0801e46c       0xd0  bsp_driver_sd.o [1]
  .rodata            const    0x0801e53c       0xe8  PTZinterface.o [1]
  .text              ro code  0x0801e624       0xe4  stm32f7xx_it.o [1]
  .text              ro code  0x0801e708       0x10  stm32f7xx_hal.o [1]
  .rodata            const    0x0801e718       0x80  ff.o [1]
  .text              ro code  0x0801e798       0x6c  system_stm32f7xx.o [1]
  .rodata            const    0x0801e804       0x50  OSDFont.o [1]
  .text              ro code  0x0801e854       0x40  zero_init3.o [5]
  .text              ro code  0x0801e894       0x38  packbits_init_single.o [5]
  .rodata            const    0x0801e8cc       0x28  memory.o [1]
  .rodata            const    0x0801e8f4       0x28  OSDinitTable.o [1]
  .text              ro code  0x0801e91c       0x28  data_init.o [5]
  .text              ro code  0x0801e944       0x22  fpinit_M.o [4]
  .iar.init_table    const    0x0801e968       0x20  - Linker created -
  .rodata            const    0x0801e988       0x20  PTZinterface.o [1]
  .text              ro code  0x0801e9a8       0x1a  cmain.o [5]
  .text              ro code  0x0801e9c2        0x4  low_level_init.o [3]
  .text              ro code  0x0801e9c6        0x4  exit.o [3]
  .text              ro code  0x0801e9cc        0xa  cexit.o [5]
  .rodata            const    0x0801e9d8       0x14  sd_diskio.o [1]
  .rodata            const    0x0801e9ec       0x14  usbh_diskio.o [1]
  .rodata            const    0x0801ea00       0x10  ff.o [1]
  .rodata            const    0x0801ea10       0x10  PTZinterface.o [1]
  .rodata            const    0x0801ea20       0x10  PTZinterface.o [1]
  .rodata            const    0x0801ea30       0x10  PTZinterface.o [1]
  .rodata            const    0x0801ea40       0x10  PTZinterface.o [1]
  .rodata            const    0x0801ea50       0x10  system_stm32f7xx.o [1]
  .text              ro code  0x0801ea60       0x10  startup_stm32f746xx.o [1]
  .text              ro code  0x0801ea70        0xc  cstartup_M.o [5]
  .rodata            const    0x0801ea7c        0x8  DispInfo.o [1]
  .rodata            const    0x0801ea84        0x8  keyboard.o [1]
  .rodata            const    0x0801ea8c        0x8  stm32f7xx_hal_dma.o [1]
  .rodata            const    0x0801ea94        0x8  system_stm32f7xx.o [1]
  .rodata            const    0x0801ea9c        0x8  video.o [1]
  .rodata            const    0x0801eaa4        0x8  video.o [1]
  .rodata            const    0x0801eaac        0x4  OSDFont.o [1]
  .rodata            const    0x0801eab0        0x4  PTZinterface.o [1]
  .rodata            const    0x0801eab4        0x4  PTZinterface.o [1]
  .rodata            const    0x0801eab8        0x4  PTZinterface.o [1]
  .rodata            const    0x0801eabc        0x4  PTZinterface.o [1]
  .rodata            const    0x0801eac0        0x4  usbh_msc.o [1]
  .text              ro code  0x0801eac4        0x4  startup_stm32f746xx.o [1]
  .text              ro code  0x0801eac8        0x4  startup_stm32f746xx.o [1]
  .text              ro code  0x0801eacc        0x4  startup_stm32f746xx.o [1]
  .text              ro code  0x0801ead0        0x4  startup_stm32f746xx.o [1]
  .text              ro code  0x0801ead4        0x4  startup_stm32f746xx.o [1]
  .text              ro code  0x0801ead8        0x4  startup_stm32f746xx.o [1]
  .text              ro code  0x0801eadc        0x4  startup_stm32f746xx.o [1]
  .text              ro code  0x0801eae0        0x4  startup_stm32f746xx.o [1]
  .text              ro code  0x0801eae4        0x4  startup_stm32f746xx.o [1]
  .text              ro code  0x0801eae8        0x4  startup_stm32f746xx.o [1]
  .text              ro code  0x0801eaec        0x4  startup_stm32f746xx.o [1]
  .text              ro code  0x0801eaf0        0x4  startup_stm32f746xx.o [1]
  .text              ro code  0x0801eaf4        0x4  startup_stm32f746xx.o [1]
  .text              ro code  0x0801eaf8        0x4  startup_stm32f746xx.o [1]
  .text              ro code  0x0801eafc        0x4  startup_stm32f746xx.o [1]
  .text              ro code  0x0801eb00        0x4  startup_stm32f746xx.o [1]
  .text              ro code  0x0801eb04        0x4  startup_stm32f746xx.o [1]
  .text              ro code  0x0801eb08        0x4  startup_stm32f746xx.o [1]
  .text              ro code  0x0801eb0c        0x4  startup_stm32f746xx.o [1]
  .text              ro code  0x0801eb10        0x4  startup_stm32f746xx.o [1]
  .text              ro code  0x0801eb14        0x4  startup_stm32f746xx.o [1]
  .text              ro code  0x0801eb18        0x4  startup_stm32f746xx.o [1]
  .text              ro code  0x0801eb1c        0x4  startup_stm32f746xx.o [1]
  .text              ro code  0x0801eb20        0x4  startup_stm32f746xx.o [1]
  .text              ro code  0x0801eb24        0x4  startup_stm32f746xx.o [1]
  .text              ro code  0x0801eb28        0x4  startup_stm32f746xx.o [1]
  .text              ro code  0x0801eb2c        0x4  startup_stm32f746xx.o [1]
  .text              ro code  0x0801eb30        0x4  startup_stm32f746xx.o [1]
  .text              ro code  0x0801eb34        0x4  startup_stm32f746xx.o [1]
  .text              ro code  0x0801eb38        0x4  startup_stm32f746xx.o [1]
  .text              ro code  0x0801eb3c        0x4  startup_stm32f746xx.o [1]
  .text              ro code  0x0801eb40        0x4  startup_stm32f746xx.o [1]
  .text              ro code  0x0801eb44        0x4  startup_stm32f746xx.o [1]
  .text              ro code  0x0801eb48        0x4  startup_stm32f746xx.o [1]
  .text              ro code  0x0801eb4c        0x4  startup_stm32f746xx.o [1]
  .text              ro code  0x0801eb50        0x4  startup_stm32f746xx.o [1]
  .text              ro code  0x0801eb54        0x4  startup_stm32f746xx.o [1]
  .text              ro code  0x0801eb58        0x4  startup_stm32f746xx.o [1]
  .text              ro code  0x0801eb5c        0x4  startup_stm32f746xx.o [1]
  .text              ro code  0x0801eb60        0x4  startup_stm32f746xx.o [1]
  .text              ro code  0x0801eb64        0x4  startup_stm32f746xx.o [1]
  .text              ro code  0x0801eb68        0x4  startup_stm32f746xx.o [1]
  .text              ro code  0x0801eb6c        0x4  startup_stm32f746xx.o [1]
  .text              ro code  0x0801eb70        0x4  startup_stm32f746xx.o [1]
  .text              ro code  0x0801eb74        0x4  startup_stm32f746xx.o [1]
  .text              ro code  0x0801eb78        0x4  startup_stm32f746xx.o [1]
  .text              ro code  0x0801eb7c        0x4  startup_stm32f746xx.o [1]
  .text              ro code  0x0801eb80        0x4  startup_stm32f746xx.o [1]
  .text              ro code  0x0801eb84        0x4  startup_stm32f746xx.o [1]
  .text              ro code  0x0801eb88        0x4  startup_stm32f746xx.o [1]
  .text              ro code  0x0801eb8c        0x4  startup_stm32f746xx.o [1]
  .text              ro code  0x0801eb90        0x4  startup_stm32f746xx.o [1]
  .text              ro code  0x0801eb94        0x4  startup_stm32f746xx.o [1]
  .text              ro code  0x0801eb98        0x4  startup_stm32f746xx.o [1]
  .text              ro code  0x0801eb9c        0x4  startup_stm32f746xx.o [1]
  .text              ro code  0x0801eba0        0x4  startup_stm32f746xx.o [1]
  .text              ro code  0x0801eba4        0x4  startup_stm32f746xx.o [1]
  .text              ro code  0x0801eba8        0x4  startup_stm32f746xx.o [1]
  .text              ro code  0x0801ebac        0x4  startup_stm32f746xx.o [1]
  .text              ro code  0x0801ebb0        0x4  startup_stm32f746xx.o [1]
  .text              ro code  0x0801ebb4        0x4  startup_stm32f746xx.o [1]
  .text              ro code  0x0801ebb8        0x4  startup_stm32f746xx.o [1]
  .text              ro code  0x0801ebbc        0x4  startup_stm32f746xx.o [1]
  .text              ro code  0x0801ebc0        0x4  startup_stm32f746xx.o [1]
  .text              ro code  0x0801ebc4        0x4  startup_stm32f746xx.o [1]
  .text              ro code  0x0801ebc8        0x4  startup_stm32f746xx.o [1]
  .text              ro code  0x0801ebcc        0x4  startup_stm32f746xx.o [1]
  .text              ro code  0x0801ebd0        0x4  startup_stm32f746xx.o [1]
  .text              ro code  0x0801ebd4        0x4  startup_stm32f746xx.o [1]
  .text              ro code  0x0801ebd8        0x4  startup_stm32f746xx.o [1]
  .text              ro code  0x0801ebdc        0x4  startup_stm32f746xx.o [1]
  .text              ro code  0x0801ebe0        0x4  startup_stm32f746xx.o [1]
  .text              ro code  0x0801ebe4        0x4  startup_stm32f746xx.o [1]
  .text              ro code  0x0801ebe8        0x4  startup_stm32f746xx.o [1]
  .text              ro code  0x0801ebec        0x4  startup_stm32f746xx.o [1]
  .text              ro code  0x0801ebf0        0x4  startup_stm32f746xx.o [1]
  .text              ro code  0x0801ebf4        0x4  startup_stm32f746xx.o [1]
  .text              ro code  0x0801ebf8        0x4  startup_stm32f746xx.o [1]
  .text              ro code  0x0801ebfc        0x4  startup_stm32f746xx.o [1]
  .text              ro code  0x0801ec00        0x4  startup_stm32f746xx.o [1]
  .text              ro code  0x0801ec04        0x4  startup_stm32f746xx.o [1]
  .text              ro code  0x0801ec08        0x4  startup_stm32f746xx.o [1]
  .text              ro code  0x0801ec0c        0x4  startup_stm32f746xx.o [1]
  .text              ro code  0x0801ec10        0x4  startup_stm32f746xx.o [1]
  .text              ro code  0x0801ec14        0x4  startup_stm32f746xx.o [1]
  .text              ro code  0x0801ec18        0x4  startup_stm32f746xx.o [1]
  .rodata            const    0x0801ec1c        0x0  zero_init3.o [5]
  .rodata            const    0x0801ec1c        0x0  packbits_init_single.o [5]
  Initializer bytes  const    0x0801ec1c      0x205  <for P2-1>
                            - 0x0801ee21    0x1ec59

"P2", part 1 of 3:                            0x4f0
  P2-1                        0x20000000      0x4f0  <Init block>
    .data            inited   0x20000000      0x100  core.o [1]
    .data            inited   0x20000100      0x100  core.o [1]
    .data            inited   0x20000200      0x100  core.o [1]
    .data            inited   0x20000300        0xc  GOST_B_23_var.o [1]
    .data            inited   0x2000030c        0x8  PTZinterface.o [1]
    .data            inited   0x20000314        0x8  PTZinterface.o [1]
    .data            inited   0x2000031c        0x8  PTZinterface.o [1]
    .data            inited   0x20000324        0x8  PTZinterface.o [1]
    .data            inited   0x2000032c        0x8  PTZinterface.o [1]
    .data            inited   0x20000334        0x8  PTZinterface.o [1]
    .data            inited   0x2000033c        0xc  PTZinterface.o [1]
    .data            inited   0x20000348        0xc  PTZinterface.o [1]
    .data            inited   0x20000354        0x8  PTZinterface.o [1]
    .data            inited   0x2000035c        0xc  RIAD_16pt.o [1]
    .data            inited   0x20000368        0xc  stmpe811.o [1]
    .data            inited   0x20000374        0x4  system_stm32f7xx.o [1]
    .data            inited   0x20000378      0x14c  tw8819.o [1]
    .data            inited   0x200004c4       0x20  usbh_msc.o [1]
    .data            inited   0x200004e4        0x4  video.o [1]
    .data            inited   0x200004e8        0x2  keyboard.o [1]
    .data            inited   0x200004ea        0x2  tw8819.o [1]
    .data            inited   0x200004ec        0x1  keyboard.o [1]
    .data            inited   0x200004ed        0x1  sd_diskio.o [1]
    .data            inited   0x200004ee        0x1  spi.o [1]
    .data            inited   0x200004ef        0x1  spi.o [1]
                            - 0x200004f0      0x4f0

"P2", part 2 of 3:                           0x4000
  CSTACK                      0x200004f0     0x2000  <Block>
    CSTACK           uninit   0x200004f0     0x2000  <Block tail>
  HEAP                        0x200024f0     0x2000  <Block>
    HEAP             uninit   0x200024f0     0x2000  <Block tail>
                            - 0x200044f0     0x4000

"P2", part 3 of 3:                           0x62a0
  .bss               zero     0x200044f0     0x2ee0  gui.o [1]
  .bss               zero     0x200073d0     0x1030  memory.o [1]
  .bss               zero     0x20008400      0xe14  PTZinterface.o [1]
  .bss               zero     0x20009214      0x3c8  usb_host.o [1]
  .bss               zero     0x200095dc      0x2d0  PTZinterface.o [1]
  .bss               zero     0x200098ac      0x294  usbh_conf.o [1]
  .bss               zero     0x20009b40      0x1d8  dlmalloc.o [3]
  .bss               zero     0x20009d18      0x140  PTZinterface.o [1]
  .bss               zero     0x20009e58       0xa8  ltdc.o [1]
  .bss               zero     0x20009f00       0x80  PTZinterface.o [1]
  .bss               zero     0x20009f80       0x70  usart.o [1]
  .bss               zero     0x20009ff0       0x70  usart.o [1]
  .bss               zero     0x2000a060       0x70  usart.o [1]
  .bss               zero     0x2000a0d0       0x64  spi.o [1]
  .bss               zero     0x2000a134       0x60  calculations.o [1]
  .bss               zero     0x2000a194       0x60  sdmmc.o [1]
  .bss               zero     0x2000a1f4       0x60  spi.o [1]
  .bss               zero     0x2000a254       0x60  spi.o [1]
  .bss               zero     0x2000a2b4       0x4c  i2c.o [1]
  .bss               zero     0x2000a300       0x58  sdmmc.o [1]
  .bss               zero     0x2000a358       0x48  adc.o [1]
  .bss               zero     0x2000a3a0       0x40  can.o [1]
  .bss               zero     0x2000a3e0       0x40  can.o [1]
  .bss               zero     0x2000a420       0x40  dma2d.o [1]
  .bss               zero     0x2000a460       0x3c  tim.o [1]
  .bss               zero     0x2000a49c       0x3c  tim.o [1]
  .bss               zero     0x2000a4d8       0x3c  tim.o [1]
  .bss               zero     0x2000a514       0x3c  tim.o [1]
  .bss               zero     0x2000a550       0x3c  tim.o [1]
  .bss               zero     0x2000a58c       0x38  fmc.o [1]
  .bss               zero     0x2000a5c4       0x34  fmc.o [1]
  .bss               zero     0x2000a5f8       0x28  gui.o [1]
  .bss               zero     0x2000a620       0x28  PTZinterface.o [1]
  .bss               zero     0x2000a648       0x18  ff.o [1]
  .bss               zero     0x2000a660       0x18  lcd.o [1]
  .bss               zero     0x2000a678       0x18  dlmalloc.o [3]
  .bss               zero     0x2000a690       0x14  dac.o [1]
  .bss               zero     0x2000a6a4       0x14  ff_gen_drv.o [1]
  .bss               zero     0x2000a6b8        0xc  ff.o [1]
  .bss               zero     0x2000a6c4        0xc  lcd.o [1]
  .bss               zero     0x2000a6d0        0x8  PTZinterface.o [1]
  .bss               zero     0x2000a6d8        0x8  PTZinterface.o [1]
  .bss               zero     0x2000a6e0        0x8  sound.o [1]
  .bss               zero     0x2000a6e8        0x8  stmpe811.o [1]
  .bss               zero     0x2000a6f0        0x4  can.o [1]
  .bss               zero     0x2000a6f4        0x4  fatfs.o [1]
  .bss               zero     0x2000a6f8        0x4  fatfs.o [1]
  .bss               zero     0x2000a6fc        0x4  fmc.o [1]
  .bss               zero     0x2000a700        0x4  gui.o [1]
  .bss               zero     0x2000a704        0x4  gui.o [1]
  .bss               zero     0x2000a708        0x4  gui.o [1]
  .bss               zero     0x2000a70c        0x4  gui.o [1]
  .bss               zero     0x2000a710        0x4  keyboard.o [1]
  .bss               zero     0x2000a714        0x4  keyboard.o [1]
  .bss               zero     0x2000a718        0x4  lcd.o [1]
  .bss               zero     0x2000a71c        0x4  lcd.o [1]
  .bss               zero     0x2000a720        0x4  lcd.o [1]
  .bss               zero     0x2000a724        0x4  lcd.o [1]
  .bss               zero     0x2000a728        0x4  lcd.o [1]
  .bss               zero     0x2000a72c        0x4  lcd.o [1]
  .bss               zero     0x2000a730        0x4  lcd.o [1]
  .bss               zero     0x2000a734        0x4  lcd.o [1]
  .bss               zero     0x2000a738        0x4  lcd.o [1]
  .bss               zero     0x2000a73c        0x4  lcd.o [1]
  .bss               zero     0x2000a740        0x4  lcd.o [1]
  .bss               zero     0x2000a744        0x4  lcd.o [1]
  .bss               zero     0x2000a748        0x4  PTZinterface.o [1]
  .bss               zero     0x2000a74c        0x4  stm32f7xx_hal.o [1]
  .bss               zero     0x2000a750        0x4  stmpe811.o [1]
  .bss               zero     0x2000a754        0x4  stmpe811.o [1]
  .bss               zero     0x2000a758        0x4  timer13.o [1]
  .bss               zero     0x2000a75c        0x4  timer13.o [1]
  .bss               zero     0x2000a760        0x4  timer14.o [1]
  .bss               zero     0x2000a764        0x4  xgetmemchunk.o [3]
  .bss               zero     0x2000a768        0x2  ff.o [1]
  .bss               zero     0x2000a76a        0x2  PTZinterface.o [1]
  .bss               zero     0x2000a76c        0x2  tw8819.o [1]
  .bss               zero     0x2000a76e        0x1  core.o [1]
  .bss               zero     0x2000a76f        0x1  core.o [1]
  .bss               zero     0x2000a770        0x1  core.o [1]
  .bss               zero     0x2000a771        0x1  core.o [1]
  .bss               zero     0x2000a772        0x1  core.o [1]
  .bss               zero     0x2000a773        0x1  core.o [1]
  .bss               zero     0x2000a774        0x1  core.o [1]
  .bss               zero     0x2000a775        0x1  core.o [1]
  .bss               zero     0x2000a776        0x1  core.o [1]
  .bss               zero     0x2000a777        0x1  core.o [1]
  .bss               zero     0x2000a778        0x1  core.o [1]
  .bss               zero     0x2000a779        0x1  DispInfo.o [1]
  .bss               zero     0x2000a77a        0x1  fatfs.o [1]
  .bss               zero     0x2000a77b        0x1  fatfs.o [1]
  .bss               zero     0x2000a77c        0x1  keyboard.o [1]
  .bss               zero     0x2000a77d        0x1  keyboard.o [1]
  .bss               zero     0x2000a77e        0x1  keyboard.o [1]
  .bss               zero     0x2000a77f        0x1  keyboard.o [1]
  .bss               zero     0x2000a780        0x1  lcd.o [1]
  .bss               zero     0x2000a781        0x1  PTZinterface.o [1]
  .bss               zero     0x2000a782        0x1  PTZinterface.o [1]
  .bss               zero     0x2000a783        0x1  PTZinterface.o [1]
  .bss               zero     0x2000a784        0x1  PTZinterface.o [1]
  .bss               zero     0x2000a785        0x1  rtc.o [1]
  .bss               zero     0x2000a786        0x1  spi.o [1]
  .bss               zero     0x2000a787        0x1  stmpe811.o [1]
  .bss               zero     0x2000a788        0x1  timer13.o [1]
  .bss               zero     0x2000a789        0x1  timer14.o [1]
  .bss               zero     0x2000a78a        0x1  usb_host.o [1]
  .bss               zero     0x2000a78b        0x1  video.o [1]
  .bss               zero     0x2000a78c        0x1  video.o [1]
                            - 0x2000a78d     0x629d

Absolute sections:                        0x2000000
  .noinit            uninit   0xc0000000  0x2000000  memory.o [1]
                            - 0xc2000000  0x2000000


*******************************************************************************
*** INIT TABLE
***

          Address     Size
          -------     ----
Zero (__iar_zero_init3)
    1 destination range, total size 0x629d:
          0x200044f0  0x629d

Copy/packbits (__iar_packbits_init_single3)
    1 source range, total size 0x205 (40% of destination):
          0x0801ec1c   0x205
    1 destination range, total size 0x4f0:
          0x20000000   0x4f0



*******************************************************************************
*** MODULE SUMMARY
***

    Module                  ro code  ro data  rw data     rw data
                                                           (abs)
    ------                  -------  -------  -------     -------
E:\PTZ\IAR\PLC\EWARM\PLC\Obj: [1]
    DispInfo.o                  180        8        1
    GOST_B_23_var.o                    9 297       12
    OSDBasic.o                  572
    OSDFont.o                   728   15 916
    OSDinitTable.o                        40
    PTZinterface.o            4 084      376    4 918
    RIAD_16pt.o                        9 825       12
    adc.o                       180                72
    bsp_driver_sd.o             208
    calculations.o              860      512       96
    can.o                       444               132
    core.o                      576      314      779
    dac.o                       172                20
    diskio.o                    248
    dma.o                        64
    dma2d.o                     104                64
    fatfs.o                      56                10
    ff.o                      7 786      144       38
    ff_gen_drv.o                112                20
    fmc.o                       524               112
    gpio.o                      876
    gui.o                     2 160            12 056
    i2c.o                       196                76
    initial.o                    84
    interrupts.o                 88
    keyboard.o                  648        9       15
    lcd.o                     5 008                85
    leds.o                       44
    ltdc.o                      640               168
    main.o                      512
    memory.o                    280       40    4 144  33 554 432
    rtc.o                       400                 1
    sd_diskio.o                 292       21        1
    sdmmc.o                     240               184
    sound.o                      60                 8
    spi.o                       512        1      295
    startup_stm32f746xx.o       816
    stm32f7xx_hal.o             134                 4
    stm32f7xx_hal_adc.o         904
    stm32f7xx_hal_can.o       1 426
    stm32f7xx_hal_cortex.o      398
    stm32f7xx_hal_dac.o         322
    stm32f7xx_hal_dma.o       1 030        8
    stm32f7xx_hal_dma2d.o     1 408
    stm32f7xx_hal_gpio.o      1 020
    stm32f7xx_hal_hcd.o       4 548
    stm32f7xx_hal_i2c.o       4 510
    stm32f7xx_hal_i2c_ex.o      100
    stm32f7xx_hal_ltdc.o      1 358
    stm32f7xx_hal_msp.o          70
    stm32f7xx_hal_nand.o        358
    stm32f7xx_hal_pwr_ex.o      132
    stm32f7xx_hal_rcc.o       1 768
    stm32f7xx_hal_rcc_ex.o    2 044
    stm32f7xx_hal_sd.o        5 168
    stm32f7xx_hal_sdram.o       204
    stm32f7xx_hal_spi.o         186
    stm32f7xx_hal_tim.o         738
    stm32f7xx_hal_tim_ex.o      108
    stm32f7xx_hal_uart.o      2 222
    stm32f7xx_it.o              228
    stm32f7xx_ll_fmc.o          526
    stm32f7xx_ll_sdmmc.o        206
    stm32f7xx_ll_usb.o        2 500
    stmpe811.o                1 264        5       29
    system_stm32f7xx.o          108       26        4
    tim.o                       512               300
    timer11.o                   152
    timer13.o                   568                 9
    timer14.o                   308                 5
    tw8819.o                    522      137      336
    usart.o                     472               336
    usb_host.o                  104               969
    usbh_conf.o                 732               660
    usbh_core.o               1 438
    usbh_ctlreq.o             1 516
    usbh_diskio.o               444       20
    usbh_ioreq.o                270
    usbh_msc.o                2 416       17       32
    usbh_msc_bot.o            1 096
    usbh_msc_scsi.o           1 152
    usbh_pipes.o                212
    video.o                     704       17        6
    -------------------------------------------------------------
    Total:                   77 360   36 733   26 009  33 554 432

command line: [2]
    -------------------------------------------------------------
    Total:

dl7M_tln.a: [3]
    abort.o                       6
    div.o                        14
    dlmalloc.o                5 364               496
    exit.o                        4
    low_level_init.o              4
    sprintf.o                    52
    xgetmemchunk.o               44                 4
    xprintffull.o             3 530
    xsprout.o                    10
    -------------------------------------------------------------
    Total:                    9 028               500

m7M_tls.a: [4]
    DblAdd.o                    212
    DblCmpGe.o                   46
    DblCmpLe.o                   46
    DblDiv.o                    598
    DblMul.o                    418
    DblSub.o                    384
    DblToFlt.o                  144
    DblToI32.o                   88
    FltToDbl.o                   78
    I32ToDbl.o                   48
    fpinit_M.o                   34
    xdnorm.o                     68
    xdscale.o                   276
    -------------------------------------------------------------
    Total:                    2 440

rt7M_tl.a: [5]
    ABImemcpy_unaligned.o       118
    ABImemset.o                 102
    I64DivMod.o                 238
    I64DivZer.o                   2
    cexit.o                      10
    cmain.o                      26
    cstartup_M.o                 12
    data_init.o                  40
    memchr.o                     88
    packbits_init_single.o       56
    strchr.o                     22
    strlen.o                     54
    zero_init3.o                 64
    -------------------------------------------------------------
    Total:                      832

shb_l.a: [6]
    exit.o                       20
    -------------------------------------------------------------
    Total:                       20

    Gaps                         48        4
    Linker created                        32   16 384
-----------------------------------------------------------------
    Grand Total:             89 728   36 769   42 893  33 554 432


*******************************************************************************
*** ENTRY LIST
***

Entry                      Address       Size  Type      Object
-----                      -------       ----  ----      ------
.iar.init_table$$Base   0x0801e968              --   Gb  - Linker created -
.iar.init_table$$Limit  0x0801e988              --   Gb  - Linker created -
?main                   0x0801e9a9             Code  Gb  cmain.o [5]
ADC_Init                0x0801c82f      0x166  Code  Lc  stm32f7xx_hal_adc.o [1]
AHBPrescTable           0x0801ea50       0x10  Data  Gb  system_stm32f7xx.o [1]
APBPrescTable           0x0801ea94        0x8  Data  Gb  system_stm32f7xx.o [1]
ActiveLayer             0x2000a718        0x4  Data  Lc  lcd.o [1]
Appli_state             0x2000a78a        0x1  Data  Gb  usb_host.o [1]
BIG_Arrow               0x0800e05b       0x16  Code  Gb  PTZinterface.o [1]
BSP_SD_GetCardInfo      0x0801e515        0xe  Code  Gb  bsp_driver_sd.o [1]
BSP_SD_GetStatus        0x0801e50b        0xa  Code  Gb  bsp_driver_sd.o [1]
BSP_SD_Init             0x0801e46d       0x3e  Code  Gb  bsp_driver_sd.o [1]
BSP_SD_IsDetected       0x0801e52d       0x10  Code  Gb  bsp_driver_sd.o [1]
BSP_SD_ReadBlocks       0x0801e4ab       0x30  Code  Gb  bsp_driver_sd.o [1]
BSP_SD_WriteBlocks      0x0801e4db       0x30  Code  Gb  bsp_driver_sd.o [1]
Bip                     0x0801d7e1       0x3c  Code  Gb  sound.o [1]
CAM_flag                0x2000a78c        0x1  Data  Gb  video.o [1]
CAN1_RX0_IRQHandler     0x0801e647        0xa  Code  Gb  stm32f7xx_it.o [1]
CAN1_RX1_IRQHandler     0x0801e651        0xa  Code  Gb  stm32f7xx_it.o [1]
CAN1_TX_IRQHandler      0x0801e63d        0xa  Code  Gb  stm32f7xx_it.o [1]
CAN_Receive_IT          0x0801c2f5      0x170  Code  Lc  stm32f7xx_hal_can.o [1]
CAN_Transmit_IT         0x0801c2b1       0x44  Code  Lc  stm32f7xx_hal_can.o [1]
CSTACK$$Base            0x200004f0              --   Gb  - Linker created -
CSTACK$$Limit           0x200024f0              --   Gb  - Linker created -
ClearDataCnt            0x08013cbf       0x7e  Code  Gb  OSDBasic.o [1]
ClearInput              0x080132b1       0x22  Code  Gb  DispInfo.o [1]
ClearOSDInfo            0x0801322d       0x12  Code  Gb  DispInfo.o [1]
DISP                    0x2000a6d8        0x8  Data  Gb  PTZinterface.o [1]
DMA1_Stream3_IRQHandler
                        0x0801de41       0x10  Code  Gb  spi.o [1]
DMA1_Stream4_IRQHandler
                        0x0801de31       0x10  Code  Gb  spi.o [1]
DMA2D_IRQHandler        0x0801e6d1        0xa  Code  Gb  stm32f7xx_it.o [1]
DMA2D_SetConfig         0x08012c31      0x118  Code  Lc  stm32f7xx_hal_dma2d.o [1]
DMA_CalcBaseAndBitshift
                        0x08011f07       0x30  Code  Lc  stm32f7xx_hal_dma.o [1]
DMA_CalcBaseAndBitshift::flagBitshiftOffset
                        0x0801ea8c        0x8  Data  Lc  stm32f7xx_hal_dma.o [1]
DMA_CheckFifoParam      0x08011f4d       0xae  Code  Lc  stm32f7xx_hal_dma.o [1]
DeInitStateMachine      0x08017773       0x5c  Code  Lc  usbh_core.o [1]
DealNumber              0x2000a789        0x1  Data  Gb  timer14.o [1]
DelayOnMediumQ          0x0800f60f       0x16  Code  Gb  core.o [1]
DisplayedOSD            0x2000a779        0x1  Data  Gb  DispInfo.o [1]
DrawAttrCnt             0x08013c01       0xbe  Code  Gb  OSDBasic.o [1]
DrawChar                0x08011167      0x100  Code  Lc  lcd.o [1]
DrawFastLineHorizontal  0x080115e5       0x72  Code  Gb  lcd.o [1]
DrawFastLineHorizontal::address
                        0x2000a73c        0x4  Data  Lc  lcd.o [1]
DrawFastLineHorizontal::color
                        0x2000a738        0x4  Data  Lc  lcd.o [1]
DrawFastLineHorizontal::temp
                        0x2000a734        0x4  Data  Lc  lcd.o [1]
DrawFastLineVertical    0x08011575       0x70  Code  Gb  lcd.o [1]
DrawFastLineVertical::address
                        0x2000a730        0x4  Data  Lc  lcd.o [1]
DrawFastLineVertical::color
                        0x2000a72c        0x4  Data  Lc  lcd.o [1]
DrawFastLineVertical::temp
                        0x2000a728        0x4  Data  Lc  lcd.o [1]
DrawProp                0x2000a660       0x18  Data  Lc  lcd.o [1]
EXTI0_IRQHandler        0x0801e633        0xa  Code  Gb  stm32f7xx_it.o [1]
EXTI9_5_IRQHandler      0x0800cc57       0x14  Code  Gb  interrupts.o [1]
Error                   0x2000a786        0x1  Data  Gb  spi.o [1]
Error_Handler           0x0801de29        0x8  Code  Gb  spi.o [1]
ExCvt                   0x0801e718       0x80  Data  Lc  ff.o [1]
FATFS_LinkDriver        0x08006681       0x12  Code  Gb  ff_gen_drv.o [1]
FATFS_LinkDriverEx      0x08006629       0x58  Code  Gb  ff_gen_drv.o [1]
FMC_IRQHandler          0x0801e699       0x10  Code  Gb  stm32f7xx_it.o [1]
FMC_Initialized         0x2000a6fc        0x4  Data  Lc  fmc.o [1]
FMC_NAND_AttributeSpace_Timing_Init
                        0x080140c7       0x2c  Code  Gb  stm32f7xx_ll_fmc.o [1]
FMC_NAND_CommonSpace_Timing_Init
                        0x0801409b       0x2c  Code  Gb  stm32f7xx_ll_fmc.o [1]
FMC_NAND_Init           0x08014065       0x36  Code  Gb  stm32f7xx_ll_fmc.o [1]
FMC_SDRAM_Init          0x080140f3       0x7c  Code  Gb  stm32f7xx_ll_fmc.o [1]
FMC_SDRAM_ProgramRefreshRate
                        0x08014265        0xe  Code  Gb  stm32f7xx_ll_fmc.o [1]
FMC_SDRAM_SendCommand   0x08014215       0x50  Code  Gb  stm32f7xx_ll_fmc.o [1]
FMC_SDRAM_Timing_Init   0x0801416f       0x9e  Code  Gb  stm32f7xx_ll_fmc.o [1]
FOSDDownloadFont        0x08013175       0xa6  Code  Gb  OSDFont.o [1]
FOSDDownloadFontDirect  0x08013073      0x102  Code  Gb  OSDFont.o [1]
FOSDLUT                 0x08013001       0x72  Code  Gb  OSDFont.o [1]
FOSDShowWindowAll       0x08012fb1       0x50  Code  Gb  OSDFont.o [1]
FOSDWinBase             0x0801eaac        0x4  Data  Gb  OSDFont.o [1]
FOSDWinEnable           0x08012f55       0x5c  Code  Gb  OSDFont.o [1]
FUEL_Arrow              0x0800e087       0x12  Code  Gb  PTZinterface.o [1]
F_first                 0x2000a775        0x1  Data  Gb  core.o [1]
F_last                  0x2000a773        0x1  Data  Gb  core.o [1]
F_pull                  0x0800f5b7       0x58  Code  Gb  core.o [1]
F_push                  0x0800f4fb       0x64  Code  Gb  core.o [1]
FastCos                 0x0800ff37       0x60  Code  Gb  calculations.o [1]
FastSin                 0x0800fed5       0x62  Code  Gb  calculations.o [1]
Fast_LCD_DrawPixel      0x08010dfd       0x84  Code  Gb  lcd.o [1]
Fast_LCD_DrawPixel::addressDraw
                        0x2000a724        0x4  Data  Lc  lcd.o [1]
FatFs                   0x2000a6b8        0xc  Data  Lc  ff.o [1]
Files                   0x2000a648       0x18  Data  Lc  ff.o [1]
FillImageSoft           0x080116cb       0x76  Code  Gb  lcd.o [1]
FillStructIMG           0x0800e0cd      0x10e  Code  Gb  PTZinterface.o [1]
FillStructIMG::Name     0x20000354        0x8  Data  Lc  PTZinterface.o [1]
Font2                   0x080001c8     0x2560  Data  Gb  OSDFont.o [1]
FontAll                 0x080083e4     0x1878  Data  Gb  OSDFont.o [1]
Fsid                    0x2000a768        0x2  Data  Lc  ff.o [1]
GOST_B_23_var           0x20000300        0xc  Data  Gb  GOST_B_23_var.o [1]
GUI_Free                0x0800f665       0x72  Code  Gb  gui.o [1]
GUI_Objects             0x200044f0     0x2ee0  Data  Lc  gui.o [1]
GUI_Release             0x0800f7f3      0x63a  Code  Gb  gui.o [1]
GUI_Release::i          0x2000a708        0x4  Data  Lc  gui.o [1]
GUI_Release::j          0x2000a70c        0x4  Data  Lc  gui.o [1]
GUI_SetObject           0x0800f6d7      0x11c  Code  Gb  gui.o [1]
GUI_SetObject::NullObj  0x2000a5f8       0x28  Data  Lc  gui.o [1]
GUI_SetObject::i        0x2000a700        0x4  Data  Lc  gui.o [1]
GUI_SetObject::j        0x2000a704        0x4  Data  Lc  gui.o [1]
GenerateKbdMessages     0x0801d4df       0x9e  Code  Gb  keyboard.o [1]
GenerateKbdMessages::Event
                        0x2000a77e        0x1  Data  Lc  keyboard.o [1]
GenerateKbdMessages::i  0x2000a77f        0x1  Data  Lc  keyboard.o [1]
GetDateToStr            0x080102e9       0x6e  Code  Gb  rtc.o [1]
GetTimeToStr            0x08010357       0x66  Code  Gb  rtc.o [1]
HAL_ADC_ConfigChannel   0x0801c68f      0x1a0  Code  Gb  stm32f7xx_hal_adc.o [1]
HAL_ADC_Init            0x0801c629       0x66  Code  Gb  stm32f7xx_hal_adc.o [1]
HAL_ADC_MspInit         0x0801ca17       0x3e  Code  Gb  adc.o [1]
HAL_CAN_ErrorCallback   0x0801c621        0x2  Code  Wk  stm32f7xx_hal_can.o [1]
HAL_CAN_IRQHandler      0x0801c081      0x220  Code  Gb  stm32f7xx_hal_can.o [1]
HAL_CAN_Init            0x0801bed9      0x1a8  Code  Gb  stm32f7xx_hal_can.o [1]
HAL_CAN_MspInit         0x0801c511       0xf2  Code  Gb  can.o [1]
HAL_CAN_RxCpltCallback  0x0801c625        0x2  Code  Wk  stm32f7xx_hal_can.o [1]
HAL_CAN_TxCpltCallback  0x0801c623        0x2  Code  Wk  stm32f7xx_hal_can.o [1]
HAL_DAC_ConfigChannel   0x0801339d       0x56  Code  Gb  stm32f7xx_hal_dac.o [1]
HAL_DAC_Init            0x080132e1       0x2c  Code  Gb  stm32f7xx_hal_dac.o [1]
HAL_DAC_MspInit         0x08013e0b       0x3e  Code  Gb  dac.o [1]
HAL_DAC_SetValue        0x080133f3       0x30  Code  Gb  stm32f7xx_hal_dac.o [1]
HAL_DAC_Start           0x0801330d       0x90  Code  Gb  stm32f7xx_hal_dac.o [1]
HAL_DMA2D_CLUTLoadingCpltCallback
                        0x08013b6f        0x2  Code  Wk  stm32f7xx_hal_dma2d.o [1]
HAL_DMA2D_ConfigLayer   0x08012b55       0xd8  Code  Gb  stm32f7xx_hal_dma2d.o [1]
HAL_DMA2D_IRQHandler    0x08012a13      0x142  Code  Gb  stm32f7xx_hal_dma2d.o [1]
HAL_DMA2D_Init          0x080127cd       0x64  Code  Gb  stm32f7xx_hal_dma2d.o [1]
HAL_DMA2D_LineEventCallback
                        0x08013b6d        0x2  Code  Wk  stm32f7xx_hal_dma2d.o [1]
HAL_DMA2D_MspInit       0x08013b29       0x38  Code  Gb  dma2d.o [1]
HAL_DMA2D_PollForTransfer
                        0x080128d5      0x13e  Code  Gb  stm32f7xx_hal_dma2d.o [1]
HAL_DMA2D_Start         0x08012831       0x4c  Code  Gb  stm32f7xx_hal_dma2d.o [1]
HAL_DMA2D_Start_IT      0x0801287d       0x58  Code  Gb  stm32f7xx_hal_dma2d.o [1]
HAL_DMA_Abort_IT        0x08011cd5       0x28  Code  Gb  stm32f7xx_hal_dma.o [1]
HAL_DMA_IRQHandler      0x08011cfd      0x20a  Code  Gb  stm32f7xx_hal_dma.o [1]
HAL_DMA_Init            0x08011bf5       0xe0  Code  Gb  stm32f7xx_hal_dma.o [1]
HAL_Delay               0x0800c7ff       0x1a  Code  Wk  stm32f7xx_hal.o [1]
HAL_FMC_MspInit         0x08013f51       0xd2  Code  Lc  fmc.o [1]
HAL_GPIO_DeInit         0x0800ca0f      0x176  Code  Gb  stm32f7xx_hal_gpio.o [1]
HAL_GPIO_EXTI_Callback  0x0800cc35       0x22  Code  Gb  interrupts.o [1]
HAL_GPIO_EXTI_IRQHandler
                        0x0800cbb1       0x1e  Code  Gb  stm32f7xx_hal_gpio.o [1]
HAL_GPIO_Init           0x0800c819      0x1f6  Code  Gb  stm32f7xx_hal_gpio.o [1]
HAL_GPIO_ReadPin        0x0800cb85       0x18  Code  Gb  stm32f7xx_hal_gpio.o [1]
HAL_GPIO_WritePin       0x0800cb9d       0x14  Code  Gb  stm32f7xx_hal_gpio.o [1]
HAL_GetTick             0x0800cc15        0xc  Code  Wk  stm32f7xx_hal.o [1]
HAL_HCD_Connect_Callback
                        0x08016b17        0xe  Code  Gb  usbh_conf.o [1]
HAL_HCD_Disconnect_Callback
                        0x08016b25        0xe  Code  Gb  usbh_conf.o [1]
HAL_HCD_GetCurrentFrame
                        0x08015eaf        0xc  Code  Gb  stm32f7xx_hal_hcd.o [1]
HAL_HCD_GetCurrentSpeed
                        0x08015ebb        0xc  Code  Gb  stm32f7xx_hal_hcd.o [1]
HAL_HCD_HC_GetURBState  0x08015e95        0xe  Code  Gb  stm32f7xx_hal_hcd.o [1]
HAL_HCD_HC_GetXferCount
                        0x08015ea3        0xc  Code  Gb  stm32f7xx_hal_hcd.o [1]
HAL_HCD_HC_Halt         0x08015a05       0x30  Code  Gb  stm32f7xx_hal_hcd.o [1]
HAL_HCD_HC_Init         0x08015931       0xd4  Code  Gb  stm32f7xx_hal_hcd.o [1]
HAL_HCD_HC_NotifyURBChange_Callback
                        0x08016b33        0x2  Code  Gb  usbh_conf.o [1]
HAL_HCD_HC_SubmitRequest
                        0x08015a35      0x2c4  Code  Gb  stm32f7xx_hal_hcd.o [1]
HAL_HCD_IRQHandler      0x08015cf9      0x13c  Code  Gb  stm32f7xx_hal_hcd.o [1]
HAL_HCD_Init            0x080158d5       0x5c  Code  Gb  stm32f7xx_hal_hcd.o [1]
HAL_HCD_MspInit         0x08016a99       0x70  Code  Gb  usbh_conf.o [1]
HAL_HCD_ResetPort       0x08015e89        0xc  Code  Gb  stm32f7xx_hal_hcd.o [1]
HAL_HCD_SOF_Callback    0x08016b09        0xe  Code  Gb  usbh_conf.o [1]
HAL_HCD_Start           0x08015e35       0x2e  Code  Gb  stm32f7xx_hal_hcd.o [1]
HAL_HCD_Stop            0x08015e63       0x26  Code  Gb  stm32f7xx_hal_hcd.o [1]
HAL_I2CEx_ConfigAnalogFilter
                        0x08013687       0x64  Code  Gb  stm32f7xx_hal_i2c_ex.o [1]
HAL_I2C_AbortCpltCallback
                        0x08011ffb        0x2  Code  Wk  stm32f7xx_hal_i2c.o [1]
HAL_I2C_AddrCallback    0x08011bed        0x2  Code  Wk  stm32f7xx_hal_i2c.o [1]
HAL_I2C_ER_IRQHandler   0x0800ea4f       0x66  Code  Gb  stm32f7xx_hal_i2c.o [1]
HAL_I2C_EV_IRQHandler   0x0800ea31       0x1e  Code  Gb  stm32f7xx_hal_i2c.o [1]
HAL_I2C_ErrorCallback   0x08011ffd        0x2  Code  Wk  stm32f7xx_hal_i2c.o [1]
HAL_I2C_Init            0x0800e291       0xc6  Code  Gb  stm32f7xx_hal_i2c.o [1]
HAL_I2C_ListenCpltCallback
                        0x08011bf3        0x2  Code  Wk  stm32f7xx_hal_i2c.o [1]
HAL_I2C_Master_Receive  0x0800e4e7      0x190  Code  Gb  stm32f7xx_hal_i2c.o [1]
HAL_I2C_Master_Transmit
                        0x0800e357      0x190  Code  Gb  stm32f7xx_hal_i2c.o [1]
HAL_I2C_Mem_Read        0x0800e855      0x1dc  Code  Gb  stm32f7xx_hal_i2c.o [1]
HAL_I2C_Mem_Write       0x0800e677      0x1da  Code  Gb  stm32f7xx_hal_i2c.o [1]
HAL_I2C_MspInit         0x08011b73       0x66  Code  Gb  i2c.o [1]
HAL_I2C_SlaveRxCpltCallback
                        0x08011bf1        0x2  Code  Wk  stm32f7xx_hal_i2c.o [1]
HAL_I2C_SlaveTxCpltCallback
                        0x08011bef        0x2  Code  Wk  stm32f7xx_hal_i2c.o [1]
HAL_IncTick             0x0801e709       0x10  Code  Wk  stm32f7xx_hal.o [1]
HAL_Init                0x0801dc1d       0x22  Code  Gb  stm32f7xx_hal.o [1]
HAL_InitTick            0x0801a8b5       0x28  Code  Wk  stm32f7xx_hal.o [1]
HAL_LTDC_ConfigLayer    0x08012229       0x52  Code  Gb  stm32f7xx_hal_ltdc.o [1]
HAL_LTDC_ErrorCallback  0x08013afd        0x2  Code  Wk  stm32f7xx_hal_ltdc.o [1]
HAL_LTDC_IRQHandler     0x0801213b       0xee  Code  Gb  stm32f7xx_hal_ltdc.o [1]
HAL_LTDC_Init           0x08012001      0x13a  Code  Gb  stm32f7xx_hal_ltdc.o [1]
HAL_LTDC_LineEventCallback
                        0x08013aff        0x2  Code  Wk  stm32f7xx_hal_ltdc.o [1]
HAL_LTDC_MspDeInit      0x08013a87       0x56  Code  Gb  ltdc.o [1]
HAL_LTDC_MspInit        0x080139a9       0xde  Code  Gb  ltdc.o [1]
HAL_LTDC_ReloadEventCallback
                        0x08013b01        0x2  Code  Wk  stm32f7xx_hal_ltdc.o [1]
HAL_LTDC_SetAddress     0x0801227b       0x4e  Code  Gb  stm32f7xx_hal_ltdc.o [1]
HAL_MspInit             0x0801dfc5       0x46  Code  Gb  stm32f7xx_hal_msp.o [1]
HAL_NAND_IRQHandler     0x08013479       0x6e  Code  Gb  stm32f7xx_hal_nand.o [1]
HAL_NAND_ITCallback     0x08014273        0x2  Code  Wk  stm32f7xx_hal_nand.o [1]
HAL_NAND_Init           0x08013423       0x56  Code  Gb  stm32f7xx_hal_nand.o [1]
HAL_NAND_MspInit        0x08014023        0xa  Code  Gb  fmc.o [1]
HAL_NAND_Read_ID        0x080134e7       0xa0  Code  Gb  stm32f7xx_hal_nand.o [1]
HAL_NVIC_DisableIRQ     0x08013811        0xe  Code  Gb  stm32f7xx_hal_cortex.o [1]
HAL_NVIC_EnableIRQ      0x08013803        0xe  Code  Gb  stm32f7xx_hal_cortex.o [1]
HAL_NVIC_SetPriority    0x080137dd       0x26  Code  Gb  stm32f7xx_hal_cortex.o [1]
HAL_NVIC_SetPriorityGrouping
                        0x080137d1        0xc  Code  Gb  stm32f7xx_hal_cortex.o [1]
HAL_PWREx_EnableOverDrive
                        0x0801df41       0x76  Code  Gb  stm32f7xx_hal_pwr_ex.o [1]
HAL_RCCEx_PeriphCLKConfig
                        0x0801a8dd      0x7ce  Code  Gb  stm32f7xx_hal_rcc_ex.o [1]
HAL_RCC_CAN1_CLK_ENABLED
                        0x2000a6f0        0x4  Data  Lc  can.o [1]
HAL_RCC_ClockConfig     0x0801a1cd      0x1a0  Code  Gb  stm32f7xx_hal_rcc.o [1]
HAL_RCC_EnableCSS       0x0801a36d        0xe  Code  Gb  stm32f7xx_hal_rcc.o [1]
HAL_RCC_GetHCLKFreq     0x0801a41f        0x6  Code  Gb  stm32f7xx_hal_rcc.o [1]
HAL_RCC_GetPCLK1Freq    0x0801a425       0x20  Code  Gb  stm32f7xx_hal_rcc.o [1]
HAL_RCC_GetPCLK2Freq    0x0801a445       0x20  Code  Gb  stm32f7xx_hal_rcc.o [1]
HAL_RCC_GetSysClockFreq
                        0x0801a37b       0xa4  Code  Gb  stm32f7xx_hal_rcc.o [1]
HAL_RCC_OscConfig       0x0801a48d      0x428  Code  Wk  stm32f7xx_hal_rcc.o [1]
HAL_SDRAM_IRQHandler    0x08013601       0x20  Code  Gb  stm32f7xx_hal_sdram.o [1]
HAL_SDRAM_Init          0x080135bd       0x44  Code  Gb  stm32f7xx_hal_sdram.o [1]
HAL_SDRAM_MspInit       0x0801402d        0xa  Code  Gb  fmc.o [1]
HAL_SDRAM_ProgramRefreshRate
                        0x0801365d       0x2a  Code  Gb  stm32f7xx_hal_sdram.o [1]
HAL_SDRAM_RefreshErrorCallback
                        0x0801503f        0x2  Code  Wk  stm32f7xx_hal_sdram.o [1]
HAL_SDRAM_SendCommand   0x08013621       0x3c  Code  Gb  stm32f7xx_hal_sdram.o [1]
HAL_SD_GetStatus        0x0800bafb       0x26  Code  Gb  stm32f7xx_hal_sd.o [1]
HAL_SD_Get_CardInfo     0x0800b6cf      0x362  Code  Gb  stm32f7xx_hal_sd.o [1]
HAL_SD_Init             0x0800b199       0xb6  Code  Gb  stm32f7xx_hal_sd.o [1]
HAL_SD_MspInit          0x0800c61f       0x82  Code  Gb  sdmmc.o [1]
HAL_SD_ReadBlocks       0x0800b24f      0x1f6  Code  Gb  stm32f7xx_hal_sd.o [1]
HAL_SD_StopTransfer     0x0800bac3       0x38  Code  Gb  stm32f7xx_hal_sd.o [1]
HAL_SD_WideBusOperation_Config
                        0x0800ba31       0x92  Code  Gb  stm32f7xx_hal_sd.o [1]
HAL_SD_WriteBlocks      0x0800b445      0x28a  Code  Gb  stm32f7xx_hal_sd.o [1]
HAL_SPI_Init            0x0801e00d       0xba  Code  Gb  stm32f7xx_hal_spi.o [1]
HAL_SPI_MspInit         0x0801dcf1      0x138  Code  Gb  spi.o [1]
HAL_SYSTICK_CLKSourceConfig
                        0x0801382b       0x20  Code  Gb  stm32f7xx_hal_cortex.o [1]
HAL_SYSTICK_Callback    0x08013879        0x2  Code  Wk  stm32f7xx_hal_cortex.o [1]
HAL_SYSTICK_Config      0x0801381f        0xc  Code  Gb  stm32f7xx_hal_cortex.o [1]
HAL_SYSTICK_IRQHandler  0x08013871        0x8  Code  Gb  stm32f7xx_hal_cortex.o [1]
HAL_TIMEx_BreakCallback
                        0x0801d2b1        0x2  Code  Wk  stm32f7xx_hal_tim_ex.o [1]
HAL_TIMEx_CommutationCallback
                        0x0801d2b5        0x2  Code  Wk  stm32f7xx_hal_tim_ex.o [1]
HAL_TIMEx_MasterConfigSynchronization
                        0x0801d2b9       0x5e  Code  Gb  stm32f7xx_hal_tim_ex.o [1]
HAL_TIM_Base_Init       0x0801cdd1       0x32  Code  Gb  stm32f7xx_hal_tim.o [1]
HAL_TIM_Base_MspInit    0x0801d199       0xe0  Code  Gb  tim.o [1]
HAL_TIM_IC_CaptureCallback
                        0x0801d2a9        0x2  Code  Wk  stm32f7xx_hal_tim.o [1]
HAL_TIM_IRQHandler      0x0801ce03      0x194  Code  Gb  stm32f7xx_hal_tim.o [1]
HAL_TIM_OC_DelayElapsedCallback
                        0x0801d2ab        0x2  Code  Wk  stm32f7xx_hal_tim.o [1]
HAL_TIM_PWM_PulseFinishedCallback
                        0x0801d2ad        0x2  Code  Wk  stm32f7xx_hal_tim.o [1]
HAL_TIM_PeriodElapsedCallback
                        0x0801d2af        0x2  Code  Wk  stm32f7xx_hal_tim.o [1]
HAL_TIM_TriggerCallback
                        0x0801d2b3        0x2  Code  Wk  stm32f7xx_hal_tim.o [1]
HAL_UART_ErrorCallback  0x0801a1c5        0x2  Code  Wk  stm32f7xx_hal_uart.o [1]
HAL_UART_IRQHandler     0x080197c3      0x14e  Code  Gb  stm32f7xx_hal_uart.o [1]
HAL_UART_Init           0x08019745       0x7e  Code  Gb  stm32f7xx_hal_uart.o [1]
HAL_UART_MspInit        0x0801a0c5       0xd4  Code  Gb  usart.o [1]
HAL_UART_RxCpltCallback
                        0x0801a1c9        0x2  Code  Wk  stm32f7xx_hal_uart.o [1]
HAL_UART_TxCpltCallback
                        0x0801a1c7        0x2  Code  Wk  stm32f7xx_hal_uart.o [1]
HCD_HC_IN_IRQHandler    0x08015ec7      0x508  Code  Lc  stm32f7xx_hal_hcd.o [1]
HCD_HC_OUT_IRQHandler   0x080163cf      0x504  Code  Lc  stm32f7xx_hal_hcd.o [1]
HCD_Port_IRQHandler     0x080169cd       0xcc  Code  Lc  stm32f7xx_hal_hcd.o [1]
HCD_RXQLVL_IRQHandler   0x080168d3       0xf6  Code  Lc  stm32f7xx_hal_hcd.o [1]
HEAP$$Base              0x200024f0              --   Gb  - Linker created -
HEAP$$Limit             0x200044f0              --   Gb  - Linker created -
I2C2_ER_IRQHandler      0x0801e673        0xa  Code  Gb  stm32f7xx_it.o [1]
I2C2_EV_IRQHandler      0x0801e669        0xa  Code  Gb  stm32f7xx_it.o [1]
I2CDeviceInitialize     0x08012e51       0x44  Code  Gb  tw8819.o [1]
I2C_DMAAbort            0x0800f12d       0x3c  Code  Lc  stm32f7xx_hal_i2c.o [1]
I2C_Disable_IRQ         0x0800f3a5       0x7e  Code  Lc  stm32f7xx_hal_i2c.o [1]
I2C_Flush_TXDR          0x0800f109       0x24  Code  Lc  stm32f7xx_hal_i2c.o [1]
I2C_ITAddrCplt          0x0800ed33       0xe2  Code  Lc  stm32f7xx_hal_i2c.o [1]
I2C_ITError             0x0800f00f       0xfa  Code  Lc  stm32f7xx_hal_i2c.o [1]
I2C_ITListenCplt        0x0800efa9       0x66  Code  Lc  stm32f7xx_hal_i2c.o [1]
I2C_ITSlaveCplt         0x0800ee6f      0x13a  Code  Lc  stm32f7xx_hal_i2c.o [1]
I2C_ITSlaveSequentialCplt
                        0x0800ee15       0x5a  Code  Lc  stm32f7xx_hal_i2c.o [1]
I2C_IsAcknowledgeFailed
                        0x0800f2eb       0x7e  Code  Lc  stm32f7xx_hal_i2c.o [1]
I2C_RequestMemoryRead   0x0800ec8f       0xa4  Code  Lc  stm32f7xx_hal_i2c.o [1]
I2C_RequestMemoryWrite  0x0800ebe9       0xa6  Code  Lc  stm32f7xx_hal_i2c.o [1]
I2C_Slave_ISR_IT        0x0800eab5      0x12e  Code  Lc  stm32f7xx_hal_i2c.o [1]
I2C_TransferConfig      0x0800f369       0x2a  Code  Lc  stm32f7xx_hal_i2c.o [1]
I2C_WaitOnFlagUntilTimeout
                        0x0800f169       0x58  Code  Lc  stm32f7xx_hal_i2c.o [1]
I2C_WaitOnRXNEFlagUntilTimeout
                        0x0800f26b       0x80  Code  Lc  stm32f7xx_hal_i2c.o [1]
I2C_WaitOnSTOPFlagUntilTimeout
                        0x0800f219       0x52  Code  Lc  stm32f7xx_hal_i2c.o [1]
I2C_WaitOnTXISFlagUntilTimeout
                        0x0800f1c1       0x58  Code  Lc  stm32f7xx_hal_i2c.o [1]
IMAGES                  0x20008400      0xe14  Data  Gb  PTZinterface.o [1]
Images                  0x200095dc      0x2d0  Data  Lc  PTZinterface.o [1]
InitCVBSAll             0x20000378      0x14c  Data  Gb  tw8819.o [1]
InitOSDWindow           0x08013d53       0x56  Code  Gb  OSDBasic.o [1]
InitPeriph              0x0801deed       0x54  Code  Gb  initial.o [1]
Init_Osd_DisplayInput   0x0801e8f4       0x28  Data  Gb  OSDinitTable.o [1]
Itoa                    0x0801014d       0xe4  Code  Gb  calculations.o [1]
KBD_Handle              0x0800dc3f       0xf8  Code  Gb  PTZinterface.o [1]
KB_Status               0x2000a714        0x4  Data  Gb  keyboard.o [1]
LCD_DisplayChar         0x080107e3       0x6e  Code  Gb  lcd.o [1]
LCD_DisplayStringAt     0x08010851      0x120  Code  Gb  lcd.o [1]
LCD_DrawCircle          0x08010b7d      0x13e  Code  Gb  lcd.o [1]
LCD_DrawFullCircle      0x08010cc1       0xc8  Code  Gb  lcd.o [1]
LCD_DrawLine            0x08010971      0x1a0  Code  Gb  lcd.o [1]
LCD_DrawPolygon         0x08010d89       0x6c  Code  Gb  lcd.o [1]
LCD_DrawRect            0x08010b11       0x6c  Code  Gb  lcd.o [1]
LCD_FillPolygon         0x08010e85      0x2e0  Code  Gb  lcd.o [1]
LCD_FillPolygon::ResultPoints
                        0x2000a6c4        0xc  Data  Lc  lcd.o [1]
LCD_FillRect            0x08011661       0x38  Code  Gb  lcd.o [1]
LCD_FillTriangle        0x08011269      0x194  Code  Gb  lcd.o [1]
LCD_FillTriangleFAST    0x080119e5       0x2c  Code  Gb  lcd.o [1]
LCD_Fill_Image          0x08011699       0x32  Code  Gb  lcd.o [1]
LCD_Fill_Image::address
                        0x2000a740        0x4  Data  Lc  lcd.o [1]
LCD_Fill_ImageTRANSP    0x08011749       0xb0  Code  Gb  lcd.o [1]
LCD_Fill_ImageTRANSP::address
                        0x2000a744        0x4  Data  Lc  lcd.o [1]
LCD_GetXSize            0x08010681       0x14  Code  Gb  lcd.o [1]
LCD_GetYSize            0x08010695       0x14  Code  Gb  lcd.o [1]
LCD_Init                0x080114bd       0x3e  Code  Gb  lcd.o [1]
LCD_InitParams          0x08011473       0x3a  Code  Gb  lcd.o [1]
LCD_LayerDefaultInit    0x080106d1       0xa0  Code  Gb  lcd.o [1]
LCD_SelectLayer         0x08010771        0x8  Code  Gb  lcd.o [1]
LCD_SetColorPixel       0x080114ad       0x10  Code  Gb  lcd.o [1]
LCD_SetLayerVisible     0x08010779       0x6a  Code  Gb  lcd.o [1]
LCD_SetLight            0x080114fb       0x7a  Code  Gb  lcd.o [1]
LCD_SetXSize            0x080106a9       0x14  Code  Gb  lcd.o [1]
LCD_SetYSize            0x080106bd       0x14  Code  Gb  lcd.o [1]
LCD_Video_GPIO_Deinit   0x08012dbd        0xc  Code  Gb  tw8819.o [1]
LCD_Video_GPIO_Init     0x08012dc9        0xc  Code  Gb  tw8819.o [1]
LED_control             0x0801e161       0x2c  Code  Gb  leds.o [1]
LL_ConvertLineToRGB888  0x080113fd       0x76  Code  Gb  lcd.o [1]
LTDC_ER_IRQHandler      0x0801e6c7        0xa  Code  Gb  stm32f7xx_it.o [1]
LTDC_IRQHandler         0x0801e6bd        0xa  Code  Gb  stm32f7xx_it.o [1]
LTDC_SetConfig          0x080122cd      0x276  Code  Lc  stm32f7xx_hal_ltdc.o [1]
LayerIndex              0x2000a720        0x4  Data  Lc  lcd.o [1]
LayerOfView             0x2000a78b        0x1  Data  Gb  video.o [1]
LoadBitmapFromSD        0x0801046d      0x15e  Code  Gb  video.o [1]
LoadInt                 0x08014815       0x6e  Code  Lc  xprintffull.o [3]
Load_GUI_0              0x0800d29d      0x748  Code  Gb  PTZinterface.o [1]
MX_ADC1_Init            0x0801c9b1       0x66  Code  Gb  adc.o [1]
MX_CAN1_Init            0x0801c465       0x56  Code  Gb  can.o [1]
MX_CAN2_Init            0x0801c4bb       0x56  Code  Gb  can.o [1]
MX_DAC_Init             0x08013dad       0x5e  Code  Gb  dac.o [1]
MX_DMA2D_Init           0x08013b05       0x24  Code  Gb  dma2d.o [1]
MX_DMA_Init             0x0801dc45       0x40  Code  Gb  dma.o [1]
MX_FATFS_Init           0x080065f1       0x1c  Code  Gb  fatfs.o [1]
MX_FMC_Init             0x08013e59       0xf8  Code  Gb  fmc.o [1]
MX_GPIO_Init            0x0801ca65      0x36c  Code  Gb  gpio.o [1]
MX_I2C2_Init            0x08011b29       0x4a  Code  Gb  i2c.o [1]
MX_LTDC_Init            0x0801387d      0x12c  Code  Gb  ltdc.o [1]
MX_SDMMC1_SD_Init       0x0800c5c9       0x56  Code  Gb  sdmmc.o [1]
MX_SPI2_Init            0x0801dc85       0x6c  Code  Gb  spi.o [1]
MX_TIM11_Init           0x0801d113       0x2c  Code  Gb  tim.o [1]
MX_TIM13_Init           0x0801d13f       0x2e  Code  Gb  tim.o [1]
MX_TIM14_Init           0x0801d16d       0x2c  Code  Gb  tim.o [1]
MX_TIM6_Init            0x0801d0a9       0x34  Code  Gb  tim.o [1]
MX_TIM7_Init            0x0801d0dd       0x36  Code  Gb  tim.o [1]
MX_Touch_Read           0x0800cdd9        0x8  Code  Gb  stmpe811.o [1]
MX_USART2_UART_Init     0x08019fed       0x48  Code  Gb  usart.o [1]
MX_USART3_UART_Init     0x0801a035       0x48  Code  Gb  usart.o [1]
MX_USART6_UART_Init     0x0801a07d       0x48  Code  Gb  usart.o [1]
MX_USB_HOST_Init        0x0801de85       0x1e  Code  Gb  usb_host.o [1]
MX_USB_HOST_Process     0x0801dea3        0xa  Code  Gb  usb_host.o [1]
M_first                 0x2000a774        0x1  Data  Gb  core.o [1]
M_last                  0x2000a772        0x1  Data  Gb  core.o [1]
M_pull                  0x0800f55f       0x58  Code  Gb  core.o [1]
MemManage_Handler       0x0801e625        0x2  Code  Gb  stm32f7xx_it.o [1]
NAND_readId             0x08011a53       0x30  Code  Gb  memory.o [1]
NVIC_ClearPendingIRQ    0x0800cc21       0x14  Code  Lc  interrupts.o [1]
NVIC_DisableIRQ         0x08013729       0x14  Code  Lc  stm32f7xx_hal_cortex.o [1]
NVIC_EnableIRQ          0x08013715       0x14  Code  Lc  stm32f7xx_hal_cortex.o [1]
NVIC_EnableIRQ          0x0801e0c9       0x14  Code  Lc  timer11.o [1]
NVIC_EnableIRQ          0x0801d5a9       0x14  Code  Lc  timer13.o [1]
NVIC_EnableIRQ          0x0800cc79       0x14  Code  Lc  timer14.o [1]
NVIC_EncodePriority     0x08013763       0x3e  Code  Lc  stm32f7xx_hal_cortex.o [1]
NVIC_GetPriorityGrouping
                        0x0801370b        0xa  Code  Lc  stm32f7xx_hal_cortex.o [1]
NVIC_SetPriority        0x0801373d       0x26  Code  Lc  stm32f7xx_hal_cortex.o [1]
NVIC_SetPriorityGrouping
                        0x080136ed       0x1e  Code  Lc  stm32f7xx_hal_cortex.o [1]
OSDDisplayInput         0x0801323f       0x72  Code  Gb  DispInfo.o [1]
OSDSetDEDelay           0x08012efd       0x56  Code  Gb  tw8819.o [1]
OTG_FS_IRQHandler       0x0801e6a9        0xa  Code  Gb  stm32f7xx_it.o [1]
PCF8563_read_datetime   0x0801024d       0x9c  Code  Gb  rtc.o [1]
PLC_DMA2D_Status        0x200004e4        0x4  Data  Gb  video.o [1]
P_Touch_Config          0x0800cfe5      0x144  Code  Gb  stmpe811.o [1]
P_Touch_Config::regArray
                        0x20000368        0xc  Data  Lc  stmpe811.o [1]
P_Touch_FnctCmd         0x0800cf4b       0x74  Code  Gb  stmpe811.o [1]
P_Touch_FreeIRQ         0x0800cfbf       0x26  Code  Gb  stmpe811.o [1]
P_Touch_ReadID          0x0800d129       0x68  Code  Gb  stmpe811.o [1]
P_Touch_Read_16b        0x0800d1f1       0x66  Code  Gb  stmpe811.o [1]
P_Touch_Read_X          0x0800d191       0x2c  Code  Lc  stmpe811.o [1]
P_Touch_Read_Y          0x0800d1bd       0x34  Code  Lc  stmpe811.o [1]
P_Touch_Reset           0x0800cef9       0x52  Code  Gb  stmpe811.o [1]
Poly1_points            0x0801ea10       0x10  Data  Gb  PTZinterface.o [1]
Poly2_points            0x0801ea20       0x10  Data  Gb  PTZinterface.o [1]
Poly3_points            0x0801ea30       0x10  Data  Gb  PTZinterface.o [1]
Poly4_points            0x0801ea40       0x10  Data  Gb  PTZinterface.o [1]
Polygons                0x2000a620       0x28  Data  Lc  PTZinterface.o [1]
PreLoadImages           0x0800dbb1       0x8e  Code  Gb  PTZinterface.o [1]
ProjectionLayerAddress  0x0801eaa4        0x8  Data  Gb  video.o [1]
RESmutex_1              0x2000a770        0x1  Data  Gb  core.o [1]
RIAD_16pt               0x2000035c        0xc  Data  Gb  RIAD_16pt.o [1]
RIAD_16ptBitmaps        0x08002728     0x1f5c  Data  Gb  RIAD_16pt.o [1]
RIAD_16ptDescriptors    0x0801b7d8      0x700  Data  Gb  RIAD_16pt.o [1]
RPM_Arrow               0x0800e071       0x16  Code  Gb  PTZinterface.o [1]
ReadLineKbd             0x0801d3bb       0xb6  Code  Gb  keyboard.o [1]
ReadTW88                0x08012d93       0x2a  Code  Gb  tw8819.o [1]
Region$$Table$$Base     0x0801e968              --   Gb  - Linker created -
Region$$Table$$Limit    0x0801e988              --   Gb  - Linker created -
ReleaseFunction         0x0800de1d       0x58  Code  Gb  PTZinterface.o [1]
RestorePoly             0x08010101       0x3c  Code  Gb  calculations.o [1]
RotatePoint             0x0800ff97       0xe0  Code  Gb  calculations.o [1]
RotatePoly              0x08010077       0x4a  Code  Gb  calculations.o [1]
RotatedF                0x2000a780        0x1  Data  Gb  lcd.o [1]
RoutineFast             0x0800f425       0x2e  Code  Gb  core.o [1]
RoutineFast::branch     0x2000a771        0x1  Data  Lc  core.o [1]
Run_GUI                 0x0800d9e5      0x1cc  Code  Gb  PTZinterface.o [1]
SCB_EnableDCache        0x0801da41       0x5a  Code  Lc  main.o [1]
SCB_EnableICache        0x0801da1d       0x24  Code  Lc  main.o [1]
SDCardInfo1             0x2000a300       0x58  Data  Gb  sdmmc.o [1]
SDMMC_DataConfig        0x0800c7d1       0x2e  Code  Gb  stm32f7xx_ll_sdmmc.o [1]
SDMMC_GetCommandResponse
                        0x0800c7b3        0x6  Code  Gb  stm32f7xx_ll_sdmmc.o [1]
SDMMC_GetPowerState     0x0800c781        0x8  Code  Gb  stm32f7xx_ll_sdmmc.o [1]
SDMMC_GetResponse       0x0800c7b9       0x18  Code  Gb  stm32f7xx_ll_sdmmc.o [1]
SDMMC_Init              0x0800c731       0x2e  Code  Gb  stm32f7xx_ll_sdmmc.o [1]
SDMMC_PowerState_ON     0x0800c777        0xa  Code  Gb  stm32f7xx_ll_sdmmc.o [1]
SDMMC_ReadFIFO          0x0800c765        0x6  Code  Gb  stm32f7xx_ll_sdmmc.o [1]
SDMMC_SendCommand       0x0800c789       0x2a  Code  Gb  stm32f7xx_ll_sdmmc.o [1]
SDMMC_WriteFIFO         0x0800c76b        0xc  Code  Gb  stm32f7xx_ll_sdmmc.o [1]
SDRAM_Initialization_Sequence
                        0x08011a95       0x94  Code  Gb  memory.o [1]
SDRAM_free              0x08011a39       0x1a  Code  Gb  memory.o [1]
SD_CmdError             0x0800be87       0x4a  Code  Lc  stm32f7xx_hal_sd.o [1]
SD_CmdResp1Error        0x0800bf45      0x118  Code  Lc  stm32f7xx_hal_sd.o [1]
SD_CmdResp2Error        0x0800c08d       0x46  Code  Lc  stm32f7xx_hal_sd.o [1]
SD_CmdResp3Error        0x0800c05d       0x30  Code  Lc  stm32f7xx_hal_sd.o [1]
SD_CmdResp6Error        0x0800c0d3       0xa8  Code  Lc  stm32f7xx_hal_sd.o [1]
SD_CmdResp7Error        0x0800bed1       0x74  Code  Lc  stm32f7xx_hal_sd.o [1]
SD_Driver               0x0801e9d8       0x14  Data  Gb  sd_diskio.o [1]
SD_FindSCR              0x0800c2df      0x176  Code  Lc  stm32f7xx_hal_sd.o [1]
SD_GetState             0x0800bb21       0x24  Code  Lc  stm32f7xx_hal_sd.o [1]
SD_Initialize_Cards     0x0800bb45      0x128  Code  Lc  stm32f7xx_hal_sd.o [1]
SD_IsCardProgramming    0x0800c455      0x16c  Code  Lc  stm32f7xx_hal_sd.o [1]
SD_Path                 0x2000a6f4        0x4  Data  Gb  fatfs.o [1]
SD_PowerON              0x0800bca7      0x180  Code  Lc  stm32f7xx_hal_sd.o [1]
SD_Select_Deselect      0x0800bc6d       0x3a  Code  Lc  stm32f7xx_hal_sd.o [1]
SD_SendStatus           0x0800be27       0x60  Code  Lc  stm32f7xx_hal_sd.o [1]
SD_WideBus_Disable      0x0800c22d       0xb2  Code  Lc  stm32f7xx_hal_sd.o [1]
SD_WideBus_Enable       0x0800c17b       0xb2  Code  Lc  stm32f7xx_hal_sd.o [1]
SD_initialize           0x0801e349       0x24  Code  Gb  sd_diskio.o [1]
SD_ioctl                0x0801e3fd       0x6a  Code  Gb  sd_diskio.o [1]
SD_mount                0x08011a11       0x28  Code  Gb  memory.o [1]
SD_mount::fs            0x200073d0     0x1030  Data  Lc  memory.o [1]
SD_read                 0x0801e391       0x36  Code  Gb  sd_diskio.o [1]
SD_status               0x0801e36d       0x24  Code  Gb  sd_diskio.o [1]
SD_write                0x0801e3c7       0x36  Code  Gb  sd_diskio.o [1]
SOUND                   0x2000a6e0        0x8  Data  Gb  sound.o [1]
SPI_FONT1               0x0801e804       0x50  Data  Gb  OSDFont.o [1]
SPI_received            0x200004ee        0x1  Data  Gb  spi.o [1]
SPI_transmitted         0x200004ef        0x1  Data  Gb  spi.o [1]
SetLineKbd              0x0801d321       0x9a  Code  Gb  keyboard.o [1]
Show_GUI                0x0800fe2d       0x6a  Code  Gb  gui.o [1]
SineTable               0x0801d81c      0x200  Data  Gb  calculations.o [1]
SolvePressedKeys        0x0801d471       0x6e  Code  Gb  keyboard.o [1]
SolvePressedKeys::Index
                        0x2000a77c        0x1  Data  Lc  keyboard.o [1]
SolvePressedKeys::Lines_Kb
                        0x200004e8        0x2  Data  Lc  keyboard.o [1]
SolvePressedKeys::OldKeysLine
                        0x200004ec        0x1  Data  Lc  keyboard.o [1]
SolvePressedKeys::Pressed
                        0x2000a77d        0x1  Data  Lc  keyboard.o [1]
StartTestFlag           0x2000a782        0x1  Data  Gb  PTZinterface.o [1]
Stat                    0x200004ed        0x1  Data  Lc  sd_diskio.o [1]
StoreArrayOfPoly        0x2000a134       0x60  Data  Gb  calculations.o [1]
StorePoly               0x080100c1       0x40  Code  Gb  calculations.o [1]
StrDATA                 0x20009f00       0x80  Data  Lc  PTZinterface.o [1]
StrDate                 0x2000033c        0xc  Data  Lc  PTZinterface.o [1]
StrPneumosys            0x20000314        0x8  Data  Lc  PTZinterface.o [1]
StrPressEngineOil       0x2000031c        0x8  Data  Lc  PTZinterface.o [1]
StrRPM                  0x2000032c        0x8  Data  Lc  PTZinterface.o [1]
StrSpeed                0x20000324        0x8  Data  Lc  PTZinterface.o [1]
StrTIME                 0x20000334        0x8  Data  Lc  PTZinterface.o [1]
StrTime                 0x20000348        0xc  Data  Lc  PTZinterface.o [1]
StrTransmiss            0x2000030c        0x8  Data  Lc  PTZinterface.o [1]
String_1                0x0801e988       0x20  Data  Gb  PTZinterface.o [1]
Switch_Camera           0x08012dd5       0x7c  Code  Gb  tw8819.o [1]
SysTick_Config          0x080137a1       0x30  Code  Lc  stm32f7xx_hal_cortex.o [1]
SysTick_Handler         0x0801e627        0xc  Code  Gb  stm32f7xx_it.o [1]
SystemClock_Config      0x0801db13       0xe8  Code  Gb  main.o [1]
[...]
USBH_Delay              0x08016d69        0xc  Code  Gb  usbh_conf.o [1]
USBH_Driver             0x0801e9ec       0x14  Data  Gb  usbh_diskio.o [1]
USBH_FindInterface      0x0801782b       0x6a  Code  Gb  usbh_core.o [1]
USBH_FreePipe           0x08017d59       0x24  Code  Gb  usbh_pipes.o [1]
USBH_GetDescriptor      0x08017e7d       0x4a  Code  Gb  usbh_ctlreq.o [1]
USBH_GetFreePipe        0x08017d7d       0x2e  Code  Lc  usbh_pipes.o [1]
USBH_GetNextDesc        0x08018117       0x18  Code  Gb  usbh_ctlreq.o [1]
USBH_Get_CfgDesc        0x08017df5       0x3c  Code  Gb  usbh_ctlreq.o [1]
USBH_Get_DevDesc        0x08017dab       0x4a  Code  Gb  usbh_ctlreq.o [1]
USBH_Get_StringDesc     0x08017e31       0x4c  Code  Gb  usbh_ctlreq.o [1]
USBH_HandleControl      0x0801818b      0x20c  Code  Lc  usbh_ctlreq.o [1]
USBH_HandleEnum         0x08017a93      0x198  Code  Lc  usbh_core.o [1]
USBH_HandleSof          0x08017c47       0x1e  Code  Lc  usbh_core.o [1]
USBH_Init               0x08017739       0x3a  Code  Gb  usbh_core.o [1]
USBH_LL_ClosePipe       0x08016c59       0x16  Code  Gb  usbh_conf.o [1]
USBH_LL_Connect         0x08017c65       0x32  Code  Gb  usbh_core.o [1]
USBH_LL_Disconnect      0x08017c97       0x40  Code  Gb  usbh_core.o [1]
USBH_LL_DriverVBUS      0x08016ccd       0x16  Code  Gb  usbh_conf.o [1]
USBH_LL_GetLastXferSize
                        0x08016c03       0x14  Code  Gb  usbh_conf.o [1]
USBH_LL_GetSpeed        0x08016bbd       0x36  Code  Gb  usbh_conf.o [1]
USBH_LL_GetToggle       0x08016d23       0x46  Code  Gb  usbh_conf.o [1]
USBH_LL_GetURBState     0x08016cb9       0x14  Code  Gb  usbh_conf.o [1]
USBH_LL_IncTimer        0x08017c31       0x16  Code  Gb  usbh_core.o [1]
USBH_LL_Init            0x08016b35       0x56  Code  Gb  usbh_conf.o [1]
USBH_LL_OpenPipe        0x08016c17       0x42  Code  Gb  usbh_conf.o [1]
USBH_LL_ResetPort       0x08016bf3       0x10  Code  Gb  usbh_conf.o [1]
USBH_LL_SetTimer        0x08017c2b        0x6  Code  Gb  usbh_core.o [1]
USBH_LL_SetToggle       0x08016ce3       0x40  Code  Gb  usbh_conf.o [1]
USBH_LL_Start           0x08016b9d       0x10  Code  Gb  usbh_conf.o [1]
USBH_LL_Stop            0x08016bad       0x10  Code  Gb  usbh_conf.o [1]
USBH_LL_SubmitURB       0x08016c6f       0x4a  Code  Gb  usbh_conf.o [1]
USBH_MSC_BOT_Abort      0x080191a9       0x44  Code  Lc  usbh_msc_bot.o [1]
USBH_MSC_BOT_Init       0x08018e5f       0x24  Code  Gb  usbh_msc_bot.o [1]
USBH_MSC_BOT_Process    0x08018e83      0x326  Code  Gb  usbh_msc_bot.o [1]
USBH_MSC_BOT_REQ_GetMaxLUN
                        0x08018e39       0x26  Code  Gb  usbh_msc_bot.o [1]
USBH_MSC_BOT_REQ_Reset  0x08018e15       0x24  Code  Gb  usbh_msc_bot.o [1]
USBH_MSC_ClassRequest   0x08018697       0x8a  Code  Lc  usbh_msc.o [1]
USBH_MSC_DecodeCSW      0x080191ed       0x62  Code  Lc  usbh_msc_bot.o [1]
USBH_MSC_GetLUNInfo     0x08018c75       0x3c  Code  Gb  usbh_msc.o [1]
USBH_MSC_InterfaceDeInit
                        0x08018639       0x5e  Code  Lc  usbh_msc.o [1]
USBH_MSC_InterfaceInit  0x080184a5      0x194  Code  Lc  usbh_msc.o [1]
USBH_MSC_Process        0x08018721      0x392  Code  Lc  usbh_msc.o [1]
USBH_MSC_RdWrProcess    0x08018ab9      0x18e  Code  Lc  usbh_msc.o [1]
USBH_MSC_Read           0x08018cb1       0xb2  Code  Gb  usbh_msc.o [1]
USBH_MSC_SCSI_Inquiry   0x080193f3      0x12c  Code  Gb  usbh_msc_scsi.o [1]
USBH_MSC_SCSI_Read      0x08019691       0xb2  Code  Gb  usbh_msc_scsi.o [1]
USBH_MSC_SCSI_ReadCapacity
                        0x08019335       0xbe  Code  Gb  usbh_msc_scsi.o [1]
USBH_MSC_SCSI_RequestSense
                        0x0801951f       0xc0  Code  Gb  usbh_msc_scsi.o [1]
USBH_MSC_SCSI_TestUnitReady
                        0x080192c3       0x72  Code  Gb  usbh_msc_scsi.o [1]
USBH_MSC_SCSI_Write     0x080195df       0xb2  Code  Gb  usbh_msc_scsi.o [1]
USBH_MSC_SOFProcess     0x08018ab3        0x6  Code  Lc  usbh_msc.o [1]
USBH_MSC_UnitIsReady    0x08018c47       0x2e  Code  Gb  usbh_msc.o [1]
USBH_MSC_Write          0x08018d63       0xb2  Code  Gb  usbh_msc.o [1]
USBH_OpenPipe           0x08017cd7       0x40  Code  Gb  usbh_pipes.o [1]
USBH_ParseCfgDesc       0x08017fa5       0xec  Code  Lc  usbh_ctlreq.o [1]
USBH_ParseDevDesc       0x08017f49       0x5c  Code  Lc  usbh_ctlreq.o [1]
USBH_ParseEPDesc        0x080180b7       0x20  Code  Lc  usbh_ctlreq.o [1]
USBH_ParseInterfaceDesc
                        0x08018091       0x26  Code  Lc  usbh_ctlreq.o [1]
USBH_ParseStringDesc    0x080180d7       0x40  Code  Lc  usbh_ctlreq.o [1]
USBH_Path               0x2000a6f8        0x4  Data  Gb  fatfs.o [1]
USBH_Process            0x080178ab      0x1e8  Code  Gb  usbh_core.o [1]
USBH_RegisterClass      0x080177cf       0x3a  Code  Gb  usbh_core.o [1]
USBH_SelectInterface    0x08017809       0x22  Code  Gb  usbh_core.o [1]
USBH_SetAddress         0x08017ec7       0x2c  Code  Gb  usbh_ctlreq.o [1]
USBH_SetCfg             0x08017ef3       0x2a  Code  Gb  usbh_ctlreq.o [1]
USBH_Start              0x08017895       0x16  Code  Gb  usbh_core.o [1]
USBH_UserProcess        0x0801dead       0x32  Code  Lc  usb_host.o [1]
USBH_initialize         0x0801e18d        0x6  Code  Gb  usbh_diskio.o [1]
USBH_ioctl              0x0801e2af       0x94  Code  Gb  usbh_diskio.o [1]
USBH_msc                0x200004c4       0x20  Data  Gb  usbh_msc.o [1]
USBH_read               0x0801e1b7       0x76  Code  Gb  usbh_diskio.o [1]
USBH_status             0x0801e193       0x24  Code  Gb  usbh_diskio.o [1]
USBH_write              0x0801e22d       0x82  Code  Gb  usbh_diskio.o [1]
USB_CoreInit            0x08016d75       0x6e  Code  Gb  stm32f7xx_ll_usb.o [1]
USB_CoreReset           0x08016f05       0x38  Code  Lc  stm32f7xx_ll_usb.o [1]
USB_DisableGlobalInt    0x08016df1        0xe  Code  Gb  stm32f7xx_ll_usb.o [1]
USB_DoPing              0x08017641       0x44  Code  Gb  stm32f7xx_ll_usb.o [1]
USB_DriveVbus           0x080170a9       0x4a  Code  Gb  stm32f7xx_ll_usb.o [1]
USB_EnableGlobalInt     0x08016de3        0xe  Code  Gb  stm32f7xx_ll_usb.o [1]
USB_FlushRxFifo         0x08016e59       0x20  Code  Gb  stm32f7xx_ll_usb.o [1]
USB_FlushTxFifo         0x08016e35       0x24  Code  Gb  stm32f7xx_ll_usb.o [1]
USB_GetCurrentFrame     0x08017109        0xa  Code  Gb  stm32f7xx_ll_usb.o [1]
USB_GetHostSpeed        0x080170f3       0x16  Code  Gb  stm32f7xx_ll_usb.o [1]
USB_GetMode             0x08016efd        0x8  Code  Gb  stm32f7xx_ll_usb.o [1]
USB_HC_Halt             0x080174bb      0x186  Code  Gb  stm32f7xx_ll_usb.o [1]
USB_HC_Init             0x08017113      0x1b0  Code  Gb  stm32f7xx_ll_usb.o [1]
USB_HC_ReadInterrupt    0x080174b1        0xa  Code  Gb  stm32f7xx_ll_usb.o [1]
USB_HC_StartXfer        0x080172c3      0x1d4  Code  Gb  stm32f7xx_ll_usb.o [1]
USB_HostInit            0x08016f3d       0xe0  Code  Gb  stm32f7xx_ll_usb.o [1]
USB_InitFSLSPClkSel     0x08017025       0x4c  Code  Gb  stm32f7xx_ll_usb.o [1]
USB_ReadInterrupts      0x08016eef        0xe  Code  Gb  stm32f7xx_ll_usb.o [1]
USB_ReadPacket          0x08016ec3       0x2c  Code  Gb  stm32f7xx_ll_usb.o [1]
USB_ResetPort           0x08017071       0x38  Code  Gb  stm32f7xx_ll_usb.o [1]
USB_SetCurrentMode      0x08016dff       0x36  Code  Gb  stm32f7xx_ll_usb.o [1]
USB_StopHost            0x08017685       0xb4  Code  Gb  stm32f7xx_ll_usb.o [1]
USB_WritePacket         0x08016e7d       0x46  Code  Gb  stm32f7xx_ll_usb.o [1]
UpdateScreen            0x2000a781        0x1  Data  Gb  PTZinterface.o [1]
VideoCAMOnOff           0x080105d5       0x88  Code  Gb  video.o [1]
WaitVBlank              0x08012ea9       0x54  Code  Gb  tw8819.o [1]
WriteStringToAddr       0x08013b71       0x90  Code  Gb  OSDBasic.o [1]
WriteTW88               0x08012d6b       0x28  Code  Gb  tw8819.o [1]
WriteTW88::buffer       0x2000a76c        0x2  Data  Lc  tw8819.o [1]
WriteTW88Page           0x08012d49       0x22  Code  Gb  tw8819.o [1]
WriteTW88Page::buffer   0x200004ea        0x2  Data  Lc  tw8819.o [1]
ZonesTS_0               0x0801e53c       0xe8  Data  Gb  PTZinterface.o [1]
_GenldFull              0x08014d8d      0x26a  Code  Lc  xprintffull.o [3]
_HW_Fill_Display_From_Mem
                        0x080103c1       0xac  Code  Gb  video.o [1]
_LdtobFull              0x0801498d      0x3fa  Code  Lc  xprintffull.o [3]
_LitobFull              0x08014883      0x10a  Code  Lc  xprintffull.o [3]
_PrintfFull             0x08014275      0x59a  Code  Gb  xprintffull.o [3]
_PutcharsFull           0x08014ff7       0x2e  Code  Lc  xprintffull.o [3]
_SProut                 0x080064ef        0xa  Code  Gb  xsprout.o [3]
__aeabi_cdcmple         0x0801521d             Code  Gb  DblCmpLe.o [4]
__aeabi_cdrcmple        0x0801524d             Code  Gb  DblCmpGe.o [4]
__aeabi_d2f             0x0801273d             Code  Gb  DblToFlt.o [4]
__aeabi_d2iz            0x08015391             Code  Gb  DblToI32.o [4]
__aeabi_d2uiz           0x080153bd             Code  Gb  DblToI32.o [4]
__aeabi_ddiv            0x08015599             Code  Gb  DblDiv.o [4]
__aeabi_dmul            0x08012599             Code  Gb  DblMul.o [4]
__aeabi_dsub            0x08015419             Code  Gb  DblSub.o [4]
__aeabi_f2d             0x08012549             Code  Gb  FltToDbl.o [4]
__aeabi_i2d             0x080153e9             Code  Gb  I32ToDbl.o [4]
__aeabi_ldiv0           0x080157fd             Code  Gb  I64DivZer.o [5]
__aeabi_memset          0x0801925d             Code  Gb  ABImemset.o [5]
__aeabi_ui2d            0x080153fd             Code  Gb  I32ToDbl.o [4]
__aeabi_uldivmod        0x080150e9             Code  Gb  I64DivMod.o [5]
__cmain                 0x0801e9a9             Code  Gb  cmain.o [5]
__data_GetMemChunk      0x0800b159       0x2c  Code  Gb  xgetmemchunk.o [3]
__data_GetMemChunk::start
                        0x2000a764        0x4  Data  Lc  xgetmemchunk.o [3]
__exit                  0x0800b185       0x14  Code  Gb  exit.o [6]
__iar_Dnorm             0x080151d7       0x44  Code  Gb  xdnorm.o [4]
__iar_Dscale            0x0801527d      0x114  Code  Gb  xdscale.o [4]
__iar_Memchr            0x08015091             Code  Gb  memchr.o [5]
__iar_Memset            0x0801925d             Code  Gb  ABImemset.o [5]
__iar_Memset_word       0x08019265             Code  Gb  ABImemset.o [5]
__iar_Strchr            0x08015041             Code  Gb  strchr.o [5]
__iar_d2uiz             0x080153c9             Code  Gb  DblToI32.o [4]
__iar_dadd              0x08015801             Code  Gb  DblAdd.o [4]
__iar_data_init3        0x0801e91d       0x28  Code  Gb  data_init.o [5]
__iar_dlfree            0x0800ac2f      0x51a  Code  Gb  dlmalloc.o [3]
__iar_dlmalloc          0x0800a979      0x2aa  Code  Gb  dlmalloc.o [3]
__iar_dsub              0x0801542d             Code  Gb  DblSub.o [4]
__iar_dsubStart         0x0801543f             Code  Gb  DblSub.o [4]
__iar_init_vfp          0x0801e945             Code  Gb  fpinit_M.o [4]
__iar_packbits_init_single3
                        0x0801e895       0x38  Code  Gb  packbits_init_single.o [5]
__iar_program_start     0x0801ea71             Code  Gb  cstartup_M.o [5]
__iar_ui2d              0x08015401             Code  Gb  I32ToDbl.o [4]
__iar_unaligned___aeabi_memcpy
                        0x0800c6b9             Code  Gb  ABImemcpy_unaligned.o [5]
__iar_unaligned___aeabi_memcpy4
                        0x0800c6d9             Code  Gb  ABImemcpy_unaligned.o [5]
__iar_unaligned___aeabi_memcpy8
                        0x0800c6d9             Code  Gb  ABImemcpy_unaligned.o [5]
__iar_zero_init3        0x0801e855       0x40  Code  Gb  zero_init3.o [5]
__low_level_init        0x0801e9c3        0x4  Code  Gb  low_level_init.o [3]
__vector_table          0x08000000             Data  Gb  startup_stm32f746xx.o [1]
_call_main              0x0801e9b5             Code  Gb  cmain.o [5]
_exit                   0x0801e9cd             Code  Gb  cexit.o [5]
_gm_                    0x20009b40      0x1d8  Data  Lc  dlmalloc.o [3]
_main                   0x0801e9bf             Code  Gb  cmain.o [5]
abort                   0x0800b151        0x6  Code  Gb  abort.o [3]
actions                 0x0800de79       0x3e  Code  Lc  PTZinterface.o [1]
bcd2bin                 0x08010231       0x1c  Code  Gb  rtc.o [1]
check_fs                0x080055d3       0x86  Code  Lc  ff.o [1]
chk_chr                 0x080046db       0x14  Code  Lc  ff.o [1]
chk_lock                0x080046ef       0x90  Code  Lc  ff.o [1]
clear_lock              0x080048e1       0x2c  Code  Lc  ff.o [1]
clmt_clust              0x08004fb3       0x46  Code  Lc  ff.o [1]
clust2sect              0x08004ae3       0x26  Code  Gb  ff.o [1]
create_chain            0x08004ea1      0x112  Code  Lc  ff.o [1]
create_name             0x080053c7      0x12c  Code  Lc  ff.o [1]
dataIMG                 0x2000a71c        0x4  Data  Lc  lcd.o [1]
dec_lock                0x08004887       0x5a  Code  Lc  ff.o [1]
dir_alloc               0x0800526d       0x66  Code  Lc  ff.o [1]
dir_find                0x08005317       0x68  Code  Lc  ff.o [1]
dir_next                0x080050ef      0x17e  Code  Lc  ff.o [1]
dir_register            0x0800537f       0x48  Code  Lc  ff.o [1]
dir_sdi                 0x08004ff9       0xf6  Code  Lc  ff.o [1]
disk                    0x2000a6a4       0x14  Data  Gb  ff_gen_drv.o [1]
disk_initialize         0x0800651b       0x36  Code  Gb  diskio.o [1]
disk_ioctl              0x080065c1       0x2c  Code  Gb  diskio.o [1]
disk_read               0x08006551       0x38  Code  Gb  diskio.o [1]
disk_status             0x080064f9       0x22  Code  Gb  diskio.o [1]
disk_write              0x08006589       0x38  Code  Gb  diskio.o [1]
div                     0x080157ef        0xe  Code  Gb  div.o [3]
dt                      0x2000a6d0        0x8  Data  Gb  PTZinterface.o [1]
emptyF                  0x0800f457        0x2  Code  Gb  core.o [1]
emptyM                  0x0800f455        0x2  Code  Gb  core.o [1]
emptyS                  0x0800f453        0x2  Code  Gb  core.o [1]
enq_lock                0x0800477f       0x26  Code  Lc  ff.o [1]
exit                    0x0801e9c7        0x4  Code  Gb  exit.o [3]
f_close                 0x08006177       0x38  Code  Gb  ff.o [1]
f_lseek                 0x080061af      0x340  Code  Gb  ff.o [1]
f_mount                 0x08005c03       0x6e  Code  Gb  ff.o [1]
f_open                  0x08005c8d      0x1e4  Code  Gb  ff.o [1]
f_read                  0x08005e71      0x272  Code  Gb  ff.o [1]
f_sync                  0x080060e3       0x94  Code  Gb  ff.o [1]
find_volume             0x08005659      0x568  Code  Lc  ff.o [1]
follow_path             0x080054f3       0x90  Code  Lc  ff.o [1]
gOSTtypeB_16ptBitmaps   0x08006698     0x1d4c  Data  Gb  GOST_B_23_var.o [1]
gOSTtypeB_16ptDescriptors
                        0x0801b0d8      0x700  Data  Gb  GOST_B_23_var.o [1]
get_fat                 0x08004b09      0x156  Code  Gb  ff.o [1]
get_fattime             0x08006625        0x4  Code  Gb  fatfs.o [1]
get_ldnumber            0x08005583       0x50  Code  Lc  ff.o [1]
hUsbHostFS              0x20009214      0x3c8  Data  Gb  usb_host.o [1]
hadc1                   0x2000a358       0x48  Data  Gb  adc.o [1]
hcan1                   0x2000a3a0       0x40  Data  Gb  can.o [1]
hcan2                   0x2000a3e0       0x40  Data  Gb  can.o [1]
hdac                    0x2000a690       0x14  Data  Gb  dac.o [1]
hdma2d                  0x2000a420       0x40  Data  Gb  dma2d.o [1]
hdma_spi2_rx            0x2000a1f4       0x60  Data  Gb  spi.o [1]
hdma_spi2_tx            0x2000a254       0x60  Data  Gb  spi.o [1]
hhcd_USB_OTG_FS         0x200098ac      0x294  Data  Gb  usbh_conf.o [1]
hi2c2                   0x2000a2b4       0x4c  Data  Gb  i2c.o [1]
hltdc                   0x20009e58       0xa8  Data  Gb  ltdc.o [1]
hnand1                  0x2000a58c       0x38  Data  Gb  fmc.o [1]
hsd1                    0x2000a194       0x60  Data  Gb  sdmmc.o [1]
hsdram1                 0x2000a5c4       0x34  Data  Gb  fmc.o [1]
hspi2                   0x2000a0d0       0x64  Data  Gb  spi.o [1]
htim11                  0x2000a4d8       0x3c  Data  Gb  tim.o [1]
htim13                  0x2000a514       0x3c  Data  Gb  tim.o [1]
htim14                  0x2000a550       0x3c  Data  Gb  tim.o [1]
htim6                   0x2000a460       0x3c  Data  Gb  tim.o [1]
htim7                   0x2000a49c       0x3c  Data  Gb  tim.o [1]
huart2                  0x20009f80       0x70  Data  Gb  usart.o [1]
huart3                  0x20009ff0       0x70  Data  Gb  usart.o [1]
huart6                  0x2000a060       0x70  Data  Gb  usart.o [1]
inc_lock                0x080047a5       0xe2  Code  Lc  ff.o [1]
init_mparams            0x08009c79       0x32  Code  Lc  dlmalloc.o [3]
init_top                0x08009cab       0x34  Code  Lc  dlmalloc.o [3]
ld_clust                0x080052d3       0x2c  Code  Lc  ff.o [1]
main                    0x0801da9b       0x78  Code  Gb  main.o [1]
mem_cmp                 0x080046b7       0x24  Code  Lc  ff.o [1]
mem_cpy                 0x08004685       0x1c  Code  Lc  ff.o [1]
mem_set                 0x080046a1       0x16  Code  Lc  ff.o [1]
memchr                  0x08015091             Code  Gb  memchr.o [5]
move_window             0x0800498b       0x4a  Code  Lc  ff.o [1]
mparams                 0x2000a678       0x18  Data  Lc  dlmalloc.o [3]
mutexF                  0x2000a76e        0x1  Data  Gb  core.o [1]
mutexM                  0x2000a76f        0x1  Data  Gb  core.o [1]
my_array_in_SDRAM       0xc0000000  0x2000000  Data  Gb  memory.o [1]
pFastQueue              0x20000200      0x100  Data  Gb  core.o [1]
pFastQueueIni           0x0800f4c5       0x36  Code  Gb  core.o [1]
pFastQueueIni::i        0x2000a778        0x1  Data  Lc  core.o [1]
pMediumQueue            0x20000100      0x100  Data  Gb  core.o [1]
pMediumQueueIni         0x0800f48f       0x36  Code  Gb  core.o [1]
pMediumQueueIni::i      0x2000a777        0x1  Data  Lc  core.o [1]
pSlowQueue              0x20000000      0x100  Data  Gb  core.o [1]
pSlowQueueIni           0x0800f459       0x36  Code  Gb  core.o [1]
pSlowQueueIni::i        0x2000a776        0x1  Data  Lc  core.o [1]
prepend_alloc           0x08009cdf      0x372  Code  Lc  dlmalloc.o [3]
put_fat                 0x08004c5f      0x1b0  Code  Gb  ff.o [1]
readedKeys              0x2000a710        0x4  Data  Gb  keyboard.o [1]
remove_chain            0x08004e0f       0x92  Code  Lc  ff.o [1]
retSD                   0x2000a77a        0x1  Data  Gb  fatfs.o [1]
retUSBH                 0x2000a77b        0x1  Data  Gb  fatfs.o [1]
segment_holding         0x08009c5d       0x1c  Code  Lc  dlmalloc.o [3]
sorttreug               0x08011849      0x19c  Code  Gb  lcd.o [1]
sprintf                 0x08013589       0x34  Code  Gb  sprintf.o [3]
st_clust                0x080052ff       0x18  Code  Lc  ff.o [1]
strchr                  0x08015041             Code  Gb  strchr.o [5]
strlen                  0x08015059             Code  Gb  strlen.o [5]
strlenA                 0x08013d3d       0x16  Code  Gb  OSDBasic.o [1]
sync_fs                 0x080049d5      0x10e  Code  Lc  ff.o [1]
sync_window             0x08004911       0x7a  Code  Lc  ff.o [1]
sys_alloc               0x0800a051      0x388  Code  Lc  dlmalloc.o [3]
temp                    0x2000a787        0x1  Data  Gb  stmpe811.o [1]
tmalloc_large           0x0800a3e5      0x380  Code  Lc  dlmalloc.o [3]
tmalloc_small           0x0800a765      0x206  Code  Lc  dlmalloc.o [3]
uwTick                  0x2000a74c        0x4  Data  Gb  stm32f7xx_hal.o [1]
validate                0x08005bc1       0x42  Code  Lc  ff.o [1]


[1] = E:\PTZ\IAR\PLC\EWARM\PLC\Obj
[2] = command line
[3] = dl7M_tln.a
[4] = m7M_tls.a
[5] = rt7M_tl.a
[6] = shb_l.a

  89 728 bytes of readonly  code memory
  36 769 bytes of readonly  data memory
  42 893 bytes of readwrite data memory (+ 33 554 432 absolute)

Errors: none
Warnings: none
