###############################################################################
#
# IAR ELF Linker V7.70.1.11437/W32 for ARM                04/Aug/2016  17:23:04
# Copyright 2007-2016 IAR Systems AB.
#
#    Output file  =  E:\PTZ\IAR\PLC\EWARM\PLC\Exe\PLC.out
#    Map file     =  E:\PTZ\IAR\PLC\EWARM\PLC\List\PLC.map
#    Command line =  
#        E:\PTZ\IAR\PLC\EWARM\PLC\Obj\adc.o
#        E:\PTZ\IAR\PLC\EWARM\PLC\Obj\ARIALB_16pt.o
#        E:\PTZ\IAR\PLC\EWARM\PLC\Obj\bsp_driver_sd.o
#        E:\PTZ\IAR\PLC\EWARM\PLC\Obj\bsp_driver_sdram.o
#        E:\PTZ\IAR\PLC\EWARM\PLC\Obj\calculations.o
#        E:\PTZ\IAR\PLC\EWARM\PLC\Obj\can.o E:\PTZ\IAR\PLC\EWARM\PLC\Obj\core.o
#        E:\PTZ\IAR\PLC\EWARM\PLC\Obj\dac.o
#        E:\PTZ\IAR\PLC\EWARM\PLC\Obj\diskio.o
#        E:\PTZ\IAR\PLC\EWARM\PLC\Obj\DispInfo.o
#        E:\PTZ\IAR\PLC\EWARM\PLC\Obj\dma.o
#        E:\PTZ\IAR\PLC\EWARM\PLC\Obj\dma2d.o
#        E:\PTZ\IAR\PLC\EWARM\PLC\Obj\fatfs.o E:\PTZ\IAR\PLC\EWARM\PLC\Obj\ff.o
#        E:\PTZ\IAR\PLC\EWARM\PLC\Obj\ff_gen_drv.o
#        E:\PTZ\IAR\PLC\EWARM\PLC\Obj\files.o
#        E:\PTZ\IAR\PLC\EWARM\PLC\Obj\fmc.o
#        E:\PTZ\IAR\PLC\EWARM\PLC\Obj\GOST_B_23_var.o
#        E:\PTZ\IAR\PLC\EWARM\PLC\Obj\gpio.o E:\PTZ\IAR\PLC\EWARM\PLC\Obj\gui.o
#        E:\PTZ\IAR\PLC\EWARM\PLC\Obj\i2c.o
#        E:\PTZ\IAR\PLC\EWARM\PLC\Obj\ImageControl.o
#        E:\PTZ\IAR\PLC\EWARM\PLC\Obj\initial.o
#        E:\PTZ\IAR\PLC\EWARM\PLC\Obj\InputsTW.o
#        E:\PTZ\IAR\PLC\EWARM\PLC\Obj\interrupts.o
#        E:\PTZ\IAR\PLC\EWARM\PLC\Obj\keyboard.o
#        E:\PTZ\IAR\PLC\EWARM\PLC\Obj\lcd.o E:\PTZ\IAR\PLC\EWARM\PLC\Obj\leds.o
#        E:\PTZ\IAR\PLC\EWARM\PLC\Obj\lm75.o
#        E:\PTZ\IAR\PLC\EWARM\PLC\Obj\ltdc.o
#        E:\PTZ\IAR\PLC\EWARM\PLC\Obj\main.o
#        E:\PTZ\IAR\PLC\EWARM\PLC\Obj\memory.o
#        E:\PTZ\IAR\PLC\EWARM\PLC\Obj\OSDBasic.o
#        E:\PTZ\IAR\PLC\EWARM\PLC\Obj\OSDFont.o
#        E:\PTZ\IAR\PLC\EWARM\PLC\Obj\OSDinitTable.o
#        E:\PTZ\IAR\PLC\EWARM\PLC\Obj\PTZinterface.o
#        E:\PTZ\IAR\PLC\EWARM\PLC\Obj\RIAD_16pt.o
#        E:\PTZ\IAR\PLC\EWARM\PLC\Obj\RIAD_20pt.o
#        E:\PTZ\IAR\PLC\EWARM\PLC\Obj\RIAD_30pt.o
#        E:\PTZ\IAR\PLC\EWARM\PLC\Obj\RIAD_40pt.o
#        E:\PTZ\IAR\PLC\EWARM\PLC\Obj\RIAD_80pt.o
#        E:\PTZ\IAR\PLC\EWARM\PLC\Obj\rtc.o
#        E:\PTZ\IAR\PLC\EWARM\PLC\Obj\sd_diskio.o
#        E:\PTZ\IAR\PLC\EWARM\PLC\Obj\sdmmc.o
#        E:\PTZ\IAR\PLC\EWARM\PLC\Obj\sdram_diskio.o
#        E:\PTZ\IAR\PLC\EWARM\PLC\Obj\sound.o
#        E:\PTZ\IAR\PLC\EWARM\PLC\Obj\spi.o
#        E:\PTZ\IAR\PLC\EWARM\PLC\Obj\spi_mem.o
#        E:\PTZ\IAR\PLC\EWARM\PLC\Obj\startup_stm32f746xx.o
#        E:\PTZ\IAR\PLC\EWARM\PLC\Obj\stm32f7xx_hal.o
#        E:\PTZ\IAR\PLC\EWARM\PLC\Obj\stm32f7xx_hal_adc.o
#        E:\PTZ\IAR\PLC\EWARM\PLC\Obj\stm32f7xx_hal_adc_ex.o
#        E:\PTZ\IAR\PLC\EWARM\PLC\Obj\stm32f7xx_hal_can.o
#        E:\PTZ\IAR\PLC\EWARM\PLC\Obj\stm32f7xx_hal_cortex.o
#        E:\PTZ\IAR\PLC\EWARM\PLC\Obj\stm32f7xx_hal_dac.o
#        E:\PTZ\IAR\PLC\EWARM\PLC\Obj\stm32f7xx_hal_dac_ex.o
#        E:\PTZ\IAR\PLC\EWARM\PLC\Obj\stm32f7xx_hal_dma.o
#        E:\PTZ\IAR\PLC\EWARM\PLC\Obj\stm32f7xx_hal_dma2d.o
#        E:\PTZ\IAR\PLC\EWARM\PLC\Obj\stm32f7xx_hal_dma_ex.o
#        E:\PTZ\IAR\PLC\EWARM\PLC\Obj\stm32f7xx_hal_dsi.o
#        E:\PTZ\IAR\PLC\EWARM\PLC\Obj\stm32f7xx_hal_flash.o
#        E:\PTZ\IAR\PLC\EWARM\PLC\Obj\stm32f7xx_hal_flash_ex.o
#        E:\PTZ\IAR\PLC\EWARM\PLC\Obj\stm32f7xx_hal_gpio.o
#        E:\PTZ\IAR\PLC\EWARM\PLC\Obj\stm32f7xx_hal_hcd.o
#        E:\PTZ\IAR\PLC\EWARM\PLC\Obj\stm32f7xx_hal_i2c.o
#        E:\PTZ\IAR\PLC\EWARM\PLC\Obj\stm32f7xx_hal_i2c_ex.o
#        E:\PTZ\IAR\PLC\EWARM\PLC\Obj\stm32f7xx_hal_ltdc.o
#        E:\PTZ\IAR\PLC\EWARM\PLC\Obj\stm32f7xx_hal_ltdc_ex.o
#        E:\PTZ\IAR\PLC\EWARM\PLC\Obj\stm32f7xx_hal_msp.o
#        E:\PTZ\IAR\PLC\EWARM\PLC\Obj\stm32f7xx_hal_nand.o
#        E:\PTZ\IAR\PLC\EWARM\PLC\Obj\stm32f7xx_hal_pwr.o
#        E:\PTZ\IAR\PLC\EWARM\PLC\Obj\stm32f7xx_hal_pwr_ex.o
#        E:\PTZ\IAR\PLC\EWARM\PLC\Obj\stm32f7xx_hal_rcc.o
#        E:\PTZ\IAR\PLC\EWARM\PLC\Obj\stm32f7xx_hal_rcc_ex.o
#        E:\PTZ\IAR\PLC\EWARM\PLC\Obj\stm32f7xx_hal_sd.o
#        E:\PTZ\IAR\PLC\EWARM\PLC\Obj\stm32f7xx_hal_sdram.o
#        E:\PTZ\IAR\PLC\EWARM\PLC\Obj\stm32f7xx_hal_spi.o
#        E:\PTZ\IAR\PLC\EWARM\PLC\Obj\stm32f7xx_hal_tim.o
#        E:\PTZ\IAR\PLC\EWARM\PLC\Obj\stm32f7xx_hal_tim_ex.o
#        E:\PTZ\IAR\PLC\EWARM\PLC\Obj\stm32f7xx_hal_uart.o
#        E:\PTZ\IAR\PLC\EWARM\PLC\Obj\stm32f7xx_it.o
#        E:\PTZ\IAR\PLC\EWARM\PLC\Obj\stm32f7xx_ll_fmc.o
#        E:\PTZ\IAR\PLC\EWARM\PLC\Obj\stm32f7xx_ll_sdmmc.o
#        E:\PTZ\IAR\PLC\EWARM\PLC\Obj\stm32f7xx_ll_usb.o
#        E:\PTZ\IAR\PLC\EWARM\PLC\Obj\stmpe811.o
#        E:\PTZ\IAR\PLC\EWARM\PLC\Obj\syscall.o
#        E:\PTZ\IAR\PLC\EWARM\PLC\Obj\system_stm32f7xx.o
#        E:\PTZ\IAR\PLC\EWARM\PLC\Obj\tim.o
#        E:\PTZ\IAR\PLC\EWARM\PLC\Obj\timer11.o
#        E:\PTZ\IAR\PLC\EWARM\PLC\Obj\timer13.o
#        E:\PTZ\IAR\PLC\EWARM\PLC\Obj\timer14.o
#        E:\PTZ\IAR\PLC\EWARM\PLC\Obj\tw8819.o
#        E:\PTZ\IAR\PLC\EWARM\PLC\Obj\usart.o
#        E:\PTZ\IAR\PLC\EWARM\PLC\Obj\usb_host.o
#        E:\PTZ\IAR\PLC\EWARM\PLC\Obj\usbh_conf.o
#        E:\PTZ\IAR\PLC\EWARM\PLC\Obj\usbh_core.o
#        E:\PTZ\IAR\PLC\EWARM\PLC\Obj\usbh_ctlreq.o
#        E:\PTZ\IAR\PLC\EWARM\PLC\Obj\usbh_diskio.o
#        E:\PTZ\IAR\PLC\EWARM\PLC\Obj\usbh_ioreq.o
#        E:\PTZ\IAR\PLC\EWARM\PLC\Obj\usbh_msc.o
#        E:\PTZ\IAR\PLC\EWARM\PLC\Obj\usbh_msc_bot.o
#        E:\PTZ\IAR\PLC\EWARM\PLC\Obj\usbh_msc_scsi.o
#        E:\PTZ\IAR\PLC\EWARM\PLC\Obj\usbh_pipes.o
#        E:\PTZ\IAR\PLC\EWARM\PLC\Obj\video.o --redirect _Printf=_PrintfFull
#        --redirect _Scanf=_ScanfFull -o E:\PTZ\IAR\PLC\EWARM\PLC\Exe\PLC.out
#        --map E:\PTZ\IAR\PLC\EWARM\PLC\List\PLC.map --config
#        E:\PTZ\IAR\PLC\EWARM/stm32f746xx_flash.icf --semihosting --entry
#        __iar_program_start --merge_duplicate_sections --no_vfe
#
###############################################################################

*******************************************************************************
*** RUNTIME MODEL ATTRIBUTES
***

CppFlavor       = *
__Heap_Handler  = DLMalloc
__SystemLibrary = DLib


*******************************************************************************
*** PLACEMENT SUMMARY
***

"A0":  place at 0x08000000 { ro section .intvec };
"P1":  place in [from 0x08000000 to 0x080fffff] { ro };
"P2":  place in [from 0x20000000 to 0x2004ffff] { rw, block CSTACK, block HEAP };
initialize by copy { rw };

  Section            Kind        Address     Size  Object
  -------            ----        -------     ----  ------
"A0":                                       0x1c8
  .intvec            ro code  0x08000000    0x1c8  startup_stm32f746xx.o [1]
                            - 0x080001c8    0x1c8

"P1":                                     0x2b164
  .rodata            const    0x080001c8   0x5f90  RIAD_30pt.o [1]
  .rodata            const    0x08006158   0x3624  RIAD_20pt.o [1]
  .text              ro code  0x0800977c   0x2c28  PTZinterface.o [1]
  .text              ro code  0x0800c3a4    0x448  video.o [1]
  .text              ro code  0x0800c7ec    0x8f0  gui.o [1]
  .text              ro code  0x0800d0dc    0x474  calculations.o [1]
  .text              ro code  0x0800d550    0x190  rtc.o [1]
  .text              ro code  0x0800d6e0   0x158c  lcd.o [1]
  .text              ro code  0x0800ec6c    0x134  timer14.o [1]
  .text              ro code  0x0800eda0     0x76  ABImemcpy_unaligned.o [5]
  .text              ro code  0x0800ee16      0xa  xsprout.o [3]
  .text              ro code  0x0800ee20    0x118  memory.o [1]
  .text              ro code  0x0800ef38    0x57c  stm32f7xx_hal_dma2d.o [1]
  .text              ro code  0x0800f4b4     0x2c  video.o [1]
  .text              ro code  0x0800f4e0    0x160  core.o [1]
  .text              ro code  0x0800f640   0x1e6a  ff.o [1]
  .text              ro code  0x080114ac    0x20a  tw8819.o [1]
  .text              ro code  0x080116b8    0x3fc  stm32f7xx_hal_gpio.o [1]
  .text              ro code  0x08011ab4    0x2d8  OSDFont.o [1]
  .text              ro code  0x08011d8c     0xb4  DispInfo.o [1]
  .text              ro code  0x08011e40     0x48  gui.o [1]
  .text              ro code  0x08011e88     0x50  gui.o [1]
  .text              ro code  0x08011ed8     0x44  gui.o [1]
  .text              ro code  0x08011f1c    0x548  stm32f7xx_hal_ltdc.o [1]
  .text              ro code  0x08012464     0x4e  FltToDbl.o [4]
  .text              ro code  0x080124b4    0x1a2  DblMul.o [4]
  .text              ro code  0x08012658     0x90  DblToFlt.o [4]
  .text              ro code  0x080126e8   0x1192  stm32f7xx_hal_i2c.o [1]
  .text              ro code  0x0801387c    0x142  stm32f7xx_hal_dac.o [1]
  .text              ro code  0x080139c0    0x4f0  stmpe811.o [1]
  .text              ro code  0x08013eb0    0x164  stm32f7xx_hal_nand.o [1]
  .text              ro code  0x08014014     0x34  sprintf.o [3]
  .text              ro code  0x08014048     0xca  stm32f7xx_hal_sdram.o [1]
  .text              ro code  0x08014114     0xf0  initial.o [1]
  .text              ro code  0x08014204     0x68  dma2d.o [1]
  .text              ro code  0x0801426c      0xc  stm32f7xx_hal.o [1]
  .text              ro code  0x08014278      0x2  stm32f7xx_hal_can.o [1]
  .text              ro code  0x0801427c     0x2c  core.o [1]
  .text              ro code  0x080142a8     0xf8  diskio.o [1]
  .text              ro code  0x080143a0     0x38  fatfs.o [1]
  .text              ro code  0x080143d8    0x280  ltdc.o [1]
  .text              ro code  0x08014658     0x60  interrupts.o [1]
  .text              ro code  0x080146b8    0x23c  OSDBasic.o [1]
  .text              ro code  0x080148f4     0xc4  i2c.o [1]
  .text              ro code  0x080149b8    0x406  stm32f7xx_hal_dma.o [1]
  .text              ro code  0x08014dc0     0xac  dac.o [1]
  .text              ro code  0x08014e6c    0x20c  fmc.o [1]
  .text              ro code  0x08015078    0x20e  stm32f7xx_ll_fmc.o [1]
  .text              ro code  0x08015288    0xdca  xprintffull.o [3]
  .text              ro code  0x08016054    0x234  timer13.o [1]
  .text              ro code  0x08016288     0x78  timer11.o [1]
  .text              ro code  0x08016300    0x18e  stm32f7xx_hal_cortex.o [1]
  .text              ro code  0x08016490     0x2c  leds.o [1]
  .text              ro code  0x080164bc     0x2c  initial.o [1]
  .text              ro code  0x080164e8     0x70  ff_gen_drv.o [1]
  .text              ro code  0x08016558     0x64  stm32f7xx_hal_i2c_ex.o [1]
  .text              ro code  0x080165bc     0x16  strchr.o [5]
  .text              ro code  0x080165d4     0x36  strlen.o [5]
  .text              ro code  0x0801660c     0x58  memchr.o [5]
  .text              ro code  0x08016664     0xee  I64DivMod.o [5]
  .text              ro code  0x08016752     0x44  xdnorm.o [4]
  .text              ro code  0x08016798     0x2e  DblCmpLe.o [4]
  .text              ro code  0x080167c8     0x2e  DblCmpGe.o [4]
  .text              ro code  0x080167f8    0x114  xdscale.o [4]
  .text              ro code  0x0801690c     0x58  DblToI32.o [4]
  .text              ro code  0x08016964     0x30  I32ToDbl.o [4]
  .text              ro code  0x08016994    0x180  DblSub.o [4]
  .text              ro code  0x08016b14    0x256  DblDiv.o [4]
  .text              ro code  0x08016d6a      0xe  div.o [3]
  .text              ro code  0x08016d78    0x288  keyboard.o [1]
  .text              ro code  0x08017000     0x3c  sound.o [1]
  .text              ro code  0x0801703c     0xd4  DblAdd.o [4]
  .rodata            const    0x08017110   0x2560  OSDFont.o [1]
  .rodata            const    0x08019670   0x1f5c  RIAD_16pt.o [1]
  .rodata            const    0x0801b5cc   0x1d4c  GOST_B_23_var.o [1]
  .rodata            const    0x0801d318   0x1878  OSDFont.o [1]
  .text              ro code  0x0801eb90   0x14f4  dlmalloc.o [3]
  .text              ro code  0x08020084      0x6  abort.o [3]
  .text              ro code  0x0802008c     0x2c  xgetmemchunk.o [3]
  .text              ro code  0x080200b8     0x14  exit.o [6]
  .text              ro code  0x080200cc   0x1430  stm32f7xx_hal_sd.o [1]
  .text              ro code  0x080214fc     0xf0  sdmmc.o [1]
  .text              ro code  0x080215ec     0xce  stm32f7xx_ll_sdmmc.o [1]
  .text              ro code  0x080216bc   0x11c4  stm32f7xx_hal_hcd.o [1]
  .text              ro code  0x08022880    0x2dc  usbh_conf.o [1]
  .text              ro code  0x08022b5c    0x9c4  stm32f7xx_ll_usb.o [1]
  .text              ro code  0x08023520    0x59e  usbh_core.o [1]
  .text              ro code  0x08023abe     0xd4  usbh_pipes.o [1]
  .text              ro code  0x08023b92    0x5ec  usbh_ctlreq.o [1]
  .text              ro code  0x0802417e    0x10e  usbh_ioreq.o [1]
  .text              ro code  0x0802428c    0x970  usbh_msc.o [1]
  .text              ro code  0x08024bfc    0x448  usbh_msc_bot.o [1]
  .text              ro code  0x08025044     0x66  ABImemset.o [5]
  .text              ro code  0x080250aa    0x480  usbh_msc_scsi.o [1]
  .text              ro code  0x0802552c    0x8a8  stm32f7xx_hal_uart.o [1]
  .text              ro code  0x08025dd4    0x1d8  usart.o [1]
  .text              ro code  0x08025fac    0x6e8  stm32f7xx_hal_rcc.o [1]
  .text              ro code  0x08026694     0x28  stm32f7xx_hal.o [1]
  .text              ro code  0x080266bc    0x7fc  stm32f7xx_hal_rcc_ex.o [1]
  .rodata            const    0x08026eb8    0x700  GOST_B_23_var.o [1]
  .rodata            const    0x080275b8    0x700  RIAD_16pt.o [1]
  .rodata            const    0x08027cb8    0x700  RIAD_20pt.o [1]
  .rodata            const    0x080283b8    0x700  RIAD_30pt.o [1]
  .text              ro code  0x08028ab8    0x58c  stm32f7xx_hal_can.o [1]
  .text              ro code  0x08029044    0x1bc  can.o [1]
  .text              ro code  0x08029200    0x388  stm32f7xx_hal_adc.o [1]
  .text              ro code  0x08029588     0xb4  adc.o [1]
  .text              ro code  0x0802963c    0x36c  gpio.o [1]
  .text              ro code  0x080299a8    0x2d8  stm32f7xx_hal_tim.o [1]
  .text              ro code  0x08029c80    0x200  tim.o [1]
  .text              ro code  0x08029e80     0x68  stm32f7xx_hal_tim_ex.o [1]
  .text              ro code  0x08029ee8    0x204  main.o [1]
  .text              ro code  0x0802a0ec     0x28  stm32f7xx_hal.o [1]
  .text              ro code  0x0802a114     0x40  dma.o [1]
  .text              ro code  0x0802a154    0x200  spi.o [1]
  .text              ro code  0x0802a354     0x68  usb_host.o [1]
  .text              ro code  0x0802a3bc     0x84  stm32f7xx_hal_pwr_ex.o [1]
  .text              ro code  0x0802a440     0x46  stm32f7xx_hal_msp.o [1]
  .text              ro code  0x0802a488     0xba  stm32f7xx_hal_spi.o [1]
  .rodata            const    0x0802a544    0x200  calculations.o [1]
  .text              ro code  0x0802a744    0x1bc  usbh_diskio.o [1]
  .text              ro code  0x0802a900    0x124  sd_diskio.o [1]
  .text              ro code  0x0802aa24     0xd0  bsp_driver_sd.o [1]
  .text              ro code  0x0802aaf4     0xe4  stm32f7xx_it.o [1]
  .text              ro code  0x0802abd8     0x10  stm32f7xx_hal.o [1]
  .rodata            const    0x0802abe8     0xc0  PTZinterface.o [1]
  .rodata            const    0x0802aca8     0x80  ff.o [1]
  .text              ro code  0x0802ad28     0x78  lz77_init_single.o [5]
  .text              ro code  0x0802ada0     0x6c  system_stm32f7xx.o [1]
  .rodata            const    0x0802ae0c     0x50  OSDFont.o [1]
  .text              ro code  0x0802ae5c     0x40  zero_init3.o [5]
  .rodata            const    0x0802ae9c     0x28  memory.o [1]
  .rodata            const    0x0802aec4     0x28  OSDinitTable.o [1]
  .text              ro code  0x0802aeec     0x28  data_init.o [5]
  .rodata            const    0x0802af14     0x24  PTZinterface.o [1]
  .text              ro code  0x0802af38     0x22  fpinit_M.o [4]
  .iar.init_table    const    0x0802af5c     0x20  - Linker created -
  .rodata            const    0x0802af7c     0x1c  PTZinterface.o [1]
  .text              ro code  0x0802af98     0x1a  cmain.o [5]
  .text              ro code  0x0802afb2      0x4  low_level_init.o [3]
  .text              ro code  0x0802afb6      0x4  exit.o [3]
  .text              ro code  0x0802afbc      0xa  cexit.o [5]
  .rodata            const    0x0802afc8     0x18  PTZinterface.o [1]
  .rodata            const    0x0802afe0     0x18  PTZinterface.o [1]
  .rodata            const    0x0802aff8     0x14  PTZinterface.o [1]
  .rodata            const    0x0802b00c     0x14  PTZinterface.o [1]
  .rodata            const    0x0802b020     0x10  ff.o [1]
  .rodata            const    0x0802b030     0x10  system_stm32f7xx.o [1]
  .text              ro code  0x0802b040     0x10  startup_stm32f746xx.o [1]
  .rodata            const    0x0802b050      0xc  PTZinterface.o [1]
  .rodata            const    0x0802b05c      0xc  PTZinterface.o [1]
  .text              ro code  0x0802b068      0xc  cstartup_M.o [5]
  .rodata            const    0x0802b074      0x8  DispInfo.o [1]
  .rodata            const    0x0802b07c      0x8  keyboard.o [1]
  .rodata            const    0x0802b084      0x8  PTZinterface.o [1]
  .rodata            const    0x0802b08c      0x8  stm32f7xx_hal_dma.o [1]
  .rodata            const    0x0802b094      0x8  system_stm32f7xx.o [1]
  .rodata            const    0x0802b09c      0x8  video.o [1]
  .rodata            const    0x0802b0a4      0x8  video.o [1]
  .rodata            const    0x0802b0ac      0x4  OSDFont.o [1]
  .rodata            const    0x0802b0b0      0x4  PTZinterface.o [1]
  .rodata            const    0x0802b0b4      0x4  PTZinterface.o [1]
  .rodata            const    0x0802b0b8      0x4  PTZinterface.o [1]
  .rodata            const    0x0802b0bc      0x4  PTZinterface.o [1]
  .rodata            const    0x0802b0c0      0x4  usbh_msc.o [1]
  .text              ro code  0x0802b0c4      0x4  startup_stm32f746xx.o [1]
  .rodata            const    0x0802b0c8      0x0  zero_init3.o [5]
  .rodata            const    0x0802b0c8      0x0  lz77_init_single.o [5]
  Initializer bytes  const    0x0802b0c8    0x264  <for P2-1>
                            - 0x0802b32c  0x2b164

"P2", part 1 of 3:                          0x5f5
  P2-1                        0x20000000    0x5f5  <Init block>
    .data            inited   0x20000000      0x4  core.o [1]
    .data            inited   0x20000004    0x100  core.o [1]
    .data            inited   0x20000104    0x100  core.o [1]
    .data            inited   0x20000204    0x100  core.o [1]
    .data            inited   0x20000304      0xc  GOST_B_23_var.o [1]
    .data            inited   0x20000310      0x4  initial.o [1]
    .data            inited   0x20000314      0xc  PTZinterface.o [1]
    .data            inited   0x20000320      0xc  PTZinterface.o [1]
    .data            inited   0x2000032c      0xc  PTZinterface.o [1]
    .data            inited   0x20000338      0xc  PTZinterface.o [1]
    .data            inited   0x20000344      0xc  PTZinterface.o [1]
    .data            inited   0x20000350      0xc  PTZinterface.o [1]
    .data            inited   0x2000035c      0xc  PTZinterface.o [1]
    .data            inited   0x20000368      0xc  PTZinterface.o [1]
    .data            inited   0x20000374      0xc  PTZinterface.o [1]
    .data            inited   0x20000380      0xc  PTZinterface.o [1]
    .data            inited   0x2000038c      0xc  PTZinterface.o [1]
    .data            inited   0x20000398      0xc  PTZinterface.o [1]
    .data            inited   0x200003a4      0x8  PTZinterface.o [1]
    .data            inited   0x200003ac      0x8  PTZinterface.o [1]
    .data            inited   0x200003b4      0xc  PTZinterface.o [1]
    .data            inited   0x200003c0      0xc  PTZinterface.o [1]
    .data            inited   0x200003cc     0x10  PTZinterface.o [1]
    .data            inited   0x200003dc     0x10  PTZinterface.o [1]
    .data            inited   0x200003ec     0x10  PTZinterface.o [1]
    .data            inited   0x200003fc     0x10  PTZinterface.o [1]
    .data            inited   0x2000040c      0x8  PTZinterface.o [1]
    .data            inited   0x20000414      0x8  PTZinterface.o [1]
    .data            inited   0x2000041c      0xc  RIAD_16pt.o [1]
    .data            inited   0x20000428      0xc  RIAD_20pt.o [1]
    .data            inited   0x20000434      0xc  RIAD_30pt.o [1]
    .data            inited   0x20000440     0x14  sd_diskio.o [1]
    .data            inited   0x20000454      0xc  stmpe811.o [1]
    .data            inited   0x20000460      0x4  system_stm32f7xx.o [1]
    .data            inited   0x20000464    0x14c  tw8819.o [1]
    .data            inited   0x200005b0     0x14  usbh_diskio.o [1]
    .data            inited   0x200005c4     0x20  usbh_msc.o [1]
    .data            inited   0x200005e4      0x4  video.o [1]
    .data            inited   0x200005e8      0x4  video.o [1]
    .data            inited   0x200005ec      0x2  keyboard.o [1]
    .data            inited   0x200005ee      0x2  tw8819.o [1]
    .data            inited   0x200005f0      0x1  keyboard.o [1]
    .data            inited   0x200005f1      0x1  PTZinterface.o [1]
    .data            inited   0x200005f2      0x1  sd_diskio.o [1]
    .data            inited   0x200005f3      0x1  spi.o [1]
    .data            inited   0x200005f4      0x1  spi.o [1]
                            - 0x200005f5    0x5f5

"P2", part 2 of 3:                         0x2200
  CSTACK                      0x200005f8   0x2000  <Block>
    CSTACK           uninit   0x200005f8   0x2000  <Block tail>
  HEAP                        0x200025f8    0x200  <Block>
    HEAP             uninit   0x200025f8    0x200  <Block tail>
                            - 0x200027f8   0x2200

"P2", part 3 of 3:                         0x619c
  .bss               zero     0x200027f8   0x2ee0  gui.o [1]
  .bss               zero     0x200056d8   0x1030  memory.o [1]
  .bss               zero     0x20006708    0xe14  PTZinterface.o [1]
  .bss               zero     0x2000751c    0x3c8  usb_host.o [1]
  .bss               zero     0x200078e4    0x294  usbh_conf.o [1]
  .bss               zero     0x20007b78    0x1d8  dlmalloc.o [3]
  .bss               zero     0x20007d50    0x168  PTZinterface.o [1]
  .bss               zero     0x20007eb8    0x140  PTZinterface.o [1]
  .bss               zero     0x20007ff8     0xa8  ltdc.o [1]
  .bss               zero     0x200080a0     0x80  PTZinterface.o [1]
  .bss               zero     0x20008120     0x70  usart.o [1]
  .bss               zero     0x20008190     0x70  usart.o [1]
  .bss               zero     0x20008200     0x70  usart.o [1]
  .bss               zero     0x20008270     0x64  spi.o [1]
  .bss               zero     0x200082d4     0x60  calculations.o [1]
  .bss               zero     0x20008334     0x60  sdmmc.o [1]
  .bss               zero     0x20008394     0x60  spi.o [1]
  .bss               zero     0x200083f4     0x60  spi.o [1]
  .bss               zero     0x20008454     0x4c  i2c.o [1]
  .bss               zero     0x200084a0     0x58  sdmmc.o [1]
  .bss               zero     0x200084f8     0x4c  PTZinterface.o [1]
  .bss               zero     0x20008544     0x48  adc.o [1]
  .bss               zero     0x2000858c     0x40  can.o [1]
  .bss               zero     0x200085cc     0x40  can.o [1]
  .bss               zero     0x2000860c     0x40  dma2d.o [1]
  .bss               zero     0x2000864c     0x3c  tim.o [1]
  .bss               zero     0x20008688     0x3c  tim.o [1]
  .bss               zero     0x200086c4     0x3c  tim.o [1]
  .bss               zero     0x20008700     0x3c  tim.o [1]
  .bss               zero     0x2000873c     0x3c  tim.o [1]
  .bss               zero     0x20008778     0x38  fmc.o [1]
  .bss               zero     0x200087b0     0x34  fmc.o [1]
  .bss               zero     0x200087e4     0x28  gui.o [1]
  .bss               zero     0x2000880c     0x18  ff.o [1]
  .bss               zero     0x20008824     0x18  lcd.o [1]
  .bss               zero     0x2000883c     0x18  PTZinterface.o [1]
  .bss               zero     0x20008854     0x18  dlmalloc.o [3]
  .bss               zero     0x2000886c     0x14  dac.o [1]
  .bss               zero     0x20008880     0x14  ff_gen_drv.o [1]
  .bss               zero     0x20008894      0xc  ff.o [1]
  .bss               zero     0x200088a0      0xc  lcd.o [1]
  .bss               zero     0x200088ac      0x8  PTZinterface.o [1]
  .bss               zero     0x200088b4      0x8  PTZinterface.o [1]
  .bss               zero     0x200088bc      0x8  PTZinterface.o [1]
  .bss               zero     0x200088c4      0x8  sound.o [1]
  .bss               zero     0x200088cc      0x8  stmpe811.o [1]
  .bss               zero     0x200088d4      0x4  calculations.o [1]
  .bss               zero     0x200088d8      0x4  calculations.o [1]
  .bss               zero     0x200088dc      0x4  calculations.o [1]
  .bss               zero     0x200088e0      0x4  calculations.o [1]
  .bss               zero     0x200088e4      0x4  calculations.o [1]
  .bss               zero     0x200088e8      0x4  calculations.o [1]
  .bss               zero     0x200088ec      0x4  can.o [1]
  .bss               zero     0x200088f0      0x4  core.o [1]
  .bss               zero     0x200088f4      0x4  fatfs.o [1]
  .bss               zero     0x200088f8      0x4  fatfs.o [1]
  .bss               zero     0x200088fc      0x4  fmc.o [1]
  .bss               zero     0x20008900      0x4  gui.o [1]
  .bss               zero     0x20008904      0x4  gui.o [1]
  .bss               zero     0x20008908      0x4  gui.o [1]
  .bss               zero     0x2000890c      0x4  gui.o [1]
  .bss               zero     0x20008910      0x4  initial.o [1]
  .bss               zero     0x20008914      0x4  keyboard.o [1]
  .bss               zero     0x20008918      0x4  keyboard.o [1]
  .bss               zero     0x2000891c      0x4  lcd.o [1]
  .bss               zero     0x20008920      0x4  lcd.o [1]
  .bss               zero     0x20008924      0x4  lcd.o [1]
  .bss               zero     0x20008928      0x4  lcd.o [1]
  .bss               zero     0x2000892c      0x4  lcd.o [1]
  .bss               zero     0x20008930      0x4  lcd.o [1]
  .bss               zero     0x20008934      0x4  lcd.o [1]
  .bss               zero     0x20008938      0x4  lcd.o [1]
  .bss               zero     0x2000893c      0x4  lcd.o [1]
  .bss               zero     0x20008940      0x4  lcd.o [1]
  .bss               zero     0x20008944      0x4  lcd.o [1]
  .bss               zero     0x20008948      0x4  lcd.o [1]
  .bss               zero     0x2000894c      0x4  PTZinterface.o [1]
  .bss               zero     0x20008950      0x4  PTZinterface.o [1]
  .bss               zero     0x20008954      0x4  stm32f7xx_hal.o [1]
  .bss               zero     0x20008958      0x4  stmpe811.o [1]
  .bss               zero     0x2000895c      0x4  stmpe811.o [1]
  .bss               zero     0x20008960      0x4  timer13.o [1]
  .bss               zero     0x20008964      0x4  timer13.o [1]
  .bss               zero     0x20008968      0x4  timer14.o [1]
  .bss               zero     0x2000896c      0x4  xgetmemchunk.o [3]
  .bss               zero     0x20008970      0x2  ff.o [1]
  .bss               zero     0x20008972      0x2  PTZinterface.o [1]
  .bss               zero     0x20008974      0x2  tw8819.o [1]
  .bss               zero     0x20008976      0x1  core.o [1]
  .bss               zero     0x20008977      0x1  core.o [1]
  .bss               zero     0x20008978      0x1  core.o [1]
  .bss               zero     0x20008979      0x1  core.o [1]
  .bss               zero     0x2000897a      0x1  core.o [1]
  .bss               zero     0x2000897b      0x1  core.o [1]
  .bss               zero     0x2000897c      0x1  core.o [1]
  .bss               zero     0x2000897d      0x1  DispInfo.o [1]
  .bss               zero     0x2000897e      0x1  fatfs.o [1]
  .bss               zero     0x2000897f      0x1  fatfs.o [1]
  .bss               zero     0x20008980      0x1  keyboard.o [1]
  .bss               zero     0x20008981      0x1  keyboard.o [1]
  .bss               zero     0x20008982      0x1  keyboard.o [1]
  .bss               zero     0x20008983      0x1  keyboard.o [1]
  .bss               zero     0x20008984      0x1  lcd.o [1]
  .bss               zero     0x20008985      0x1  PTZinterface.o [1]
  .bss               zero     0x20008986      0x1  PTZinterface.o [1]
  .bss               zero     0x20008987      0x1  PTZinterface.o [1]
  .bss               zero     0x20008988      0x1  PTZinterface.o [1]
  .bss               zero     0x20008989      0x1  rtc.o [1]
  .bss               zero     0x2000898a      0x1  spi.o [1]
  .bss               zero     0x2000898b      0x1  stmpe811.o [1]
  .bss               zero     0x2000898c      0x1  timer13.o [1]
  .bss               zero     0x2000898d      0x1  timer14.o [1]
  .bss               zero     0x2000898e      0x1  usb_host.o [1]
  .bss               zero     0x2000898f      0x1  video.o [1]
  .bss               zero     0x20008990      0x1  video.o [1]
                            - 0x20008991   0x6199


*******************************************************************************
*** INIT TABLE
***

          Address     Size
          -------     ----
Zero (__iar_zero_init3)
    1 destination range, total size 0x6199:
          0x200027f8  0x6199

Copy/lz77 (__iar_lz77_init_single3)
    1 source range, total size 0x264 (40% of destination):
          0x0802b0c8   0x264
    1 destination range, total size 0x5f5:
          0x20000000   0x5f5



*******************************************************************************
*** MODULE SUMMARY
***

    Module                  ro code  ro data  rw data
    ------                  -------  -------  -------
E:\PTZ\IAR\PLC\EWARM\PLC\Obj: [1]
    DispInfo.o                  180        8        1
    GOST_B_23_var.o                    9 297       12
    OSDBasic.o                  572
    OSDFont.o                   728   15 916
    OSDinitTable.o                        40
    PTZinterface.o           11 304      498    4 815
    RIAD_16pt.o                        9 824       12
    RIAD_20pt.o                       15 657       12
    RIAD_30pt.o                       26 261       12
    adc.o                       180                72
    bsp_driver_sd.o             208
    calculations.o            1 140      512      120
    can.o                       444               132
    core.o                      396      309      783
    dac.o                       172                20
    diskio.o                    248
    dma.o                        64
    dma2d.o                     104                64
    fatfs.o                      56                10
    ff.o                      7 786      144       38
    ff_gen_drv.o                112                20
    fmc.o                       524               112
    gpio.o                      876
    gui.o                     2 508            12 056
    i2c.o                       196                76
    initial.o                   284        2        8
    interrupts.o                 96
    keyboard.o                  648       10       15
    lcd.o                     5 516                85
    leds.o                       44
    ltdc.o                      640               168
    main.o                      516
    memory.o                    280       40    4 144
    rtc.o                       400                 1
    sd_diskio.o                 292        9       21
    sdmmc.o                     240               184
    sound.o                      60                 8
    spi.o                       512        1      295
    startup_stm32f746xx.o       476
    stm32f7xx_hal.o             108                 4
    stm32f7xx_hal_adc.o         904
    stm32f7xx_hal_can.o       1 422
    stm32f7xx_hal_cortex.o      398
    stm32f7xx_hal_dac.o         322
    stm32f7xx_hal_dma.o       1 030        8
    stm32f7xx_hal_dma2d.o     1 404
    stm32f7xx_hal_gpio.o      1 020
    stm32f7xx_hal_hcd.o       4 548
    stm32f7xx_hal_i2c.o       4 498
    stm32f7xx_hal_i2c_ex.o      100
    stm32f7xx_hal_ltdc.o      1 352
    stm32f7xx_hal_msp.o          70
    stm32f7xx_hal_nand.o        356
    stm32f7xx_hal_pwr_ex.o      132
    stm32f7xx_hal_rcc.o       1 768
    stm32f7xx_hal_rcc_ex.o    2 044
    stm32f7xx_hal_sd.o        5 168
    stm32f7xx_hal_sdram.o       202
    stm32f7xx_hal_spi.o         186
    stm32f7xx_hal_tim.o         728
    stm32f7xx_hal_tim_ex.o      104
    stm32f7xx_hal_uart.o      2 216
    stm32f7xx_it.o              228
    stm32f7xx_ll_fmc.o          526
    stm32f7xx_ll_sdmmc.o        206
    stm32f7xx_ll_usb.o        2 500
    stmpe811.o                1 264        5       29
    system_stm32f7xx.o          108       26        4
    tim.o                       512               300
    timer11.o                   120
    timer13.o                   564                 9
    timer14.o                   308                 5
    tw8819.o                    522      133      336
    usart.o                     472               336
    usb_host.o                  104               969
    usbh_conf.o                 732               660
    usbh_core.o               1 438
    usbh_ctlreq.o             1 516
    usbh_diskio.o               444        8       20
    usbh_ioreq.o                270
    usbh_msc.o                2 416       17       32
    usbh_msc_bot.o            1 096
    usbh_msc_scsi.o           1 152
    usbh_pipes.o                212
    video.o                   1 140       19       10
    -------------------------------------------------
    Total:                   85 732   78 744   26 010

command line: [2]
    -------------------------------------------------
    Total:

dl7M_tln.a: [3]
    abort.o                       6
    div.o                        14
    dlmalloc.o                5 364               496
    exit.o                        4
    low_level_init.o              4
    sprintf.o                    52
    xgetmemchunk.o               44                 4
    xprintffull.o             3 530
    xsprout.o                    10
    -------------------------------------------------
    Total:                    9 028               500

m7M_tls.a: [4]
    DblAdd.o                    212
    DblCmpGe.o                   46
    DblCmpLe.o                   46
    DblDiv.o                    598
    DblMul.o                    418
    DblSub.o                    384
    DblToFlt.o                  144
    DblToI32.o                   88
    FltToDbl.o                   78
    I32ToDbl.o                   48
    fpinit_M.o                   34
    xdnorm.o                     68
    xdscale.o                   276
    -------------------------------------------------
    Total:                    2 440

rt7M_tl.a: [5]
    ABImemcpy_unaligned.o       118
    ABImemset.o                 102
    I64DivMod.o                 238
    cexit.o                      10
    cmain.o                      26
    cstartup_M.o                 12
    data_init.o                  40
    lz77_init_single.o          120
    memchr.o                     88
    strchr.o                     22
    strlen.o                     54
    zero_init3.o                 64
    -------------------------------------------------
    Total:                      894

shb_l.a: [6]
    exit.o                       20
    -------------------------------------------------
    Total:                       20

    Gaps                         44        6
    Linker created                        32    8 704
-----------------------------------------------------
    Grand Total:             98 158   78 782   35 214


*******************************************************************************
*** ENTRY LIST
***

Entry                      Address    Size  Type      Object
-----                      -------    ----  ----      ------
.iar.init_table$$Base   0x0802af5c           --   Gb  - Linker created -
.iar.init_table$$Limit  0x0802af7c           --   Gb  - Linker created -
?main                   0x0802af99          Code  Gb  cmain.o [5]
ADC_Init                0x08029407   0x166  Code  Lc  stm32f7xx_hal_adc.o [1]
AHBPrescTable           0x0802b030    0x10  Data  Gb  system_stm32f7xx.o [1]
APBPrescTable           0x0802b094     0x8  Data  Gb  system_stm32f7xx.o [1]
ActiveLayer             0x2000891c     0x4  Data  Lc  lcd.o [1]
Appli_state             0x2000898e     0x1  Data  Gb  usb_host.o [1]
BIG_Arrow               0x0800b0fb    0x20  Code  Gb  PTZinterface.o [1]
BSP_SD_GetCardInfo      0x0802aacd     0xe  Code  Gb  bsp_driver_sd.o [1]
BSP_SD_GetStatus        0x0802aac3     0xa  Code  Gb  bsp_driver_sd.o [1]
BSP_SD_Init             0x0802aa25    0x3e  Code  Gb  bsp_driver_sd.o [1]
BSP_SD_IsDetected       0x0802aae5    0x10  Code  Gb  bsp_driver_sd.o [1]
BSP_SD_ReadBlocks       0x0802aa63    0x30  Code  Gb  bsp_driver_sd.o [1]
BSP_SD_WriteBlocks      0x0802aa93    0x30  Code  Gb  bsp_driver_sd.o [1]
BigHidroExitsShow       0x0800b1e5   0x7d6  Code  Gb  PTZinterface.o [1]
Bip                     0x08017001    0x3c  Code  Gb  sound.o [1]
CAM_ON_OFF              0x0800977d    0x30  Code  Gb  PTZinterface.o [1]
CAM_flag                0x20008990     0x1  Data  Gb  video.o [1]
CAN1_RX0_IRQHandler     0x0802ab17     0xa  Code  Gb  stm32f7xx_it.o [1]
CAN1_RX1_IRQHandler     0x0802ab21     0xa  Code  Gb  stm32f7xx_it.o [1]
CAN1_TX_IRQHandler      0x0802ab0d     0xa  Code  Gb  stm32f7xx_it.o [1]
CAN_Receive_IT          0x08028ed5   0x170  Code  Lc  stm32f7xx_hal_can.o [1]
CAN_Transmit_IT         0x08028e91    0x44  Code  Lc  stm32f7xx_hal_can.o [1]
CSTACK$$Base            0x200005f8           --   Gb  - Linker created -
CSTACK$$Limit           0x200025f8           --   Gb  - Linker created -
ClearDataCnt            0x08014807    0x7e  Code  Gb  OSDBasic.o [1]
ClearInput              0x08011e11    0x22  Code  Gb  DispInfo.o [1]
ClearOSDInfo            0x08011d8d    0x12  Code  Gb  DispInfo.o [1]
Condition               0x2000040c     0x8  Data  Gb  PTZinterface.o [1]
DISP                    0x200088b4     0x8  Data  Gb  PTZinterface.o [1]
DMA1_Stream3_IRQHandler
                        0x0802a311    0x10  Code  Gb  spi.o [1]
DMA1_Stream4_IRQHandler
                        0x0802a301    0x10  Code  Gb  spi.o [1]
DMA2D_IRQHandler        0x0802aba1     0xa  Code  Gb  stm32f7xx_it.o [1]
DMA2D_SetConfig         0x0800f39d   0x118  Code  Lc  stm32f7xx_hal_dma2d.o [1]
DMA_CalcBaseAndBitshift
                        0x08014ccb    0x30  Code  Lc  stm32f7xx_hal_dma.o [1]
DMA_CalcBaseAndBitshift::flagBitshiftOffset
                        0x0802b08c     0x8  Data  Lc  stm32f7xx_hal_dma.o [1]
DMA_CheckFifoParam      0x08014d11    0xae  Code  Lc  stm32f7xx_hal_dma.o [1]
DeInitStateMachine      0x0802355b    0x5c  Code  Lc  usbh_core.o [1]
DealNumber              0x2000898d     0x1  Data  Gb  timer14.o [1]
DelayOnMediumQ          0x0800f5f7    0x16  Code  Gb  core.o [1]
DisplayedOSD            0x2000897d     0x1  Data  Gb  DispInfo.o [1]
DrawAttrCnt             0x08014749    0xbe  Code  Gb  OSDBasic.o [1]
DrawChar                0x0800e1c7   0x100  Code  Lc  lcd.o [1]
DrawFastLineHorizontal  0x0800e841    0x72  Code  Gb  lcd.o [1]
DrawFastLineHorizontal::address
                        0x20008940     0x4  Data  Lc  lcd.o [1]
DrawFastLineHorizontal::color
                        0x2000893c     0x4  Data  Lc  lcd.o [1]
DrawFastLineHorizontal::temp
                        0x20008938     0x4  Data  Lc  lcd.o [1]
DrawFastLineVertical    0x0800e7c9    0x70  Code  Gb  lcd.o [1]
DrawFastLineVertical::address
                        0x20008934     0x4  Data  Lc  lcd.o [1]
DrawFastLineVertical::color
                        0x20008930     0x4  Data  Lc  lcd.o [1]
DrawFastLineVertical::temp
                        0x2000892c     0x4  Data  Lc  lcd.o [1]
DrawProp                0x20008824    0x18  Data  Lc  lcd.o [1]
EXTI0_IRQHandler        0x0802ab03     0xa  Code  Gb  stm32f7xx_it.o [1]
EXTI9_5_IRQHandler      0x0801468f    0x1c  Code  Gb  interrupts.o [1]
Error                   0x2000898a     0x1  Data  Gb  spi.o [1]
Error_Handler           0x0802a2f9     0x8  Code  Gb  spi.o [1]
ExCvt                   0x0802aca8    0x80  Data  Lc  ff.o [1]
FATFS_LinkDriver        0x08016541    0x12  Code  Gb  ff_gen_drv.o [1]
FATFS_LinkDriverEx      0x080164e9    0x58  Code  Gb  ff_gen_drv.o [1]
FMC_IRQHandler          0x0802ab69    0x10  Code  Gb  stm32f7xx_it.o [1]
FMC_Initialized         0x200088fc     0x4  Data  Lc  fmc.o [1]
FMC_NAND_AttributeSpace_Timing_Init
                        0x080150db    0x2c  Code  Gb  stm32f7xx_ll_fmc.o [1]
FMC_NAND_CommonSpace_Timing_Init
                        0x080150af    0x2c  Code  Gb  stm32f7xx_ll_fmc.o [1]
FMC_NAND_Init           0x08015079    0x36  Code  Gb  stm32f7xx_ll_fmc.o [1]
FMC_SDRAM_Init          0x08015107    0x7c  Code  Gb  stm32f7xx_ll_fmc.o [1]
FMC_SDRAM_ProgramRefreshRate
                        0x08015279     0xe  Code  Gb  stm32f7xx_ll_fmc.o [1]
FMC_SDRAM_SendCommand   0x08015229    0x50  Code  Gb  stm32f7xx_ll_fmc.o [1]
FMC_SDRAM_Timing_Init   0x08015183    0x9e  Code  Gb  stm32f7xx_ll_fmc.o [1]
FOSDDownloadFont        0x08011cd5    0xa6  Code  Gb  OSDFont.o [1]
FOSDDownloadFontDirect  0x08011bd3   0x102  Code  Gb  OSDFont.o [1]
FOSDLUT                 0x08011b61    0x72  Code  Gb  OSDFont.o [1]
FOSDShowWindowAll       0x08011b11    0x50  Code  Gb  OSDFont.o [1]
FOSDWinBase             0x0802b0ac     0x4  Data  Gb  OSDFont.o [1]
FOSDWinEnable           0x08011ab5    0x5c  Code  Gb  OSDFont.o [1]
FUEL_Arrow              0x0800b145    0x38  Code  Gb  PTZinterface.o [1]
FastCos                 0x0800d13f    0x60  Code  Gb  calculations.o [1]
FastSin                 0x0800d0dd    0x62  Code  Gb  calculations.o [1]
Fast_LCD_DrawPixel      0x0800de5d    0x84  Code  Gb  lcd.o [1]
Fast_LCD_DrawPixel::addressDraw
                        0x20008928     0x4  Data  Lc  lcd.o [1]
FatFs                   0x20008894     0xc  Data  Lc  ff.o [1]
Files                   0x2000880c    0x18  Data  Lc  ff.o [1]
FillImageSoft           0x0800e929    0x76  Code  Gb  lcd.o [1]
FillStructIMG           0x0800c201   0x12a  Code  Gb  PTZinterface.o [1]
FillStructIMG::Name     0x20000414     0x8  Data  Lc  PTZinterface.o [1]
Font2                   0x08017110  0x2560  Data  Gb  OSDFont.o [1]
FontAll                 0x0801d318  0x1878  Data  Gb  OSDFont.o [1]
Fsid                    0x20008970     0x2  Data  Lc  ff.o [1]
Ftoa_R                  0x0800d2ed    0xd0  Code  Gb  calculations.o [1]
GOST_B_23_var           0x20000304     0xc  Data  Gb  GOST_B_23_var.o [1]
GUI_Free                0x0800c7ed    0x72  Code  Gb  gui.o [1]
GUI_Objects             0x200027f8  0x2ee0  Data  Lc  gui.o [1]
GUI_Release             0x0800c97b   0x67e  Code  Gb  gui.o [1]
GUI_Release::i          0x20008908     0x4  Data  Lc  gui.o [1]
GUI_Release::j          0x2000890c     0x4  Data  Lc  gui.o [1]
GUI_SetObject           0x0800c85f   0x11c  Code  Gb  gui.o [1]
GUI_SetObject::NullObj  0x200087e4    0x28  Data  Lc  gui.o [1]
GUI_SetObject::i        0x20008900     0x4  Data  Lc  gui.o [1]
GUI_SetObject::j        0x20008904     0x4  Data  Lc  gui.o [1]
GenerateKbdMessages     0x08016f37    0x9e  Code  Gb  keyboard.o [1]
GenerateKbdMessages::Event
                        0x20008982     0x1  Data  Lc  keyboard.o [1]
GenerateKbdMessages::i  0x20008983     0x1  Data  Lc  keyboard.o [1]
GetDateToStr            0x0800d609    0x6e  Code  Gb  rtc.o [1]
GetTimeToStr            0x0800d677    0x66  Code  Gb  rtc.o [1]
HAL_ADC_ConfigChannel   0x08029267   0x1a0  Code  Gb  stm32f7xx_hal_adc.o [1]
HAL_ADC_Init            0x08029201    0x66  Code  Gb  stm32f7xx_hal_adc.o [1]
HAL_ADC_MspInit         0x080295ef    0x3e  Code  Gb  adc.o [1]
HAL_CAN_IRQHandler      0x08028c61   0x220  Code  Gb  stm32f7xx_hal_can.o [1]
HAL_CAN_Init            0x08028ab9   0x1a8  Code  Gb  stm32f7xx_hal_can.o [1]
HAL_CAN_MspInit         0x080290f1    0xf2  Code  Gb  can.o [1]
HAL_CAN_TxCpltCallback  0x08014279     0x2  Code  Wk  stm32f7xx_hal_can.o [1]
HAL_DAC_ConfigChannel   0x08013939    0x56  Code  Gb  stm32f7xx_hal_dac.o [1]
HAL_DAC_Init            0x0801387d    0x2c  Code  Gb  stm32f7xx_hal_dac.o [1]
HAL_DAC_MspInit         0x08014e1f    0x3e  Code  Gb  dac.o [1]
HAL_DAC_SetValue        0x0801398f    0x30  Code  Gb  stm32f7xx_hal_dac.o [1]
HAL_DAC_Start           0x080138a9    0x90  Code  Gb  stm32f7xx_hal_dac.o [1]
HAL_DMA2D_ConfigLayer   0x0800f2c1    0xd8  Code  Gb  stm32f7xx_hal_dma2d.o [1]
HAL_DMA2D_IRQHandler    0x0800f17f   0x142  Code  Gb  stm32f7xx_hal_dma2d.o [1]
HAL_DMA2D_Init          0x0800ef39    0x64  Code  Gb  stm32f7xx_hal_dma2d.o [1]
HAL_DMA2D_MspInit       0x08014229    0x38  Code  Gb  dma2d.o [1]
HAL_DMA2D_PollForTransfer
                        0x0800f041   0x13e  Code  Gb  stm32f7xx_hal_dma2d.o [1]
HAL_DMA2D_Start         0x0800ef9d    0x4c  Code  Gb  stm32f7xx_hal_dma2d.o [1]
HAL_DMA2D_Start_IT      0x0800efe9    0x58  Code  Gb  stm32f7xx_hal_dma2d.o [1]
HAL_DMA_Abort_IT        0x08014a99    0x28  Code  Gb  stm32f7xx_hal_dma.o [1]
HAL_DMA_IRQHandler      0x08014ac1   0x20a  Code  Gb  stm32f7xx_hal_dma.o [1]
HAL_DMA_Init            0x080149b9    0xe0  Code  Gb  stm32f7xx_hal_dma.o [1]
HAL_Delay               0x0801418f    0x64  Code  Gb  initial.o [1]
HAL_Delay::OldTicksGlobal_mS
                        0x20008910     0x4  Data  Lc  initial.o [1]
HAL_FMC_MspInit         0x08014f65    0xd2  Code  Lc  fmc.o [1]
HAL_GPIO_DeInit         0x080118af   0x176  Code  Gb  stm32f7xx_hal_gpio.o [1]
HAL_GPIO_EXTI_Callback  0x0801466d    0x22  Code  Gb  interrupts.o [1]
HAL_GPIO_EXTI_IRQHandler
                        0x08011a51    0x1e  Code  Gb  stm32f7xx_hal_gpio.o [1]
HAL_GPIO_Init           0x080116b9   0x1f6  Code  Gb  stm32f7xx_hal_gpio.o [1]
HAL_GPIO_ReadPin        0x08011a25    0x18  Code  Gb  stm32f7xx_hal_gpio.o [1]
HAL_GPIO_WritePin       0x08011a3d    0x14  Code  Gb  stm32f7xx_hal_gpio.o [1]
HAL_GetTick             0x0801426d     0xc  Code  Wk  stm32f7xx_hal.o [1]
HAL_HCD_Connect_Callback
                        0x080228ff     0xe  Code  Gb  usbh_conf.o [1]
HAL_HCD_Disconnect_Callback
                        0x0802290d     0xe  Code  Gb  usbh_conf.o [1]
HAL_HCD_GetCurrentFrame
                        0x08021c97     0xc  Code  Gb  stm32f7xx_hal_hcd.o [1]
HAL_HCD_GetCurrentSpeed
                        0x08021ca3     0xc  Code  Gb  stm32f7xx_hal_hcd.o [1]
HAL_HCD_HC_GetURBState  0x08021c7d     0xe  Code  Gb  stm32f7xx_hal_hcd.o [1]
HAL_HCD_HC_GetXferCount
                        0x08021c8b     0xc  Code  Gb  stm32f7xx_hal_hcd.o [1]
HAL_HCD_HC_Halt         0x080217ed    0x30  Code  Gb  stm32f7xx_hal_hcd.o [1]
HAL_HCD_HC_Init         0x08021719    0xd4  Code  Gb  stm32f7xx_hal_hcd.o [1]
HAL_HCD_HC_NotifyURBChange_Callback
                        0x0802291b     0x2  Code  Gb  usbh_conf.o [1]
HAL_HCD_HC_SubmitRequest
                        0x0802181d   0x2c4  Code  Gb  stm32f7xx_hal_hcd.o [1]
HAL_HCD_IRQHandler      0x08021ae1   0x13c  Code  Gb  stm32f7xx_hal_hcd.o [1]
HAL_HCD_Init            0x080216bd    0x5c  Code  Gb  stm32f7xx_hal_hcd.o [1]
HAL_HCD_MspInit         0x08022881    0x70  Code  Gb  usbh_conf.o [1]
HAL_HCD_ResetPort       0x08021c71     0xc  Code  Gb  stm32f7xx_hal_hcd.o [1]
HAL_HCD_SOF_Callback    0x080228f1     0xe  Code  Gb  usbh_conf.o [1]
HAL_HCD_Start           0x08021c1d    0x2e  Code  Gb  stm32f7xx_hal_hcd.o [1]
HAL_HCD_Stop            0x08021c4b    0x26  Code  Gb  stm32f7xx_hal_hcd.o [1]
HAL_I2CEx_ConfigAnalogFilter
                        0x08016559    0x64  Code  Gb  stm32f7xx_hal_i2c_ex.o [1]
HAL_I2C_ER_IRQHandler   0x08012ea7    0x66  Code  Gb  stm32f7xx_hal_i2c.o [1]
HAL_I2C_EV_IRQHandler   0x08012e89    0x1e  Code  Gb  stm32f7xx_hal_i2c.o [1]
HAL_I2C_Init            0x080126e9    0xc6  Code  Gb  stm32f7xx_hal_i2c.o [1]
HAL_I2C_Master_Receive  0x0801293f   0x190  Code  Gb  stm32f7xx_hal_i2c.o [1]
HAL_I2C_Master_Transmit
                        0x080127af   0x190  Code  Gb  stm32f7xx_hal_i2c.o [1]
HAL_I2C_Mem_Read        0x08012cad   0x1dc  Code  Gb  stm32f7xx_hal_i2c.o [1]
HAL_I2C_Mem_Write       0x08012acf   0x1da  Code  Gb  stm32f7xx_hal_i2c.o [1]
HAL_I2C_MspInit         0x0801493f    0x66  Code  Gb  i2c.o [1]
HAL_IncTick             0x0802abd9    0x10  Code  Wk  stm32f7xx_hal.o [1]
HAL_Init                0x0802a0ed    0x22  Code  Gb  stm32f7xx_hal.o [1]
HAL_InitTick            0x08026695    0x28  Code  Wk  stm32f7xx_hal.o [1]
HAL_LTDC_ConfigLayer    0x08012145    0x52  Code  Gb  stm32f7xx_hal_ltdc.o [1]
HAL_LTDC_IRQHandler     0x08012057    0xee  Code  Gb  stm32f7xx_hal_ltdc.o [1]
HAL_LTDC_Init           0x08011f1d   0x13a  Code  Gb  stm32f7xx_hal_ltdc.o [1]
HAL_LTDC_MspDeInit      0x080145e3    0x56  Code  Gb  ltdc.o [1]
HAL_LTDC_MspInit        0x08014505    0xde  Code  Gb  ltdc.o [1]
HAL_LTDC_SetAddress     0x08012197    0x4e  Code  Gb  stm32f7xx_hal_ltdc.o [1]
HAL_MspInit             0x0802a441    0x46  Code  Gb  stm32f7xx_hal_msp.o [1]
HAL_NAND_IRQHandler     0x08013f07    0x6e  Code  Gb  stm32f7xx_hal_nand.o [1]
HAL_NAND_Init           0x08013eb1    0x56  Code  Gb  stm32f7xx_hal_nand.o [1]
HAL_NAND_MspInit        0x08015037     0xa  Code  Gb  fmc.o [1]
HAL_NAND_Read_ID        0x08013f75    0xa0  Code  Gb  stm32f7xx_hal_nand.o [1]
HAL_NVIC_DisableIRQ     0x08016425     0xe  Code  Gb  stm32f7xx_hal_cortex.o [1]
HAL_NVIC_EnableIRQ      0x08016417     0xe  Code  Gb  stm32f7xx_hal_cortex.o [1]
HAL_NVIC_SetPriority    0x080163f1    0x26  Code  Gb  stm32f7xx_hal_cortex.o [1]
HAL_NVIC_SetPriorityGrouping
                        0x080163e5     0xc  Code  Gb  stm32f7xx_hal_cortex.o [1]
HAL_PWREx_EnableOverDrive
                        0x0802a3bd    0x76  Code  Gb  stm32f7xx_hal_pwr_ex.o [1]
HAL_RCCEx_PeriphCLKConfig
                        0x080266bd   0x7ce  Code  Gb  stm32f7xx_hal_rcc_ex.o [1]
HAL_RCC_CAN1_CLK_ENABLED
                        0x200088ec     0x4  Data  Lc  can.o [1]
HAL_RCC_ClockConfig     0x08025fad   0x1a0  Code  Gb  stm32f7xx_hal_rcc.o [1]
HAL_RCC_EnableCSS       0x0802614d     0xe  Code  Gb  stm32f7xx_hal_rcc.o [1]
HAL_RCC_GetHCLKFreq     0x080261ff     0x6  Code  Gb  stm32f7xx_hal_rcc.o [1]
HAL_RCC_GetPCLK1Freq    0x08026205    0x20  Code  Gb  stm32f7xx_hal_rcc.o [1]
HAL_RCC_GetPCLK2Freq    0x08026225    0x20  Code  Gb  stm32f7xx_hal_rcc.o [1]
HAL_RCC_GetSysClockFreq
                        0x0802615b    0xa4  Code  Gb  stm32f7xx_hal_rcc.o [1]
HAL_RCC_OscConfig       0x0802626d   0x428  Code  Wk  stm32f7xx_hal_rcc.o [1]
HAL_SDRAM_IRQHandler    0x0801408d    0x20  Code  Gb  stm32f7xx_hal_sdram.o [1]
HAL_SDRAM_Init          0x08014049    0x44  Code  Gb  stm32f7xx_hal_sdram.o [1]
HAL_SDRAM_MspInit       0x08015041     0xa  Code  Gb  fmc.o [1]
HAL_SDRAM_ProgramRefreshRate
                        0x080140e9    0x2a  Code  Gb  stm32f7xx_hal_sdram.o [1]
HAL_SDRAM_SendCommand   0x080140ad    0x3c  Code  Gb  stm32f7xx_hal_sdram.o [1]
HAL_SD_GetStatus        0x08020a2f    0x26  Code  Gb  stm32f7xx_hal_sd.o [1]
HAL_SD_Get_CardInfo     0x08020603   0x362  Code  Gb  stm32f7xx_hal_sd.o [1]
HAL_SD_Init             0x080200cd    0xb6  Code  Gb  stm32f7xx_hal_sd.o [1]
HAL_SD_MspInit          0x08021553    0x82  Code  Gb  sdmmc.o [1]
HAL_SD_ReadBlocks       0x08020183   0x1f6  Code  Gb  stm32f7xx_hal_sd.o [1]
HAL_SD_StopTransfer     0x080209f7    0x38  Code  Gb  stm32f7xx_hal_sd.o [1]
HAL_SD_WideBusOperation_Config
                        0x08020965    0x92  Code  Gb  stm32f7xx_hal_sd.o [1]
HAL_SD_WriteBlocks      0x08020379   0x28a  Code  Gb  stm32f7xx_hal_sd.o [1]
HAL_SPI_Init            0x0802a489    0xba  Code  Gb  stm32f7xx_hal_spi.o [1]
HAL_SPI_MspInit         0x0802a1c1   0x138  Code  Gb  spi.o [1]
HAL_SYSTICK_CLKSourceConfig
                        0x0801643f    0x20  Code  Gb  stm32f7xx_hal_cortex.o [1]
HAL_SYSTICK_Callback    0x0801648d     0x2  Code  Wk  stm32f7xx_hal_cortex.o [1]
HAL_SYSTICK_Config      0x08016433     0xc  Code  Gb  stm32f7xx_hal_cortex.o [1]
HAL_SYSTICK_IRQHandler  0x08016485     0x8  Code  Gb  stm32f7xx_hal_cortex.o [1]
HAL_TIMEx_MasterConfigSynchronization
                        0x08029e81    0x5e  Code  Gb  stm32f7xx_hal_tim_ex.o [1]
HAL_TIM_Base_Init       0x080299a9    0x32  Code  Gb  stm32f7xx_hal_tim.o [1]
HAL_TIM_Base_MspInit    0x08029d71    0xe0  Code  Gb  tim.o [1]
HAL_TIM_IRQHandler      0x080299db   0x194  Code  Gb  stm32f7xx_hal_tim.o [1]
HAL_UART_IRQHandler     0x080255ab   0x14e  Code  Gb  stm32f7xx_hal_uart.o [1]
HAL_UART_Init           0x0802552d    0x7e  Code  Gb  stm32f7xx_hal_uart.o [1]
HAL_UART_MspInit        0x08025ead    0xd4  Code  Gb  usart.o [1]
HCD_HC_IN_IRQHandler    0x08021caf   0x508  Code  Lc  stm32f7xx_hal_hcd.o [1]
HCD_HC_OUT_IRQHandler   0x080221b7   0x504  Code  Lc  stm32f7xx_hal_hcd.o [1]
HCD_Port_IRQHandler     0x080227b5    0xcc  Code  Lc  stm32f7xx_hal_hcd.o [1]
HCD_RXQLVL_IRQHandler   0x080226bb    0xf6  Code  Lc  stm32f7xx_hal_hcd.o [1]
HEAP$$Base              0x200025f8           --   Gb  - Linker created -
HEAP$$Limit             0x200027f8           --   Gb  - Linker created -
I2C2_ER_IRQHandler      0x0802ab43     0xa  Code  Gb  stm32f7xx_it.o [1]
I2C2_EV_IRQHandler      0x0802ab39     0xa  Code  Gb  stm32f7xx_it.o [1]
I2CDeviceInitialize     0x080115b5    0x44  Code  Gb  tw8819.o [1]
I2C_DMAAbort            0x08013585    0x3c  Code  Lc  stm32f7xx_hal_i2c.o [1]
I2C_Disable_IRQ         0x080137fd    0x7e  Code  Lc  stm32f7xx_hal_i2c.o [1]
I2C_Flush_TXDR          0x08013561    0x24  Code  Lc  stm32f7xx_hal_i2c.o [1]
I2C_ITAddrCplt          0x0801318b    0xe2  Code  Lc  stm32f7xx_hal_i2c.o [1]
I2C_ITError             0x08013467    0xfa  Code  Lc  stm32f7xx_hal_i2c.o [1]
I2C_ITListenCplt        0x08013401    0x66  Code  Lc  stm32f7xx_hal_i2c.o [1]
I2C_ITSlaveCplt         0x080132c7   0x13a  Code  Lc  stm32f7xx_hal_i2c.o [1]
I2C_ITSlaveSequentialCplt
                        0x0801326d    0x5a  Code  Lc  stm32f7xx_hal_i2c.o [1]
I2C_IsAcknowledgeFailed
                        0x08013743    0x7e  Code  Lc  stm32f7xx_hal_i2c.o [1]
I2C_RequestMemoryRead   0x080130e7    0xa4  Code  Lc  stm32f7xx_hal_i2c.o [1]
I2C_RequestMemoryWrite  0x08013041    0xa6  Code  Lc  stm32f7xx_hal_i2c.o [1]
I2C_Slave_ISR_IT        0x08012f0d   0x12e  Code  Lc  stm32f7xx_hal_i2c.o [1]
I2C_TransferConfig      0x080137c1    0x2a  Code  Lc  stm32f7xx_hal_i2c.o [1]
I2C_WaitOnFlagUntilTimeout
                        0x080135c1    0x58  Code  Lc  stm32f7xx_hal_i2c.o [1]
I2C_WaitOnRXNEFlagUntilTimeout
                        0x080136c3    0x80  Code  Lc  stm32f7xx_hal_i2c.o [1]
I2C_WaitOnSTOPFlagUntilTimeout
                        0x08013671    0x52  Code  Lc  stm32f7xx_hal_i2c.o [1]
I2C_WaitOnTXISFlagUntilTimeout
                        0x08013619    0x58  Code  Lc  stm32f7xx_hal_i2c.o [1]
IMAGES                  0x20006708   0xe14  Data  Gb  PTZinterface.o [1]
Images                  0x20007d50   0x168  Data  Lc  PTZinterface.o [1]
InitCVBSAll             0x20000464   0x14c  Data  Gb  tw8819.o [1]
InitOSDWindow           0x0801489b    0x56  Code  Gb  OSDBasic.o [1]
InitPeriph              0x08014115    0x7a  Code  Gb  initial.o [1]
Init_Osd_DisplayInput   0x0802aec4    0x28  Data  Gb  OSDinitTable.o [1]
Itoa                    0x0800d455    0xfc  Code  Gb  calculations.o [1]
Itoa_R                  0x0800d3bd    0x98  Code  Gb  calculations.o [1]
KBD_Handle              0x0800a45d   0x124  Code  Gb  PTZinterface.o [1]
KB_Status               0x20008918     0x4  Data  Gb  keyboard.o [1]
LCD_DisplayChar         0x0800d843    0x6e  Code  Gb  lcd.o [1]
LCD_DisplayStringAt     0x0800d8b1   0x120  Code  Gb  lcd.o [1]
LCD_DrawCircle          0x0800dbdd   0x13e  Code  Gb  lcd.o [1]
LCD_DrawFullCircle      0x0800dd21    0xc8  Code  Gb  lcd.o [1]
LCD_DrawLine            0x0800d9d1   0x1a0  Code  Gb  lcd.o [1]
LCD_DrawPolygon         0x0800dde9    0x6c  Code  Gb  lcd.o [1]
LCD_DrawRect            0x0800db71    0x6c  Code  Gb  lcd.o [1]
LCD_FillPolygon         0x0800dee5   0x2e0  Code  Gb  lcd.o [1]
LCD_FillPolygon::ResultPoints
                        0x200088a0     0xc  Data  Lc  lcd.o [1]
LCD_FillRect            0x0800e8b3    0x38  Code  Gb  lcd.o [1]
LCD_FillTriangle        0x0800e2c9   0x194  Code  Gb  lcd.o [1]
LCD_FillTriangleFAST    0x0800ec41    0x2c  Code  Gb  lcd.o [1]
LCD_Fill_Image          0x0800e8eb    0x38  Code  Gb  lcd.o [1]
LCD_Fill_Image::address
                        0x20008944     0x4  Data  Lc  lcd.o [1]
LCD_Fill_ImageTRANSP    0x0800e99f    0xb0  Code  Gb  lcd.o [1]
LCD_Fill_ImageTRANSP::address
                        0x20008948     0x4  Data  Lc  lcd.o [1]
LCD_GetXSize            0x0800d6e1    0x14  Code  Gb  lcd.o [1]
LCD_GetYSize            0x0800d6f5    0x14  Code  Gb  lcd.o [1]
LCD_Init                0x0800e705    0x3e  Code  Gb  lcd.o [1]
LCD_InitParams          0x0800e6bb    0x3a  Code  Gb  lcd.o [1]
LCD_LayerDefaultInit    0x0800d731    0xa0  Code  Gb  lcd.o [1]
LCD_SelectLayer         0x0800d7d1     0x8  Code  Gb  lcd.o [1]
LCD_SetColorPixel       0x0800e6f5    0x10  Code  Gb  lcd.o [1]
LCD_SetLayerVisible     0x0800d7d9    0x6a  Code  Gb  lcd.o [1]
LCD_SetLight            0x0800e743    0x7a  Code  Gb  lcd.o [1]
LCD_SetXSize            0x0800d709    0x14  Code  Gb  lcd.o [1]
LCD_SetYSize            0x0800d71d    0x14  Code  Gb  lcd.o [1]
LCD_Video_GPIO_Deinit   0x08011521     0xc  Code  Gb  tw8819.o [1]
LCD_Video_GPIO_Init     0x0801152d     0xc  Code  Gb  tw8819.o [1]
LED_control             0x08016491    0x2c  Code  Gb  leds.o [1]
LL_ConvertImageToARGB8888
                        0x0800e627    0x94  Code  Gb  lcd.o [1]
LL_ConvertLineToRGB888  0x0800e5b1    0x76  Code  Gb  lcd.o [1]
LTDC_ER_IRQHandler      0x0802ab97     0xa  Code  Gb  stm32f7xx_it.o [1]
LTDC_IRQHandler         0x0802ab8d     0xa  Code  Gb  stm32f7xx_it.o [1]
LTDC_SetConfig          0x080121e9   0x276  Code  Lc  stm32f7xx_hal_ltdc.o [1]
LayerIndex              0x20008924     0x4  Data  Lc  lcd.o [1]
LayerOfView             0x2000898f     0x1  Data  Gb  video.o [1]
LittleHidroExitsShow    0x0800b9bb   0x100  Code  Gb  PTZinterface.o [1]
LoadBitmapFromSD        0x0800c5d7   0x15e  Code  Gb  video.o [1]
LoadInt                 0x08015829    0x6e  Code  Lc  xprintffull.o [3]
Load_GUI_0              0x080097ad   0x940  Code  Gb  PTZinterface.o [1]
MX_ADC1_Init            0x08029589    0x66  Code  Gb  adc.o [1]
MX_CAN1_Init            0x08029045    0x56  Code  Gb  can.o [1]
MX_CAN2_Init            0x0802909b    0x56  Code  Gb  can.o [1]
MX_DAC_Init             0x08014dc1    0x5e  Code  Gb  dac.o [1]
MX_DMA2D_Init           0x08014205    0x24  Code  Gb  dma2d.o [1]
MX_DMA_Init             0x0802a115    0x40  Code  Gb  dma.o [1]
MX_FATFS_Init           0x080143a1    0x1c  Code  Gb  fatfs.o [1]
MX_FMC_Init             0x08014e6d    0xf8  Code  Gb  fmc.o [1]
MX_GPIO_Init            0x0802963d   0x36c  Code  Gb  gpio.o [1]
MX_I2C2_Init            0x080148f5    0x4a  Code  Gb  i2c.o [1]
MX_LTDC_Init            0x080143d9   0x12c  Code  Gb  ltdc.o [1]
MX_SDMMC1_SD_Init       0x080214fd    0x56  Code  Gb  sdmmc.o [1]
MX_SPI2_Init            0x0802a155    0x6c  Code  Gb  spi.o [1]
MX_TIM11_Init           0x08029ceb    0x2c  Code  Gb  tim.o [1]
MX_TIM13_Init           0x08029d17    0x2e  Code  Gb  tim.o [1]
MX_TIM14_Init           0x08029d45    0x2c  Code  Gb  tim.o [1]
MX_TIM6_Init            0x08029c81    0x34  Code  Gb  tim.o [1]
MX_TIM7_Init            0x08029cb5    0x36  Code  Gb  tim.o [1]
MX_Touch_Read           0x080139ed     0x8  Code  Gb  stmpe811.o [1]
MX_USART2_UART_Init     0x08025dd5    0x48  Code  Gb  usart.o [1]
MX_USART3_UART_Init     0x08025e1d    0x48  Code  Gb  usart.o [1]
MX_USART6_UART_Init     0x08025e65    0x48  Code  Gb  usart.o [1]
MX_USB_HOST_Init        0x0802a355    0x1e  Code  Gb  usb_host.o [1]
MX_USB_HOST_Process     0x0802a373     0xa  Code  Gb  usb_host.o [1]
M_first                 0x20008979     0x1  Data  Gb  core.o [1]
M_last                  0x20008978     0x1  Data  Gb  core.o [1]
M_pull                  0x0800f589    0x6e  Code  Gb  core.o [1]
MemManage_Handler       0x0802aaf5     0x2  Code  Gb  stm32f7xx_it.o [1]
NAND_readId             0x0800ee63    0x30  Code  Gb  memory.o [1]
NVIC_ClearPendingIRQ    0x08014659    0x14  Code  Lc  interrupts.o [1]
NVIC_DisableIRQ         0x0801633d    0x14  Code  Lc  stm32f7xx_hal_cortex.o [1]
NVIC_EnableIRQ          0x08016329    0x14  Code  Lc  stm32f7xx_hal_cortex.o [1]
NVIC_EnableIRQ          0x08016289    0x14  Code  Lc  timer11.o [1]
NVIC_EnableIRQ          0x08016055    0x14  Code  Lc  timer13.o [1]
NVIC_EnableIRQ          0x0800ec6d    0x14  Code  Lc  timer14.o [1]
NVIC_EncodePriority     0x08016377    0x3e  Code  Lc  stm32f7xx_hal_cortex.o [1]
NVIC_GetPriorityGrouping
                        0x0801631f     0xa  Code  Lc  stm32f7xx_hal_cortex.o [1]
NVIC_SetPriority        0x08016351    0x26  Code  Lc  stm32f7xx_hal_cortex.o [1]
NVIC_SetPriorityGrouping
                        0x08016301    0x1e  Code  Lc  stm32f7xx_hal_cortex.o [1]
OSDDisplayInput         0x08011d9f    0x72  Code  Gb  DispInfo.o [1]
OSDSetDEDelay           0x08011661    0x56  Code  Gb  tw8819.o [1]
OTG_FS_IRQHandler       0x0802ab79     0xa  Code  Gb  stm32f7xx_it.o [1]
Origin_1                0x0802b0b0     0x4  Data  Gb  PTZinterface.o [1]
Origin_2                0x0802b0b4     0x4  Data  Gb  PTZinterface.o [1]
Origin_3                0x0802b0b8     0x4  Data  Gb  PTZinterface.o [1]
Origin_4                0x0802b0bc     0x4  Data  Gb  PTZinterface.o [1]
PCF8563_read_datetime   0x0800d56d    0x9c  Code  Gb  rtc.o [1]
PLC_DMA2D_Status        0x200005e8     0x4  Data  Gb  video.o [1]
PTZ                     0x200084f8    0x4c  Data  Gb  PTZinterface.o [1]
P_Touch_Config          0x08013bf9   0x144  Code  Gb  stmpe811.o [1]
P_Touch_Config::regArray
                        0x20000454     0xc  Data  Lc  stmpe811.o [1]
P_Touch_FnctCmd         0x08013b5f    0x74  Code  Gb  stmpe811.o [1]
P_Touch_FreeIRQ         0x08013bd3    0x26  Code  Gb  stmpe811.o [1]
P_Touch_ReadID          0x08013d3d    0x68  Code  Gb  stmpe811.o [1]
P_Touch_Read_16b        0x08013e05    0x66  Code  Gb  stmpe811.o [1]
P_Touch_Read_X          0x08013da5    0x2c  Code  Lc  stmpe811.o [1]
P_Touch_Read_Y          0x08013dd1    0x34  Code  Lc  stmpe811.o [1]
P_Touch_Reset           0x08013b0d    0x52  Code  Gb  stmpe811.o [1]
PenetrationRising       0x0800bb15   0x6b6  Code  Gb  PTZinterface.o [1]
PetrolPerHour           0x20000380     0xc  Data  Lc  PTZinterface.o [1]
PetrolPerSquare         0x2000038c     0xc  Data  Lc  PTZinterface.o [1]
Poly1_points            0x200003cc    0x10  Data  Gb  PTZinterface.o [1]
Poly2_points            0x200003dc    0x10  Data  Gb  PTZinterface.o [1]
Poly3_points            0x200003ec    0x10  Data  Gb  PTZinterface.o [1]
Poly4_points            0x200003fc    0x10  Data  Gb  PTZinterface.o [1]
Polygons                0x2000883c    0x18  Data  Lc  PTZinterface.o [1]
PoolOfExits             0x200088bc     0x8  Data  Gb  PTZinterface.o [1]
PreLoadImages           0x0800a405    0x3c  Code  Gb  PTZinterface.o [1]
ProjectionLayerAddress  0x0802b0a4     0x8  Data  Gb  video.o [1]
RESmutex_1              0x20008977     0x1  Data  Gb  core.o [1]
RIAD_16pt               0x2000041c     0xc  Data  Gb  RIAD_16pt.o [1]
RIAD_16ptBitmaps        0x08019670  0x1f5c  Data  Gb  RIAD_16pt.o [1]
RIAD_16ptDescriptors    0x080275b8   0x700  Data  Gb  RIAD_16pt.o [1]
RIAD_20pt               0x20000428     0xc  Data  Gb  RIAD_20pt.o [1]
RIAD_20ptBitmaps        0x08006158  0x3624  Data  Gb  RIAD_20pt.o [1]
RIAD_20ptDescriptors    0x08027cb8   0x700  Data  Gb  RIAD_20pt.o [1]
RIAD_30pt               0x20000434     0xc  Data  Gb  RIAD_30pt.o [1]
RIAD_30ptBitmaps        0x080001c8  0x5f90  Data  Gb  RIAD_30pt.o [1]
RIAD_30ptDescriptors    0x080283b8   0x700  Data  Gb  RIAD_30pt.o [1]
RPM_Arrow               0x0800b121    0x20  Code  Gb  PTZinterface.o [1]
ReadLineKbd             0x08016e13    0xb6  Code  Gb  keyboard.o [1]
ReadTW88                0x080114f7    0x2a  Code  Gb  tw8819.o [1]
Region$$Table$$Base     0x0802af5c           --   Gb  - Linker created -
Region$$Table$$Limit    0x0802af7c           --   Gb  - Linker created -
ReleaseFunction         0x0800a919    0x20  Code  Gb  PTZinterface.o [1]
RestorePoly             0x08011ed9    0x44  Code  Gb  gui.o [1]
RotatePoint             0x0800d19f   0x12c  Code  Gb  calculations.o [1]
RotatePoint::X          0x200088e4     0x4  Data  Lc  calculations.o [1]
RotatePoint::Xo         0x200088dc     0x4  Data  Lc  calculations.o [1]
RotatePoint::Y          0x200088e8     0x4  Data  Lc  calculations.o [1]
RotatePoint::Yo         0x200088e0     0x4  Data  Lc  calculations.o [1]
RotatePoint::cosV       0x200088d4     0x4  Data  Lc  calculations.o [1]
RotatePoint::sinV       0x200088d8     0x4  Data  Lc  calculations.o [1]
RotatePoly              0x08011e89    0x50  Code  Gb  gui.o [1]
RotatedF                0x20008984     0x1  Data  Gb  lcd.o [1]
Run_GUI                 0x0800a0f9   0x306  Code  Gb  PTZinterface.o [1]
SCB_EnableDCache        0x08029f0d    0x5a  Code  Lc  main.o [1]
SCB_EnableICache        0x08029ee9    0x24  Code  Lc  main.o [1]
SDCardInfo1             0x200084a0    0x58  Data  Gb  sdmmc.o [1]
SDMMC_DataConfig        0x0802168d    0x2e  Code  Gb  stm32f7xx_ll_sdmmc.o [1]
SDMMC_GetCommandResponse
                        0x0802166f     0x6  Code  Gb  stm32f7xx_ll_sdmmc.o [1]
SDMMC_GetPowerState     0x0802163d     0x8  Code  Gb  stm32f7xx_ll_sdmmc.o [1]
SDMMC_GetResponse       0x08021675    0x18  Code  Gb  stm32f7xx_ll_sdmmc.o [1]
SDMMC_Init              0x080215ed    0x2e  Code  Gb  stm32f7xx_ll_sdmmc.o [1]
SDMMC_PowerState_ON     0x08021633     0xa  Code  Gb  stm32f7xx_ll_sdmmc.o [1]
SDMMC_ReadFIFO          0x08021621     0x6  Code  Gb  stm32f7xx_ll_sdmmc.o [1]
SDMMC_SendCommand       0x08021645    0x2a  Code  Gb  stm32f7xx_ll_sdmmc.o [1]
SDMMC_WriteFIFO         0x08021627     0xc  Code  Gb  stm32f7xx_ll_sdmmc.o [1]
SDRAM_Initialization_Sequence
                        0x0800eea5    0x94  Code  Gb  memory.o [1]
SDRAM_free              0x0800ee49    0x1a  Code  Gb  memory.o [1]
SD_CmdError             0x08020dbb    0x4a  Code  Lc  stm32f7xx_hal_sd.o [1]
SD_CmdResp1Error        0x08020e79   0x118  Code  Lc  stm32f7xx_hal_sd.o [1]
SD_CmdResp2Error        0x08020fc1    0x46  Code  Lc  stm32f7xx_hal_sd.o [1]
SD_CmdResp3Error        0x08020f91    0x30  Code  Lc  stm32f7xx_hal_sd.o [1]
SD_CmdResp6Error        0x08021007    0xa8  Code  Lc  stm32f7xx_hal_sd.o [1]
SD_CmdResp7Error        0x08020e05    0x74  Code  Lc  stm32f7xx_hal_sd.o [1]
SD_Driver               0x20000440    0x14  Data  Gb  sd_diskio.o [1]
SD_FindSCR              0x08021213   0x176  Code  Lc  stm32f7xx_hal_sd.o [1]
SD_GetState             0x08020a55    0x24  Code  Lc  stm32f7xx_hal_sd.o [1]
SD_Initialize_Cards     0x08020a79   0x128  Code  Lc  stm32f7xx_hal_sd.o [1]
SD_IsCardProgramming    0x08021389   0x16c  Code  Lc  stm32f7xx_hal_sd.o [1]
SD_Path                 0x200088f4     0x4  Data  Gb  fatfs.o [1]
SD_PowerON              0x08020bdb   0x180  Code  Lc  stm32f7xx_hal_sd.o [1]
SD_Select_Deselect      0x08020ba1    0x3a  Code  Lc  stm32f7xx_hal_sd.o [1]
SD_SendStatus           0x08020d5b    0x60  Code  Lc  stm32f7xx_hal_sd.o [1]
SD_WideBus_Disable      0x08021161    0xb2  Code  Lc  stm32f7xx_hal_sd.o [1]
SD_WideBus_Enable       0x080210af    0xb2  Code  Lc  stm32f7xx_hal_sd.o [1]
SD_initialize           0x0802a901    0x24  Code  Gb  sd_diskio.o [1]
SD_ioctl                0x0802a9b5    0x6a  Code  Gb  sd_diskio.o [1]
SD_mount                0x0800ee21    0x28  Code  Gb  memory.o [1]
SD_mount::fs            0x200056d8  0x1030  Data  Lc  memory.o [1]
SD_read                 0x0802a949    0x36  Code  Gb  sd_diskio.o [1]
SD_status               0x0802a925    0x24  Code  Gb  sd_diskio.o [1]
SD_write                0x0802a97f    0x36  Code  Gb  sd_diskio.o [1]
SOUND                   0x200088c4     0x8  Data  Gb  sound.o [1]
SPI_FONT1               0x0802ae0c    0x50  Data  Gb  OSDFont.o [1]
SPI_received            0x200005f3     0x1  Data  Gb  spi.o [1]
SPI_transmitted         0x200005f4     0x1  Data  Gb  spi.o [1]
SetLineKbd              0x08016d79    0x9a  Code  Gb  keyboard.o [1]
Show_GUI                0x0800cff9    0xa0  Code  Gb  gui.o [1]
SineTable               0x0802a544   0x200  Data  Gb  calculations.o [1]
SolvePressedKeys        0x08016ec9    0x6e  Code  Gb  keyboard.o [1]
SolvePressedKeys::Index
                        0x20008980     0x1  Data  Lc  keyboard.o [1]
SolvePressedKeys::Lines_Kb
                        0x200005ec     0x2  Data  Lc  keyboard.o [1]
SolvePressedKeys::OldKeysLine
                        0x200005f0     0x1  Data  Lc  keyboard.o [1]
SolvePressedKeys::Pressed
                        0x20008981     0x1  Data  Lc  keyboard.o [1]
StartTestFlag           0x200005f1     0x1  Data  Gb  PTZinterface.o [1]
Stat                    0x200005f2     0x1  Data  Lc  sd_diskio.o [1]
StoreArrayOfPoly        0x200082d4    0x60  Data  Gb  calculations.o [1]
StorePoly               0x08011e41    0x48  Code  Gb  gui.o [1]
StrCalibration          0x200003ac     0x8  Data  Lc  PTZinterface.o [1]
StrDATA                 0x200080a0    0x80  Data  Lc  PTZinterface.o [1]
StrDate                 0x200003b4     0xc  Data  Lc  PTZinterface.o [1]
StrPasses               0x20000368     0xc  Data  Lc  PTZinterface.o [1]
StrPneumosys            0x20000320     0xc  Data  Lc  PTZinterface.o [1]
StrPressEngineOil       0x2000032c     0xc  Data  Lc  PTZinterface.o [1]
StrRPM                  0x20000344     0xc  Data  Lc  PTZinterface.o [1]
StrRising               0x200003a4     0x8  Data  Lc  PTZinterface.o [1]
StrSleep                0x20000398     0xc  Data  Lc  PTZinterface.o [1]
StrSpeed                0x20000338     0xc  Data  Lc  PTZinterface.o [1]
StrSquare               0x2000035c     0xc  Data  Lc  PTZinterface.o [1]
StrSquarePerHour        0x20000374     0xc  Data  Lc  PTZinterface.o [1]
StrTIME                 0x20000350     0xc  Data  Lc  PTZinterface.o [1]
StrTime                 0x200003c0     0xc  Data  Lc  PTZinterface.o [1]
StrTransmiss            0x20000314     0xc  Data  Lc  PTZinterface.o [1]
String_1                0x0802af7c    0x1c  Data  Gb  PTZinterface.o [1]
Switch_Camera           0x08011539    0x7c  Code  Gb  tw8819.o [1]
SysTick_Config          0x080163b5    0x30  Code  Lc  stm32f7xx_hal_cortex.o [1]
SysTick_Handler         0x0802aaf7     0xc  Code  Gb  stm32f7xx_it.o [1]
SystemClock_Config      0x08029fe3    0xea  Code  Gb  main.o [1]
SystemCoreClock         0x20000460     0x4  Data  Gb  system_stm32f7xx.o [1]
SystemInit              0x0802ada1    0x4c  Code  Gb  system_stm32f7xx.o [1]
TEMP_Arrow              0x0800b181    0x3e  Code  Gb  PTZinterface.o [1]
TIM11_IRQHandler        0x080162cf    0x14  Code  Gb  timer11.o [1]
TIM13_IRQHandler        0x08016099   0x1ba  Code  Gb  timer13.o [1]
TIM13_IRQHandler::Counter
                        0x20008960     0x4  Data  Lc  timer13.o [1]
TIM13_IRQHandler::CounterUPD
                        0x20008964     0x4  Data  Lc  timer13.o [1]
TIM13_IRQHandler::FlagKBD_Repeat
                        0x2000898c     0x1  Data  Lc  timer13.o [1]
TIM14_IRQHandler        0x0800ecc7    0xae  Code  Gb  timer14.o [1]
TIM14_IRQHandler::Counter
                        0x20008968     0x4  Data  Lc  timer14.o [1]
TIM1_TRG_COM_TIM11_IRQHandler
                        0x0802ab2b     0xe  Code  Gb  stm32f7xx_it.o [1]
TIM8_TRG_COM_TIM14_IRQHandler
                        0x0802ab5b     0xe  Code  Gb  stm32f7xx_it.o [1]
TIM8_UP_TIM13_IRQHandler
                        0x0802ab4d     0xe  Code  Gb  stm32f7xx_it.o [1]
TIM_Base_SetConfig      0x08029b6f    0xe6  Code  Gb  stm32f7xx_hal_tim.o [1]
Test1                   0x0800b02d    0x9c  Code  Gb  PTZinterface.o [1]
Test1::Counter          0x20008988     0x1  Data  Lc  PTZinterface.o [1]
Test1::Toggle1          0x20008987     0x1  Data  Lc  PTZinterface.o [1]
Test2                   0x0800af49    0xdc  Code  Gb  PTZinterface.o [1]
Test2::Counter1         0x20008972     0x2  Data  Lc  PTZinterface.o [1]
Tests                   0x0800b0cd    0x2e  Code  Gb  PTZinterface.o [1]
Tests::Counter          0x20008950     0x4  Data  Lc  PTZinterface.o [1]
Text                    0x20007eb8   0x140  Data  Lc  PTZinterface.o [1]
TicksGlobal_mS          0x200088f0     0x4  Data  Gb  core.o [1]
TimeIsReady             0x20008989     0x1  Data  Gb  rtc.o [1]
Timer11_Init            0x0801629d    0x32  Code  Gb  timer11.o [1]
Timer13_Init            0x08016069    0x30  Code  Gb  timer13.o [1]
Timer14_Init_Deal       0x0800ec81    0x46  Code  Gb  timer14.o [1]
TouchScreen_Handle      0x0800a5a1   0x104  Code  Gb  PTZinterface.o [1]
Touch_Data              0x200088cc     0x8  Data  Gb  stmpe811.o [1]
Transfer_DMA2D_Completed
                        0x0800c739     0x8  Code  Gb  video.o [1]
UART_AdvFeatureConfig   0x08025c8d    0xda  Code  Gb  stm32f7xx_hal_uart.o [1]
UART_CheckIdleState     0x08025d67    0x6e  Code  Gb  stm32f7xx_hal_uart.o [1]
UART_DMAAbortOnError    0x0802576d    0x1a  Code  Lc  stm32f7xx_hal_uart.o [1]
UART_EndRxTransfer      0x080258a5    0x20  Code  Lc  stm32f7xx_hal_uart.o [1]
UART_EndTransmit_IT     0x080257f7    0x20  Code  Lc  stm32f7xx_hal_uart.o [1]
UART_Receive_IT         0x08025817    0x8e  Code  Lc  stm32f7xx_hal_uart.o [1]
UART_SetConfig          0x080258c5   0x39e  Code  Gb  stm32f7xx_hal_uart.o [1]
UART_Transmit_IT        0x08025787    0x70  Code  Lc  stm32f7xx_hal_uart.o [1]
UART_WaitOnFlagUntilTimeout
                        0x080256f9    0x70  Code  Gb  stm32f7xx_hal_uart.o [1]
UB_Touch_Init           0x080139c1    0x2c  Code  Gb  stmpe811.o [1]
UB_Touch_Read           0x080139f5   0x118  Code  Gb  stmpe811.o [1]
UB_Touch_Read::_x       0x20008958     0x4  Data  Lc  stmpe811.o [1]
UB_Touch_Read::_y       0x2000895c     0x4  Data  Lc  stmpe811.o [1]
USART6_IRQHandler       0x0802ab83     0xa  Code  Gb  stm32f7xx_it.o [1]
USBH_AllocPipe          0x08023b13    0x2e  Code  Gb  usbh_pipes.o [1]
USBH_BulkReceiveData    0x0802425d    0x30  Code  Gb  usbh_ioreq.o [1]
USBH_BulkSendData       0x0802421b    0x42  Code  Gb  usbh_ioreq.o [1]
USBH_ClosePipe          0x08023aff    0x14  Code  Gb  usbh_pipes.o [1]
USBH_ClrFeature         0x08023d05    0x2c  Code  Gb  usbh_ctlreq.o [1]
USBH_CtlReceiveData     0x080241eb    0x30  Code  Gb  usbh_ioreq.o [1]
USBH_CtlReq             0x08023f17    0x5c  Code  Gb  usbh_ctlreq.o [1]
USBH_CtlSendData        0x080241a9    0x42  Code  Gb  usbh_ioreq.o [1]
USBH_CtlSendSetup       0x0802417f    0x2a  Code  Gb  usbh_ioreq.o [1]
USBH_Delay              0x08022b51     0xc  Code  Gb  usbh_conf.o [1]
USBH_Driver             0x200005b0    0x14  Data  Gb  usbh_diskio.o [1]
USBH_FindInterface      0x08023613    0x6a  Code  Gb  usbh_core.o [1]
USBH_FreePipe           0x08023b41    0x24  Code  Gb  usbh_pipes.o [1]
USBH_GetDescriptor      0x08023c65    0x4a  Code  Gb  usbh_ctlreq.o [1]
USBH_GetFreePipe        0x08023b65    0x2e  Code  Lc  usbh_pipes.o [1]
USBH_GetNextDesc        0x08023eff    0x18  Code  Gb  usbh_ctlreq.o [1]
USBH_Get_CfgDesc        0x08023bdd    0x3c  Code  Gb  usbh_ctlreq.o [1]
USBH_Get_DevDesc        0x08023b93    0x4a  Code  Gb  usbh_ctlreq.o [1]
USBH_Get_StringDesc     0x08023c19    0x4c  Code  Gb  usbh_ctlreq.o [1]
USBH_HandleControl      0x08023f73   0x20c  Code  Lc  usbh_ctlreq.o [1]
USBH_HandleEnum         0x0802387b   0x198  Code  Lc  usbh_core.o [1]
USBH_HandleSof          0x08023a2f    0x1e  Code  Lc  usbh_core.o [1]
USBH_Init               0x08023521    0x3a  Code  Gb  usbh_core.o [1]
USBH_LL_ClosePipe       0x08022a41    0x16  Code  Gb  usbh_conf.o [1]
USBH_LL_Connect         0x08023a4d    0x32  Code  Gb  usbh_core.o [1]
USBH_LL_Disconnect      0x08023a7f    0x40  Code  Gb  usbh_core.o [1]
USBH_LL_DriverVBUS      0x08022ab5    0x16  Code  Gb  usbh_conf.o [1]
USBH_LL_GetLastXferSize
                        0x080229eb    0x14  Code  Gb  usbh_conf.o [1]
USBH_LL_GetSpeed        0x080229a5    0x36  Code  Gb  usbh_conf.o [1]
USBH_LL_GetToggle       0x08022b0b    0x46  Code  Gb  usbh_conf.o [1]
USBH_LL_GetURBState     0x08022aa1    0x14  Code  Gb  usbh_conf.o [1]
USBH_LL_IncTimer        0x08023a19    0x16  Code  Gb  usbh_core.o [1]
USBH_LL_Init            0x0802291d    0x56  Code  Gb  usbh_conf.o [1]
USBH_LL_OpenPipe        0x080229ff    0x42  Code  Gb  usbh_conf.o [1]
USBH_LL_ResetPort       0x080229db    0x10  Code  Gb  usbh_conf.o [1]
USBH_LL_SetTimer        0x08023a13     0x6  Code  Gb  usbh_core.o [1]
USBH_LL_SetToggle       0x08022acb    0x40  Code  Gb  usbh_conf.o [1]
USBH_LL_Start           0x08022985    0x10  Code  Gb  usbh_conf.o [1]
USBH_LL_Stop            0x08022995    0x10  Code  Gb  usbh_conf.o [1]
USBH_LL_SubmitURB       0x08022a57    0x4a  Code  Gb  usbh_conf.o [1]
USBH_MSC_BOT_Abort      0x08024f91    0x44  Code  Lc  usbh_msc_bot.o [1]
USBH_MSC_BOT_Init       0x08024c47    0x24  Code  Gb  usbh_msc_bot.o [1]
USBH_MSC_BOT_Process    0x08024c6b   0x326  Code  Gb  usbh_msc_bot.o [1]
USBH_MSC_BOT_REQ_GetMaxLUN
                        0x08024c21    0x26  Code  Gb  usbh_msc_bot.o [1]
USBH_MSC_BOT_REQ_Reset  0x08024bfd    0x24  Code  Gb  usbh_msc_bot.o [1]
USBH_MSC_ClassRequest   0x0802447f    0x8a  Code  Lc  usbh_msc.o [1]
USBH_MSC_DecodeCSW      0x08024fd5    0x62  Code  Lc  usbh_msc_bot.o [1]
USBH_MSC_GetLUNInfo     0x08024a5d    0x3c  Code  Gb  usbh_msc.o [1]
USBH_MSC_InterfaceDeInit
                        0x08024421    0x5e  Code  Lc  usbh_msc.o [1]
USBH_MSC_InterfaceInit  0x0802428d   0x194  Code  Lc  usbh_msc.o [1]
USBH_MSC_Process        0x08024509   0x392  Code  Lc  usbh_msc.o [1]
USBH_MSC_RdWrProcess    0x080248a1   0x18e  Code  Lc  usbh_msc.o [1]
USBH_MSC_Read           0x08024a99    0xb2  Code  Gb  usbh_msc.o [1]
USBH_MSC_SCSI_Inquiry   0x080251db   0x12c  Code  Gb  usbh_msc_scsi.o [1]
USBH_MSC_SCSI_Read      0x08025479    0xb2  Code  Gb  usbh_msc_scsi.o [1]
USBH_MSC_SCSI_ReadCapacity
                        0x0802511d    0xbe  Code  Gb  usbh_msc_scsi.o [1]
USBH_MSC_SCSI_RequestSense
                        0x08025307    0xc0  Code  Gb  usbh_msc_scsi.o [1]
USBH_MSC_SCSI_TestUnitReady
                        0x080250ab    0x72  Code  Gb  usbh_msc_scsi.o [1]
USBH_MSC_SCSI_Write     0x080253c7    0xb2  Code  Gb  usbh_msc_scsi.o [1]
USBH_MSC_SOFProcess     0x0802489b     0x6  Code  Lc  usbh_msc.o [1]
USBH_MSC_UnitIsReady    0x08024a2f    0x2e  Code  Gb  usbh_msc.o [1]
USBH_MSC_Write          0x08024b4b    0xb2  Code  Gb  usbh_msc.o [1]
USBH_OpenPipe           0x08023abf    0x40  Code  Gb  usbh_pipes.o [1]
USBH_ParseCfgDesc       0x08023d8d    0xec  Code  Lc  usbh_ctlreq.o [1]
USBH_ParseDevDesc       0x08023d31    0x5c  Code  Lc  usbh_ctlreq.o [1]
USBH_ParseEPDesc        0x08023e9f    0x20  Code  Lc  usbh_ctlreq.o [1]
USBH_ParseInterfaceDesc
                        0x08023e79    0x26  Code  Lc  usbh_ctlreq.o [1]
USBH_ParseStringDesc    0x08023ebf    0x40  Code  Lc  usbh_ctlreq.o [1]
USBH_Path               0x200088f8     0x4  Data  Gb  fatfs.o [1]
USBH_Process            0x08023693   0x1e8  Code  Gb  usbh_core.o [1]
USBH_RegisterClass      0x080235b7    0x3a  Code  Gb  usbh_core.o [1]
USBH_SelectInterface    0x080235f1    0x22  Code  Gb  usbh_core.o [1]
USBH_SetAddress         0x08023caf    0x2c  Code  Gb  usbh_ctlreq.o [1]
USBH_SetCfg             0x08023cdb    0x2a  Code  Gb  usbh_ctlreq.o [1]
USBH_Start              0x0802367d    0x16  Code  Gb  usbh_core.o [1]
USBH_UserProcess        0x0802a37d    0x32  Code  Lc  usb_host.o [1]
USBH_initialize         0x0802a745     0x6  Code  Gb  usbh_diskio.o [1]
USBH_ioctl              0x0802a867    0x94  Code  Gb  usbh_diskio.o [1]
USBH_msc                0x200005c4    0x20  Data  Gb  usbh_msc.o [1]
USBH_read               0x0802a76f    0x76  Code  Gb  usbh_diskio.o [1]
USBH_status             0x0802a74b    0x24  Code  Gb  usbh_diskio.o [1]
USBH_write              0x0802a7e5    0x82  Code  Gb  usbh_diskio.o [1]
USB_CoreInit            0x08022b5d    0x6e  Code  Gb  stm32f7xx_ll_usb.o [1]
USB_CoreReset           0x08022ced    0x38  Code  Lc  stm32f7xx_ll_usb.o [1]
USB_DisableGlobalInt    0x08022bd9     0xe  Code  Gb  stm32f7xx_ll_usb.o [1]
USB_DoPing              0x08023429    0x44  Code  Gb  stm32f7xx_ll_usb.o [1]
USB_DriveVbus           0x08022e91    0x4a  Code  Gb  stm32f7xx_ll_usb.o [1]
USB_EnableGlobalInt     0x08022bcb     0xe  Code  Gb  stm32f7xx_ll_usb.o [1]
USB_FlushRxFifo         0x08022c41    0x20  Code  Gb  stm32f7xx_ll_usb.o [1]
USB_FlushTxFifo         0x08022c1d    0x24  Code  Gb  stm32f7xx_ll_usb.o [1]
USB_GetCurrentFrame     0x08022ef1     0xa  Code  Gb  stm32f7xx_ll_usb.o [1]
USB_GetHostSpeed        0x08022edb    0x16  Code  Gb  stm32f7xx_ll_usb.o [1]
USB_GetMode             0x08022ce5     0x8  Code  Gb  stm32f7xx_ll_usb.o [1]
USB_HC_Halt             0x080232a3   0x186  Code  Gb  stm32f7xx_ll_usb.o [1]
USB_HC_Init             0x08022efb   0x1b0  Code  Gb  stm32f7xx_ll_usb.o [1]
USB_HC_ReadInterrupt    0x08023299     0xa  Code  Gb  stm32f7xx_ll_usb.o [1]
USB_HC_StartXfer        0x080230ab   0x1d4  Code  Gb  stm32f7xx_ll_usb.o [1]
USB_HostInit            0x08022d25    0xe0  Code  Gb  stm32f7xx_ll_usb.o [1]
USB_InitFSLSPClkSel     0x08022e0d    0x4c  Code  Gb  stm32f7xx_ll_usb.o [1]
USB_ReadInterrupts      0x08022cd7     0xe  Code  Gb  stm32f7xx_ll_usb.o [1]
USB_ReadPacket          0x08022cab    0x2c  Code  Gb  stm32f7xx_ll_usb.o [1]
USB_ResetPort           0x08022e59    0x38  Code  Gb  stm32f7xx_ll_usb.o [1]
USB_SetCurrentMode      0x08022be7    0x36  Code  Gb  stm32f7xx_ll_usb.o [1]
USB_StopHost            0x0802346d    0xb4  Code  Gb  stm32f7xx_ll_usb.o [1]
USB_WritePacket         0x08022c65    0x46  Code  Gb  stm32f7xx_ll_usb.o [1]
UpdateScreen            0x20008985     0x1  Data  Gb  PTZinterface.o [1]
UserControlsShow        0x0800c1cb    0x2e  Code  Gb  PTZinterface.o [1]
VideoCAMOnOff           0x0800c741    0x86  Code  Gb  video.o [1]
ViewScreen              0x0800a6e1   0x230  Code  Gb  PTZinterface.o [1]
ViewScreen::OldScreen   0x20008986     0x1  Data  Lc  PTZinterface.o [1]
WaitVBlank              0x0801160d    0x54  Code  Gb  tw8819.o [1]
WaitWhileCORE           0x0801427d    0x2c  Code  Gb  core.o [1]
WaitWhileCORE::Counter  0x20000000     0x4  Data  Gb  core.o [1]
WaitWhileDMA2D          0x0800f4b5    0x2c  Code  Gb  video.o [1]
WaitWhileDMA2D::Counter
                        0x200005e4     0x4  Data  Gb  video.o [1]
WaitWhileSysTick        0x080164bd    0x2c  Code  Gb  initial.o [1]
WaitWhileSysTick::Counter
                        0x20000310     0x4  Data  Gb  initial.o [1]
WriteStringToAddr       0x080146b9    0x90  Code  Gb  OSDBasic.o [1]
WriteTW88               0x080114cf    0x28  Code  Gb  tw8819.o [1]
WriteTW88::buffer       0x20008974     0x2  Data  Lc  tw8819.o [1]
WriteTW88Page           0x080114ad    0x22  Code  Gb  tw8819.o [1]
WriteTW88Page::buffer   0x200005ee     0x2  Data  Lc  tw8819.o [1]
ZonesTS_0               0x0802abe8    0xc0  Data  Gb  PTZinterface.o [1]
_GenldFull              0x08015da1   0x26a  Code  Lc  xprintffull.o [3]
_HW_Fill_Display_From_Mem
                        0x0800c3a5    0xb8  Code  Gb  video.o [1]
_HW_Fill_Display_From_Mem_565
                        0x0800c45d    0xba  Code  Gb  video.o [1]
_HW_Fill_RGB888_To_ARGB8888
                        0x0800c517    0xc0  Code  Gb  video.o [1]
_HW_LCD_H_Line          0x0800e509    0xa8  Code  Gb  lcd.o [1]
_HW_LCD_V_Line          0x0800e45d    0xac  Code  Gb  lcd.o [1]
_LdtobFull              0x080159a1   0x3fa  Code  Lc  xprintffull.o [3]
_LitobFull              0x08015897   0x10a  Code  Lc  xprintffull.o [3]
_PrintfFull             0x08015289   0x59a  Code  Gb  xprintffull.o [3]
_PutcharsFull           0x0801600b    0x2e  Code  Lc  xprintffull.o [3]
_SProut                 0x0800ee17     0xa  Code  Gb  xsprout.o [3]
__aeabi_cdcmple         0x08016799          Code  Gb  DblCmpLe.o [4]
__aeabi_cdrcmple        0x080167c9          Code  Gb  DblCmpGe.o [4]
__aeabi_d2f             0x08012659          Code  Gb  DblToFlt.o [4]
__aeabi_d2iz            0x0801690d          Code  Gb  DblToI32.o [4]
__aeabi_d2uiz           0x08016939          Code  Gb  DblToI32.o [4]
__aeabi_ddiv            0x08016b15          Code  Gb  DblDiv.o [4]
__aeabi_dmul            0x080124b5          Code  Gb  DblMul.o [4]
__aeabi_dsub            0x08016995          Code  Gb  DblSub.o [4]
__aeabi_f2d             0x08012465          Code  Gb  FltToDbl.o [4]
__aeabi_i2d             0x08016965          Code  Gb  I32ToDbl.o [4]
__aeabi_memset          0x08025045          Code  Gb  ABImemset.o [5]
__aeabi_ui2d            0x08016979          Code  Gb  I32ToDbl.o [4]
__aeabi_uldivmod        0x08016665          Code  Gb  I64DivMod.o [5]
__cmain                 0x0802af99          Code  Gb  cmain.o [5]
__data_GetMemChunk      0x0802008d    0x2c  Code  Gb  xgetmemchunk.o [3]
__data_GetMemChunk::start
                        0x2000896c     0x4  Data  Lc  xgetmemchunk.o [3]
__exit                  0x080200b9    0x14  Code  Gb  exit.o [6]
__iar_Dnorm             0x08016753    0x44  Code  Gb  xdnorm.o [4]
__iar_Dscale            0x080167f9   0x114  Code  Gb  xdscale.o [4]
__iar_Memchr            0x0801660d          Code  Gb  memchr.o [5]
__iar_Memset            0x08025045          Code  Gb  ABImemset.o [5]
__iar_Memset_word       0x0802504d          Code  Gb  ABImemset.o [5]
__iar_Strchr            0x080165bd          Code  Gb  strchr.o [5]
__iar_d2uiz             0x08016945          Code  Gb  DblToI32.o [4]
__iar_dadd              0x0801703d          Code  Gb  DblAdd.o [4]
__iar_data_init3        0x0802aeed    0x28  Code  Gb  data_init.o [5]
__iar_dlfree            0x0801fb63   0x51a  Code  Gb  dlmalloc.o [3]
__iar_dlmalloc          0x0801f8ad   0x2aa  Code  Gb  dlmalloc.o [3]
__iar_dsub              0x080169a9          Code  Gb  DblSub.o [4]
__iar_dsubStart         0x080169bb          Code  Gb  DblSub.o [4]
__iar_init_vfp          0x0802af39          Code  Gb  fpinit_M.o [4]
__iar_lz77_init_single3
                        0x0802ad29    0x78  Code  Gb  lz77_init_single.o [5]
__iar_program_start     0x0802b069          Code  Gb  cstartup_M.o [5]
__iar_ui2d              0x0801697d          Code  Gb  I32ToDbl.o [4]
__iar_unaligned___aeabi_memcpy
                        0x0800eda1          Code  Gb  ABImemcpy_unaligned.o [5]
__iar_unaligned___aeabi_memcpy4
                        0x0800edc1          Code  Gb  ABImemcpy_unaligned.o [5]
__iar_unaligned___aeabi_memcpy8
                        0x0800edc1          Code  Gb  ABImemcpy_unaligned.o [5]
__iar_zero_init3        0x0802ae5d    0x40  Code  Gb  zero_init3.o [5]
__low_level_init        0x0802afb3     0x4  Code  Gb  low_level_init.o [3]
__vector_table          0x08000000          Data  Gb  startup_stm32f746xx.o [1]
_call_main              0x0802afa5          Code  Gb  cmain.o [5]
_exit                   0x0802afbd          Code  Gb  cexit.o [5]
_gm_                    0x20007b78   0x1d8  Data  Lc  dlmalloc.o [3]
_main                   0x0802afaf          Code  Gb  cmain.o [5]
abort                   0x08020085     0x6  Code  Gb  abort.o [3]
actions                 0x0800a9c9   0x57a  Code  Lc  PTZinterface.o [1]
actions::Flags          0x2000894c     0x4  Data  Lc  PTZinterface.o [1]
bcd2bin                 0x0800d551    0x1c  Code  Gb  rtc.o [1]
check_fs                0x0801058f    0x86  Code  Lc  ff.o [1]
chk_chr                 0x0800f697    0x14  Code  Lc  ff.o [1]
chk_lock                0x0800f6ab    0x90  Code  Lc  ff.o [1]
clear_lock              0x0800f89d    0x2c  Code  Lc  ff.o [1]
clmt_clust              0x0800ff6f    0x46  Code  Lc  ff.o [1]
clust2sect              0x0800fa9f    0x26  Code  Gb  ff.o [1]
create_chain            0x0800fe5d   0x112  Code  Lc  ff.o [1]
create_name             0x08010383   0x12c  Code  Lc  ff.o [1]
dataIMG                 0x20008920     0x4  Data  Lc  lcd.o [1]
dec_lock                0x0800f843    0x5a  Code  Lc  ff.o [1]
dir_alloc               0x08010229    0x66  Code  Lc  ff.o [1]
dir_find                0x080102d3    0x68  Code  Lc  ff.o [1]
dir_next                0x080100ab   0x17e  Code  Lc  ff.o [1]
dir_register            0x0801033b    0x48  Code  Lc  ff.o [1]
dir_sdi                 0x0800ffb5    0xf6  Code  Lc  ff.o [1]
disk                    0x20008880    0x14  Data  Gb  ff_gen_drv.o [1]
disk_initialize         0x080142cb    0x36  Code  Gb  diskio.o [1]
disk_ioctl              0x08014371    0x2c  Code  Gb  diskio.o [1]
disk_read               0x08014301    0x38  Code  Gb  diskio.o [1]
disk_status             0x080142a9    0x22  Code  Gb  diskio.o [1]
disk_write              0x08014339    0x38  Code  Gb  diskio.o [1]
div                     0x08016d6b     0xe  Code  Gb  div.o [3]
dt                      0x200088ac     0x8  Data  Gb  PTZinterface.o [1]
emptyF                  0x0800f4e5     0x2  Code  Gb  core.o [1]
emptyM                  0x0800f4e3     0x2  Code  Gb  core.o [1]
emptyS                  0x0800f4e1     0x2  Code  Gb  core.o [1]
enq_lock                0x0800f73b    0x26  Code  Lc  ff.o [1]
exit                    0x0802afb7     0x4  Code  Gb  exit.o [3]
f_close                 0x08011133    0x38  Code  Gb  ff.o [1]
f_lseek                 0x0801116b   0x340  Code  Gb  ff.o [1]
f_mount                 0x08010bbf    0x6e  Code  Gb  ff.o [1]
f_open                  0x08010c49   0x1e4  Code  Gb  ff.o [1]
f_read                  0x08010e2d   0x272  Code  Gb  ff.o [1]
f_sync                  0x0801109f    0x94  Code  Gb  ff.o [1]
find_volume             0x08010615   0x568  Code  Lc  ff.o [1]
follow_path             0x080104af    0x90  Code  Lc  ff.o [1]
gOSTtypeB_16ptBitmaps   0x0801b5cc  0x1d4c  Data  Gb  GOST_B_23_var.o [1]
gOSTtypeB_16ptDescriptors
                        0x08026eb8   0x700  Data  Gb  GOST_B_23_var.o [1]
get_fat                 0x0800fac5   0x156  Code  Gb  ff.o [1]
get_fattime             0x080143d5     0x4  Code  Gb  fatfs.o [1]
get_ldnumber            0x0801053f    0x50  Code  Lc  ff.o [1]
hUsbHostFS              0x2000751c   0x3c8  Data  Gb  usb_host.o [1]
hadc1                   0x20008544    0x48  Data  Gb  adc.o [1]
hcan1                   0x2000858c    0x40  Data  Gb  can.o [1]
hcan2                   0x200085cc    0x40  Data  Gb  can.o [1]
hdac                    0x2000886c    0x14  Data  Gb  dac.o [1]
hdma2d                  0x2000860c    0x40  Data  Gb  dma2d.o [1]
hdma_spi2_rx            0x20008394    0x60  Data  Gb  spi.o [1]
hdma_spi2_tx            0x200083f4    0x60  Data  Gb  spi.o [1]
hhcd_USB_OTG_FS         0x200078e4   0x294  Data  Gb  usbh_conf.o [1]
hi2c2                   0x20008454    0x4c  Data  Gb  i2c.o [1]
hltdc                   0x20007ff8    0xa8  Data  Gb  ltdc.o [1]
hnand1                  0x20008778    0x38  Data  Gb  fmc.o [1]
hsd1                    0x20008334    0x60  Data  Gb  sdmmc.o [1]
hsdram1                 0x200087b0    0x34  Data  Gb  fmc.o [1]
hspi2                   0x20008270    0x64  Data  Gb  spi.o [1]
htim11                  0x200086c4    0x3c  Data  Gb  tim.o [1]
htim13                  0x20008700    0x3c  Data  Gb  tim.o [1]
htim14                  0x2000873c    0x3c  Data  Gb  tim.o [1]
htim6                   0x2000864c    0x3c  Data  Gb  tim.o [1]
htim7                   0x20008688    0x3c  Data  Gb  tim.o [1]
huart2                  0x20008120    0x70  Data  Gb  usart.o [1]
huart3                  0x20008190    0x70  Data  Gb  usart.o [1]
huart6                  0x20008200    0x70  Data  Gb  usart.o [1]
inc_lock                0x0800f761    0xe2  Code  Lc  ff.o [1]
init_mparams            0x0801ebad    0x32  Code  Lc  dlmalloc.o [3]
init_top                0x0801ebdf    0x34  Code  Lc  dlmalloc.o [3]
ld_clust                0x0801028f    0x2c  Code  Lc  ff.o [1]
main                    0x08029f67    0x7c  Code  Gb  main.o [1]
mem_cmp                 0x0800f673    0x24  Code  Lc  ff.o [1]
mem_cpy                 0x0800f641    0x1c  Code  Lc  ff.o [1]
mem_set                 0x0800f65d    0x16  Code  Lc  ff.o [1]
memchr                  0x0801660d          Code  Gb  memchr.o [5]
move_window             0x0800f947    0x4a  Code  Lc  ff.o [1]
mparams                 0x20008854    0x18  Data  Lc  dlmalloc.o [3]
mutexM                  0x20008976     0x1  Data  Gb  core.o [1]
pFastQueue              0x20000204   0x100  Data  Gb  core.o [1]
pFastQueueIni           0x0800f553    0x36  Code  Gb  core.o [1]
pFastQueueIni::i        0x2000897c     0x1  Data  Lc  core.o [1]
pMediumQueue            0x20000104   0x100  Data  Gb  core.o [1]
pMediumQueueIni         0x0800f51d    0x36  Code  Gb  core.o [1]
pMediumQueueIni::i      0x2000897b     0x1  Data  Lc  core.o [1]
pSlowQueue              0x20000004   0x100  Data  Gb  core.o [1]
pSlowQueueIni           0x0800f4e7    0x36  Code  Gb  core.o [1]
pSlowQueueIni::i        0x2000897a     0x1  Data  Lc  core.o [1]
prepend_alloc           0x0801ec13   0x372  Code  Lc  dlmalloc.o [3]
put_fat                 0x0800fc1b   0x1b0  Code  Gb  ff.o [1]
readedKeys              0x20008914     0x4  Data  Gb  keyboard.o [1]
remove_chain            0x0800fdcb    0x92  Code  Lc  ff.o [1]
retSD                   0x2000897e     0x1  Data  Gb  fatfs.o [1]
retUSBH                 0x2000897f     0x1  Data  Gb  fatfs.o [1]
segment_holding         0x0801eb91    0x1c  Code  Lc  dlmalloc.o [3]
sorttreug               0x0800eaa5   0x19c  Code  Gb  lcd.o [1]
sprintf                 0x08014015    0x34  Code  Gb  sprintf.o [3]
st_clust                0x080102bb    0x18  Code  Lc  ff.o [1]
strchr                  0x080165bd          Code  Gb  strchr.o [5]
strlen                  0x080165d5          Code  Gb  strlen.o [5]
strlenA                 0x08014885    0x16  Code  Gb  OSDBasic.o [1]
sync_fs                 0x0800f991   0x10e  Code  Lc  ff.o [1]
sync_window             0x0800f8cd    0x7a  Code  Lc  ff.o [1]
sys_alloc               0x0801ef85   0x388  Code  Lc  dlmalloc.o [3]
temp                    0x2000898b     0x1  Data  Gb  stmpe811.o [1]
tmalloc_large           0x0801f319   0x380  Code  Lc  dlmalloc.o [3]
tmalloc_small           0x0801f699   0x206  Code  Lc  dlmalloc.o [3]
uwTick                  0x20008954     0x4  Data  Gb  stm32f7xx_hal.o [1]
validate                0x08010b7d    0x42  Code  Lc  ff.o [1]


[1] = E:\PTZ\IAR\PLC\EWARM\PLC\Obj
[2] = command line
[3] = dl7M_tln.a
[4] = m7M_tls.a
[5] = rt7M_tl.a
[6] = shb_l.a

  98 158 bytes of readonly  code memory
  78 782 bytes of readonly  data memory
  35 214 bytes of readwrite data memory

Errors: none
Warnings: none
