###############################################################################
#
# IAR ELF Linker V7.60.1.11101/W32 for ARM                12/Jul/2016  10:45:08
# Copyright 2007-2016 IAR Systems AB.
#
#    Output file  =  E:\PTZ\IAR\PLC\EWARM\PLC\Exe\PLC.out
#    Map file     =  E:\PTZ\IAR\PLC\EWARM\PLC\List\PLC.map
#    Command line =  
#        E:\PTZ\IAR\PLC\EWARM\PLC\Obj\adc.o
#        E:\PTZ\IAR\PLC\EWARM\PLC\Obj\ARIALB_16pt.o
#        E:\PTZ\IAR\PLC\EWARM\PLC\Obj\bsp_driver_sd.o
#        E:\PTZ\IAR\PLC\EWARM\PLC\Obj\bsp_driver_sdram.o
#        E:\PTZ\IAR\PLC\EWARM\PLC\Obj\calculations.o
#        E:\PTZ\IAR\PLC\EWARM\PLC\Obj\can.o E:\PTZ\IAR\PLC\EWARM\PLC\Obj\core.o
#        E:\PTZ\IAR\PLC\EWARM\PLC\Obj\dac.o
#        E:\PTZ\IAR\PLC\EWARM\PLC\Obj\diskio.o
#        E:\PTZ\IAR\PLC\EWARM\PLC\Obj\DispInfo.o
#        E:\PTZ\IAR\PLC\EWARM\PLC\Obj\dma.o
#        E:\PTZ\IAR\PLC\EWARM\PLC\Obj\dma2d.o
#        E:\PTZ\IAR\PLC\EWARM\PLC\Obj\fatfs.o E:\PTZ\IAR\PLC\EWARM\PLC\Obj\ff.o
#        E:\PTZ\IAR\PLC\EWARM\PLC\Obj\ff_gen_drv.o
#        E:\PTZ\IAR\PLC\EWARM\PLC\Obj\files.o
#        E:\PTZ\IAR\PLC\EWARM\PLC\Obj\fmc.o
#        E:\PTZ\IAR\PLC\EWARM\PLC\Obj\GOST_B_23_var.o
#        E:\PTZ\IAR\PLC\EWARM\PLC\Obj\gpio.o E:\PTZ\IAR\PLC\EWARM\PLC\Obj\gui.o
#        E:\PTZ\IAR\PLC\EWARM\PLC\Obj\i2c.o
#        E:\PTZ\IAR\PLC\EWARM\PLC\Obj\ImageControl.o
#        E:\PTZ\IAR\PLC\EWARM\PLC\Obj\initial.o
#        E:\PTZ\IAR\PLC\EWARM\PLC\Obj\InputsTW.o
#        E:\PTZ\IAR\PLC\EWARM\PLC\Obj\interrupts.o
#        E:\PTZ\IAR\PLC\EWARM\PLC\Obj\keyboard.o
#        E:\PTZ\IAR\PLC\EWARM\PLC\Obj\lcd.o E:\PTZ\IAR\PLC\EWARM\PLC\Obj\leds.o
#        E:\PTZ\IAR\PLC\EWARM\PLC\Obj\lm75.o
#        E:\PTZ\IAR\PLC\EWARM\PLC\Obj\ltdc.o
#        E:\PTZ\IAR\PLC\EWARM\PLC\Obj\main.o
#        E:\PTZ\IAR\PLC\EWARM\PLC\Obj\memory.o
#        E:\PTZ\IAR\PLC\EWARM\PLC\Obj\OSDBasic.o
#        E:\PTZ\IAR\PLC\EWARM\PLC\Obj\OSDFont.o
#        E:\PTZ\IAR\PLC\EWARM\PLC\Obj\OSDinitTable.o
#        E:\PTZ\IAR\PLC\EWARM\PLC\Obj\PTZinterface.o
#        E:\PTZ\IAR\PLC\EWARM\PLC\Obj\RIAD_16pt.o
#        E:\PTZ\IAR\PLC\EWARM\PLC\Obj\RIAD_30pt.o
#        E:\PTZ\IAR\PLC\EWARM\PLC\Obj\RIAD_40pt.o
#        E:\PTZ\IAR\PLC\EWARM\PLC\Obj\RIAD_80pt.o
#        E:\PTZ\IAR\PLC\EWARM\PLC\Obj\rtc.o
#        E:\PTZ\IAR\PLC\EWARM\PLC\Obj\sd_diskio.o
#        E:\PTZ\IAR\PLC\EWARM\PLC\Obj\sdmmc.o
#        E:\PTZ\IAR\PLC\EWARM\PLC\Obj\sdram_diskio.o
#        E:\PTZ\IAR\PLC\EWARM\PLC\Obj\sound.o
#        E:\PTZ\IAR\PLC\EWARM\PLC\Obj\spi.o
#        E:\PTZ\IAR\PLC\EWARM\PLC\Obj\spi_mem.o
#        E:\PTZ\IAR\PLC\EWARM\PLC\Obj\startup_stm32f746xx.o
#        E:\PTZ\IAR\PLC\EWARM\PLC\Obj\stm32f7xx_hal.o
#        E:\PTZ\IAR\PLC\EWARM\PLC\Obj\stm32f7xx_hal_adc.o
#        E:\PTZ\IAR\PLC\EWARM\PLC\Obj\stm32f7xx_hal_adc_ex.o
#        E:\PTZ\IAR\PLC\EWARM\PLC\Obj\stm32f7xx_hal_can.o
#        E:\PTZ\IAR\PLC\EWARM\PLC\Obj\stm32f7xx_hal_cortex.o
#        E:\PTZ\IAR\PLC\EWARM\PLC\Obj\stm32f7xx_hal_dac.o
#        E:\PTZ\IAR\PLC\EWARM\PLC\Obj\stm32f7xx_hal_dac_ex.o
#        E:\PTZ\IAR\PLC\EWARM\PLC\Obj\stm32f7xx_hal_dma.o
#        E:\PTZ\IAR\PLC\EWARM\PLC\Obj\stm32f7xx_hal_dma2d.o
#        E:\PTZ\IAR\PLC\EWARM\PLC\Obj\stm32f7xx_hal_dma_ex.o
#        E:\PTZ\IAR\PLC\EWARM\PLC\Obj\stm32f7xx_hal_flash.o
#        E:\PTZ\IAR\PLC\EWARM\PLC\Obj\stm32f7xx_hal_flash_ex.o
#        E:\PTZ\IAR\PLC\EWARM\PLC\Obj\stm32f7xx_hal_gpio.o
#        E:\PTZ\IAR\PLC\EWARM\PLC\Obj\stm32f7xx_hal_hcd.o
#        E:\PTZ\IAR\PLC\EWARM\PLC\Obj\stm32f7xx_hal_i2c.o
#        E:\PTZ\IAR\PLC\EWARM\PLC\Obj\stm32f7xx_hal_i2c_ex.o
#        E:\PTZ\IAR\PLC\EWARM\PLC\Obj\stm32f7xx_hal_ltdc.o
#        E:\PTZ\IAR\PLC\EWARM\PLC\Obj\stm32f7xx_hal_msp.o
#        E:\PTZ\IAR\PLC\EWARM\PLC\Obj\stm32f7xx_hal_nand.o
#        E:\PTZ\IAR\PLC\EWARM\PLC\Obj\stm32f7xx_hal_pwr.o
#        E:\PTZ\IAR\PLC\EWARM\PLC\Obj\stm32f7xx_hal_pwr_ex.o
#        E:\PTZ\IAR\PLC\EWARM\PLC\Obj\stm32f7xx_hal_rcc.o
#        E:\PTZ\IAR\PLC\EWARM\PLC\Obj\stm32f7xx_hal_rcc_ex.o
#        E:\PTZ\IAR\PLC\EWARM\PLC\Obj\stm32f7xx_hal_sd.o
#        E:\PTZ\IAR\PLC\EWARM\PLC\Obj\stm32f7xx_hal_sdram.o
#        E:\PTZ\IAR\PLC\EWARM\PLC\Obj\stm32f7xx_hal_spi.o
#        E:\PTZ\IAR\PLC\EWARM\PLC\Obj\stm32f7xx_hal_tim.o
#        E:\PTZ\IAR\PLC\EWARM\PLC\Obj\stm32f7xx_hal_tim_ex.o
#        E:\PTZ\IAR\PLC\EWARM\PLC\Obj\stm32f7xx_hal_uart.o
#        E:\PTZ\IAR\PLC\EWARM\PLC\Obj\stm32f7xx_it.o
#        E:\PTZ\IAR\PLC\EWARM\PLC\Obj\stm32f7xx_ll_fmc.o
#        E:\PTZ\IAR\PLC\EWARM\PLC\Obj\stm32f7xx_ll_sdmmc.o
#        E:\PTZ\IAR\PLC\EWARM\PLC\Obj\stm32f7xx_ll_usb.o
#        E:\PTZ\IAR\PLC\EWARM\PLC\Obj\stmpe811.o
#        E:\PTZ\IAR\PLC\EWARM\PLC\Obj\syscall.o
#        E:\PTZ\IAR\PLC\EWARM\PLC\Obj\system_stm32f7xx.o
#        E:\PTZ\IAR\PLC\EWARM\PLC\Obj\tim.o
#        E:\PTZ\IAR\PLC\EWARM\PLC\Obj\timer11.o
#        E:\PTZ\IAR\PLC\EWARM\PLC\Obj\timer13.o
#        E:\PTZ\IAR\PLC\EWARM\PLC\Obj\timer14.o
#        E:\PTZ\IAR\PLC\EWARM\PLC\Obj\tw8819.o
#        E:\PTZ\IAR\PLC\EWARM\PLC\Obj\usart.o
#        E:\PTZ\IAR\PLC\EWARM\PLC\Obj\usb_host.o
#        E:\PTZ\IAR\PLC\EWARM\PLC\Obj\usbh_conf.o
#        E:\PTZ\IAR\PLC\EWARM\PLC\Obj\usbh_core.o
#        E:\PTZ\IAR\PLC\EWARM\PLC\Obj\usbh_ctlreq.o
#        E:\PTZ\IAR\PLC\EWARM\PLC\Obj\usbh_diskio.o
#        E:\PTZ\IAR\PLC\EWARM\PLC\Obj\usbh_ioreq.o
#        E:\PTZ\IAR\PLC\EWARM\PLC\Obj\usbh_msc.o
#        E:\PTZ\IAR\PLC\EWARM\PLC\Obj\usbh_msc_bot.o
#        E:\PTZ\IAR\PLC\EWARM\PLC\Obj\usbh_msc_scsi.o
#        E:\PTZ\IAR\PLC\EWARM\PLC\Obj\usbh_pipes.o
#        E:\PTZ\IAR\PLC\EWARM\PLC\Obj\video.o --redirect _Printf=_PrintfFull
#        --redirect _Scanf=_ScanfFull -o E:\PTZ\IAR\PLC\EWARM\PLC\Exe\PLC.out
#        --map E:\PTZ\IAR\PLC\EWARM\PLC\List\PLC.map --config
#        E:\PTZ\IAR\PLC\EWARM/stm32f746xx_flash.icf --semihosting --entry
#        __iar_program_start "C:\Program Files\IAR Systems\Embedded Workbench
#        7.4\arm\CMSIS\Lib\IAR\iar_cortexM7ls_math.a" --vfe
#
###############################################################################

*******************************************************************************
*** RUNTIME MODEL ATTRIBUTES
***

CppFlavor       = *
__Heap_Handler  = DLMalloc
__SystemLibrary = DLib


*******************************************************************************
*** PLACEMENT SUMMARY
***

"A1":  place at 0x08000000 { ro section .intvec };
"P1":  place in [from 0x08000000 to 0x080fffff] { ro };
"P2":  place in [from 0x20000000 to 0x2004ffff] { rw, block CSTACK, block HEAP };
do not initialize { section .noinit };
initialize by copy { rw };

  Section            Kind        Address       Size  Object
  -------            ----        -------       ----  ------
"A1":                                         0x1c8
  .intvec            ro code  0x08000000      0x1c8  startup_stm32f746xx.o [1]
                            - 0x080001c8      0x1c8

"P1":                                       0x1891e
  .text              ro code  0x080001c8     0x27b0  OSDFont.o [1]
  .text              ro code  0x08002978      0x19c  tw8819.o [1]
  .text              ro code  0x08002b14      0xba8  stm32f7xx_hal_i2c.o [1]
  .text              ro code  0x080036bc      0x1e0  ltdc.o [1]
  .text              ro code  0x0800389c       0xe8  core.o [1]
  .text              ro code  0x08003984       0xb0  i2c.o [1]
  .text              ro code  0x08003a34       0x74  stm32f7xx_hal.o [1]
  .text              ro code  0x08003aa8      0x2f8  stm32f7xx_hal_ltdc.o [1]
  .text              ro code  0x08003da0      0x32c  stm32f7xx_hal_gpio.o [1]
  .text              ro code  0x080040cc       0xf2  stm32f7xx_hal_cortex.o [1]
  .text              ro code  0x080041be       0x6e  stm32f7xx_hal_i2c_ex.o [1]
  .text              ro code  0x0800422c       0x48  stm32f7xx_hal_msp.o [1]
  .text              ro code  0x08004274      0x56c  stm32f7xx_hal_rcc.o [1]
  .text              ro code  0x080047e0       0x76  ABImemcpy_unaligned.o [6]
  .text              ro code  0x08004856        0xa  xsprout.o [3]
  .text              ro code  0x08004860       0x38  interrupts.o [1]
  .text              ro code  0x08004898       0xc4  timer14.o [1]
  .text              ro code  0x0800495c      0x320  stmpe811.o [1]
  .text              ro code  0x08004c7c      0xa54  PTZinterface.o [1]
  .text              ro code  0x080056d0      0x2b4  gui.o [1]
  .text              ro code  0x08005984      0x210  calculations.o [1]
  .text              ro code  0x08005b94      0x174  rtc.o [1]
  .text              ro code  0x08005d08      0x210  video.o [1]
  .text              ro code  0x08005f18      0xb50  lcd.o [1]
  .text              ro code  0x08006a68      0x108  memory.o [1]
  .text              ro code  0x08006b70        0x6  ABImemclr.o [6]
  .text              ro code  0x08006b78       0x80  arm_cos_f32.o [4]
  .text              ro code  0x08006bf8       0x90  arm_sin_f32.o [4]
  .text              ro code  0x08006c88       0x4e  FltToDbl.o [5]
  .text              ro code  0x08006cd8       0xe8  DblAdd.o [5]
  .text              ro code  0x08006dc0       0x58  DblToI32.o [5]
  .text              ro code  0x08006e18      0x1a2  DblMul.o [5]
  .text              ro code  0x08006fbc       0x90  DblToFlt.o [5]
  .text              ro code  0x0800704c      0x388  stm32f7xx_hal_dma2d.o [1]
  .text              ro code  0x080073d4     0x1478  ff.o [1]
  .text              ro code  0x0800884c       0xb0  DispInfo.o [1]
  .text              ro code  0x080088fc       0xf2  stm32f7xx_hal_dac.o [1]
  .text              ro code  0x080089f0        0x6  ABImemclr4.o [6]
  .text              ro code  0x080089f8      0x128  stm32f7xx_hal_nand.o [1]
  .text              ro code  0x08008b20       0x34  sprintf.o [3]
  .text              ro code  0x08008b54       0xb6  stm32f7xx_hal_sdram.o [1]
  .text              ro code  0x08008c0c       0x66  ABImemset.o [6]
  .text              ro code  0x08008c74      0x180  DblSub.o [5]
  .text              ro code  0x08008df4       0x5c  dma2d.o [1]
  .text              ro code  0x08008e50       0x74  diskio.o [1]
  .text              ro code  0x08008ec4       0x2c  fatfs.o [1]
  .text              ro code  0x08008ef0      0x1b0  OSDBasic.o [1]
  .text              ro code  0x080090a0       0xa4  dac.o [1]
  .text              ro code  0x08009144       0x32  ABImemset48.o [6]
  .text              ro code  0x08009178      0x180  fmc.o [1]
  .text              ro code  0x080092f8      0x1b4  stm32f7xx_ll_fmc.o [1]
  .text              ro code  0x080094ac      0xde2  xprintffull.o [3]
  .text              ro code  0x0800a290       0x44  ff_gen_drv.o [1]
  .text              ro code  0x0800a2d4       0x16  strchr.o [6]
  .text              ro code  0x0800a2ec       0x36  strlen.o [6]
  .text              ro code  0x0800a324       0x58  memchr.o [6]
  .text              ro code  0x0800a37c       0xee  I64DivMod.o [6]
  .text              ro code  0x0800a46a       0x44  xdnorm.o [5]
  .text              ro code  0x0800a4b0       0x2e  DblCmpLe.o [5]
  .text              ro code  0x0800a4e0       0x2e  DblCmpGe.o [5]
  .text              ro code  0x0800a510      0x114  xdscale.o [5]
  .text              ro code  0x0800a624       0x30  I32ToDbl.o [5]
  .text              ro code  0x0800a654      0x256  DblDiv.o [5]
  .text              ro code  0x0800a8aa        0xe  div.o [3]
  .text              ro code  0x0800a8b8        0x2  I64DivZer.o [6]
  .rodata            const    0x0800a8bc     0x265c  RIAD_16pt.o [1]
  .rodata            const    0x0800cf18     0x244c  GOST_B_23_var.o [1]
  .rodata            const    0x0800f364     0x18c8  OSDFont.o [1]
  .text              ro code  0x08010c2c     0x14f4  dlmalloc.o [3]
  .text              ro code  0x08012120        0x6  abort.o [3]
  .text              ro code  0x08012128       0x2c  xgetmemchunk.o [3]
  .text              ro code  0x08012154       0x14  exit.o [7]
  .text              ro code  0x08012168      0xe60  stm32f7xx_hal_sd.o [1]
  .text              ro code  0x08012fc8       0xc4  sdmmc.o [1]
  .text              ro code  0x0801308c       0xb4  stm32f7xx_ll_sdmmc.o [1]
  .rodata            const    0x08013140      0x804  arm_common_tables.o [4]
  .text              ro code  0x08013944      0x70a  stm32f7xx_hal_hcd.o [1]
  .text              ro code  0x08014050      0x1ba  usbh_conf.o [1]
  .text              ro code  0x0801420c      0x61c  stm32f7xx_ll_usb.o [1]
  .text              ro code  0x08014828      0x3d4  usbh_core.o [1]
  .text              ro code  0x08014bfc       0x70  usbh_pipes.o [1]
  .text              ro code  0x08014c6c      0x3fc  usbh_ctlreq.o [1]
  .text              ro code  0x08015068       0x8c  usbh_ioreq.o [1]
  .text              ro code  0x080150f4      0x60c  stm32f7xx_hal_uart.o [1]
  .text              ro code  0x08015700      0x118  usart.o [1]
  .text              ro code  0x08015818      0x514  usbh_msc.o [1]
  .text              ro code  0x08015d2c      0x21c  usbh_msc_bot.o [1]
  .text              ro code  0x08015f48      0x294  usbh_msc_scsi.o [1]
  .text              ro code  0x080161dc      0x46c  stm32f7xx_hal_rcc_ex.o [1]
  .text              ro code  0x08016648      0x412  stm32f7xx_hal_can.o [1]
  .text              ro code  0x08016a5c      0x108  can.o [1]
  .text              ro code  0x08016b64      0x30c  gpio.o [1]
  .text              ro code  0x08016e70      0x290  stm32f7xx_hal_adc.o [1]
  .text              ro code  0x08017100       0x94  adc.o [1]
  .text              ro code  0x08017194      0x264  stm32f7xx_hal_tim.o [1]
  .text              ro code  0x080173f8      0x180  tim.o [1]
  .text              ro code  0x08017578       0x64  stm32f7xx_hal_tim_ex.o [1]
  .text              ro code  0x080175dc      0x23c  stm32f7xx_hal_dma.o [1]
  .text              ro code  0x08017818      0x200  system_stm32f7xx.o [1]
  .text              ro code  0x08017a18      0x1e4  main.o [1]
  .text              ro code  0x08017bfc       0x44  dma.o [1]
  .text              ro code  0x08017c40      0x17c  spi.o [1]
  .text              ro code  0x08017dbc       0x4c  usb_host.o [1]
  .text              ro code  0x08017e08       0x54  initial.o [1]
  .text              ro code  0x08017e5c       0x78  stm32f7xx_hal_pwr_ex.o [1]
  .text              ro code  0x08017ed4       0xb4  stm32f7xx_hal_spi.o [1]
  .text              ro code  0x08017f88      0x188  timer13.o [1]
  .text              ro code  0x08018110       0x3c  timer11.o [1]
  .text              ro code  0x0801814c       0x1c  leds.o [1]
  .text              ro code  0x08018168      0x194  keyboard.o [1]
  .text              ro code  0x080182fc       0x34  sound.o [1]
  .text              ro code  0x08018330       0xf0  usbh_diskio.o [1]
  .text              ro code  0x08018420       0xb8  stm32f7xx_it.o [1]
  .text              ro code  0x080184d8       0xa8  sd_diskio.o [1]
  .text              ro code  0x08018580       0x78  bsp_driver_sd.o [1]
  .text              ro code  0x080185f8       0x40  zero_init3.o [6]
  .text              ro code  0x08018638       0x38  packbits_init_single.o [6]
  .rodata            const    0x08018670       0x28  OSDinitTable.o [1]
  .text              ro code  0x08018698       0x28  data_init.o [6]
  .text              ro code  0x080186c0       0x22  fpinit_M.o [5]
  .iar.init_table    const    0x080186e4       0x20  - Linker created -
  .text              ro code  0x08018704       0x1a  cmain.o [6]
  .text              ro code  0x0801871e        0x4  low_level_init.o [3]
  .text              ro code  0x08018722        0x4  exit.o [3]
  .text              ro code  0x08018728        0xa  cexit.o [6]
  .rodata            const    0x08018734       0x14  sd_diskio.o [1]
  .rodata            const    0x08018748       0x14  usbh_diskio.o [1]
  .text              ro code  0x0801875c       0x10  startup_stm32f746xx.o [1]
  .text              ro code  0x0801876c        0xc  cstartup_M.o [6]
  .rodata            const    0x08018778        0x4  usbh_msc.o [1]
  .text              ro code  0x0801877c        0x4  startup_stm32f746xx.o [1]
  .text              ro code  0x08018780        0x4  startup_stm32f746xx.o [1]
  .text              ro code  0x08018784        0x4  startup_stm32f746xx.o [1]
  .text              ro code  0x08018788        0x4  startup_stm32f746xx.o [1]
  .text              ro code  0x0801878c        0x4  startup_stm32f746xx.o [1]
  .text              ro code  0x08018790        0x4  startup_stm32f746xx.o [1]
  .text              ro code  0x08018794        0x4  startup_stm32f746xx.o [1]
  .text              ro code  0x08018798        0x4  startup_stm32f746xx.o [1]
  .text              ro code  0x0801879c        0x4  startup_stm32f746xx.o [1]
  .text              ro code  0x080187a0        0x4  startup_stm32f746xx.o [1]
  .text              ro code  0x080187a4        0x4  startup_stm32f746xx.o [1]
  .text              ro code  0x080187a8        0x4  startup_stm32f746xx.o [1]
  .text              ro code  0x080187ac        0x4  startup_stm32f746xx.o [1]
  .text              ro code  0x080187b0        0x4  startup_stm32f746xx.o [1]
  .text              ro code  0x080187b4        0x4  startup_stm32f746xx.o [1]
  .text              ro code  0x080187b8        0x4  startup_stm32f746xx.o [1]
  .text              ro code  0x080187bc        0x4  startup_stm32f746xx.o [1]
  .text              ro code  0x080187c0        0x4  startup_stm32f746xx.o [1]
  .text              ro code  0x080187c4        0x4  startup_stm32f746xx.o [1]
  .text              ro code  0x080187c8        0x4  startup_stm32f746xx.o [1]
  .text              ro code  0x080187cc        0x4  startup_stm32f746xx.o [1]
  .text              ro code  0x080187d0        0x4  startup_stm32f746xx.o [1]
  .text              ro code  0x080187d4        0x4  startup_stm32f746xx.o [1]
  .text              ro code  0x080187d8        0x4  startup_stm32f746xx.o [1]
  .text              ro code  0x080187dc        0x4  startup_stm32f746xx.o [1]
  .text              ro code  0x080187e0        0x4  startup_stm32f746xx.o [1]
  .text              ro code  0x080187e4        0x4  startup_stm32f746xx.o [1]
  .text              ro code  0x080187e8        0x4  startup_stm32f746xx.o [1]
  .text              ro code  0x080187ec        0x4  startup_stm32f746xx.o [1]
  .text              ro code  0x080187f0        0x4  startup_stm32f746xx.o [1]
  .text              ro code  0x080187f4        0x4  startup_stm32f746xx.o [1]
  .text              ro code  0x080187f8        0x4  startup_stm32f746xx.o [1]
  .text              ro code  0x080187fc        0x4  startup_stm32f746xx.o [1]
  .text              ro code  0x08018800        0x4  startup_stm32f746xx.o [1]
  .text              ro code  0x08018804        0x4  startup_stm32f746xx.o [1]
  .text              ro code  0x08018808        0x4  startup_stm32f746xx.o [1]
  .text              ro code  0x0801880c        0x4  startup_stm32f746xx.o [1]
  .text              ro code  0x08018810        0x4  startup_stm32f746xx.o [1]
  .text              ro code  0x08018814        0x4  startup_stm32f746xx.o [1]
  .text              ro code  0x08018818        0x4  startup_stm32f746xx.o [1]
  .text              ro code  0x0801881c        0x4  startup_stm32f746xx.o [1]
  .text              ro code  0x08018820        0x4  startup_stm32f746xx.o [1]
  .text              ro code  0x08018824        0x4  startup_stm32f746xx.o [1]
  .text              ro code  0x08018828        0x4  startup_stm32f746xx.o [1]
  .text              ro code  0x0801882c        0x4  startup_stm32f746xx.o [1]
  .text              ro code  0x08018830        0x4  startup_stm32f746xx.o [1]
  .text              ro code  0x08018834        0x4  startup_stm32f746xx.o [1]
  .text              ro code  0x08018838        0x4  startup_stm32f746xx.o [1]
  .text              ro code  0x0801883c        0x4  startup_stm32f746xx.o [1]
  .text              ro code  0x08018840        0x4  startup_stm32f746xx.o [1]
  .text              ro code  0x08018844        0x4  startup_stm32f746xx.o [1]
  .text              ro code  0x08018848        0x4  startup_stm32f746xx.o [1]
  .text              ro code  0x0801884c        0x4  startup_stm32f746xx.o [1]
  .text              ro code  0x08018850        0x4  startup_stm32f746xx.o [1]
  .text              ro code  0x08018854        0x4  startup_stm32f746xx.o [1]
  .text              ro code  0x08018858        0x4  startup_stm32f746xx.o [1]
  .text              ro code  0x0801885c        0x4  startup_stm32f746xx.o [1]
  .text              ro code  0x08018860        0x4  startup_stm32f746xx.o [1]
  .text              ro code  0x08018864        0x4  startup_stm32f746xx.o [1]
  .text              ro code  0x08018868        0x4  startup_stm32f746xx.o [1]
  .text              ro code  0x0801886c        0x4  startup_stm32f746xx.o [1]
  .text              ro code  0x08018870        0x4  startup_stm32f746xx.o [1]
  .text              ro code  0x08018874        0x4  startup_stm32f746xx.o [1]
  .text              ro code  0x08018878        0x4  startup_stm32f746xx.o [1]
  .text              ro code  0x0801887c        0x4  startup_stm32f746xx.o [1]
  .text              ro code  0x08018880        0x4  startup_stm32f746xx.o [1]
  .text              ro code  0x08018884        0x4  startup_stm32f746xx.o [1]
  .text              ro code  0x08018888        0x4  startup_stm32f746xx.o [1]
  .text              ro code  0x0801888c        0x4  startup_stm32f746xx.o [1]
  .text              ro code  0x08018890        0x4  startup_stm32f746xx.o [1]
  .text              ro code  0x08018894        0x4  startup_stm32f746xx.o [1]
  .text              ro code  0x08018898        0x4  startup_stm32f746xx.o [1]
  .text              ro code  0x0801889c        0x4  startup_stm32f746xx.o [1]
  .text              ro code  0x080188a0        0x4  startup_stm32f746xx.o [1]
  .text              ro code  0x080188a4        0x4  startup_stm32f746xx.o [1]
  .text              ro code  0x080188a8        0x4  startup_stm32f746xx.o [1]
  .text              ro code  0x080188ac        0x4  startup_stm32f746xx.o [1]
  .text              ro code  0x080188b0        0x4  startup_stm32f746xx.o [1]
  .text              ro code  0x080188b4        0x4  startup_stm32f746xx.o [1]
  .text              ro code  0x080188b8        0x4  startup_stm32f746xx.o [1]
  .text              ro code  0x080188bc        0x4  startup_stm32f746xx.o [1]
  .text              ro code  0x080188c0        0x4  startup_stm32f746xx.o [1]
  .text              ro code  0x080188c4        0x4  startup_stm32f746xx.o [1]
  .text              ro code  0x080188c8        0x4  startup_stm32f746xx.o [1]
  .text              ro code  0x080188cc        0x4  startup_stm32f746xx.o [1]
  .text              ro code  0x080188d0        0x4  startup_stm32f746xx.o [1]
  .rodata            const    0x080188d4        0x0  zero_init3.o [6]
  .rodata            const    0x080188d4        0x0  packbits_init_single.o [6]
  Initializer bytes  const    0x080188d4      0x212  <for P2-1>
                            - 0x08018ae6    0x1891e

"P2", part 1 of 3:                            0x6ed
  P2-1                        0x20000000      0x6ed  <Init block>
    .data            inited   0x20000000      0x100  core.o [1]
    .data            inited   0x20000100      0x100  core.o [1]
    .data            inited   0x20000200      0x100  core.o [1]
    .data            inited   0x20000300        0xc  GOST_B_23_var.o [1]
    .data            inited   0x2000030c       0x10  keyboard.o [1]
    .data            inited   0x2000031c      0x228  PTZinterface.o [1]
    .data            inited   0x20000544        0xc  RIAD_16pt.o [1]
    .data            inited   0x20000550       0x20  stmpe811.o [1]
    .data            inited   0x20000570        0x4  system_stm32f7xx.o [1]
    .data            inited   0x20000574      0x14c  tw8819.o [1]
    .data            inited   0x200006c0       0x20  usbh_msc.o [1]
    .data            inited   0x200006e0        0x8  video.o [1]
    .data            inited   0x200006e8        0x2  tw8819.o [1]
    .data            inited   0x200006ea        0x1  sd_diskio.o [1]
    .data            inited   0x200006eb        0x1  spi.o [1]
    .data            inited   0x200006ec        0x1  spi.o [1]
                            - 0x200006ed      0x6ed

"P2", part 2 of 3:                           0x4200
  CSTACK                      0x200006f0     0x4000  <Block>
    CSTACK           uninit   0x200006f0     0x4000  <Block tail>
  HEAP                        0x200046f0      0x200  <Block>
    HEAP             uninit   0x200046f0      0x200  <Block tail>
                            - 0x200048f0     0x4200

"P2", part 3 of 3:                           0x6068
  .bss               zero     0x200048f0     0x2ee0  gui.o [1]
  .bss               zero     0x200077d0     0x1030  memory.o [1]
  .bss               zero     0x20008800      0xe14  PTZinterface.o [1]
  .bss               zero     0x20009614      0x3c8  usb_host.o [1]
  .bss               zero     0x200099dc      0x2d0  PTZinterface.o [1]
  .bss               zero     0x20009cac      0x294  usbh_conf.o [1]
  .bss               zero     0x20009f40      0x1d8  dlmalloc.o [3]
  .bss               zero     0x2000a118       0xb8  sdmmc.o [1]
  .bss               zero     0x2000a1d0       0xa8  ltdc.o [1]
  .bss               zero     0x2000a278       0x70  usart.o [1]
  .bss               zero     0x2000a2e8       0x70  usart.o [1]
  .bss               zero     0x2000a358       0x70  usart.o [1]
  .bss               zero     0x2000a3c8       0x6c  fmc.o [1]
  .bss               zero     0x2000a434       0x64  spi.o [1]
  .bss               zero     0x2000a498       0x60  calculations.o [1]
  .bss               zero     0x2000a4f8       0x58  spi.o [1]
  .bss               zero     0x2000a550       0x58  spi.o [1]
  .bss               zero     0x2000a5a8       0x48  adc.o [1]
  .bss               zero     0x2000a5f0       0x40  can.o [1]
  .bss               zero     0x2000a630       0x40  can.o [1]
  .bss               zero     0x2000a670       0x40  dma2d.o [1]
  .bss               zero     0x2000a6b0       0x3c  i2c.o [1]
  .bss               zero     0x2000a6ec       0x3c  tim.o [1]
  .bss               zero     0x2000a728       0x3c  tim.o [1]
  .bss               zero     0x2000a764       0x3c  tim.o [1]
  .bss               zero     0x2000a7a0       0x3c  tim.o [1]
  .bss               zero     0x2000a7dc       0x3c  tim.o [1]
  .bss               zero     0x2000a818       0x28  gui.o [1]
  .bss               zero     0x2000a840       0x28  PTZinterface.o [1]
  .bss               zero     0x2000a868       0x24  lcd.o [1]
  .bss               zero     0x2000a88c       0x18  ff.o [1]
  .bss               zero     0x2000a8a4       0x18  dlmalloc.o [3]
  .bss               zero     0x2000a8bc       0x14  dac.o [1]
  .bss               zero     0x2000a8d0       0x14  ff_gen_drv.o [1]
  .bss               zero     0x2000a8e4       0x10  ff.o [1]
  .bss               zero     0x2000a8f4        0xc  fatfs.o [1]
  .bss               zero     0x2000a900        0xc  lcd.o [1]
  .bss               zero     0x2000a90c        0xc  timer13.o [1]
  .bss               zero     0x2000a918        0x8  gui.o [1]
  .bss               zero     0x2000a920        0x8  sound.o [1]
  .bss               zero     0x2000a928        0x8  timer14.o [1]
  .bss               zero     0x2000a930        0x4  calculations.o [1]
  .bss               zero     0x2000a934        0x4  can.o [1]
  .bss               zero     0x2000a938        0x4  fmc.o [1]
  .bss               zero     0x2000a93c        0x4  PTZinterface.o [1]
  .bss               zero     0x2000a940        0x4  stm32f7xx_hal.o [1]
  .bss               zero     0x2000a944        0x4  xgetmemchunk.o [3]
  .bss               zero     0x2000a948        0x3  core.o [1]
  .bss               zero     0x2000a94b        0x3  core.o [1]
  .bss               zero     0x2000a94e        0x2  rtc.o [1]
  .bss               zero     0x2000a950        0x2  tw8819.o [1]
  .bss               zero     0x2000a952        0x1  calculations.o [1]
  .bss               zero     0x2000a953        0x1  core.o [1]
  .bss               zero     0x2000a954        0x1  core.o [1]
  .bss               zero     0x2000a955        0x1  DispInfo.o [1]
  .bss               zero     0x2000a956        0x1  spi.o [1]
  .bss               zero     0x2000a957        0x1  usb_host.o [1]
                            - 0x2000a958     0x6068

Absolute sections:                        0x2000000
  .noinit            uninit   0xc0000000  0x2000000  memory.o [1]
                            - 0xc2000000  0x2000000


*******************************************************************************
*** INIT TABLE
***

          Address     Size
          -------     ----
Zero (__iar_zero_init3)
    1 destination range, total size 0x6068:
          0x200048f0  0x6068

Copy/packbits (__iar_packbits_init_single3)
    1 source range, total size 0x212 (29% of destination):
          0x080188d4   0x212
    1 destination range, total size 0x6ed:
          0x20000000   0x6ed



*******************************************************************************
*** MODULE SUMMARY
***

    Module                  ro code  ro data  rw data     rw data
                                                           (abs)
    ------                  -------  -------  -------     -------
E:\PTZ\IAR\PLC\EWARM\PLC\Obj: [1]
    DispInfo.o                  176                 1
    GOST_B_23_var.o                    9 296       12
    OSDBasic.o                  432
    OSDFont.o                10 160    6 344
    OSDinitTable.o                        40
    PTZinterface.o            2 644      165    4 920
    RIAD_16pt.o                        9 824       12
    adc.o                       148                72
    bsp_driver_sd.o             120
    calculations.o              528               101
    can.o                       264               132
    core.o                      232      229      776
    dac.o                       164                20
    diskio.o                    116
    dma.o                        68
    dma2d.o                      92                64
    fatfs.o                      44                12
    ff.o                      5 240                40
    ff_gen_drv.o                 68                20
    fmc.o                       384               112
    gpio.o                      780
    gui.o                       692            12 048
    i2c.o                       176                60
    initial.o                    84
    interrupts.o                 56
    keyboard.o                  404        4       16
    lcd.o                     2 896                48
    leds.o                       28
    ltdc.o                      480               168
    main.o                      484
    memory.o                    264             4 144  33 554 432
    rtc.o                       372                 2
    sd_diskio.o                 168       20        1
    sdmmc.o                     196               184
    sound.o                      52                 8
    spi.o                       380        1      279
    startup_stm32f746xx.o       816
    stm32f7xx_hal.o             116                 4
    stm32f7xx_hal_adc.o         656
    stm32f7xx_hal_can.o       1 042
    stm32f7xx_hal_cortex.o      242
    stm32f7xx_hal_dac.o         242
    stm32f7xx_hal_dma.o         572
    stm32f7xx_hal_dma2d.o       904
    stm32f7xx_hal_gpio.o        812
    stm32f7xx_hal_hcd.o       1 802
    stm32f7xx_hal_i2c.o       2 984
    stm32f7xx_hal_i2c_ex.o      110
    stm32f7xx_hal_ltdc.o        760
    stm32f7xx_hal_msp.o          72
    stm32f7xx_hal_nand.o        296
    stm32f7xx_hal_pwr_ex.o      120
    stm32f7xx_hal_rcc.o       1 388
    stm32f7xx_hal_rcc_ex.o    1 132
    stm32f7xx_hal_sd.o        3 680
    stm32f7xx_hal_sdram.o       182
    stm32f7xx_hal_spi.o         180
    stm32f7xx_hal_tim.o         612
    stm32f7xx_hal_tim_ex.o      100
    stm32f7xx_hal_uart.o      1 548
    stm32f7xx_it.o              184
    stm32f7xx_ll_fmc.o          436
    stm32f7xx_ll_sdmmc.o        180
    stm32f7xx_ll_usb.o        1 564
    stmpe811.o                  800       10       32
    system_stm32f7xx.o          512        1        4
    tim.o                       384               300
    timer11.o                    60
    timer13.o                   392                12
    timer14.o                   196                 8
    tw8819.o                    412      100      336
    usart.o                     280               336
    usb_host.o                   76               969
    usbh_conf.o                 442               660
    usbh_core.o                 980
    usbh_ctlreq.o             1 020
    usbh_diskio.o               240       20
    usbh_ioreq.o                140
    usbh_msc.o                1 300       14       32
    usbh_msc_bot.o              540
    usbh_msc_scsi.o             660
    usbh_pipes.o                112
    video.o                     528        2        8
    -------------------------------------------------------------
    Total:                   60 198   26 070   25 953  33 554 432

command line: [2]
    -------------------------------------------------------------
    Total:

dl7M_tln.a: [3]
    abort.o                       6
    div.o                        14
    dlmalloc.o                5 364               496
    exit.o                        4
    low_level_init.o              4
    sprintf.o                    52
    xgetmemchunk.o               44                 4
    xprintffull.o             3 554
    xsprout.o                    10
    -------------------------------------------------------------
    Total:                    9 052               500

iar_cortexM7ls_math.a: [4]
    arm_common_tables.o                2 052
    arm_cos_f32.o               128
    arm_sin_f32.o               144
    -------------------------------------------------------------
    Total:                      272    2 052

m7M_tls.a: [5]
    DblAdd.o                    232
    DblCmpGe.o                   46
    DblCmpLe.o                   46
    DblDiv.o                    598
    DblMul.o                    418
    DblSub.o                    384
    DblToFlt.o                  144
    DblToI32.o                   88
    FltToDbl.o                   78
    I32ToDbl.o                   48
    fpinit_M.o                   34
    xdnorm.o                     68
    xdscale.o                   276
    -------------------------------------------------------------
    Total:                    2 460

rt7M_tl.a: [6]
    ABImemclr.o                   6
    ABImemclr4.o                  6
    ABImemcpy_unaligned.o       118
    ABImemset.o                 102
    ABImemset48.o                50
    I64DivMod.o                 238
    I64DivZer.o                   2
    cexit.o                      10
    cmain.o                      26
    cstartup_M.o                 12
    data_init.o                  40
    memchr.o                     88
    packbits_init_single.o       56
    strchr.o                     22
    strlen.o                     54
    zero_init3.o                 64
    -------------------------------------------------------------
    Total:                      894

shb_l.a: [7]
    exit.o                       20
    -------------------------------------------------------------
    Total:                       20

    Gaps                         38        6
    Linker created                        32   16 896
-----------------------------------------------------------------
    Grand Total:             72 934   28 160   43 349  33 554 432


*******************************************************************************
*** ENTRY LIST
***

Entry                      Address       Size  Type      Object
-----                      -------       ----  ----      ------
.iar.init_table$$Base   0x080186e4              --   Gb  - Linker created -
.iar.init_table$$Limit  0x08018704              --   Gb  - Linker created -
?main                   0x08018705             Code  Gb  cmain.o [6]
ADC_Init                0x08016ffb       0xea  Code  Lc  stm32f7xx_hal_adc.o [1]
APBAHBPrescTable        0x080047d0       0x10  Data  Gb  stm32f7xx_hal_rcc.o [1]
ActiveLayer             0x2000a884        0x4  Data  Lc  lcd.o [1]
Appli_state             0x2000a957        0x1  Data  Gb  usb_host.o [1]
BIG_Arrow               0x0800542f       0x12  Code  Gb  PTZinterface.o [1]
BSP_SD_GetCardInfo      0x080185e9        0x8  Code  Gb  bsp_driver_sd.o [1]
BSP_SD_GetStatus        0x080185e3        0x6  Code  Gb  bsp_driver_sd.o [1]
BSP_SD_Init             0x08018581       0x34  Code  Gb  bsp_driver_sd.o [1]
BSP_SD_ReadBlocks       0x080185b5        0xe  Code  Gb  bsp_driver_sd.o [1]
BSP_SD_WriteBlocks      0x080185c3        0xc  Code  Gb  bsp_driver_sd.o [1]
Bip                     0x080182fd       0x2e  Code  Gb  sound.o [1]
CAM_flag                0x2000032d        0x1  Data  Gb  PTZinterface.o [1]
CAN1_RX0_IRQHandler     0x08018439        0x2  Code  Gb  stm32f7xx_it.o [1]
CAN1_RX1_IRQHandler     0x08018441        0x2  Code  Gb  stm32f7xx_it.o [1]
CAN1_TX_IRQHandler      0x08018437        0x2  Code  Gb  stm32f7xx_it.o [1]
CAN_Receive_IT          0x0801692b       0xf0  Code  Lc  stm32f7xx_hal_can.o [1]
CSTACK$$Base            0x200006f0              --   Gb  - Linker created -
CSTACK$$Limit           0x200046f0              --   Gb  - Linker created -
CheckTheTick::oldFlag   0x2000a94f        0x1  Data  Lc  rtc.o [1]
ClearDataCnt            0x08008fe5       0x5a  Code  Gb  OSDBasic.o [1]
ClearInput              0x080088cd       0x20  Code  Gb  DispInfo.o [1]
ClearOSDInfo            0x0800884d        0xe  Code  Gb  DispInfo.o [1]
DISP                    0x2000031c        0x8  Data  Gb  PTZinterface.o [1]
DMA1_Stream3_IRQHandler
                        0x08017d7f       0x10  Code  Gb  spi.o [1]
DMA1_Stream4_IRQHandler
                        0x08017d6f       0x10  Code  Gb  spi.o [1]
DMA2D_IRQHandler        0x080184a7        0x6  Code  Gb  stm32f7xx_it.o [1]
DMA2D_SetConfig         0x08007351       0x84  Code  Lc  stm32f7xx_hal_dma2d.o [1]
DMA_CalcBaseAndBitshift
                        0x080177e9       0x26  Code  Lc  stm32f7xx_hal_dma.o [1]
DMA_CalcBaseAndBitshift::flagBitshiftOffset
                        0x08017810        0x8  Data  Lc  stm32f7xx_hal_dma.o [1]
DeInitStateMachine      0x0801485f       0x4c  Code  Lc  usbh_core.o [1]
DealNumber              0x2000a928        0x1  Data  Gb  timer14.o [1]
DelayOnFastQ            0x08003949       0x16  Code  Gb  core.o [1]
DisplayedOSD            0x2000a955        0x1  Data  Gb  DispInfo.o [1]
DrawAttrCnt             0x08008f53       0x6c  Code  Gb  OSDBasic.o [1]
DrawChar                0x08006575       0xa2  Code  Lc  lcd.o [1]
DrawFastLineHorizontal  0x080067e3       0x22  Code  Gb  lcd.o [1]
DrawFastLineVertical    0x080067c1       0x22  Code  Gb  lcd.o [1]
DrawProp                0x2000a86c       0x18  Data  Lc  lcd.o [1]
EXTI0_IRQHandler        0x08018431        0x6  Code  Gb  stm32f7xx_it.o [1]
EXTI9_5_IRQHandler      0x0800487b       0x12  Code  Gb  interrupts.o [1]
Error                   0x2000a956        0x1  Data  Gb  spi.o [1]
ExCvt                   0x080087cc       0x80  Data  Lc  ff.o [1]
FATFS_LinkDriver        0x0800a2cb        0x4  Code  Gb  ff_gen_drv.o [1]
FATFS_LinkDriverEx      0x0800a291       0x3a  Code  Gb  ff_gen_drv.o [1]
FMC_IRQHandler          0x0801847f       0x12  Code  Gb  stm32f7xx_it.o [1]
FMC_Initialized         0x2000a938        0x4  Data  Lc  fmc.o [1]
FMC_NAND_AttributeSpace_Timing_Init
                        0x08009341       0x18  Code  Gb  stm32f7xx_ll_fmc.o [1]
FMC_NAND_CommonSpace_Timing_Init
                        0x08009325       0x1c  Code  Gb  stm32f7xx_ll_fmc.o [1]
FMC_NAND_Init           0x080092f9       0x28  Code  Gb  stm32f7xx_ll_fmc.o [1]
FMC_SDRAM_Init          0x08009365       0x74  Code  Gb  stm32f7xx_ll_fmc.o [1]
FMC_SDRAM_ProgramRefreshRate
                        0x080094a1        0xc  Code  Gb  stm32f7xx_ll_fmc.o [1]
FMC_SDRAM_SendCommand   0x08009455       0x4c  Code  Gb  stm32f7xx_ll_fmc.o [1]
FMC_SDRAM_Timing_Init   0x080093d9       0x7c  Code  Gb  stm32f7xx_ll_fmc.o [1]
FOSDDownloadFont        0x08000365       0x90  Code  Gb  OSDFont.o [1]
FOSDDownloadFontDirect  0x080002ad       0xb2  Code  Gb  OSDFont.o [1]
FOSDLUT                 0x08000247       0x54  Code  Gb  OSDFont.o [1]
FOSDShowWindowAll       0x08000205       0x2c  Code  Gb  OSDFont.o [1]
FOSDWinBase             0x08000200        0x4  Data  Gb  OSDFont.o [1]
FOSDWinEnable           0x080001c9       0x28  Code  Gb  OSDFont.o [1]
FUEL_Arrow              0x08005455        0xe  Code  Gb  PTZinterface.o [1]
F_first                 0x2000a94a        0x1  Data  Gb  core.o [1]
F_last                  0x2000a949        0x1  Data  Gb  core.o [1]
F_pull                  0x08003929       0x20  Code  Gb  core.o [1]
Fast_LCD_DrawPixel      0x080063a3       0x48  Code  Gb  lcd.o [1]
FatFs                   0x2000a8e8        0xc  Data  Lc  ff.o [1]
Files                   0x2000a88c       0x18  Data  Lc  ff.o [1]
FillImageSoft           0x08006877       0x4e  Code  Gb  lcd.o [1]
FillStructIMG           0x08005473       0xd2  Code  Gb  PTZinterface.o [1]
FillStructIMG::Name     0x20000324        0x8  Data  Lc  PTZinterface.o [1]
Font2                   0x08000400     0x2560  Data  Gb  OSDFont.o [1]
FontAll                 0x0800f364     0x1878  Data  Gb  OSDFont.o [1]
Fsid                    0x2000a8e4        0x2  Data  Lc  ff.o [1]
GOST_B_23_var           0x20000300        0xc  Data  Gb  GOST_B_23_var.o [1]
GUI_Free                0x080056d1       0x28  Code  Gb  gui.o [1]
GUI_Objects             0x200048f0     0x2ee0  Data  Lc  gui.o [1]
GUI_Release             0x08005749      0x16e  Code  Gb  gui.o [1]
GUI_Release::i          0x2000a918        0x4  Data  Lc  gui.o [1]
GUI_Release::j          0x2000a91c        0x4  Data  Lc  gui.o [1]
GUI_SetObject           0x080056f9       0x50  Code  Gb  gui.o [1]
GUI_SetObject::NullObj  0x2000a818       0x28  Data  Lc  gui.o [1]
GenerateKbdMessages     0x08018295       0x52  Code  Gb  keyboard.o [1]
GetDateToStr            0x08005c45       0x46  Code  Gb  rtc.o [1]
GetTimeToStr            0x08005c8b       0x3e  Code  Gb  rtc.o [1]
HAL_ADC_ConfigChannel   0x08016ec3      0x122  Code  Gb  stm32f7xx_hal_adc.o [1]
HAL_ADC_Init            0x08016e71       0x52  Code  Gb  stm32f7xx_hal_adc.o [1]
HAL_ADC_MspInit         0x08017145       0x3e  Code  Gb  adc.o [1]
HAL_CAN_ErrorCallback   0x08016929        0x2  Code  Wk  stm32f7xx_hal_can.o [1]
HAL_CAN_IRQHandler      0x0801677d      0x18c  Code  Gb  stm32f7xx_hal_can.o [1]
HAL_CAN_Init            0x08016649      0x120  Code  Gb  stm32f7xx_hal_can.o [1]
HAL_CAN_MspInit         0x08016a91       0x82  Code  Gb  can.o [1]
HAL_CAN_RxCpltCallback  0x08016927        0x2  Code  Wk  stm32f7xx_hal_can.o [1]
HAL_CAN_TxCpltCallback  0x08016925        0x2  Code  Wk  stm32f7xx_hal_can.o [1]
HAL_DAC_ConfigChannel   0x0800897d       0x42  Code  Gb  stm32f7xx_hal_dac.o [1]
HAL_DAC_Init            0x080088fd       0x26  Code  Gb  stm32f7xx_hal_dac.o [1]
HAL_DAC_MspInit         0x080090f5       0x3e  Code  Gb  dac.o [1]
HAL_DAC_SetValue        0x080089cb       0x24  Code  Gb  stm32f7xx_hal_dac.o [1]
HAL_DAC_Start           0x08008923       0x5a  Code  Gb  stm32f7xx_hal_dac.o [1]
HAL_DMA2D_ConfigLayer   0x08007291       0x98  Code  Gb  stm32f7xx_hal_dma2d.o [1]
HAL_DMA2D_IRQHandler    0x080071e5       0xac  Code  Gb  stm32f7xx_hal_dma2d.o [1]
HAL_DMA2D_Init          0x0800704d       0x54  Code  Gb  stm32f7xx_hal_dma2d.o [1]
HAL_DMA2D_MspInit       0x08008e0b       0x38  Code  Gb  dma2d.o [1]
HAL_DMA2D_PollForTransfer
                        0x0800712f       0xb6  Code  Gb  stm32f7xx_hal_dma2d.o [1]
HAL_DMA2D_Start         0x080070a1       0x12  Code  Gb  stm32f7xx_hal_dma2d.o [1]
HAL_DMA2D_Start_IT      0x080070b3       0x2c  Code  Gb  stm32f7xx_hal_dma2d.o [1]
HAL_DMA_IRQHandler      0x08017651      0x18c  Code  Gb  stm32f7xx_hal_dma.o [1]
HAL_DMA_Init            0x080175dd       0x74  Code  Gb  stm32f7xx_hal_dma.o [1]
HAL_Delay               0x08003a89       0x18  Code  Wk  stm32f7xx_hal.o [1]
HAL_FMC_MspInit         0x08009233       0x82  Code  Lc  fmc.o [1]
HAL_GPIO_DeInit         0x08003f59      0x112  Code  Gb  stm32f7xx_hal_gpio.o [1]
HAL_GPIO_EXTI_Callback  0x08004861       0x1a  Code  Gb  interrupts.o [1]
HAL_GPIO_EXTI_IRQHandler
                        0x0800407f       0x14  Code  Gb  stm32f7xx_hal_gpio.o [1]
HAL_GPIO_Init           0x08003da1      0x1b8  Code  Gb  stm32f7xx_hal_gpio.o [1]
HAL_GPIO_ReadPin        0x0800406b        0xc  Code  Gb  stm32f7xx_hal_gpio.o [1]
HAL_GPIO_WritePin       0x08004077        0x8  Code  Gb  stm32f7xx_hal_gpio.o [1]
HAL_GetTick             0x08003a83        0x6  Code  Wk  stm32f7xx_hal.o [1]
HAL_HCD_Connect_Callback
                        0x080140c7        0x8  Code  Gb  usbh_conf.o [1]
HAL_HCD_Disconnect_Callback
                        0x080140cf        0x8  Code  Gb  usbh_conf.o [1]
HAL_HCD_GetCurrentFrame
                        0x08013c29        0x6  Code  Gb  stm32f7xx_hal_hcd.o [1]
HAL_HCD_GetCurrentSpeed
                        0x08013c2f        0x6  Code  Gb  stm32f7xx_hal_hcd.o [1]
HAL_HCD_HC_GetURBState  0x08013c13        0xc  Code  Gb  stm32f7xx_hal_hcd.o [1]
HAL_HCD_HC_GetXferCount
                        0x08013c1f        0xa  Code  Gb  stm32f7xx_hal_hcd.o [1]
HAL_HCD_HC_Halt         0x080139ed       0x18  Code  Gb  stm32f7xx_hal_hcd.o [1]
HAL_HCD_HC_Init         0x0801399d       0x50  Code  Gb  stm32f7xx_hal_hcd.o [1]
HAL_HCD_HC_NotifyURBChange_Callback
                        0x080140d7        0x2  Code  Gb  usbh_conf.o [1]
HAL_HCD_HC_SubmitRequest
                        0x08013a05       0xa2  Code  Gb  stm32f7xx_hal_hcd.o [1]
HAL_HCD_IRQHandler      0x08013aa7      0x114  Code  Gb  stm32f7xx_hal_hcd.o [1]
HAL_HCD_Init            0x08013945       0x4e  Code  Gb  stm32f7xx_hal_hcd.o [1]
HAL_HCD_MspInit         0x08014051       0x6e  Code  Gb  usbh_conf.o [1]
HAL_HCD_ResetPort       0x08013c0d        0x6  Code  Gb  stm32f7xx_hal_hcd.o [1]
HAL_HCD_SOF_Callback    0x080140bf        0x8  Code  Gb  usbh_conf.o [1]
HAL_HCD_Start           0x08013bc1       0x20  Code  Gb  stm32f7xx_hal_hcd.o [1]
HAL_HCD_Stop            0x08013bf3       0x1a  Code  Gb  stm32f7xx_hal_hcd.o [1]
HAL_I2CEx_ConfigAnalogFilter
                        0x080041bf       0x40  Code  Gb  stm32f7xx_hal_i2c_ex.o [1]
HAL_I2C_ER_IRQHandler   0x0800307d       0x66  Code  Gb  stm32f7xx_hal_i2c.o [1]
HAL_I2C_EV_IRQHandler   0x08002f7f       0xfe  Code  Gb  stm32f7xx_hal_i2c.o [1]
HAL_I2C_ErrorCallback   0x080030ef        0x2  Code  Wk  stm32f7xx_hal_i2c.o [1]
HAL_I2C_Init            0x08002b15       0x9a  Code  Gb  stm32f7xx_hal_i2c.o [1]
HAL_I2C_MasterRxCpltCallback
                        0x080030e5        0x2  Code  Wk  stm32f7xx_hal_i2c.o [1]
HAL_I2C_MasterTxCpltCallback
                        0x080030e3        0x2  Code  Wk  stm32f7xx_hal_i2c.o [1]
HAL_I2C_Master_Receive  0x08002c81       0xae  Code  Gb  stm32f7xx_hal_i2c.o [1]
HAL_I2C_Master_Transmit
                        0x08002baf       0xb6  Code  Gb  stm32f7xx_hal_i2c.o [1]
HAL_I2C_MemRxCpltCallback
                        0x080030ed        0x2  Code  Wk  stm32f7xx_hal_i2c.o [1]
HAL_I2C_MemTxCpltCallback
                        0x080030eb        0x2  Code  Wk  stm32f7xx_hal_i2c.o [1]
HAL_I2C_Mem_Read        0x08002e5f       0xc6  Code  Gb  stm32f7xx_hal_i2c.o [1]
HAL_I2C_Mem_Write       0x08002d9b       0xbc  Code  Gb  stm32f7xx_hal_i2c.o [1]
HAL_I2C_MspInit         0x080039b9       0x66  Code  Gb  i2c.o [1]
HAL_I2C_SlaveRxCpltCallback
                        0x080030e9        0x2  Code  Wk  stm32f7xx_hal_i2c.o [1]
HAL_I2C_SlaveTxCpltCallback
                        0x080030e7        0x2  Code  Wk  stm32f7xx_hal_i2c.o [1]
HAL_IncTick             0x08003a79        0xa  Code  Wk  stm32f7xx_hal.o [1]
HAL_Init                0x08003a35       0x20  Code  Gb  stm32f7xx_hal.o [1]
HAL_InitTick            0x08003a55       0x24  Code  Wk  stm32f7xx_hal.o [1]
HAL_LTDC_ConfigLayer    0x08003c13       0x44  Code  Gb  stm32f7xx_hal_ltdc.o [1]
HAL_LTDC_ErrorCallback  0x08003c0f        0x2  Code  Wk  stm32f7xx_hal_ltdc.o [1]
HAL_LTDC_IRQHandler     0x08003b99       0x76  Code  Gb  stm32f7xx_hal_ltdc.o [1]
HAL_LTDC_Init           0x08003aa9       0xf0  Code  Gb  stm32f7xx_hal_ltdc.o [1]
HAL_LTDC_LineEventCallback
                        0x08003c11        0x2  Code  Wk  stm32f7xx_hal_ltdc.o [1]
HAL_LTDC_MspDeInit      0x08003825       0x56  Code  Gb  ltdc.o [1]
HAL_LTDC_MspInit        0x08003781       0x90  Code  Gb  ltdc.o [1]
HAL_LTDC_SetAddress     0x08003c8b       0x14  Code  Gb  stm32f7xx_hal_ltdc.o [1]
HAL_MspInit             0x0800422d       0x48  Code  Gb  stm32f7xx_hal_msp.o [1]
HAL_NAND_IRQHandler     0x08008a4d       0x6c  Code  Gb  stm32f7xx_hal_nand.o [1]
HAL_NAND_ITCallback     0x08008ab9        0x2  Code  Wk  stm32f7xx_hal_nand.o [1]
HAL_NAND_Init           0x080089f9       0x4a  Code  Gb  stm32f7xx_hal_nand.o [1]
HAL_NAND_MspInit        0x080092cb        0x2  Code  Gb  fmc.o [1]
HAL_NAND_Read_ID        0x08008abb       0x5c  Code  Gb  stm32f7xx_hal_nand.o [1]
HAL_NVIC_DisableIRQ     0x08004147        0xa  Code  Gb  stm32f7xx_hal_cortex.o [1]
HAL_NVIC_EnableIRQ      0x0800413b        0xc  Code  Gb  stm32f7xx_hal_cortex.o [1]
HAL_NVIC_SetPriority    0x08004101       0x3a  Code  Gb  stm32f7xx_hal_cortex.o [1]
HAL_NVIC_SetPriorityGrouping
                        0x080040e7       0x1a  Code  Gb  stm32f7xx_hal_cortex.o [1]
HAL_PWREx_EnableOverDrive
                        0x08017e5d       0x48  Code  Gb  stm32f7xx_hal_pwr_ex.o [1]
HAL_RCCEx_PeriphCLKConfig
                        0x080161dd      0x426  Code  Gb  stm32f7xx_hal_rcc_ex.o [1]
HAL_RCC_CAN1_CLK_ENABLED
                        0x2000a934        0x4  Data  Lc  can.o [1]
HAL_RCC_ClockConfig     0x08004593      0x142  Code  Gb  stm32f7xx_hal_rcc.o [1]
HAL_RCC_EnableCSS       0x08004711        0xc  Code  Gb  stm32f7xx_hal_rcc.o [1]
HAL_RCC_GetHCLKFreq     0x08004763       0x1e  Code  Gb  stm32f7xx_hal_rcc.o [1]
HAL_RCC_GetPCLK1Freq    0x08004781       0x10  Code  Gb  stm32f7xx_hal_rcc.o [1]
HAL_RCC_GetPCLK2Freq    0x08004791        0xe  Code  Gb  stm32f7xx_hal_rcc.o [1]
HAL_RCC_GetSysClockFreq
                        0x0800471d       0x46  Code  Gb  stm32f7xx_hal_rcc.o [1]
HAL_RCC_OscConfig       0x08004275      0x2fe  Code  Gb  stm32f7xx_hal_rcc.o [1]
HAL_SDRAM_IRQHandler    0x08008b8f       0x1e  Code  Gb  stm32f7xx_hal_sdram.o [1]
HAL_SDRAM_Init          0x08008b55       0x3a  Code  Gb  stm32f7xx_hal_sdram.o [1]
HAL_SDRAM_MspInit       0x080092cd        0x2  Code  Gb  fmc.o [1]
HAL_SDRAM_ProgramRefreshRate
                        0x08008bd7       0x16  Code  Gb  stm32f7xx_hal_sdram.o [1]
HAL_SDRAM_RefreshErrorCallback
                        0x08008bad        0x2  Code  Wk  stm32f7xx_hal_sdram.o [1]
HAL_SDRAM_SendCommand   0x08008baf       0x28  Code  Gb  stm32f7xx_hal_sdram.o [1]
HAL_SD_GetStatus        0x0801295f       0x36  Code  Gb  stm32f7xx_hal_sd.o [1]
HAL_SD_Get_CardInfo     0x08012515      0x2d6  Code  Gb  stm32f7xx_hal_sd.o [1]
HAL_SD_Init             0x08012169       0x96  Code  Gb  stm32f7xx_hal_sd.o [1]
HAL_SD_MspInit          0x08012ffb       0x68  Code  Gb  sdmmc.o [1]
HAL_SD_ReadBlocks       0x08012209      0x14a  Code  Gb  stm32f7xx_hal_sd.o [1]
HAL_SD_StopTransfer     0x08012911       0x1c  Code  Gb  stm32f7xx_hal_sd.o [1]
HAL_SD_WideBusOperation_Config
                        0x080127eb      0x106  Code  Gb  stm32f7xx_hal_sd.o [1]
HAL_SD_WriteBlocks      0x08012353      0x18a  Code  Gb  stm32f7xx_hal_sd.o [1]
HAL_SPI_Init            0x08017ed5       0xb4  Code  Gb  stm32f7xx_hal_spi.o [1]
HAL_SPI_MspInit         0x08017c8b       0xbc  Code  Gb  spi.o [1]
HAL_SYSTICK_CLKSourceConfig
                        0x08004181       0x16  Code  Gb  stm32f7xx_hal_cortex.o [1]
HAL_SYSTICK_Callback    0x080041bd        0x2  Code  Wk  stm32f7xx_hal_cortex.o [1]
HAL_SYSTICK_Config      0x08004159       0x28  Code  Gb  stm32f7xx_hal_cortex.o [1]
HAL_SYSTICK_IRQHandler  0x080041b5        0x8  Code  Gb  stm32f7xx_hal_cortex.o [1]
HAL_TIMEx_BreakCallback
                        0x080175d1        0x2  Code  Wk  stm32f7xx_hal_tim_ex.o [1]
HAL_TIMEx_CommutationCallback
                        0x080175cf        0x2  Code  Wk  stm32f7xx_hal_tim_ex.o [1]
HAL_TIMEx_MasterConfigSynchronization
                        0x08017585       0x4a  Code  Gb  stm32f7xx_hal_tim_ex.o [1]
HAL_TIM_Base_Init       0x08017195       0x26  Code  Gb  stm32f7xx_hal_tim.o [1]
HAL_TIM_Base_MspInit    0x08017487       0xc4  Code  Gb  tim.o [1]
HAL_TIM_IC_CaptureCallback
                        0x08017333        0x2  Code  Wk  stm32f7xx_hal_tim.o [1]
HAL_TIM_IRQHandler      0x080171cf      0x160  Code  Gb  stm32f7xx_hal_tim.o [1]
HAL_TIM_OC_DelayElapsedCallback
                        0x08017331        0x2  Code  Wk  stm32f7xx_hal_tim.o [1]
HAL_TIM_PWM_PulseFinishedCallback
                        0x08017335        0x2  Code  Wk  stm32f7xx_hal_tim.o [1]
HAL_TIM_PeriodElapsedCallback
                        0x0801732f        0x2  Code  Wk  stm32f7xx_hal_tim.o [1]
HAL_TIM_TriggerCallback
                        0x08017337        0x2  Code  Wk  stm32f7xx_hal_tim.o [1]
HAL_UART_ErrorCallback  0x0801535d        0x2  Code  Wk  stm32f7xx_hal_uart.o [1]
HAL_UART_IRQHandler     0x08015171      0x14e  Code  Gb  stm32f7xx_hal_uart.o [1]
HAL_UART_Init           0x080150f5       0x30  Code  Gb  stm32f7xx_hal_uart.o [1]
HAL_UART_MspInit        0x08015733       0xaa  Code  Gb  usart.o [1]
HAL_UART_RxCpltCallback
                        0x0801535b        0x2  Code  Wk  stm32f7xx_hal_uart.o [1]
HAL_UART_TxCpltCallback
                        0x08015359        0x2  Code  Wk  stm32f7xx_hal_uart.o [1]
HCD_HC_IN_IRQHandler    0x08013c35      0x17c  Code  Lc  stm32f7xx_hal_hcd.o [1]
HCD_HC_OUT_IRQHandler   0x08013dcf      0x14c  Code  Lc  stm32f7xx_hal_hcd.o [1]
HCD_Port_IRQHandler     0x08013f99       0xb6  Code  Lc  stm32f7xx_hal_hcd.o [1]
HCD_RXQLVL_IRQHandler   0x08013f2d       0x64  Code  Lc  stm32f7xx_hal_hcd.o [1]
HEAP$$Base              0x200046f0              --   Gb  - Linker created -
HEAP$$Limit             0x200048f0              --   Gb  - Linker created -
I2C2_ER_IRQHandler      0x08018459        0x6  Code  Gb  stm32f7xx_it.o [1]
I2C2_EV_IRQHandler      0x08018453        0x6  Code  Gb  stm32f7xx_it.o [1]
I2CDeviceInitialize     0x08002a29       0x34  Code  Gb  tw8819.o [1]
I2C_IsAcknowledgeFailed
                        0x0800361d       0x58  Code  Lc  stm32f7xx_hal_i2c.o [1]
I2C_MasterReceive_ISR   0x080031c7       0xbe  Code  Lc  stm32f7xx_hal_i2c.o [1]
I2C_MasterTransmit_ISR  0x080030f1       0xcc  Code  Lc  stm32f7xx_hal_i2c.o [1]
I2C_RequestMemoryRead   0x08003477       0x46  Code  Lc  stm32f7xx_hal_i2c.o [1]
I2C_RequestMemoryWrite  0x08003429       0x48  Code  Lc  stm32f7xx_hal_i2c.o [1]
I2C_SlaveReceive_ISR    0x0800338f       0x6a  Code  Lc  stm32f7xx_hal_i2c.o [1]
I2C_SlaveTransmit_ISR   0x08003317       0x78  Code  Lc  stm32f7xx_hal_i2c.o [1]
I2C_TransferConfig      0x08003697       0x1e  Code  Lc  stm32f7xx_hal_i2c.o [1]
I2C_WaitOnFlagUntilTimeout
                        0x080034e3       0x60  Code  Lc  stm32f7xx_hal_i2c.o [1]
I2C_WaitOnRXNEFlagUntilTimeout
                        0x080035d1       0x44  Code  Lc  stm32f7xx_hal_i2c.o [1]
I2C_WaitOnSTOPFlagUntilTimeout
                        0x08003587       0x2c  Code  Lc  stm32f7xx_hal_i2c.o [1]
I2C_WaitOnTXISFlagUntilTimeout
                        0x08003555       0x32  Code  Lc  stm32f7xx_hal_i2c.o [1]
IMAGES                  0x20008800      0xe14  Data  Gb  PTZinterface.o [1]
Images                  0x200099dc      0x2d0  Data  Gb  PTZinterface.o [1]
InitCVBSAll             0x20000574      0x14c  Data  Gb  tw8819.o [1]
InitOSDWindow           0x08009059       0x3c  Code  Gb  OSDBasic.o [1]
InitPeriph              0x08017e09       0x54  Code  Gb  initial.o [1]
Init_Osd_DisplayInput   0x08018670       0x28  Data  Gb  OSDinitTable.o [1]
Itoa                    0x08005af9       0x86  Code  Gb  calculations.o [1]
KBD_Handle              0x08005287       0x3a  Code  Gb  PTZinterface.o [1]
KB_Status               0x20000318        0x4  Data  Gb  keyboard.o [1]
LCD_DisplayChar         0x08006011       0x2c  Code  Gb  lcd.o [1]
LCD_DisplayStringAt     0x0800603d       0xae  Code  Gb  lcd.o [1]
LCD_DrawCircle          0x080061e3       0xae  Code  Gb  lcd.o [1]
LCD_DrawFullCircle      0x080062c5       0xa4  Code  Gb  lcd.o [1]
LCD_DrawLine            0x080060eb       0xaa  Code  Gb  lcd.o [1]
LCD_DrawPolygon         0x08006369       0x3a  Code  Gb  lcd.o [1]
LCD_DrawRect            0x08006195       0x4e  Code  Gb  lcd.o [1]
LCD_FillPolygon         0x080063eb      0x184  Code  Gb  lcd.o [1]
LCD_FillPolygon::ResultPoints
                        0x2000a900        0xc  Data  Lc  lcd.o [1]
LCD_FillRect            0x08006829       0x28  Code  Gb  lcd.o [1]
LCD_FillTriangle        0x0800661d       0x96  Code  Gb  lcd.o [1]
LCD_FillTriangleFAST    0x08006a4f       0x1a  Code  Gb  lcd.o [1]
LCD_Fill_Image          0x08006851       0x26  Code  Gb  lcd.o [1]
LCD_Fill_ImageTRANSP    0x080068c5       0x84  Code  Gb  lcd.o [1]
LCD_GetXSize            0x08005f19       0x14  Code  Gb  lcd.o [1]
LCD_GetYSize            0x08005f2d       0x14  Code  Gb  lcd.o [1]
LCD_Init                0x08006743       0x38  Code  Gb  lcd.o [1]
LCD_InitParams          0x08006721       0x14  Code  Gb  lcd.o [1]
LCD_LayerDefaultInit    0x08005f69       0x20  Code  Gb  lcd.o [1]
LCD_SetColorPixel       0x08006735        0x6  Code  Gb  lcd.o [1]
LCD_SetLayerVisible     0x08005feb       0x26  Code  Gb  lcd.o [1]
LCD_SetLight            0x0800677d       0x44  Code  Gb  lcd.o [1]
LCD_SetXSize            0x08005f41       0x14  Code  Gb  lcd.o [1]
LCD_SetYSize            0x08005f55       0x14  Code  Gb  lcd.o [1]
LCD_Video_GPIO_Deinit   0x080029cb        0x6  Code  Gb  tw8819.o [1]
LCD_Video_GPIO_Init     0x080029d1        0x6  Code  Gb  tw8819.o [1]
LED_control             0x0801814d       0x1c  Code  Gb  leds.o [1]
LL_ConvertLineToRGB888  0x080066bd       0x30  Code  Gb  lcd.o [1]
LTDC_ER_IRQHandler      0x0801849f        0x2  Code  Gb  stm32f7xx_it.o [1]
LTDC_IRQHandler         0x0801849d        0x2  Code  Gb  stm32f7xx_it.o [1]
LTDC_SetConfig          0x08003c9f       0xfa  Code  Lc  stm32f7xx_hal_ltdc.o [1]
LayerIndex              0x2000a888        0x4  Data  Lc  lcd.o [1]
LayerOfView             0x200006e0        0x1  Data  Gb  video.o [1]
LoadBitmapFromSD        0x08005d79       0xdc  Code  Gb  video.o [1]
LoadInt                 0x08009a55       0x70  Code  Lc  xprintffull.o [3]
Load_GUI_0              0x08004c7d      0x436  Code  Gb  PTZinterface.o [1]
MX_ADC1_Init            0x08017101       0x44  Code  Gb  adc.o [1]
MX_CAN1_Init            0x08016a5d        0x6  Code  Gb  can.o [1]
MX_CAN2_Init            0x08016a63        0x4  Code  Gb  can.o [1]
MX_DAC_Init             0x080090a1       0x48  Code  Gb  dac.o [1]
MX_DMA2D_Init           0x08008df5       0x16  Code  Gb  dma2d.o [1]
MX_DMA_Init             0x08017bfd       0x44  Code  Gb  dma.o [1]
MX_FATFS_Init           0x08008ec5       0x1c  Code  Gb  fatfs.o [1]
MX_FMC_Init             0x08009179       0xba  Code  Gb  fmc.o [1]
MX_GPIO_Init            0x08016b65      0x286  Code  Gb  gpio.o [1]
MX_I2C2_Init            0x08003985       0x34  Code  Gb  i2c.o [1]
MX_LTDC_Init            0x080036bd       0xa8  Code  Gb  ltdc.o [1]
MX_SDMMC1_SD_Init       0x08012fc9       0x32  Code  Gb  sdmmc.o [1]
MX_SPI2_Init            0x08017c41       0x4a  Code  Gb  spi.o [1]
MX_TIM11_Init           0x08017439       0x18  Code  Gb  tim.o [1]
MX_TIM13_Init           0x08017451       0x18  Code  Gb  tim.o [1]
MX_TIM14_Init           0x08017469       0x18  Code  Gb  tim.o [1]
MX_TIM6_Init            0x080173f9       0x10  Code  Gb  tim.o [1]
MX_TIM7_Init            0x08017409       0x12  Code  Gb  tim.o [1]
MX_Touch_Read           0x08004983        0x2  Code  Gb  stmpe811.o [1]
MX_USART2_UART_Init     0x08015701        0x6  Code  Gb  usart.o [1]
MX_USART3_UART_Init     0x08015707        0x4  Code  Gb  usart.o [1]
MX_USART6_UART_Init     0x0801572d        0x6  Code  Gb  usart.o [1]
MX_USB_HOST_Init        0x08017dbd       0x22  Code  Gb  usb_host.o [1]
MX_USB_HOST_Process     0x08017ddf        0x6  Code  Gb  usb_host.o [1]
M_first                 0x2000a94d        0x1  Data  Gb  core.o [1]
M_last                  0x2000a94c        0x1  Data  Gb  core.o [1]
M_pull                  0x080038ef       0x1e  Code  Gb  core.o [1]
MemManage_Handler       0x08018421        0x2  Code  Gb  stm32f7xx_it.o [1]
NAND_readId             0x08006a91       0x30  Code  Gb  memory.o [1]
NVIC_SetPriority        0x080040cd       0x1a  Code  Lc  stm32f7xx_hal_cortex.o [1]
OSDDisplayInput         0x0800885b       0x72  Code  Gb  DispInfo.o [1]
OSDSetDEDelay           0x08002acd       0x40  Code  Gb  tw8819.o [1]
OTG_FS_IRQHandler       0x08018491        0x6  Code  Gb  stm32f7xx_it.o [1]
PCF8563_read_datetime   0x08005ba9       0x9c  Code  Gb  rtc.o [1]
PLC_DMA2D_Status        0x200006e4        0x4  Data  Gb  video.o [1]
P_Touch_Config          0x08004ad1       0xde  Code  Gb  stmpe811.o [1]
P_Touch_Config::regArray
                        0x20000564        0xc  Data  Lc  stmpe811.o [1]
P_Touch_FnctCmd         0x08004a75       0x28  Code  Gb  stmpe811.o [1]
P_Touch_FreeIRQ         0x08004aab       0x26  Code  Gb  stmpe811.o [1]
P_Touch_ReadID          0x08004bbb       0x2e  Code  Gb  stmpe811.o [1]
P_Touch_Read_16b        0x08004c2d       0x46  Code  Gb  stmpe811.o [1]
P_Touch_Reset           0x08004a41       0x2a  Code  Gb  stmpe811.o [1]
Poly1_points            0x08005598       0x10  Data  Gb  PTZinterface.o [1]
Poly2_points            0x080055a8       0x10  Data  Gb  PTZinterface.o [1]
Poly3_points            0x080055b8       0x10  Data  Gb  PTZinterface.o [1]
Poly4_points            0x080055c8       0x10  Data  Gb  PTZinterface.o [1]
Polygons                0x2000a840       0x28  Data  Gb  PTZinterface.o [1]
PreLoadImages           0x0800522b       0x5c  Code  Gb  PTZinterface.o [1]
ProjectionLayerAddress  0x08005f10        0x8  Data  Gb  video.o [1]
RESmutex_1              0x2000a953        0x1  Data  Gb  core.o [1]
RIAD_16pt               0x20000544        0xc  Data  Gb  RIAD_16pt.o [1]
RIAD_16ptBitmaps        0x0800a8bc     0x1f5c  Data  Gb  RIAD_16pt.o [1]
RIAD_16ptDescriptors    0x0800c818      0x700  Data  Gb  RIAD_16pt.o [1]
RPM_Arrow               0x08005441       0x14  Code  Gb  PTZinterface.o [1]
ReadLineKbd             0x080181e9       0x5c  Code  Gb  keyboard.o [1]
ReadTW88                0x080029a7       0x24  Code  Gb  tw8819.o [1]
Region$$Table$$Base     0x080186e4              --   Gb  - Linker created -
Region$$Table$$Limit    0x08018704              --   Gb  - Linker created -
ReleaseFunction         0x08005341        0xc  Code  Gb  PTZinterface.o [1]
RestorePoly             0x08005ab5       0x28  Code  Gb  calculations.o [1]
RotatePoint             0x08005985       0xb0  Code  Gb  calculations.o [1]
RotatePoint::cosV       0x2000a930        0x4  Data  Lc  calculations.o [1]
RotatePoly              0x08005a35       0x5e  Code  Gb  calculations.o [1]
RotatedF                0x2000a952        0x1  Data  Lc  calculations.o [1]
RoutineFast             0x080038b5       0x12  Code  Gb  core.o [1]
RoutineFast::branch     0x2000a954        0x1  Data  Lc  core.o [1]
Run_GUI                 0x08005179       0xb2  Code  Gb  PTZinterface.o [1]
SDCardInfo1             0x2000a178       0x58  Data  Gb  sdmmc.o [1]
SDMMC_DataConfig        0x08013113       0x20  Code  Gb  stm32f7xx_ll_sdmmc.o [1]
SDMMC_GetCommandResponse
                        0x080130f9        0x6  Code  Gb  stm32f7xx_ll_sdmmc.o [1]
SDMMC_GetPowerState     0x080130cf        0x8  Code  Gb  stm32f7xx_ll_sdmmc.o [1]
SDMMC_GetResponse       0x080130ff       0x14  Code  Gb  stm32f7xx_ll_sdmmc.o [1]
SDMMC_Init              0x0801308d       0x26  Code  Gb  stm32f7xx_ll_sdmmc.o [1]
SDMMC_PowerState_ON     0x080130c5        0x4  Code  Gb  stm32f7xx_ll_sdmmc.o [1]
SDMMC_ReadFIFO          0x080130b9        0x2  Code  Gb  stm32f7xx_ll_sdmmc.o [1]
SDMMC_SendCommand       0x080130d7       0x22  Code  Gb  stm32f7xx_ll_sdmmc.o [1]
SDMMC_WriteFIFO         0x080130bb        0xa  Code  Gb  stm32f7xx_ll_sdmmc.o [1]
SDRAM_Initialization_Sequence
                        0x08006acd       0x66  Code  Gb  memory.o [1]
SDRAM_free              0x08006a85        0xc  Code  Gb  memory.o [1]
SD_CmdResp1Error        0x08012c55       0xce  Code  Lc  stm32f7xx_hal_sd.o [1]
SD_CmdResp2Error        0x08012d31       0x30  Code  Lc  stm32f7xx_hal_sd.o [1]
SD_Driver               0x08018734       0x14  Data  Gb  sd_diskio.o [1]
SD_FindSCR              0x08012d61      0x102  Code  Lc  stm32f7xx_hal_sd.o [1]
SD_Initialize_Cards     0x080129ab      0x118  Code  Lc  stm32f7xx_hal_sd.o [1]
SD_IsCardProgramming    0x08012e77      0x138  Code  Lc  stm32f7xx_hal_sd.o [1]
SD_Path                 0x2000a8f8        0x4  Data  Gb  fatfs.o [1]
SD_PowerON              0x08012acb      0x16a  Code  Lc  stm32f7xx_hal_sd.o [1]
SD_initialize           0x080184d9        0xe  Code  Gb  sd_diskio.o [1]
SD_ioctl                0x08018535       0x48  Code  Gb  sd_diskio.o [1]
SD_mount                0x08006a69       0x1c  Code  Gb  memory.o [1]
SD_mount::fs            0x200077d0     0x1030  Data  Lc  memory.o [1]
SD_read                 0x08018501       0x10  Code  Gb  sd_diskio.o [1]
SD_status               0x080184e7        0xc  Code  Gb  sd_diskio.o [1]
SD_write                0x08018511        0xe  Code  Gb  sd_diskio.o [1]
SOUND                   0x2000a920        0x8  Data  Gb  sound.o [1]
SPI_FONT1               0x08010bdc       0x50  Data  Gb  OSDFont.o [1]
SPI_received            0x200006eb        0x1  Data  Gb  spi.o [1]
SPI_transmitted         0x200006ec        0x1  Data  Gb  spi.o [1]
SetLineKbd              0x08018169       0x76  Code  Gb  keyboard.o [1]
Show_GUI                0x08005907       0x52  Code  Gb  gui.o [1]
SolvePressedKeys        0x08018257       0x3e  Code  Gb  keyboard.o [1]
SolvePressedKeys::Index
                        0x2000030e        0x1  Data  Lc  keyboard.o [1]
SolvePressedKeys::Lines_Kb
                        0x2000030c        0x2  Data  Lc  keyboard.o [1]
SolvePressedKeys::OldKeysLine
                        0x2000030f        0x1  Data  Lc  keyboard.o [1]
SolvePressedKeys::Pressed
                        0x20000310        0x1  Data  Lc  keyboard.o [1]
StartTestFlag           0x2000032e        0x1  Data  Gb  PTZinterface.o [1]
Stat                    0x200006ea        0x1  Data  Lc  sd_diskio.o [1]
StoreArrayOfPoly        0x2000a498       0x60  Data  Lc  calculations.o [1]
StorePoly               0x08005a93       0x22  Code  Gb  calculations.o [1]
StrDATA                 0x200004bc       0x80  Data  Gb  PTZinterface.o [1]
StrDate                 0x200004a4        0xc  Data  Gb  PTZinterface.o [1]
StrPneumosys            0x2000047c        0x8  Data  Gb  PTZinterface.o [1]
StrPressEngineOil       0x20000484        0x8  Data  Gb  PTZinterface.o [1]
StrRPM                  0x20000494        0x8  Data  Gb  PTZinterface.o [1]
StrSpeed                0x2000048c        0x8  Data  Gb  PTZinterface.o [1]
StrTIME                 0x2000049c        0x8  Data  Gb  PTZinterface.o [1]
StrTime                 0x200004b0        0xc  Data  Gb  PTZinterface.o [1]
StrTransmiss            0x20000474        0x8  Data  Gb  PTZinterface.o [1]
String_1                0x08005578       0x20  Data  Gb  PTZinterface.o [1]
Switch_Camera           0x080029d7       0x52  Code  Gb  tw8819.o [1]
SysTick_Handler         0x08018423        0xe  Code  Gb  stm32f7xx_it.o [1]
SystemClock_Config      0x08017b05       0xdc  Code  Gb  main.o [1]
SystemCoreClock         0x20000570        0x4  Data  Gb  system_stm32f7xx.o [1]
SystemInit              0x08017819       0x40  Code  Gb  system_stm32f7xx.o [1]
SystemInit_ExtMemCtl    0x08017859      0x12e  Code  Lc  system_stm32f7xx.o [1]
TEMP_Arrow              0x08005463       0x10  Code  Gb  PTZinterface.o [1]
TIM11_IRQHandler        0x08018139        0x8  Code  Gb  timer11.o [1]
TIM13_IRQHandler        0x08017faf      0x142  Code  Gb  timer13.o [1]
TIM13_IRQHandler::Counter
                        0x2000a910        0x4  Data  Lc  timer13.o [1]
TIM13_IRQHandler::CounterUPD
                        0x2000a914        0x4  Data  Lc  timer13.o [1]
TIM13_IRQHandler::FlagKBD_Repeat
                        0x2000a90c        0x1  Data  Lc  timer13.o [1]
TIM14_IRQHandler        0x080048c9       0x7a  Code  Gb  timer14.o [1]
TIM14_IRQHandler::Counter
                        0x2000a92c        0x4  Data  Lc  timer14.o [1]
TIM1_TRG_COM_TIM11_IRQHandler
                        0x08018443       0x10  Code  Gb  stm32f7xx_it.o [1]
TIM8_TRG_COM_TIM14_IRQHandler
                        0x0801846f       0x10  Code  Gb  stm32f7xx_it.o [1]
TIM8_UP_TIM13_IRQHandler
                        0x0801845f       0x10  Code  Gb  stm32f7xx_it.o [1]
TIM_Base_SetConfig      0x08017339       0x94  Code  Gb  stm32f7xx_hal_tim.o [1]
Test1                   0x080053e1       0x34  Code  Gb  PTZinterface.o [1]
Test1::Counter          0x20000330        0x1  Data  Lc  PTZinterface.o [1]
Test1::Toggle1          0x2000032f        0x1  Data  Lc  PTZinterface.o [1]
Test2                   0x0800534d       0x88  Code  Gb  PTZinterface.o [1]
Test2::Counter1         0x20000332        0x2  Data  Lc  PTZinterface.o [1]
Tests                   0x08005415       0x1a  Code  Gb  PTZinterface.o [1]
Tests::Counter          0x2000a93c        0x4  Data  Lc  PTZinterface.o [1]
Text                    0x20000334      0x140  Data  Gb  PTZinterface.o [1]
TimeIsReady             0x2000a94e        0x1  Data  Gb  rtc.o [1]
Timer11_Init            0x08018111       0x28  Code  Gb  timer11.o [1]
Timer13_Init            0x08017f89       0x26  Code  Gb  timer13.o [1]
Timer14_Init_Deal       0x08004899       0x30  Code  Gb  timer14.o [1]
TouchScreen_Handle      0x080052c1       0x80  Code  Gb  PTZinterface.o [1]
Touch_Data              0x20000554        0x8  Data  Gb  stmpe811.o [1]
Transfer_DMA2D_Completed
                        0x08005e61        0x8  Code  Gb  video.o [1]
TurnCenter1             0x080055d8        0x4  Data  Gb  PTZinterface.o [1]
TurnCenter2             0x080055dc        0x4  Data  Gb  PTZinterface.o [1]
TurnCenter3             0x080055e0        0x4  Data  Gb  PTZinterface.o [1]
TurnCenter4             0x080055e4        0x4  Data  Gb  PTZinterface.o [1]
UART_AdvFeatureConfig   0x080155ed       0xc6  Code  Gb  stm32f7xx_hal_uart.o [1]
UART_CheckIdleState     0x080156b3       0x4e  Code  Gb  stm32f7xx_hal_uart.o [1]
UART_Receive_IT         0x0801535f       0x86  Code  Lc  stm32f7xx_hal_uart.o [1]
UART_SetConfig          0x080153e5      0x1d8  Code  Gb  stm32f7xx_hal_uart.o [1]
UART_WaitOnFlagUntilTimeout
                        0x080152bf       0x98  Code  Gb  stm32f7xx_hal_uart.o [1]
UB_Touch_Init           0x0800495d       0x26  Code  Gb  stmpe811.o [1]
UB_Touch_Read           0x08004985       0xa4  Code  Gb  stmpe811.o [1]
UB_Touch_Read::_x       0x2000055c        0x4  Data  Lc  stmpe811.o [1]
UB_Touch_Read::_y       0x20000560        0x4  Data  Lc  stmpe811.o [1]
USART6_IRQHandler       0x08018497        0x6  Code  Gb  stm32f7xx_it.o [1]
USBH_AllocPipe          0x08014c21       0x34  Code  Gb  usbh_pipes.o [1]
USBH_BulkReceiveData    0x080150d3       0x10  Code  Gb  usbh_ioreq.o [1]
USBH_BulkSendData       0x080150a3        0xa  Code  Gb  usbh_ioreq.o [1]
USBH_ClosePipe          0x08014c17        0xa  Code  Gb  usbh_pipes.o [1]
USBH_ClrFeature         0x08014d85       0x18  Code  Gb  usbh_ctlreq.o [1]
USBH_CtlReceiveData     0x0801508d       0x16  Code  Gb  usbh_ioreq.o [1]
USBH_CtlReq             0x08014edd       0x3e  Code  Gb  usbh_ctlreq.o [1]
USBH_CtlSendData        0x08015081        0xc  Code  Gb  usbh_ioreq.o [1]
USBH_CtlSendSetup       0x08015069       0x18  Code  Gb  usbh_ioreq.o [1]
USBH_Delay              0x08014207        0x4  Code  Gb  usbh_conf.o [1]
USBH_Driver             0x08018748       0x14  Data  Gb  usbh_diskio.o [1]
USBH_FindInterface      0x080148df       0x40  Code  Gb  usbh_core.o [1]
USBH_FreePipe           0x08014c55       0x18  Code  Gb  usbh_pipes.o [1]
USBH_GetDescriptor      0x08014d1d       0x34  Code  Gb  usbh_ctlreq.o [1]
USBH_GetNextDesc        0x08014ecf        0xe  Code  Gb  usbh_ctlreq.o [1]
USBH_Get_CfgDesc        0x08014c9f       0x2e  Code  Gb  usbh_ctlreq.o [1]
USBH_Get_DevDesc        0x08014c6d       0x32  Code  Gb  usbh_ctlreq.o [1]
USBH_Get_StringDesc     0x08014ccd       0x50  Code  Gb  usbh_ctlreq.o [1]
USBH_HandleControl      0x08014f1d      0x14c  Code  Lc  usbh_ctlreq.o [1]
USBH_HandleEnum         0x08014a7d       0xdc  Code  Lc  usbh_core.o [1]
USBH_Init               0x08014829       0x36  Code  Gb  usbh_core.o [1]
USBH_LL_ClosePipe       0x0801418d        0xe  Code  Gb  usbh_conf.o [1]
USBH_LL_Connect         0x08014b99       0x28  Code  Gb  usbh_core.o [1]
USBH_LL_Disconnect      0x08014bc1       0x34  Code  Gb  usbh_core.o [1]
USBH_LL_DriverVBUS      0x080141c9        0xc  Code  Gb  usbh_conf.o [1]
USBH_LL_GetLastXferSize
                        0x08014177        0x8  Code  Gb  usbh_conf.o [1]
USBH_LL_GetSpeed        0x0801414d       0x1c  Code  Gb  usbh_conf.o [1]
USBH_LL_GetToggle       0x080141ef       0x18  Code  Gb  usbh_conf.o [1]
USBH_LL_GetURBState     0x080141c1        0x8  Code  Gb  usbh_conf.o [1]
USBH_LL_IncTimer        0x08014b7b       0x1e  Code  Gb  usbh_core.o [1]
USBH_LL_Init            0x080140d9       0x4a  Code  Gb  usbh_conf.o [1]
USBH_LL_OpenPipe        0x0801417f        0xe  Code  Gb  usbh_conf.o [1]
USBH_LL_ResetPort       0x08014169        0xe  Code  Gb  usbh_conf.o [1]
USBH_LL_SetTimer        0x08014b75        0x6  Code  Gb  usbh_core.o [1]
USBH_LL_SetToggle       0x080141d5       0x1a  Code  Gb  usbh_conf.o [1]
USBH_LL_Start           0x08014131        0xe  Code  Gb  usbh_conf.o [1]
USBH_LL_Stop            0x0801413f        0xe  Code  Gb  usbh_conf.o [1]
USBH_LL_SubmitURB       0x0801419b        0xe  Code  Gb  usbh_conf.o [1]
USBH_MSC_BOT_Abort      0x08015f2b       0x1e  Code  Lc  usbh_msc_bot.o [1]
USBH_MSC_BOT_Init       0x08015d59       0x1a  Code  Gb  usbh_msc_bot.o [1]
USBH_MSC_BOT_Process    0x08015d75      0x192  Code  Gb  usbh_msc_bot.o [1]
USBH_MSC_BOT_REQ_GetMaxLUN
                        0x08015d43       0x16  Code  Gb  usbh_msc_bot.o [1]
USBH_MSC_BOT_REQ_Reset  0x08015d2d       0x16  Code  Gb  usbh_msc_bot.o [1]
USBH_MSC_ClassRequest   0x0801597b       0x6a  Code  Lc  usbh_msc.o [1]
USBH_MSC_GetLUNInfo     0x08015c1d       0x28  Code  Gb  usbh_msc.o [1]
USBH_MSC_InterfaceDeInit
                        0x08015929       0x52  Code  Lc  usbh_msc.o [1]
USBH_MSC_InterfaceInit  0x08015819       0xe8  Code  Lc  usbh_msc.o [1]
USBH_MSC_Process        0x080159e5      0x18e  Code  Lc  usbh_msc.o [1]
USBH_MSC_RdWrProcess    0x08015b8b       0x70  Code  Lc  usbh_msc.o [1]
USBH_MSC_Read           0x08015c45       0x50  Code  Gb  usbh_msc.o [1]
USBH_MSC_SCSI_Inquiry   0x08015fef       0xb0  Code  Gb  usbh_msc_scsi.o [1]
USBH_MSC_SCSI_Read      0x08016159       0x22  Code  Gb  usbh_msc_scsi.o [1]
USBH_MSC_SCSI_ReadCapacity
                        0x08015f93       0x5c  Code  Gb  usbh_msc_scsi.o [1]
USBH_MSC_SCSI_RequestSense
                        0x0801609f       0x5e  Code  Gb  usbh_msc_scsi.o [1]
USBH_MSC_SCSI_TestUnitReady
                        0x08015f49       0x4a  Code  Gb  usbh_msc_scsi.o [1]
USBH_MSC_SCSI_Write     0x08016137       0x22  Code  Gb  usbh_msc_scsi.o [1]
USBH_MSC_SOFProcess     0x08015b87        0x4  Code  Lc  usbh_msc.o [1]
USBH_MSC_UnitIsReady    0x08015bfb       0x22  Code  Gb  usbh_msc.o [1]
USBH_MSC_Write          0x08015c95       0x50  Code  Gb  usbh_msc.o [1]
USBH_OpenPipe           0x08014bfd       0x1a  Code  Gb  usbh_pipes.o [1]
USBH_ParseCfgDesc       0x08014df5       0xda  Code  Lc  usbh_ctlreq.o [1]
USBH_ParseDevDesc       0x08014d9d       0x58  Code  Lc  usbh_ctlreq.o [1]
USBH_Path               0x2000a8fc        0x4  Data  Gb  fatfs.o [1]
USBH_Process            0x08014935      0x146  Code  Gb  usbh_core.o [1]
USBH_RegisterClass      0x080148ab       0x1e  Code  Gb  usbh_core.o [1]
USBH_SelectInterface    0x080148c9       0x16  Code  Gb  usbh_core.o [1]
USBH_SetAddress         0x08014d51       0x18  Code  Gb  usbh_ctlreq.o [1]
USBH_SetCfg             0x08014d69       0x16  Code  Gb  usbh_ctlreq.o [1]
USBH_Start              0x0801491f       0x14  Code  Gb  usbh_core.o [1]
USBH_UserProcess        0x08017de5       0x18  Code  Lc  usb_host.o [1]
USBH_initialize         0x08018331        0x4  Code  Gb  usbh_diskio.o [1]
USBH_ioctl              0x080183d1       0x42  Code  Gb  usbh_diskio.o [1]
USBH_msc                0x200006c0       0x20  Data  Gb  usbh_msc.o [1]
USBH_read               0x08018349       0x32  Code  Gb  usbh_diskio.o [1]
USBH_status             0x08018335       0x14  Code  Gb  usbh_diskio.o [1]
USBH_write              0x0801837b       0x3e  Code  Gb  usbh_diskio.o [1]
USB_CoreInit            0x0801420d       0x6e  Code  Gb  stm32f7xx_ll_usb.o [1]
USB_CoreReset           0x08014363       0x2a  Code  Lc  stm32f7xx_ll_usb.o [1]
USB_DisableGlobalInt    0x08014283        0x6  Code  Gb  stm32f7xx_ll_usb.o [1]
USB_DoPing              0x08014773       0x18  Code  Gb  stm32f7xx_ll_usb.o [1]
USB_DriveVbus           0x080144bb       0x3c  Code  Gb  stm32f7xx_ll_usb.o [1]
USB_EnableGlobalInt     0x0801427b        0x8  Code  Gb  stm32f7xx_ll_usb.o [1]
USB_FlushRxFifo         0x080142d3       0x1a  Code  Gb  stm32f7xx_ll_usb.o [1]
USB_FlushTxFifo         0x080142b5       0x1e  Code  Gb  stm32f7xx_ll_usb.o [1]
USB_GetCurrentFrame     0x0801450b        0xa  Code  Gb  stm32f7xx_ll_usb.o [1]
USB_GetHostSpeed        0x080144f7       0x14  Code  Gb  stm32f7xx_ll_usb.o [1]
USB_GetMode             0x0801435b        0x8  Code  Gb  stm32f7xx_ll_usb.o [1]
USB_HC_Halt             0x0801471d       0x56  Code  Gb  stm32f7xx_ll_usb.o [1]
USB_HC_Init             0x08014519       0xb8  Code  Gb  stm32f7xx_ll_usb.o [1]
USB_HC_ReadInterrupt    0x08014713        0xa  Code  Gb  stm32f7xx_ll_usb.o [1]
USB_HC_StartXfer        0x080145d1      0x122  Code  Gb  stm32f7xx_ll_usb.o [1]
USB_HostInit            0x0801438d       0xc2  Code  Gb  stm32f7xx_ll_usb.o [1]
USB_InitFSLSPClkSel     0x0801445d       0x2e  Code  Gb  stm32f7xx_ll_usb.o [1]
USB_ReadInterrupts      0x08014353        0x8  Code  Gb  stm32f7xx_ll_usb.o [1]
USB_ReadPacket          0x08014319       0x24  Code  Gb  stm32f7xx_ll_usb.o [1]
USB_ResetPort           0x0801448b       0x30  Code  Gb  stm32f7xx_ll_usb.o [1]
USB_SetCurrentMode      0x0801428f       0x26  Code  Gb  stm32f7xx_ll_usb.o [1]
USB_StopHost            0x080147b5       0x74  Code  Gb  stm32f7xx_ll_usb.o [1]
USB_WritePacket         0x080142ed       0x2c  Code  Gb  stm32f7xx_ll_usb.o [1]
UpdateScreen            0x2000032c        0x1  Data  Gb  PTZinterface.o [1]
VideoCAMOnOff           0x08005e69       0x80  Code  Gb  video.o [1]
WaitVBlank              0x08002a85       0x42  Code  Gb  tw8819.o [1]
WriteStringToAddr       0x08008ef1       0x62  Code  Gb  OSDBasic.o [1]
WriteTW88               0x0800298b       0x12  Code  Gb  tw8819.o [1]
WriteTW88::buffer       0x2000a950        0x2  Data  Lc  tw8819.o [1]
WriteTW88Page           0x08002979       0x12  Code  Gb  tw8819.o [1]
WriteTW88Page::buffer   0x200006e8        0x2  Data  Lc  tw8819.o [1]
ZonesTS_0               0x080055e8       0xe8  Data  Gb  PTZinterface.o [1]
_GenldFull              0x08009fdd      0x26a  Code  Lc  xprintffull.o [3]
_HW_Fill_Display_From_Mem
                        0x08005d09       0x64  Code  Gb  video.o [1]
_LdtobFull              0x08009bd1      0x406  Code  Lc  xprintffull.o [3]
_LitobFull              0x08009ac5      0x10a  Code  Lc  xprintffull.o [3]
_PrintfFull             0x080094ad      0x5a2  Code  Gb  xprintffull.o [3]
_PutcharsFull           0x0800a247       0x2e  Code  Lc  xprintffull.o [3]
_SProut                 0x08004857        0xa  Code  Gb  xsprout.o [3]
__aeabi_cdcmple         0x0800a4b1             Code  Gb  DblCmpLe.o [5]
__aeabi_cdrcmple        0x0800a4e1             Code  Gb  DblCmpGe.o [5]
__aeabi_d2f             0x08006fbd             Code  Gb  DblToFlt.o [5]
__aeabi_d2iz            0x08006dc1             Code  Gb  DblToI32.o [5]
__aeabi_d2uiz           0x08006ded             Code  Gb  DblToI32.o [5]
__aeabi_dadd            0x08006cd9             Code  Gb  DblAdd.o [5]
__aeabi_ddiv            0x0800a655             Code  Gb  DblDiv.o [5]
__aeabi_dmul            0x08006e19             Code  Gb  DblMul.o [5]
__aeabi_dsub            0x08008c75             Code  Gb  DblSub.o [5]
__aeabi_f2d             0x08006c89             Code  Gb  FltToDbl.o [5]
__aeabi_i2d             0x0800a625             Code  Gb  I32ToDbl.o [5]
__aeabi_ldiv0           0x0800a8b9             Code  Gb  I64DivZer.o [6]
__aeabi_memclr          0x08006b71             Code  Gb  ABImemclr.o [6]
__aeabi_memclr4         0x080089f1             Code  Gb  ABImemclr4.o [6]
__aeabi_memset          0x08008c0d             Code  Gb  ABImemset.o [6]
__aeabi_ui2d            0x0800a639             Code  Gb  I32ToDbl.o [5]
__aeabi_uldivmod        0x0800a37d             Code  Gb  I64DivMod.o [6]
__cmain                 0x08018705             Code  Gb  cmain.o [6]
__data_GetMemChunk      0x08012129       0x2c  Code  Gb  xgetmemchunk.o [3]
__data_GetMemChunk::start
                        0x2000a944        0x4  Data  Lc  xgetmemchunk.o [3]
__exit                  0x08012155       0x14  Code  Gb  exit.o [7]
__iar_Dnorm             0x0800a46b       0x44  Code  Gb  xdnorm.o [5]
__iar_Dscale            0x0800a511      0x114  Code  Gb  xdscale.o [5]
__iar_Memchr            0x0800a325             Code  Gb  memchr.o [6]
__iar_Memset            0x08008c0d             Code  Gb  ABImemset.o [6]
__iar_Memset4_word      0x08009145             Code  Gb  ABImemset48.o [6]
__iar_Memset8_word      0x08009145             Code  Gb  ABImemset48.o [6]
__iar_Memset_word       0x08008c15             Code  Gb  ABImemset.o [6]
__iar_Strchr            0x0800a2d5             Code  Gb  strchr.o [6]
__iar_d2uiz             0x08006df9             Code  Gb  DblToI32.o [5]
__iar_dadd              0x08006ced             Code  Gb  DblAdd.o [5]
__iar_data_init3        0x08018699       0x28  Code  Gb  data_init.o [6]
__iar_dlfree            0x08011bff      0x51a  Code  Gb  dlmalloc.o [3]
__iar_dlmalloc          0x08011949      0x2aa  Code  Gb  dlmalloc.o [3]
__iar_dsub              0x08008c89             Code  Gb  DblSub.o [5]
__iar_dsubStart         0x08008c9b             Code  Gb  DblSub.o [5]
__iar_init_vfp          0x080186c1             Code  Gb  fpinit_M.o [5]
__iar_packbits_init_single3
                        0x08018639       0x38  Code  Gb  packbits_init_single.o [6]
__iar_program_start     0x0801876d             Code  Gb  cstartup_M.o [6]
__iar_ui2d              0x0800a63d             Code  Gb  I32ToDbl.o [5]
__iar_unaligned___aeabi_memcpy
                        0x080047e1             Code  Gb  ABImemcpy_unaligned.o [6]
__iar_unaligned___aeabi_memcpy4
                        0x08004801             Code  Gb  ABImemcpy_unaligned.o [6]
__iar_unaligned___aeabi_memcpy8
                        0x08004801             Code  Gb  ABImemcpy_unaligned.o [6]
__iar_zero_init3        0x080185f9       0x40  Code  Gb  zero_init3.o [6]
__low_level_init        0x0801871f        0x4  Code  Gb  low_level_init.o [3]
__vector_table          0x08000000             Data  Gb  startup_stm32f746xx.o [1]
_call_main              0x08018711             Code  Gb  cmain.o [6]
_exit                   0x08018729             Code  Gb  cexit.o [6]
_gm_                    0x20009f40      0x1d8  Data  Lc  dlmalloc.o [3]
_main                   0x0801871b             Code  Gb  cmain.o [6]
abort                   0x08012121        0x6  Code  Gb  abort.o [3]
arm_cos_f32             0x08006b79       0x80  Code  Gb  arm_cos_f32.o [4]
arm_sin_f32             0x08006bf9       0x90  Code  Gb  arm_sin_f32.o [4]
bcd2bin                 0x08005b95        0xe  Code  Gb  rtc.o [1]
check_fs                0x08007e29       0x6c  Code  Lc  ff.o [1]
chk_chr                 0x080073f7       0x12  Code  Lc  ff.o [1]
chk_lock                0x08007409       0x60  Code  Lc  ff.o [1]
clear_lock              0x08007517       0x1e  Code  Lc  ff.o [1]
clmt_clust              0x080079a5       0x30  Code  Lc  ff.o [1]
clust2sect              0x08007677       0x22  Code  Gb  ff.o [1]
create_chain            0x080078ef       0xb6  Code  Lc  ff.o [1]
create_name             0x08007c3f       0xf2  Code  Lc  ff.o [1]
dataIMG                 0x2000a868        0x4  Data  Lc  lcd.o [1]
dec_lock                0x080074df       0x38  Code  Lc  ff.o [1]
dir_alloc               0x08007b85       0x44  Code  Lc  ff.o [1]
dir_next                0x08007a73      0x112  Code  Lc  ff.o [1]
dir_register            0x08007c03       0x34  Code  Lc  ff.o [1]
dir_sdi                 0x080079d5       0x9e  Code  Lc  ff.o [1]
disk                    0x2000a8d0       0x14  Data  Gb  ff_gen_drv.o [1]
disk_initialize         0x08008e63       0x1e  Code  Gb  diskio.o [1]
disk_ioctl              0x08008ea9       0x18  Code  Gb  diskio.o [1]
disk_read               0x08008e81        0xc  Code  Gb  diskio.o [1]
disk_status             0x08008e51       0x12  Code  Gb  diskio.o [1]
disk_write              0x08008e8d        0xc  Code  Gb  diskio.o [1]
div                     0x0800a8ab        0xe  Code  Gb  div.o [3]
dt                      0x2000053c        0x8  Data  Gb  PTZinterface.o [1]
emptyF                  0x080038cb        0x2  Code  Gb  core.o [1]
emptyM                  0x080038c9        0x2  Code  Gb  core.o [1]
emptyS                  0x080038c7        0x2  Code  Gb  core.o [1]
exit                    0x08018723        0x4  Code  Gb  exit.o [3]
f_close                 0x08008587       0x26  Code  Gb  ff.o [1]
f_lseek                 0x080085ad      0x1d6  Code  Gb  ff.o [1]
f_mount                 0x080081ad       0x58  Code  Gb  ff.o [1]
f_open                  0x08008205      0x184  Code  Gb  ff.o [1]
f_read                  0x080083a1      0x148  Code  Gb  ff.o [1]
f_sync                  0x0800850b       0x7c  Code  Gb  ff.o [1]
find_volume             0x08007e99      0x2dc  Code  Lc  ff.o [1]
follow_path             0x08007d45       0xa0  Code  Lc  ff.o [1]
gOSTtypeB_16ptBitmaps   0x0800cf18     0x1d4c  Data  Gb  GOST_B_23_var.o [1]
gOSTtypeB_16ptDescriptors
                        0x0800ec64      0x700  Data  Gb  GOST_B_23_var.o [1]
get_fat                 0x08007699       0xcc  Code  Gb  ff.o [1]
get_fattime             0x08008eed        0x4  Code  Gb  fatfs.o [1]
get_ldnumber            0x08007deb       0x3e  Code  Lc  ff.o [1]
hUsbHostFS              0x20009614      0x3c8  Data  Gb  usb_host.o [1]
hadc1                   0x2000a5a8       0x48  Data  Gb  adc.o [1]
hcan1                   0x2000a5f0       0x40  Data  Gb  can.o [1]
hcan2                   0x2000a630       0x40  Data  Gb  can.o [1]
hdac                    0x2000a8bc       0x14  Data  Gb  dac.o [1]
hdma2d                  0x2000a670       0x40  Data  Gb  dma2d.o [1]
hdma_spi2_rx            0x2000a4f8       0x58  Data  Gb  spi.o [1]
hdma_spi2_tx            0x2000a550       0x58  Data  Gb  spi.o [1]
hhcd_USB_OTG_FS         0x20009cac      0x294  Data  Gb  usbh_conf.o [1]
hi2c2                   0x2000a6b0       0x3c  Data  Gb  i2c.o [1]
hltdc                   0x2000a1d0       0xa8  Data  Gb  ltdc.o [1]
hnand1                  0x2000a3c8       0x38  Data  Gb  fmc.o [1]
hsd1                    0x2000a118       0x60  Data  Gb  sdmmc.o [1]
hsdram1                 0x2000a400       0x34  Data  Gb  fmc.o [1]
hspi2                   0x2000a434       0x64  Data  Gb  spi.o [1]
htim11                  0x2000a764       0x3c  Data  Gb  tim.o [1]
htim13                  0x2000a7a0       0x3c  Data  Gb  tim.o [1]
htim14                  0x2000a7dc       0x3c  Data  Gb  tim.o [1]
htim6                   0x2000a6ec       0x3c  Data  Gb  tim.o [1]
htim7                   0x2000a728       0x3c  Data  Gb  tim.o [1]
huart2                  0x2000a278       0x70  Data  Gb  usart.o [1]
huart3                  0x2000a2e8       0x70  Data  Gb  usart.o [1]
huart6                  0x2000a358       0x70  Data  Gb  usart.o [1]
inc_lock                0x08007469       0x76  Code  Lc  ff.o [1]
init_mparams            0x08010c49       0x32  Code  Lc  dlmalloc.o [3]
init_top                0x08010c7b       0x34  Code  Lc  dlmalloc.o [3]
ld_clust                0x08007bcf       0x22  Code  Lc  ff.o [1]
main                    0x08017a19       0xe2  Code  Gb  main.o [1]
mem_cpy                 0x080073d5       0x14  Code  Lc  ff.o [1]
mem_set                 0x080073e9        0xe  Code  Lc  ff.o [1]
memchr                  0x0800a325             Code  Gb  memchr.o [6]
move_window             0x08007595       0x3a  Code  Lc  ff.o [1]
mparams                 0x2000a8a4       0x18  Data  Lc  dlmalloc.o [3]
mutexF                  0x2000a948        0x1  Data  Gb  core.o [1]
mutexM                  0x2000a94b        0x1  Data  Gb  core.o [1]
my_array_in_SDRAM       0xc0000000  0x2000000  Data  Gb  memory.o [1]
pFastQueue              0x20000200      0x100  Data  Gb  core.o [1]
pFastQueueIni           0x080038e7        0x8  Code  Gb  core.o [1]
pMediumQueue            0x20000100      0x100  Data  Gb  core.o [1]
pMediumQueueIni         0x080038d5        0x6  Code  Gb  core.o [1]
pSlowQueue              0x20000000      0x100  Data  Gb  core.o [1]
pSlowQueueIni           0x080038cd        0x8  Code  Gb  core.o [1]
prepend_alloc           0x08010caf      0x372  Code  Lc  dlmalloc.o [3]
put_fat                 0x0800777d       0xf4  Code  Gb  ff.o [1]
readedKeys              0x20000314        0x4  Data  Gb  keyboard.o [1]
remove_chain            0x0800787d       0x72  Code  Lc  ff.o [1]
retSD                   0x2000a8f4        0x1  Data  Gb  fatfs.o [1]
retUSBH                 0x2000a8f5        0x1  Data  Gb  fatfs.o [1]
segment_holding         0x08010c2d       0x1c  Code  Lc  dlmalloc.o [3]
sinTable_f32            0x08013140      0x804  Data  Gb  arm_common_tables.o [4]
sorttreug               0x08006971       0xde  Code  Gb  lcd.o [1]
sprintf                 0x08008b21       0x34  Code  Gb  sprintf.o [3]
st_clust                0x08007bf1       0x12  Code  Lc  ff.o [1]
strchr                  0x0800a2d5             Code  Gb  strchr.o [6]
strlen                  0x0800a2ed             Code  Gb  strlen.o [6]
strlenA                 0x08009045       0x12  Code  Gb  OSDBasic.o [1]
sync_fs                 0x080075cf       0xa8  Code  Lc  ff.o [1]
sync_window             0x08007535       0x60  Code  Lc  ff.o [1]
sys_alloc               0x08011021      0x388  Code  Lc  dlmalloc.o [3]
temp                    0x20000550        0x1  Data  Gb  stmpe811.o [1]
tmalloc_large           0x080113b5      0x380  Code  Lc  dlmalloc.o [3]
tmalloc_small           0x08011735      0x206  Code  Lc  dlmalloc.o [3]
uwTick                  0x2000a940        0x4  Data  Lc  stm32f7xx_hal.o [1]
validate                0x0800817d       0x30  Code  Lc  ff.o [1]


[1] = E:\PTZ\IAR\PLC\EWARM\PLC\Obj
[2] = command line
[3] = dl7M_tln.a
[4] = iar_cortexM7ls_math.a
[5] = m7M_tls.a
[6] = rt7M_tl.a
[7] = shb_l.a

  72 934 bytes of readonly  code memory
  28 160 bytes of readonly  data memory
  43 349 bytes of readwrite data memory (+ 33 554 432 absolute)

Errors: none
Warnings: none
